Starting a Gradle Daemon, 1 busy and 4 stopped Daemons could not be reused, use --status for details
Daemon JVM discovery is an incubating feature.
Configuration on demand is an incubating feature.
Reusing configuration cache.
> Task :retrofit-jsoup-converter:checkKotlinGradlePluginConfigurationErrors SKIPPED
> Task :app:checkKotlinGradlePluginConfigurationErrors SKIPPED
> Task :retrofit-jsoup-converter:preBuild UP-TO-DATE
> Task :navigation:preBuild UP-TO-DATE
> Task :navigation:checkKotlinGradlePluginConfigurationErrors SKIPPED
> Task :app:preBuild UP-TO-DATE
> Task :retrofit-jsoup-converter:preDebugBuild UP-TO-DATE
> Task :app:preDebugBuild UP-TO-DATE
> Task :navigation:preDebugBuild UP-TO-DATE
> Task :app:mergeDebugNativeDebugMetadata NO-SOURCE
> Task :navigation:writeDebugAarMetadata UP-TO-DATE
> Task :app:l8DexDesugarLibDebug UP-TO-DATE
> Task :retrofit-jsoup-converter:mergeDebugShaders UP-TO-DATE
> Task :app:mergeDebugShaders UP-TO-DATE
> Task :navigation:mergeDebugShaders UP-TO-DATE
> Task :app:generateSafeArgsDebug UP-TO-DATE
> Task :app:javaPreCompileDebug UP-TO-DATE
> Task :retrofit-jsoup-converter:prepareLintJarForPublish UP-TO-DATE
> Task :navigation:prepareLintJarForPublish UP-TO-DATE
> Task :retrofit-jsoup-converter:writeDebugAarMetadata UP-TO-DATE
> Task :retrofit-jsoup-converter:processDebugNavigationResources UP-TO-DATE
> Task :navigation:processDebugNavigationResources UP-TO-DATE
> Task :navigation:generateDebugResValues UP-TO-DATE
> Task :app:generateDebugBuildConfig UP-TO-DATE
> Task :retrofit-jsoup-converter:javaPreCompileDebug UP-TO-DATE
> Task :app:createDebugCompatibleScreenManifests UP-TO-DATE
> Task :app:generateDebugResValues UP-TO-DATE
> Task :navigation:javaPreCompileDebug UP-TO-DATE
> Task :retrofit-jsoup-converter:generateDebugResValues UP-TO-DATE
> Task :navigation:processDebugManifest UP-TO-DATE
> Task :retrofit-jsoup-converter:processDebugManifest UP-TO-DATE
> Task :app:validateSigningDebug UP-TO-DATE
> Task :navigation:mergeDebugJniLibFolders UP-TO-DATE
> Task :app:writeDebugAppMetadata UP-TO-DATE
> Task :navigation:prepareDebugArtProfile UP-TO-DATE
> Task :navigation:extractDeepLinksForAarDebug UP-TO-DATE
> Task :app:writeDebugSigningConfigVersions UP-TO-DATE
> Task :retrofit-jsoup-converter:extractDeepLinksDebug UP-TO-DATE
> Task :navigation:extractDeepLinksDebug UP-TO-DATE
> Task :retrofit-jsoup-converter:extractDeepLinksForAarDebug UP-TO-DATE
> Task :navigation:generateDebugResources UP-TO-DATE
> Task :retrofit-jsoup-converter:generateDebugResources UP-TO-DATE
> Task :app:mergeDebugJniLibFolders UP-TO-DATE
> Task :app:extractDeepLinksDebug UP-TO-DATE
> Task :retrofit-jsoup-converter:prepareDebugArtProfile UP-TO-DATE
> Task :retrofit-jsoup-converter:mergeDebugJniLibFolders UP-TO-DATE
> Task :navigation:compileDebugShaders NO-SOURCE
> Task :app:compileDebugShaders NO-SOURCE
> Task :retrofit-jsoup-converter:compileDebugShaders NO-SOURCE
> Task :navigation:mergeDebugNativeLibs NO-SOURCE
> Task :retrofit-jsoup-converter:generateDebugAssets UP-TO-DATE
> Task :navigation:generateDebugAssets UP-TO-DATE
> Task :retrofit-jsoup-converter:mergeDebugNativeLibs NO-SOURCE
> Task :navigation:mergeDebugAssets UP-TO-DATE
> Task :retrofit-jsoup-converter:copyDebugJniLibsProjectOnly UP-TO-DATE
> Task :app:generateDebugAssets UP-TO-DATE
> Task :retrofit-jsoup-converter:stripDebugDebugSymbols NO-SOURCE
> Task :navigation:stripDebugDebugSymbols NO-SOURCE
> Task :navigation:copyDebugJniLibsProjectOnly UP-TO-DATE
> Task :navigation:copyDebugJniLibsProjectAndLocalJars UP-TO-DATE
> Task :retrofit-jsoup-converter:mergeDebugAssets UP-TO-DATE
> Task :retrofit-jsoup-converter:copyDebugJniLibsProjectAndLocalJars UP-TO-DATE
> Task :retrofit-jsoup-converter:packageDebugResources UP-TO-DATE
> Task :app:generateDebugResources UP-TO-DATE
> Task :navigation:packageDebugResources UP-TO-DATE
> Task :retrofit-jsoup-converter:parseDebugLocalResources UP-TO-DATE
> Task :navigation:parseDebugLocalResources UP-TO-DATE
> Task :navigation:generateDebugRFile UP-TO-DATE
> Task :retrofit-jsoup-converter:generateDebugRFile UP-TO-DATE
> Task :app:packageDebugResources UP-TO-DATE
> Task :navigation:compileDebugLibraryResources UP-TO-DATE
> Task :retrofit-jsoup-converter:compileDebugLibraryResources UP-TO-DATE
> Task :app:mergeDebugResources UP-TO-DATE
> Task :retrofit-jsoup-converter:checkDebugAarMetadata UP-TO-DATE
> Task :app:checkDebugAarMetadata UP-TO-DATE
> Task :app:mapDebugSourceSetPaths UP-TO-DATE
> Task :app:desugarDebugFileDependencies UP-TO-DATE
> Task :navigation:checkDebugAarMetadata UP-TO-DATE
> Task :app:mergeDebugNativeLibs UP-TO-DATE
> Task :app:stripDebugDebugSymbols UP-TO-DATE
> Task :app:checkDebugDuplicateClasses UP-TO-DATE
> Task :app:processDebugNavigationResources UP-TO-DATE
> Task :app:mergeDebugAssets UP-TO-DATE
> Task :app:compileDebugNavigationResources UP-TO-DATE
> Task :app:compressDebugAssets UP-TO-DATE
> Task :app:parseDebugLocalResources UP-TO-DATE
> Task :app:dataBindingMergeDependencyArtifactsDebug UP-TO-DATE
> Task :app:processDebugMainManifest UP-TO-DATE
> Task :retrofit-jsoup-converter:compileDebugKotlin UP-TO-DATE
> Task :navigation:compileDebugKotlin UP-TO-DATE
> Task :navigation:processDebugJavaRes UP-TO-DATE
> Task :app:processDebugManifest UP-TO-DATE
> Task :retrofit-jsoup-converter:compileDebugJavaWithJavac NO-SOURCE
> Task :navigation:compileDebugJavaWithJavac NO-SOURCE
> Task :retrofit-jsoup-converter:processDebugJavaRes UP-TO-DATE
> Task :app:processDebugManifestForPackage UP-TO-DATE
> Task :navigation:mergeDebugJavaResource UP-TO-DATE
> Task :navigation:bundleLibCompileToJarDebug UP-TO-DATE
> Task :navigation:bundleLibRuntimeToJarDebug UP-TO-DATE
> Task :retrofit-jsoup-converter:bundleLibRuntimeToJarDebug UP-TO-DATE
> Task :retrofit-jsoup-converter:bundleLibCompileToJarDebug UP-TO-DATE
> Task :navigation:mergeDebugGeneratedProguardFiles UP-TO-DATE
> Task :retrofit-jsoup-converter:mergeDebugGeneratedProguardFiles UP-TO-DATE
> Task :navigation:mergeDebugConsumerProguardFiles UP-TO-DATE
> Task :retrofit-jsoup-converter:mergeDebugConsumerProguardFiles UP-TO-DATE
> Task :retrofit-jsoup-converter:extractDebugAnnotations UP-TO-DATE
> Task :retrofit-jsoup-converter:mergeDebugJavaResource UP-TO-DATE
> Task :navigation:extractDebugAnnotations UP-TO-DATE
> Task :navigation:syncDebugLibJars UP-TO-DATE
> Task :retrofit-jsoup-converter:syncDebugLibJars UP-TO-DATE
> Task :app:mergeLibDexDebug UP-TO-DATE
> Task :retrofit-jsoup-converter:bundleDebugAar UP-TO-DATE
> Task :retrofit-jsoup-converter:assembleDebug UP-TO-DATE
> Task :navigation:bundleDebugAar UP-TO-DATE
> Task :navigation:assembleDebug UP-TO-DATE
> Task :app:dataBindingGenBaseClassesDebug UP-TO-DATE
> Task :app:mergeExtDexDebug UP-TO-DATE
> Task :app:processDebugResources UP-TO-DATE
> Task :app:kspDebugKotlin UP-TO-DATE
> Task :app:compileDebugKotlin
w: file:///C:/Users/guill/StudioProjects/streamflix/app/src/main/java/com/streamflixreborn/streamflix/StreamFlixApp.kt:64:22 'static field TRIM_MEMORY_RUNNING_LOW: Int' is deprecated. Deprecated in Java.
w: file:///C:/Users/guill/StudioProjects/streamflix/app/src/main/java/com/streamflixreborn/streamflix/activities/main/MainMobileActivity.kt:108:16 'var statusBarColor: Int' is deprecated. Deprecated in Java.
w: file:///C:/Users/guill/StudioProjects/streamflix/app/src/main/java/com/streamflixreborn/streamflix/activities/main/MainMobileActivity.kt:109:16 'var navigationBarColor: Int' is deprecated. Deprecated in Java.
w: file:///C:/Users/guill/StudioProjects/streamflix/app/src/main/java/com/streamflixreborn/streamflix/activities/main/MainMobileActivity.kt:579:16 'var statusBarColor: Int' is deprecated. Deprecated in Java.
w: file:///C:/Users/guill/StudioProjects/streamflix/app/src/main/java/com/streamflixreborn/streamflix/activities/main/MainMobileActivity.kt:580:16 'var navigationBarColor: Int' is deprecated. Deprecated in Java.
w: file:///C:/Users/guill/StudioProjects/streamflix/app/src/main/java/com/streamflixreborn/streamflix/activities/main/MainTvActivity.kt:183:16 'var statusBarColor: Int' is deprecated. Deprecated in Java.
w: file:///C:/Users/guill/StudioProjects/streamflix/app/src/main/java/com/streamflixreborn/streamflix/activities/main/MainTvActivity.kt:184:16 'var navigationBarColor: Int' is deprecated. Deprecated in Java.
w: file:///C:/Users/guill/StudioProjects/streamflix/app/src/main/java/com/streamflixreborn/streamflix/activities/tools/BypassWebViewActivity.kt:136:13 'var databaseEnabled: Boolean' is deprecated. Deprecated in Java.
w: file:///C:/Users/guill/StudioProjects/streamflix/app/src/main/java/com/streamflixreborn/streamflix/activities/tools/QrScannerActivity.kt:225:16 'fun createCaptureSession(p0: (Mutable)List<Surface!>, p1: CameraCaptureSession.StateCallback, p2: Handler?): Unit' is deprecated. Deprecated in Java.
w: file:///C:/Users/guill/StudioProjects/streamflix/app/src/main/java/com/streamflixreborn/streamflix/activities/tools/QrScannerActivity.kt:310:16 'var statusBarColor: Int' is deprecated. Deprecated in Java.
w: file:///C:/Users/guill/StudioProjects/streamflix/app/src/main/java/com/streamflixreborn/streamflix/activities/tools/QrScannerActivity.kt:311:16 'var navigationBarColor: Int' is deprecated. Deprecated in Java.
w: file:///C:/Users/guill/StudioProjects/streamflix/app/src/main/java/com/streamflixreborn/streamflix/adapters/viewholders/CategoryViewHolder.kt:210:13 'when' is exhaustive so 'else' is redundant here.
w: file:///C:/Users/guill/StudioProjects/streamflix/app/src/main/java/com/streamflixreborn/streamflix/database/AniWorldDatabase.kt:26:26 'fun fallbackToDestructiveMigration(): RoomDatabase.Builder<AniWorldDatabase>' is deprecated. Replace by overloaded version with parameter to indicate if all tables should be dropped or not.
w: file:///C:/Users/guill/StudioProjects/streamflix/app/src/main/java/com/streamflixreborn/streamflix/database/SerienStreamDatabase.kt:26:22 'fun fallbackToDestructiveMigration(): RoomDatabase.Builder<SerienStreamDatabase>' is deprecated. Replace by overloaded version with parameter to indicate if all tables should be dropped or not.
w: file:///C:/Users/guill/StudioProjects/streamflix/app/src/main/java/com/streamflixreborn/streamflix/fragments/home/HomeViewModel.kt:135:25 'when' is exhaustive so 'else' is redundant here.
w: file:///C:/Users/guill/StudioProjects/streamflix/app/src/main/java/com/streamflixreborn/streamflix/fragments/home/HomeViewModel.kt:256:33 Check for instance is always 'true'.
w: file:///C:/Users/guill/StudioProjects/streamflix/app/src/main/java/com/streamflixreborn/streamflix/fragments/home/HomeViewModel.kt:257:33 'when' is exhaustive so 'else' is redundant here.
w: file:///C:/Users/guill/StudioProjects/streamflix/app/src/main/java/com/streamflixreborn/streamflix/fragments/home/HomeViewModel.kt:265:33 Check for instance is always 'true'.
w: file:///C:/Users/guill/StudioProjects/streamflix/app/src/main/java/com/streamflixreborn/streamflix/fragments/home/HomeViewModel.kt:266:33 'when' is exhaustive so 'else' is redundant here.
w: file:///C:/Users/guill/StudioProjects/streamflix/app/src/main/java/com/streamflixreborn/streamflix/fragments/player/settings/PlayerSettingsMobileView.kt:550:25 'when' is exhaustive so 'else' is redundant here.
w: file:///C:/Users/guill/StudioProjects/streamflix/app/src/main/java/com/streamflixreborn/streamflix/fragments/settings/SettingsTvFragment.kt:748:21 'fun overridePendingTransition(p0: Int, p1: Int): Unit' is deprecated. Deprecated in Java.
w: file:///C:/Users/guill/StudioProjects/streamflix/app/src/main/java/com/streamflixreborn/streamflix/fragments/settings/SettingsTvFragment.kt:769:21 'fun overridePendingTransition(p0: Int, p1: Int): Unit' is deprecated. Deprecated in Java.
w: file:///C:/Users/guill/StudioProjects/streamflix/app/src/main/java/com/streamflixreborn/streamflix/providers/CableVisionHDProvider.kt:35:43 The corresponding parameter in the supertype 'CookieJar' is named 'url'. This may cause problems when calling this function with named arguments.
w: file:///C:/Users/guill/StudioProjects/streamflix/app/src/main/java/com/streamflixreborn/streamflix/providers/CableVisionHDProvider.kt:35:55 The corresponding parameter in the supertype 'CookieJar' is named 'cookies'. This may cause problems when calling this function with named arguments.
w: file:///C:/Users/guill/StudioProjects/streamflix/app/src/main/java/com/streamflixreborn/streamflix/providers/CableVisionHDProvider.kt:36:41 The corresponding parameter in the supertype 'CookieJar' is named 'url'. This may cause problems when calling this function with named arguments.
w: file:///C:/Users/guill/StudioProjects/streamflix/app/src/main/java/com/streamflixreborn/streamflix/providers/TvporinternetHDProvider.kt:35:43 The corresponding parameter in the supertype 'CookieJar' is named 'url'. This may cause problems when calling this function with named arguments.
w: file:///C:/Users/guill/StudioProjects/streamflix/app/src/main/java/com/streamflixreborn/streamflix/providers/TvporinternetHDProvider.kt:35:55 The corresponding parameter in the supertype 'CookieJar' is named 'cookies'. This may cause problems when calling this function with named arguments.
w: file:///C:/Users/guill/StudioProjects/streamflix/app/src/main/java/com/streamflixreborn/streamflix/providers/TvporinternetHDProvider.kt:36:41 The corresponding parameter in the supertype 'CookieJar' is named 'url'. This may cause problems when calling this function with named arguments.
w: file:///C:/Users/guill/StudioProjects/streamflix/app/src/main/java/com/streamflixreborn/streamflix/ui/UserDataNotifier.kt:14:10 This declaration is in a preview state and can be changed in a backwards-incompatible manner with a best-effort migration. Its usage should be marked with '@kotlinx.coroutines.FlowPreview' or '@OptIn(kotlinx.coroutines.FlowPreview::class)' if you accept the drawback of relying on preview API
w: file:///C:/Users/guill/StudioProjects/streamflix/app/src/main/java/com/streamflixreborn/streamflix/utils/JsUnpacker.kt:36:31 Java type mismatch: inferred type is 'String?', but 'CharSequence' was expected.
w: file:///C:/Users/guill/StudioProjects/streamflix/app/src/main/java/com/streamflixreborn/streamflix/utils/JsUnpacker.kt:38:31 Only safe (?.) or non-null asserted (!!.) calls are allowed on a nullable receiver of type 'String?'.
w: file:///C:/Users/guill/StudioProjects/streamflix/app/src/main/java/com/streamflixreborn/streamflix/utils/JsUnpacker.kt:42:30 Only safe (?.) or non-null asserted (!!.) calls are allowed on a nullable receiver of type 'String?'.
w: file:///C:/Users/guill/StudioProjects/streamflix/app/src/main/java/com/streamflixreborn/streamflix/utils/JsUnpacker.kt:46:29 Only safe (?.) or non-null asserted (!!.) calls are allowed on a nullable receiver of type 'String?'.
w: file:///C:/Users/guill/StudioProjects/streamflix/app/src/main/java/com/streamflixreborn/streamflix/utils/JsUnpacker.kt:50:29 Only safe (?.) or non-null asserted (!!.) calls are allowed on a nullable receiver of type 'String?'.
w: file:///C:/Users/guill/StudioProjects/streamflix/app/src/main/java/com/streamflixreborn/streamflix/utils/JsUnpacker.kt:64:39 Java type mismatch: inferred type is 'String?', but 'String' was expected.
w: file:///C:/Users/guill/StudioProjects/streamflix/app/src/main/java/com/streamflixreborn/streamflix/utils/JsUnpacker.kt:74:57 Only safe (?.) or non-null asserted (!!.) calls are allowed on a nullable receiver of type 'String?'.
w: file:///C:/Users/guill/StudioProjects/streamflix/app/src/main/java/com/streamflixreborn/streamflix/utils/OpenSubtitles.kt:29:21 Java type mismatch: inferred type is 'String?', but 'String' was expected.
w: file:///C:/Users/guill/StudioProjects/streamflix/app/src/main/java/com/streamflixreborn/streamflix/utils/ThemeManager.kt:22:9 This annotation is currently applied to the value parameter only, but in the future it will also be applied to field.
- To opt in to applying to both value parameter and field, add '-Xannotation-default-target=param-property' to your compiler arguments.
- To keep applying to the value parameter only, use the '@param:' annotation target.

See https://youtrack.jetbrains.com/issue/KT-73255 for more details.
w: file:///C:/Users/guill/StudioProjects/streamflix/app/src/main/java/com/streamflixreborn/streamflix/utils/ThemeManager.kt:23:9 This annotation is currently applied to the value parameter only, but in the future it will also be applied to field.
- To opt in to applying to both value parameter and field, add '-Xannotation-default-target=param-property' to your compiler arguments.
- To keep applying to the value parameter only, use the '@param:' annotation target.

See https://youtrack.jetbrains.com/issue/KT-73255 for more details.
w: file:///C:/Users/guill/StudioProjects/streamflix/app/src/main/java/com/streamflixreborn/streamflix/utils/ThemeManager.kt:24:9 This annotation is currently applied to the value parameter only, but in the future it will also be applied to field.
- To opt in to applying to both value parameter and field, add '-Xannotation-default-target=param-property' to your compiler arguments.
- To keep applying to the value parameter only, use the '@param:' annotation target.

See https://youtrack.jetbrains.com/issue/KT-73255 for more details.
w: file:///C:/Users/guill/StudioProjects/streamflix/app/src/main/java/com/streamflixreborn/streamflix/utils/ThemeManager.kt:25:9 This annotation is currently applied to the value parameter only, but in the future it will also be applied to field.
- To opt in to applying to both value parameter and field, add '-Xannotation-default-target=param-property' to your compiler arguments.
- To keep applying to the value parameter only, use the '@param:' annotation target.

See https://youtrack.jetbrains.com/issue/KT-73255 for more details.
w: file:///C:/Users/guill/StudioProjects/streamflix/app/src/main/java/com/streamflixreborn/streamflix/utils/ThemeManager.kt:26:9 This annotation is currently applied to the value parameter only, but in the future it will also be applied to field.
- To opt in to applying to both value parameter and field, add '-Xannotation-default-target=param-property' to your compiler arguments.
- To keep applying to the value parameter only, use the '@param:' annotation target.

See https://youtrack.jetbrains.com/issue/KT-73255 for more details.
w: file:///C:/Users/guill/StudioProjects/streamflix/app/src/main/java/com/streamflixreborn/streamflix/utils/ThemeManager.kt:27:9 This annotation is currently applied to the value parameter only, but in the future it will also be applied to field.
- To opt in to applying to both value parameter and field, add '-Xannotation-default-target=param-property' to your compiler arguments.
- To keep applying to the value parameter only, use the '@param:' annotation target.

See https://youtrack.jetbrains.com/issue/KT-73255 for more details.
w: file:///C:/Users/guill/StudioProjects/streamflix/app/src/main/java/com/streamflixreborn/streamflix/utils/ThemeManager.kt:28:9 This annotation is currently applied to the value parameter only, but in the future it will also be applied to field.
- To opt in to applying to both value parameter and field, add '-Xannotation-default-target=param-property' to your compiler arguments.
- To keep applying to the value parameter only, use the '@param:' annotation target.

See https://youtrack.jetbrains.com/issue/KT-73255 for more details.
w: file:///C:/Users/guill/StudioProjects/streamflix/app/src/main/java/com/streamflixreborn/streamflix/utils/WebViewResolver.kt:78:17 'var databaseEnabled: Boolean' is deprecated. Deprecated in Java.

> Task :app:processDebugJavaRes UP-TO-DATE
> Task :app:mergeDebugJavaResource UP-TO-DATE
> Task :app:compileDebugJavaWithJavac UP-TO-DATE
> Task :app:dexBuilderDebug
> Task :app:mergeDebugGlobalSynthetics UP-TO-DATE
> Task :app:mergeProjectDexDebug
> Task :app:packageDebug
