05-01 17:15:39.468   657   777 I input_focus: [Focus entering cfdd597 com.streamfr.app/com.streamflixreborn.streamflix.activities.main.MainMobileActivity (server),reason=Window became focusable. Previous reason: NOT_VISIBLE]
05-01 17:15:47.383   657   777 I input_focus: [Focus leaving cfdd597 com.streamfr.app/com.streamflixreborn.streamflix.activities.main.MainMobileActivity (server),reason=NOT_VISIBLE]
05-01 17:15:47.580   657   777 I input_focus: [Focus entering cfdd597 com.streamfr.app/com.streamflixreborn.streamflix.activities.main.MainMobileActivity (server),reason=Window became focusable. Previous reason: NOT_VISIBLE]
05-01 17:15:50.666   657   777 I input_interaction: Interaction with: cfdd597 com.streamfr.app/com.streamflixreborn.streamflix.activities.main.MainMobileActivity (server), [Gesture Monitor] swipe-up (server), [Gesture Monitor] edge-swipe (server), PointerEventDispatcher0 (server), 
05-01 17:16:09.666   657   686 I am_pss  : [32752,10212,com.streamfr.app,0,0,0,322113536,0,2,0]
05-01 17:16:09.712   657  2324 I wm_set_requested_orientation: [6,com.streamfr.app/com.streamflixreborn.streamflix.activities.main.MainMobileActivity]
05-01 17:16:09.716 32752   658 I jank_cuj_events_begin_request: [81,1777655769716812000,28672226752452,28672226752778,1@0@com.streamfr.app]
05-01 17:16:10.303   657   777 I input_focus: [Focus leaving cfdd597 com.streamfr.app/com.streamflixreborn.streamflix.activities.main.MainMobileActivity (server),reason=NOT_VISIBLE]
05-01 17:16:10.326   657   777 I input_focus: [Focus entering cfdd597 com.streamfr.app/com.streamflixreborn.streamflix.activities.main.MainMobileActivity (server),reason=Window became focusable. Previous reason: NOT_VISIBLE]
05-01 17:16:19.668   657   686 I am_pss  : [32752,10212,com.streamfr.app,0,0,0,311681024,0,2,0]
05-01 17:16:54.651   657  2492 I volume_changed: [3,1,0,15,com.streamfr.app]
05-01 17:16:55.914   657  1487 I volume_changed: [3,0,1,15,com.streamfr.app]
05-01 17:16:56.044   657  1487 I volume_changed: [3,1,2,15,com.streamfr.app]
05-01 17:16:57.062   657  1487 I volume_changed: [3,2,1,15,com.streamfr.app]
05-01 17:16:57.432   657  1322 I volume_changed: [3,1,0,15,com.streamfr.app]
05-01 17:17:50.943   657  1322 I volume_changed: [3,0,1,15,com.streamfr.app]
05-01 17:17:51.009   657  1322 I volume_changed: [3,1,2,15,com.streamfr.app]
05-01 17:17:51.092   657  1322 I volume_changed: [3,2,3,15,com.streamfr.app]
05-01 17:17:51.164   657  1322 I volume_changed: [3,3,4,15,com.streamfr.app]
05-01 17:17:51.261   657  1322 I volume_changed: [3,4,5,15,com.streamfr.app]
05-01 17:17:51.365   657  1322 I volume_changed: [3,5,6,15,com.streamfr.app]
05-01 17:17:51.415   657  1322 I volume_changed: [3,6,7,15,com.streamfr.app]
05-01 17:18:17.522   657   698 I am_cpu  : [32752,10212,om.streamfr.app,0,0,0]
05-01 17:18:40.559   657   687 I am_cpu  : [32752,10212,om.streamfr.app,23036,1860,12670]
05-01 17:20:41.041   657   687 I am_kill : [0,32752,com.streamfr.app,0,stop com.streamfr.app due to installPackageLI,358780]
05-01 17:20:41.049   657   687 I wm_finish_activity: [0,14632914,36,com.streamfr.app/com.streamflixreborn.streamflix.activities.main.MainMobileActivity,proc died without state saved]
05-01 17:20:41.242   657   710 I installer_clear_app_data_caller: [657,1000,com.streamfr.app,39]
05-01 17:20:41.315   657   657 I notification_cancel_all: [1000,657,com.streamfr.app,0,0,0,5,NULL]
05-01 17:20:41.488   657   657 I notification_cancel_all: [1000,657,com.streamfr.app,0,0,0,5,NULL]
05-01 17:20:42.735   657  2492 I wm_task_removed: [36,36,0,removeChild, last child = ActivityRecord{df47d2 u0 com.streamfr.app/com.streamflixreborn.streamflix.activities.main.MainMobileActivity t-1 f}} in Task{55fc0a3 #36 type=standard A=10212:com.streamfr.app}]
05-01 17:29:49.664   657   710 I installer_clear_app_data_caller: [657,1000,com.streamfr.app,39]
05-01 17:29:49.798   657   657 I notification_cancel_all: [1000,657,com.streamfr.app,0,0,0,5,NULL]
05-01 17:29:49.799   657   657 I notification_cancel_all: [1000,657,com.streamfr.app,0,0,0,5,NULL]
05-01 17:32:13.679   657   657 I notification_cancel_all: [1000,657,com.streamfr.app,0,0,0,5,NULL]
05-01 17:32:15.077   657   710 I installer_clear_app_data_caller: [657,1000,com.streamfr.app,39]
05-01 17:32:15.180   657   657 I notification_cancel_all: [1000,657,com.streamfr.app,0,0,0,5,NULL]
05-01 17:32:15.183   657   657 I notification_cancel_all: [1000,657,com.streamfr.app,0,0,0,5,NULL]
05-01 17:32:15.369   657   657 I notification_cancel_all: [1000,657,com.streamfr.app,0,0,0,5,NULL]
05-01 17:32:15.413   657  2251 I wm_create_activity: [0,142035853,37,com.streamfr.app/com.streamflixreborn.streamflix.activities.main.MainMobileActivity,android.intent.action.MAIN,NULL,NULL,268435456]
05-01 17:32:15.445   657   688 I am_proc_start: [0,2406,10212,com.streamfr.app,next-top-activity,{com.streamfr.app/com.streamflixreborn.streamflix.activities.main.MainMobileActivity}]
05-01 17:32:15.681   657  2198 I am_proc_bound: [0,2406,com.streamfr.app]
05-01 17:32:16.871   657  2587 I wm_restart_activity: [0,142035853,37,com.streamfr.app/com.streamflixreborn.streamflix.activities.main.MainMobileActivity]
05-01 17:32:16.873   657  2587 I wm_set_resumed_activity: [0,com.streamfr.app/com.streamflixreborn.streamflix.activities.main.MainMobileActivity,realStartActivityLocked - onActivityStateChanged]
05-01 17:32:17.741   657   679 I input_focus: [Focus request ee23800 com.streamfr.app/com.streamflixreborn.streamflix.activities.main.MainMobileActivity,reason=UpdateInputWindows]
05-01 17:32:18.084   657   675 I sysui_multi_action: [319,268,321,261,322,2685,325,29637,757,761,758,7,759,1,806,com.streamfr.app,871,com.streamflixreborn.streamflix.activities.main.MainMobileActivity,904,com.android.shell,905,0,945,307,1320,12,1321,1]
05-01 17:32:18.085   657   675 I wm_activity_launch_time: [0,142035853,com.streamfr.app/com.streamflixreborn.streamflix.activities.main.MainMobileActivity,2685]
05-01 17:32:18.148   657   777 I input_focus: [Focus entering ee23800 com.streamfr.app/com.streamflixreborn.streamflix.activities.main.MainMobileActivity (server),reason=Window became focusable. Previous reason: NOT_VISIBLE]
05-01 17:32:23.452   657   777 I input_interaction: Interaction with: ee23800 com.streamfr.app/com.streamflixreborn.streamflix.activities.main.MainMobileActivity (server), [Gesture Monitor] swipe-up (server), [Gesture Monitor] edge-swipe (server), PointerEventDispatcher0 (server), 
05-01 17:32:44.113   657  2640 I am_cpu  : [2406,10212,om.streamfr.app,0,0,0]
05-01 17:32:44.113   657  2639 I am_anr  : [0,2406,com.streamfr.app,954777414,Input dispatching timed out (ee23800 com.streamfr.app/com.streamflixreborn.streamflix.activities.main.MainMobileActivity (server) is not responding. Waited 5007ms for MotionEvent).]
05-01 17:32:45.587   657   679 I input_focus: [Focus request 764bc54 Application Not Responding: com.streamfr.app,reason=UpdateInputWindows]
05-01 17:32:45.670   657   777 I input_focus: [Focus leaving ee23800 com.streamfr.app/com.streamflixreborn.streamflix.activities.main.MainMobileActivity (server),reason=Waiting for window because NO_WINDOW]
05-01 17:32:45.783   657   777 I input_focus: [Focus entering 764bc54 Application Not Responding: com.streamfr.app (server),reason=Window became focusable. Previous reason: NOT_VISIBLE]
05-01 17:32:48.071   657   777 I input_interaction: Interaction with: 764bc54 Application Not Responding: com.streamfr.app (server), [Gesture Monitor] swipe-up (server), [Gesture Monitor] edge-swipe (server), PointerEventDispatcher0 (server), 
05-01 17:32:48.149   657   676 I wm_finish_activity: [0,142035853,37,com.streamfr.app/com.streamflixreborn.streamflix.activities.main.MainMobileActivity,user-terminated]
05-01 17:32:48.150   657   676 I wm_pause_activity: [0,142035853,com.streamfr.app/com.streamflixreborn.streamflix.activities.main.MainMobileActivity,userLeaving=false,finish]
05-01 17:32:48.162   657   676 I am_kill : [0,2406,com.streamfr.app,0,user request after error,313376]
05-01 17:32:48.190   657  2589 I am_proc_died: [0,2406,com.streamfr.app,0,2]
05-01 17:32:49.356   657  2339 I wm_task_removed: [37,37,0,removeChild, last child = ActivityRecord{8774b8d u0 com.streamfr.app/com.streamflixreborn.streamflix.activities.main.MainMobileActivity t-1 f}} in Task{fde5142 #37 type=standard A=10212:com.streamfr.app}]
05-01 17:34:11.743 12063 12063 D ActivityThread: Package [com.streamfr.app] reported as REPLACED, but missing application info. Assuming REMOVED.
05-01 17:34:11.744 12063 12063 D ActivityThread: Package [com.streamfr.app] reported as REPLACED, but missing application info. Assuming REMOVED.
