--------- beginning of events
05-01 13:13:39.179   657   687 I am_cpu  : [20398,0,kworker/3:2,600026,0,60]
05-01 13:13:39.179   657   687 I am_cpu  : [20487,0,kworker/1:1-events,300009,0,30]
05-01 13:13:39.179   657   687 I am_cpu  : [20495,0,kworker/2:1-virtio_vsock,300009,0,7110]
05-01 13:13:39.179   657   687 I am_cpu  : [20507,0,kworker/u12:1-events_unbound,300009,0,490]
05-01 13:13:39.179   657   687 I am_cpu  : [20588,0,kworker/0:1-events,300009,0,1630]
05-01 13:13:39.179   657   687 I am_cpu  : [20657,0,kworker/u10:0-events_unbound,300009,0,300]
05-01 13:13:39.179   657   687 I am_cpu  : [20682,0,kworker/u9:1-events_unbound,300009,0,300]
05-01 13:13:39.179   657   687 I am_cpu  : [20718,0,kworker/1:2-events,0,0,0]
05-01 13:13:39.179   657   687 I am_cpu  : [20738,0,kworker/2:2-virtio_vsock,0,0,0]
05-01 13:13:39.179   657   687 I am_cpu  : [20747,0,kworker/u16:1-fscrypt_read_queue,0,0,0]
05-01 13:13:39.179   657   687 I am_cpu  : [20749,0,kworker/u15:2-fscrypt_read_queue,0,0,0]
05-01 13:13:39.179   657   687 I am_cpu  : [20780,0,kworker/u12:0-events_unbound,0,0,0]
05-01 13:13:39.179   657   687 I am_cpu  : [20837,0,kworker/0:2-events,0,0,0]
05-01 13:13:39.179   657   687 I am_cpu  : [20843,0,kworker/3:1-virtio_vsock,0,0,0]
05-01 13:13:39.179   657   687 I am_cpu  : [20844,0,kworker/u12:3-events_unbound,0,0,0]
05-01 13:13:53.696   657   982 I service_manager_stats: [100,8,57074]
05-01 13:14:03.932   657   767 I am_unfreeze: [12063,com.google.android.gms.unstable,10]
05-01 13:14:03.939   657   767 I am_unfreeze: [6452,com.google.android.gms,10]
05-01 13:14:04.262 12063 12063 I auditd  : type=1400 audit(0.0:317): avc:  denied  { read } for  comm="binder:12063_6" name="u:object_r:system_adbd_prop:s0" dev="tmpfs" ino=314 scontext=u:r:gmscore_app:s0:c512,c768 tcontext=u:object_r:system_adbd_prop:s0 tclass=file permissive=0 app=com.google.android.gms
05-01 13:14:04.262 12063 12063 I auditd  : type=1400 audit(0.0:318): avc:  denied  { read } for  comm="binder:12063_6" name="u:object_r:adbd_prop:s0" dev="tmpfs" ino=59 scontext=u:r:gmscore_app:s0:c512,c768 tcontext=u:object_r:adbd_prop:s0 tclass=file permissive=0 app=com.google.android.gms
05-01 13:14:33.968   657   767 I am_freeze: [12063,com.google.android.gms.unstable]
05-01 13:14:33.969   657   767 I am_freeze: [6452,com.google.android.gms]
05-01 13:14:34.012   657   767 I am_compact: [12063,com.google.android.gms.unstable,ANON,99564,61604,37064,40036,-21376,-256,-21120,20992,42,FULL,13894848,905,19,205904,-8180]
05-01 13:14:40.220  6426 20976 I c2dm    : [-1,,23,22]
05-01 13:14:53.776   657   982 I service_manager_stats: [100,8,60080]
05-01 13:15:53.878   657   982 I service_manager_stats: [100,15,60102]
05-01 13:16:50.954   657   982 I service_manager_stats: [100,11,57076]
05-01 13:17:51.046   657   982 I service_manager_stats: [100,8,60092]
05-01 13:18:01.109   657   694 I commit_sys_config_file: [batterystats,4]
05-01 13:18:17.505   657   698 I am_cpu  : [11,0,kworker/u8:1,2678525,0,10]
05-01 13:18:17.505   657   698 I am_cpu  : [15,0,ksoftirqd/0,578340,0,10]
05-01 13:18:17.505   657   698 I am_cpu  : [16,0,rcu_preempt,278331,0,50]
05-01 13:18:17.505   657   698 I am_cpu  : [20,0,migration/0,578340,0,10]
05-01 13:18:17.505   657   698 I am_cpu  : [25,0,migration/1,278331,0,20]
05-01 13:18:17.505   657   698 I am_cpu  : [31,0,migration/2,278331,0,20]
05-01 13:18:17.505   657   698 I am_cpu  : [32,0,ksoftirqd/2,2978559,0,10]
05-01 13:18:17.505   657   698 I am_cpu  : [37,0,migration/3,278331,0,10]
05-01 13:18:17.505   657   698 I am_cpu  : [51,0,kcompactd0,278331,0,100]
05-01 13:18:17.505   657   698 I am_cpu  : [61,0,kswapd0,2678525,0,150]
05-01 13:18:17.505   657   698 I am_cpu  : [101,0,ueventd,578340,0,10]
05-01 13:18:17.505   657   698 I am_cpu  : [165,1036,logd,278332,360,10210]
05-01 13:18:17.505   657   698 I am_cpu  : [167,1000,servicemanager,278332,0,20]
05-01 13:18:17.505   657   698 I am_cpu  : [193,1000,android.system.,278332,0,80]
05-01 13:18:17.505   657   698 I am_cpu  : [228,0,jbd2/dm-46-8,278332,0,10]
05-01 13:18:17.505   657   698 I am_cpu  : [385,1066,binder:385_2,278331,100,540]
05-01 13:18:17.505   657   698 I am_cpu  : [386,0,binder:386_4,578340,0,10]
05-01 13:18:17.505   657   698 I am_cpu  : [395,1041,binder:395_2,278331,100,2070]
05-01 13:18:17.505   657   698 I am_cpu  : [407,1000,android.hardwar,278331,290,1220]
05-01 13:18:17.505   657   698 I am_cpu  : [413,1000,binder:413_2,278331,170,27460]
05-01 13:18:17.505   657   698 I am_cpu  : [416,9999,android.hardwar,278331,50,40]
05-01 13:18:17.505   657   698 I am_cpu  : [446,1041,audioserver,278331,840,2970]
05-01 13:18:17.505   657   698 I am_cpu  : [456,1000,surfaceflinger,278331,1580,8100]
05-01 13:18:17.505   657   698 I am_cpu  : [488,1013,mediametrics,278331,240,90]
05-01 13:18:17.505   657   698 I am_cpu  : [657,1000,system_server,278331,7350,21820]
05-01 13:18:17.505   657   698 I am_cpu  : [800,1082,binder:800_2,278332,180,310]
05-01 13:18:17.505   657   698 I am_cpu  : [1034,1000,binder:1034_2,278332,0,10]
05-01 13:18:17.505   657   698 I am_cpu  : [1073,10181,ndroid.systemui,278332,330,1350]
05-01 13:18:17.505   657   698 I am_cpu  : [1164,1073,rkstack.process,278332,20,20]
05-01 13:18:17.505   657   698 I am_cpu  : [1208,1002,droid.bluetooth,278332,3140,11940]
05-01 13:18:17.505   657   698 I am_cpu  : [1226,1001,m.android.phone,278332,70,60]
05-01 13:18:17.505   657   698 I am_cpu  : [1683,10145,hbox:interactor,278331,480,1100]
05-01 13:18:17.505   657   698 I am_cpu  : [1835,1010,wpa_supplicant,278331,0,10]
05-01 13:18:17.505   657   698 I am_cpu  : [2148,2000,adbd,278331,3410,13250]
05-01 13:18:17.505   657   698 I am_cpu  : [4892,10141,s.messaging:rcs,278331,20,20]
05-01 13:18:17.505   657   698 I am_cpu  : [6426,10144,.gms.persistent,278331,50,60]
05-01 13:18:17.505   657   698 I am_cpu  : [6452,10144,gle.android.gms,278331,0,10]
05-01 13:18:17.505   657   698 I am_cpu  : [6488,10141,.apps.messaging,278331,10,0]
05-01 13:18:17.505   657   698 I am_cpu  : [7134,10157,putmethod.latin,1178393,10,0]
05-01 13:18:17.505   657   698 I am_cpu  : [11080,2000,logcat,278331,440,1170]
05-01 13:18:17.505   657   698 I am_cpu  : [11082,2000,process-tracker,278331,20,110]
05-01 13:18:17.505   657   698 I am_cpu  : [11085,2000,logcat,278331,520,1100]
05-01 13:18:17.505   657   698 I am_cpu  : [12063,10144,id.gms.unstable,278331,50,40]
05-01 13:18:17.505   657   698 I am_cpu  : [13683,10212,om.streamfr.app,278331,14980,30510]
05-01 13:18:17.505   657   698 I am_cpu  : [13767,0,kworker/2:4H-kverityd,278331,0,10]
05-01 13:18:17.505   657   698 I am_cpu  : [14021,0,kworker/3:0H-kblockd,278331,0,10]
05-01 13:18:17.505   657   698 I am_cpu  : [14644,0,kworker/1:0H-kblockd,278331,0,10]
05-01 13:18:17.505   657   698 I am_cpu  : [15113,0,kworker/0:0H-kblockd,278331,0,20]
05-01 13:18:17.505   657   698 I am_cpu  : [18070,0,kworker/u10:3-writeback,278331,0,300]
05-01 13:18:17.505   657   698 I am_cpu  : [18743,0,kworker/u11:2-events_unbound,278331,0,210]
05-01 13:18:17.505   657   698 I am_cpu  : [19083,0,kworker/u11:3-events_unbound,278331,0,240]
05-01 13:18:17.505   657   698 I am_cpu  : [19348,0,kworker/u9:3-events_unbound,278331,0,50]
05-01 13:18:17.505   657   698 I am_cpu  : [19696,0,kworker/0:0-virtio_vsock,278331,0,300]
05-01 13:18:17.505   657   698 I am_cpu  : [19725,0,kworker/2:0-virtio_vsock,278331,0,6560]
05-01 13:18:17.505   657   698 I am_cpu  : [19764,0,kworker/u12:2-events_unbound,278331,0,370]
05-01 13:18:17.505   657   698 I am_cpu  : [20133,0,kworker/u9:2-events_unbound,278331,0,370]
05-01 13:18:17.505   657   698 I am_cpu  : [20160,0,kworker/u10:2-events_unbound,278331,0,190]
05-01 13:18:17.505   657   698 I am_cpu  : [20487,0,kworker/1:1-events,278331,0,1500]
05-01 13:18:17.505   657   698 I am_cpu  : [20495,0,kworker/2:1-virtio_vsock,278331,0,7260]
05-01 13:18:17.505   657   698 I am_cpu  : [20507,0,kworker/u12:1-events_unbound,278331,0,530]
05-01 13:18:17.505   657   698 I am_cpu  : [20657,0,kworker/u10:0-events_unbound,278331,0,80]
05-01 13:18:17.505   657   698 I am_cpu  : [20682,0,kworker/u9:1-events_unbound,278331,0,330]
05-01 13:18:17.505   657   698 I am_cpu  : [20718,0,kworker/1:2-events,278331,0,390]
05-01 13:18:17.505   657   698 I am_cpu  : [20837,0,kworker/0:2-events,278331,0,2320]
05-01 13:18:17.505   657   698 I am_cpu  : [20843,0,kworker/3:1-virtio_vsock,278331,0,2790]
05-01 13:18:17.505   657   698 I am_cpu  : [20844,0,kworker/u12:3-events_unbound,278330,0,100]
05-01 13:18:17.505   657   698 I am_cpu  : [20946,0,kworker/u14:0,0,0,0]
05-01 13:18:17.505   657   698 I am_cpu  : [20951,0,kworker/1:0-virtio_vsock,0,0,0]
05-01 13:18:17.505   657   698 I am_cpu  : [21000,0,kworker/u10:1-events_unbound,0,0,0]
05-01 13:18:17.505   657   698 I am_cpu  : [21064,0,kworker/0:1-virtio_vsock,0,0,0]
05-01 13:18:17.505   657   698 I am_cpu  : [21071,0,kworker/2:3-virtio_vsock,0,0,0]
05-01 13:18:17.505   657   698 I am_cpu  : [21073,0,kworker/3:2-virtio_vsock,0,0,0]
05-01 13:18:17.549   657   686 I commit_sys_config_file: [batterystats,8]
05-01 13:18:17.558   657   686 I commit_sys_config_file: [batterystats,4]
05-01 13:18:35.882   657   657 I sysui_multi_action: [757,803,799,note_enqueued,802,30]
05-01 13:18:35.882   657   657 I sysui_multi_action: [757,803,799,note_post,802,5]
05-01 13:18:35.882   657   657 I sysui_multi_action: [757,803,799,note_update,802,9]
05-01 13:18:35.882   657   657 I sysui_multi_action: [757,803,799,note_remove,802,6]
05-01 13:18:35.882   657   657 I sysui_multi_action: [757,803,799,people_cache_hit,802,17]
05-01 13:18:35.882   657   657 I sysui_multi_action: [757,803,799,note_blocked,802,11]
05-01 13:18:35.882   657   657 I sysui_multi_action: [757,803,799,note_with_actions,802,2]
05-01 13:18:35.882   657   657 I sysui_multi_action: [757,803,799,note_private,802,6]
05-01 13:18:35.882   657   657 I sysui_multi_action: [757,803,799,note_big_text,802,4]
05-01 13:18:35.882   657   657 I sysui_multi_action: [757,803,799,note_fg,802,1]
05-01 13:18:35.882   657   657 I sysui_multi_action: [757,803,799,note_ongoing,802,8]
05-01 13:18:35.882   657   657 I sysui_multi_action: [757,803,799,note_auto,802,5]
05-01 13:18:35.882   657   657 I sysui_multi_action: [757,803,799,note_large_icon,802,2]
05-01 13:18:35.882   657   657 I sysui_multi_action: [757,803,799,note_title,802,13]
05-01 13:18:35.882   657   657 I sysui_multi_action: [757,803,799,note_text,802,8]
05-01 13:18:35.882   657   657 I sysui_multi_action: [757,803,799,note_imp_noisy_default,802,13]
05-01 13:18:35.882   657   657 I sysui_multi_action: [757,803,799,note_imp_noisy_high,802,1]
05-01 13:18:35.882   657   657 I sysui_multi_action: [757,803,799,note_importance_low,802,14]
05-01 13:18:39.221   657   687 I am_cpu  : [20,0,migration/0,21717,0,10]
05-01 13:18:39.221   657   687 I am_cpu  : [165,1036,logd,21716,20,820]
05-01 13:18:39.221   657   687 I am_cpu  : [193,1000,android.system.,21716,0,10]
05-01 13:18:39.221   657   687 I am_cpu  : [385,1066,binder:385_2,21717,10,50]
05-01 13:18:39.221   657   687 I am_cpu  : [395,1041,binder:395_2,21717,0,180]
05-01 13:18:39.221   657   687 I am_cpu  : [407,1000,android.hardwar,21717,20,110]
05-01 13:18:39.221   657   687 I am_cpu  : [413,1000,binder:413_2,21717,20,2080]
05-01 13:18:39.221   657   687 I am_cpu  : [416,9999,android.hardwar,21717,10,0]
05-01 13:18:39.221   657   687 I am_cpu  : [446,1041,audioserver,21717,70,250]
05-01 13:18:39.221   657   687 I am_cpu  : [456,1000,surfaceflinger,21717,110,630]
05-01 13:18:39.221   657   687 I am_cpu  : [488,1013,mediametrics,21717,0,30]
05-01 13:18:39.221   657   687 I am_cpu  : [496,0,storaged,3600344,50,80]
05-01 13:18:39.221   657   687 I am_cpu  : [657,1000,system_server,21717,520,1710]
05-01 13:18:39.221   657   687 I am_cpu  : [800,1082,binder:800_2,21716,20,10]
05-01 13:18:39.221   657   687 I am_cpu  : [1073,10181,ndroid.systemui,21716,20,90]
05-01 13:18:39.221   657   687 I am_cpu  : [1164,1073,rkstack.process,21716,10,0]
05-01 13:18:39.221   657   687 I am_cpu  : [1208,1002,droid.bluetooth,21716,290,910]
05-01 13:18:39.221   657   687 I am_cpu  : [1226,1001,m.android.phone,21716,10,0]
05-01 13:18:39.221   657   687 I am_cpu  : [1683,10145,hbox:interactor,21716,20,100]
05-01 13:18:39.221   657   687 I am_cpu  : [2148,2000,adbd,21716,310,960]
05-01 13:18:39.221   657   687 I am_cpu  : [11080,2000,logcat,21716,10,100]
05-01 13:18:39.221   657   687 I am_cpu  : [11082,2000,process-tracker,21716,0,10]
05-01 13:18:39.221   657   687 I am_cpu  : [11085,2000,logcat,21716,40,80]
05-01 13:18:39.221   657   687 I am_cpu  : [13683,10212,om.streamfr.app,21716,1120,2330]
05-01 13:18:39.221   657   687 I am_cpu  : [18070,0,kworker/u10:3-writeback,21716,0,40]
05-01 13:18:39.221   657   687 I am_cpu  : [18743,0,kworker/u11:2-events_unbound,21716,0,10]
05-01 13:18:39.221   657   687 I am_cpu  : [19083,0,kworker/u11:3-events_unbound,21716,0,50]
05-01 13:18:39.221   657   687 I am_cpu  : [19348,0,kworker/u9:3-events_unbound,21716,0,30]
05-01 13:18:39.221   657   687 I am_cpu  : [19696,0,kworker/0:0-virtio_vsock,21716,0,230]
05-01 13:18:39.221   657   687 I am_cpu  : [19725,0,kworker/2:0-virtio_vsock,21716,0,560]
05-01 13:18:39.221   657   687 I am_cpu  : [19764,0,kworker/u12:2-events_unbound,21717,0,40]
05-01 13:18:39.221   657   687 I am_cpu  : [20133,0,kworker/u9:2-events_unbound,21717,0,10]
05-01 13:18:39.221   657   687 I am_cpu  : [20487,0,kworker/1:1-events,21717,0,200]
05-01 13:18:39.221   657   687 I am_cpu  : [20495,0,kworker/2:1-virtio_vsock,21717,0,540]
05-01 13:18:39.221   657   687 I am_cpu  : [20507,0,kworker/u12:1-events_unbound,21717,0,30]
05-01 13:18:39.221   657   687 I am_cpu  : [21000,0,kworker/u10:1-events_unbound,21717,0,40]
05-01 13:18:39.221   657   687 I am_cpu  : [21073,0,kworker/3:2-virtio_vsock,21717,0,200]
05-01 13:18:51.125   657   982 I service_manager_stats: [100,9,60079]
05-01 13:19:22.051   657   686 I am_pss  : [6426,10144,com.google.android.gms.persistent,0,0,0,169308160,0,5,0]
05-01 13:19:22.056   657   686 I commit_sys_config_file: [procstats,4]
05-01 13:19:22.074   657   767 I am_unfreeze: [12808,com.google.android.partnersetup,6]
05-01 13:19:22.078   657   979 I netstats_mobile_sample: [14335,17886,77,74,26384,10652,111,54,1777641563240]
05-01 13:19:22.078   657   979 I netstats_wifi_sample: [601534427,7429791,442643,96966,601512986,7404031,442392,96858,1777641563240]
05-01 13:19:22.081   657   686 I am_pss  : [1683,10145,com.google.android.googlequicksearchbox:interactor,0,0,0,109989888,0,5,0]
05-01 13:19:22.081   657   686 I am_pss  : [7134,10157,com.google.android.inputmethod.latin,0,0,0,79183872,0,7,0]
05-01 13:19:22.081   657   686 I am_pss  : [4892,10141,com.google.android.apps.messaging:rcs,0,0,0,79855616,0,5,0]
05-01 13:19:22.081   657   686 I am_pss  : [1659,10134,com.google.android.as,0,0,0,89669632,0,5,0]
05-01 13:19:22.081   657   686 I am_pss  : [4902,10204,com.google.android.ext.services,0,0,0,45330432,0,5,0]
05-01 13:19:22.081   657   686 I am_pss  : [657,1000,system,0,0,0,179421184,0,0,0]
05-01 13:19:22.117   657   979 I netstats_mobile_sample: [14335,17886,77,74,26384,10652,111,54,1777641563278]
05-01 13:19:22.117   657   979 I netstats_wifi_sample: [601534427,7429791,442643,96966,601512986,7404031,442392,96858,1777641563278]
05-01 13:19:22.630   657   767 I am_unfreeze: [12063,com.google.android.gms.unstable,10]
05-01 13:19:22.630   657   686 I am_pss  : [12063,10144,com.google.android.gms.unstable,0,0,0,80326656,0,19,0]
05-01 13:19:22.634   657   767 I am_unfreeze: [6452,com.google.android.gms,10]
05-01 13:19:22.634   657   686 I am_pss  : [6452,10144,com.google.android.gms,0,0,0,108167168,0,19,0]
05-01 13:19:32.124   657   767 I am_freeze: [12808,com.google.android.partnersetup]
05-01 13:19:36.188   657   982 I service_manager_stats: [100,12,45063]
05-01 13:19:52.677   657   767 I am_freeze: [6452,com.google.android.gms]
05-01 13:19:52.677   657   767 I am_freeze: [12063,com.google.android.gms.unstable]
05-01 13:19:52.695   657   767 I am_compact: [6452,com.google.android.gms,ANON,109856,82528,24768,72096,-8960,-512,-8448,8448,18,FULL,13894862,905,19,213824,-504]
05-01 13:19:52.704   657   767 I am_compact: [12063,com.google.android.gms.unstable,ANON,82412,61348,20168,56804,-4224,0,-4224,4224,9,FULL,14176521,905,19,214328,-1376]
05-01 13:20:36.275   657   982 I service_manager_stats: [100,20,60087]
05-01 13:21:33.363   657   982 I service_manager_stats: [100,9,57088]
05-01 13:22:33.438   657   982 I service_manager_stats: [100,11,60075]
05-01 13:23:33.520   657   982 I service_manager_stats: [100,8,60082]
05-01 13:23:39.250   657   687 I am_cpu  : [15,0,ksoftirqd/0,321745,0,10]
05-01 13:23:39.250   657   687 I am_cpu  : [16,0,rcu_preempt,321745,0,70]
05-01 13:23:39.250   657   687 I am_cpu  : [20,0,migration/0,300028,0,10]
05-01 13:23:39.250   657   687 I am_cpu  : [31,0,migration/2,321745,0,20]
05-01 13:23:39.250   657   687 I am_cpu  : [37,0,migration/3,321745,0,10]
05-01 13:23:39.250   657   687 I am_cpu  : [51,0,kcompactd0,321745,0,90]
05-01 13:23:39.250   657   687 I am_cpu  : [165,1036,logd,300028,490,11300]
05-01 13:23:39.250   657   687 I am_cpu  : [167,1000,servicemanager,321744,0,20]
05-01 13:23:39.250   657   687 I am_cpu  : [193,1000,android.system.,300029,0,120]
05-01 13:23:39.250   657   687 I am_cpu  : [228,0,jbd2/dm-46-8,321745,0,10]
05-01 13:23:39.250   657   687 I am_cpu  : [385,1066,binder:385_2,300028,180,500]
05-01 13:23:39.250   657   687 I am_cpu  : [386,0,binder:386_4,321745,0,10]
05-01 13:23:39.250   657   687 I am_cpu  : [395,1041,binder:395_2,300028,110,2270]
05-01 13:23:39.250   657   687 I am_cpu  : [407,1000,android.hardwar,300028,170,510]
05-01 13:23:39.250   657   687 I am_cpu  : [411,1002,android.hardwar,13200824,0,10]
05-01 13:23:39.250   657   687 I am_cpu  : [413,1000,binder:413_2,300028,170,29670]
05-01 13:23:39.250   657   687 I am_cpu  : [416,9999,android.hardwar,300028,80,10]
05-01 13:23:39.250   657   687 I am_cpu  : [446,1041,audioserver,300028,960,3130]
05-01 13:23:39.250   657   687 I am_cpu  : [456,1000,surfaceflinger,300028,2040,8540]
05-01 13:23:39.250   657   687 I am_cpu  : [488,1013,mediametrics,300028,280,100]
05-01 13:23:39.250   657   687 I am_cpu  : [509,1001,libgoldfish-ril,600076,0,10]
05-01 13:23:39.250   657   687 I am_cpu  : [657,1000,system_server,300028,8060,23440]
05-01 13:23:39.250   657   687 I am_cpu  : [800,1082,binder:800_2,300029,250,310]
05-01 13:23:39.250   657   687 I am_cpu  : [1073,10181,ndroid.systemui,300029,370,1450]
05-01 13:23:39.250   657   687 I am_cpu  : [1164,1073,rkstack.process,300029,0,20]
05-01 13:23:39.250   657   687 I am_cpu  : [1208,1002,droid.bluetooth,300029,3530,13110]
05-01 13:23:39.250   657   687 I am_cpu  : [1226,1001,m.android.phone,300029,70,60]
05-01 13:23:39.250   657   687 I am_cpu  : [1659,10134,ogle.android.as,900085,20,0]
05-01 13:23:39.250   657   687 I am_cpu  : [1683,10145,hbox:interactor,300029,580,1200]
05-01 13:23:39.250   657   687 I am_cpu  : [1835,1010,wpa_supplicant,321745,10,10]
05-01 13:23:39.250   657   687 I am_cpu  : [2148,2000,adbd,300029,3550,14400]
05-01 13:23:39.250   657   687 I am_cpu  : [4892,10141,s.messaging:rcs,321745,10,10]
05-01 13:23:39.250   657   687 I am_cpu  : [6426,10144,.gms.persistent,321745,60,60]
05-01 13:23:39.250   657   687 I am_cpu  : [6452,10144,gle.android.gms,321745,0,20]
05-01 13:23:39.250   657   687 I am_cpu  : [6488,10141,.apps.messaging,321745,10,10]
05-01 13:23:39.250   657   687 I am_cpu  : [11080,2000,logcat,300029,560,1200]
05-01 13:23:39.250   657   687 I am_cpu  : [11082,2000,process-tracker,300029,0,130]
05-01 13:23:39.250   657   687 I am_cpu  : [11085,2000,logcat,300029,620,1170]
05-01 13:23:39.250   657   687 I am_cpu  : [12063,10144,id.gms.unstable,321745,10,0]
05-01 13:23:39.250   657   687 I am_cpu  : [12808,10136,id.partnersetup,3859048,0,10]
05-01 13:23:39.250   657   687 I am_cpu  : [13683,10212,om.streamfr.app,300029,15790,32480]
05-01 13:23:39.250   657   687 I am_cpu  : [14021,0,kworker/3:0H-kblockd,321745,0,10]
05-01 13:23:39.250   657   687 I am_cpu  : [14644,0,kworker/1:0H-kblockd,321745,0,20]
05-01 13:23:39.250   657   687 I am_cpu  : [15113,0,kworker/0:0H-kblockd,321745,0,10]
05-01 13:23:39.250   657   687 I am_cpu  : [18070,0,kworker/u10:3-writeback,300029,0,600]
05-01 13:23:39.250   657   687 I am_cpu  : [18743,0,kworker/u11:2-events_unbound,300029,0,210]
05-01 13:23:39.250   657   687 I am_cpu  : [19083,0,kworker/u11:3-events_unbound,300029,0,290]
05-01 13:23:39.250   657   687 I am_cpu  : [19348,0,kworker/u9:3-events_unbound,300029,0,260]
05-01 13:23:39.250   657   687 I am_cpu  : [19696,0,kworker/0:0-virtio_vsock,300029,0,2280]
05-01 13:23:39.250   657   687 I am_cpu  : [19725,0,kworker/2:0-virtio_vsock,300029,0,6260]
05-01 13:23:39.250   657   687 I am_cpu  : [19764,0,kworker/u12:2-events_unbound,300028,0,160]
05-01 13:23:39.250   657   687 I am_cpu  : [20133,0,kworker/u9:2-events_unbound,300028,0,460]
05-01 13:23:39.250   657   687 I am_cpu  : [20487,0,kworker/1:1-events,300028,0,430]
05-01 13:23:39.250   657   687 I am_cpu  : [20495,0,kworker/2:1-virtio_vsock,300028,0,6950]
05-01 13:23:39.250   657   687 I am_cpu  : [20507,0,kworker/u12:1-events_unbound,300028,0,90]
05-01 13:23:39.250   657   687 I am_cpu  : [20682,0,kworker/u9:1-events_unbound,321745,0,130]
05-01 13:23:39.250   657   687 I am_cpu  : [20844,0,kworker/u12:3-events_unbound,321745,0,390]
05-01 13:23:39.250   657   687 I am_cpu  : [21000,0,kworker/u10:1-events_unbound,300028,0,410]
05-01 13:23:39.250   657   687 I am_cpu  : [21064,0,kworker/0:1-virtio_vsock,321745,0,840]
05-01 13:23:39.250   657   687 I am_cpu  : [21073,0,kworker/3:2-virtio_vsock,300028,0,2690]
05-01 13:23:39.250   657   687 I am_cpu  : [21169,0,kworker/1:2-virtio_vsock,0,0,0]
05-01 13:23:39.250   657   687 I am_cpu  : [21186,0,kworker/u17:1-fscrypt_read_queue,0,0,0]
05-01 13:23:39.250   657   687 I am_cpu  : [21189,0,kworker/u15:0,0,0,0]
05-01 13:23:39.250   657   687 I am_cpu  : [21206,0,kworker/u12:0-events_unbound,0,0,0]
05-01 13:23:39.250   657   687 I am_cpu  : [21302,0,kworker/0:2-events,0,0,0]
05-01 13:23:39.250   657   687 I am_cpu  : [21309,0,kworker/3:1-virtio_vsock,0,0,0]
05-01 13:23:39.250   657   687 I am_cpu  : [21352,0,kworker/2:2-virtio_vsock,0,0,0]
05-01 13:24:03.820   657   767 I am_unfreeze: [12063,com.google.android.gms.unstable,6]
05-01 13:24:03.842 12063 12063 I auditd  : type=1400 audit(0.0:319): avc:  denied  { read } for  comm="binder:12063_B" name="u:object_r:system_adbd_prop:s0" dev="tmpfs" ino=314 scontext=u:r:gmscore_app:s0:c512,c768 tcontext=u:object_r:system_adbd_prop:s0 tclass=file permissive=0 app=com.google.android.gms
05-01 13:24:03.842 12063 12063 I auditd  : type=1400 audit(0.0:320): avc:  denied  { read } for  comm="binder:12063_B" name="u:object_r:adbd_prop:s0" dev="tmpfs" ino=59 scontext=u:r:gmscore_app:s0:c512,c768 tcontext=u:object_r:adbd_prop:s0 tclass=file permissive=0 app=com.google.android.gms
05-01 13:24:04.351   657   767 I am_unfreeze: [6452,com.google.android.gms,10]
05-01 13:24:33.615   657   982 I service_manager_stats: [100,14,60095]
05-01 13:24:34.374   657   767 I am_freeze: [12063,com.google.android.gms.unstable]
05-01 13:24:34.375   657   767 I am_freeze: [6452,com.google.android.gms]
05-01 13:24:34.392   657   767 I am_compact: [12063,com.google.android.gms.unstable,ANON,86124,61604,23624,53496,-7936,-256,-7680,7680,16,FULL,14495214,905,19,213480,-1412]
05-01 13:24:34.402   657   767 I am_compact: [6452,com.google.android.gms,ANON,105248,82400,20288,76448,-4224,-256,-3968,3968,9,FULL,14495205,905,19,214892,-652]
05-01 13:25:22.314   657   767 I am_unfreeze: [16416,com.google.android.googlequicksearchbox:search,6]
05-01 13:25:22.645   657  2588 I service_manager_stats: [100,18,49030]
05-01 13:25:23.477   657  1060 I am_uid_active: 10194
05-01 13:25:23.479   657   767 I am_unfreeze: [1076,com.google.android.permissioncontroller,6]
05-01 13:25:23.967   657  2339 I wm_tf_removed: [16444508,7]
05-01 13:25:23.974   657   767 I am_unfreeze: [6452,com.google.android.gms,6]
05-01 13:25:24.075   657   686 I am_pss  : [1073,10181,com.android.systemui,0,0,0,143241216,0,0,0]
05-01 13:25:24.089   657   678 I wm_tf_created: [201841051,7]
05-01 13:25:32.473   657   708 I commit_sys_config_file: [package-user-0,18]
05-01 13:25:41.075   657   767 I am_freeze: [6452,com.google.android.gms]
05-01 13:25:41.090   657   767 I am_compact: [6452,com.google.android.gms,ANON,91552,67424,21568,75168,-5504,-128,-5376,5376,15,FULL,14776911,905,19,335664,-2060]
05-01 13:25:43.543   657   767 I am_freeze: [1076,com.google.android.permissioncontroller]
05-01 13:25:43.551   657   767 I am_compact: [1076,com.google.android.permissioncontroller,ANON,51492,32600,18252,39168,-4352,-1408,-2944,2816,8,FULL,4296183,905,19,337724,-1128]
05-01 13:26:21.789   657   982 I service_manager_stats: [100,22,59144]
05-01 13:26:33.528   657   687 I am_uid_idle: 10194
05-01 13:27:21.877   657   982 I service_manager_stats: [100,11,60088]
05-01 13:28:21.988   657   982 I service_manager_stats: [100,21,60111]
05-01 13:28:30.725  6426 21656 I c2dm    : [-1,,24,23]
05-01 13:28:39.262   657   687 I am_cpu  : [1,0,init,10500743,10,10]
05-01 13:28:39.262   657   687 I am_cpu  : [15,0,ksoftirqd/0,300011,0,30]
05-01 13:28:39.262   657   687 I am_cpu  : [16,0,rcu_preempt,300011,0,60]
05-01 13:28:39.262   657   687 I am_cpu  : [20,0,migration/0,300011,0,10]
05-01 13:28:39.262   657   687 I am_cpu  : [25,0,migration/1,621756,0,10]
05-01 13:28:39.262   657   687 I am_cpu  : [26,0,ksoftirqd/1,1200096,0,10]
05-01 13:28:39.262   657   687 I am_cpu  : [31,0,migration/2,300011,0,20]
05-01 13:28:39.262   657   687 I am_cpu  : [37,0,migration/3,300011,0,20]
05-01 13:28:39.262   657   687 I am_cpu  : [38,0,ksoftirqd/3,1200096,0,10]
05-01 13:28:39.262   657   687 I am_cpu  : [51,0,kcompactd0,300011,0,160]
05-01 13:28:39.262   657   687 I am_cpu  : [61,0,kswapd0,621756,0,360]
05-01 13:28:39.262   657   687 I am_cpu  : [67,0,erofs_worker/0,6900606,0,10]
05-01 13:28:39.262   657   687 I am_cpu  : [68,0,erofs_worker/1,6900606,0,10]
05-01 13:28:39.262   657   687 I am_cpu  : [69,0,erofs_worker/2,10500743,0,10]
05-01 13:28:39.262   657   687 I am_cpu  : [70,0,erofs_worker/3,8700711,0,10]
05-01 13:28:39.262   657   687 I am_cpu  : [165,1036,logd,300011,480,11590]
05-01 13:28:39.262   657   687 I am_cpu  : [166,1069,lmkd,2421757,0,10]
05-01 13:28:39.262   657   687 I am_cpu  : [167,1000,servicemanager,300011,0,30]
05-01 13:28:39.262   657   687 I am_cpu  : [193,1000,android.system.,300010,10,90]
05-01 13:28:39.262   657   687 I am_cpu  : [228,0,jbd2/dm-46-8,300010,0,20]
05-01 13:28:39.262   657   687 I am_cpu  : [380,0,dhcpclient,10200735,0,10]
05-01 13:28:39.262   657   687 I am_cpu  : [385,1066,binder:385_2,300011,150,530]
05-01 13:28:39.262   657   687 I am_cpu  : [386,0,binder:386_4,300011,0,20]
05-01 13:28:39.262   657   687 I am_cpu  : [395,1041,binder:395_2,300011,60,2370]
05-01 13:28:39.262   657   687 I am_cpu  : [407,1000,android.hardwar,300011,20,550]
05-01 13:28:39.262   657   687 I am_cpu  : [413,1000,binder:413_2,300011,250,29810]
05-01 13:28:39.262   657   687 I am_cpu  : [416,9999,android.hardwar,300011,50,50]
05-01 13:28:39.262   657   687 I am_cpu  : [446,1041,audioserver,300011,960,3160]
05-01 13:28:39.262   657   687 I am_cpu  : [456,1000,surfaceflinger,300011,1910,8540]
05-01 13:28:39.262   657   687 I am_cpu  : [488,1013,mediametrics,300011,250,110]
05-01 13:28:39.262   657   687 I am_cpu  : [504,1010,wificond,900087,10,0]
05-01 13:28:39.262   657   687 I am_cpu  : [657,1000,system_server,300011,8290,23840]
05-01 13:28:39.262   657   687 I am_cpu  : [800,1082,binder:800_2,300010,180,350]
05-01 13:28:39.262   657   687 I am_cpu  : [1034,1000,binder:1034_2,621755,10,10]
05-01 13:28:39.262   657   687 I am_cpu  : [1073,10181,ndroid.systemui,300010,350,1430]
05-01 13:28:39.262   657   687 I am_cpu  : [1076,10194,ssioncontroller,10200734,0,10]
05-01 13:28:39.262   657   687 I am_cpu  : [1164,1073,rkstack.process,300011,20,10]
05-01 13:28:39.262   657   687 I am_cpu  : [1208,1002,droid.bluetooth,300011,3680,13000]
05-01 13:28:39.262   657   687 I am_cpu  : [1226,1001,m.android.phone,300011,80,100]
05-01 13:28:39.262   657   687 I am_cpu  : [1356,10176,s.nexuslauncher,1200096,20,130]
05-01 13:28:39.262   657   687 I am_cpu  : [1659,10134,ogle.android.as,300011,10,20]
05-01 13:28:39.262   657   687 I am_cpu  : [1683,10145,hbox:interactor,300011,560,1210]
05-01 13:28:39.262   657   687 I am_cpu  : [1835,1010,wpa_supplicant,300011,20,10]
05-01 13:28:39.262   657   687 I am_cpu  : [2148,2000,adbd,300011,3860,13870]
05-01 13:28:39.262   657   687 I am_cpu  : [4892,10141,s.messaging:rcs,300011,20,10]
05-01 13:28:39.262   657   687 I am_cpu  : [6426,10144,.gms.persistent,300011,90,170]
05-01 13:28:39.262   657   687 I am_cpu  : [6452,10144,gle.android.gms,300011,10,30]
05-01 13:28:39.262   657   687 I am_cpu  : [6488,10141,.apps.messaging,300011,40,50]
05-01 13:28:39.262   657   687 I am_cpu  : [12063,10144,id.gms.unstable,300011,30,10]
05-01 13:28:39.262   657   687 I am_cpu  : [13486,0,kworker/1:4H-kblockd,9600725,0,20]
05-01 13:28:39.262   657   687 I am_cpu  : [13683,10212,om.streamfr.app,300011,16540,32070]
05-01 13:28:39.262   657   687 I am_cpu  : [13767,0,kworker/2:4H-kverityd,621756,0,20]
05-01 13:28:39.262   657   687 I am_cpu  : [14021,0,kworker/3:0H-kblockd,300011,0,50]
05-01 13:28:39.262   657   687 I am_cpu  : [14644,0,kworker/1:0H-kblockd,300011,0,10]
05-01 13:28:39.262   657   687 I am_cpu  : [15113,0,kworker/0:0H-kblockd,300011,0,30]
05-01 13:28:39.262   657   687 I am_cpu  : [16416,10145,earchbox:search,6900605,370,350]
05-01 13:28:39.262   657   687 I am_cpu  : [18070,0,kworker/u10:3-writeback,300011,0,370]
05-01 13:28:39.262   657   687 I am_cpu  : [18321,0,kworker/u11:1-events_unbound,900087,0,230]
05-01 13:28:39.262   657   687 I am_cpu  : [18743,0,kworker/u11:2-events_unbound,300011,0,120]
05-01 13:28:39.262   657   687 I am_cpu  : [19083,0,kworker/u11:3-events_unbound,300011,0,400]
05-01 13:28:39.262   657   687 I am_cpu  : [19348,0,kworker/u9:3-events_unbound,300011,0,610]
05-01 13:28:39.262   657   687 I am_cpu  : [19725,0,kworker/2:0-virtio_vsock,300011,0,6470]
05-01 13:28:39.262   657   687 I am_cpu  : [19906,0,kworker/3:0-virtio_vsock,900087,0,1180]
05-01 13:28:39.262   657   687 I am_cpu  : [20133,0,kworker/u9:2-events_unbound,300011,0,80]
05-01 13:28:39.262   657   687 I am_cpu  : [20160,0,kworker/u10:2-events_unbound,621756,0,210]
05-01 13:28:39.262   657   687 I am_cpu  : [20507,0,kworker/u12:1-events_unbound,300011,0,240]
05-01 13:28:39.262   657   687 I am_cpu  : [20682,0,kworker/u9:1-events_unbound,300011,0,10]
05-01 13:28:39.262   657   687 I am_cpu  : [20844,0,kworker/u12:3-events_unbound,300011,0,360]
05-01 13:28:39.262   657   687 I am_cpu  : [20951,0,kworker/1:0-virtio_vsock,621756,0,150]
05-01 13:28:39.262   657   687 I am_cpu  : [21000,0,kworker/u10:1-events_unbound,300011,0,250]
05-01 13:28:39.262   657   687 I am_cpu  : [21064,0,kworker/0:1-virtio_vsock,300011,0,980]
05-01 13:28:39.262   657   687 I am_cpu  : [21169,0,kworker/1:2-virtio_vsock,300011,0,2290]
05-01 13:28:39.262   657   687 I am_cpu  : [21206,0,kworker/u12:0-events_unbound,300011,0,230]
05-01 13:28:39.262   657   687 I am_cpu  : [21302,0,kworker/0:2-events,300011,0,2390]
05-01 13:28:39.262   657   687 I am_cpu  : [21309,0,kworker/3:1-virtio_vsock,300011,0,1520]
05-01 13:28:39.262   657   687 I am_cpu  : [21352,0,kworker/2:2-virtio_vsock,300011,0,6770]
05-01 13:28:39.262   657   687 I am_cpu  : [21370,0,kworker/u16:2-fscrypt_read_queue,0,0,0]
05-01 13:28:39.262   657   687 I am_cpu  : [21405,0,kworker/u15:3-fscrypt_read_queue,0,0,0]
05-01 13:28:39.262   657   687 I am_cpu  : [21421,0,kworker/1:1-mm_percpu_wq,0,0,0]
05-01 13:28:39.262   657   687 I am_cpu  : [21452,0,kworker/u17:2-fscrypt_read_queue,0,0,0]
05-01 13:28:39.262   657   687 I am_cpu  : [21470,0,kworker/u14:3-fscrypt_read_queue,0,0,0]
05-01 13:28:39.262   657   687 I am_cpu  : [21475,0,kworker/2:0H-kverityd,0,0,0]
05-01 13:28:39.262   657   687 I am_cpu  : [21479,0,kworker/1:1H-kverityd,0,0,0]
05-01 13:28:39.262   657   687 I am_cpu  : [21481,0,kworker/u16:3-fscrypt_read_queue,0,0,0]
05-01 13:28:39.262   657   687 I am_cpu  : [21482,0,kworker/2:2H-kverityd,0,0,0]
05-01 13:28:39.262   657   687 I am_cpu  : [21489,0,kworker/u12:2-events_unbound,0,0,0]
05-01 13:28:39.262   657   687 I am_cpu  : [21494,0,kworker/3:1H-kverityd,0,0,0]
05-01 13:28:39.262   657   687 I am_cpu  : [21509,0,kworker/0:1H-kverityd,0,0,0]
05-01 13:28:39.262   657   687 I am_cpu  : [21510,0,kworker/2:3H-kblockd,0,0,0]
05-01 13:28:39.262   657   687 I am_cpu  : [21530,2000,process-tracker,0,0,0]
05-01 13:28:39.262   657   687 I am_cpu  : [21540,2000,logcat,0,0,0]
05-01 13:28:39.262   657   687 I am_cpu  : [21543,2000,logcat,0,0,0]
05-01 13:28:39.262   657   687 I am_cpu  : [21554,0,kworker/u9:0-events_unbound,0,0,0]
05-01 13:28:39.262   657   687 I am_cpu  : [21555,0,kworker/u12:4-events_unbound,0,0,0]
05-01 13:28:39.262   657   687 I am_cpu  : [21558,0,kworker/u10:0-events_unbound,0,0,0]
05-01 13:28:39.262   657   687 I am_cpu  : [21559,0,kworker/0:3H-kblockd,0,0,0]
05-01 13:28:39.262   657   687 I am_cpu  : [21560,0,kworker/u11:0-events_unbound,0,0,0]
05-01 13:28:39.262   657   687 I am_cpu  : [21655,0,kworker/3:2-virtio_vsock,0,0,0]
05-01 13:29:20.100   657   982 I service_manager_stats: [100,22,58112]
05-01 13:29:23.008   657   767 I am_unfreeze: [6452,com.google.android.gms,10]
05-01 13:29:23.011   657   767 I am_unfreeze: [12063,com.google.android.gms.unstable,10]
05-01 13:29:53.066   657   767 I am_freeze: [6452,com.google.android.gms]
05-01 13:29:53.066   657   767 I am_freeze: [12063,com.google.android.gms.unstable]
05-01 13:29:53.077   657   767 I am_compact: [12063,com.google.android.gms.unstable,ANON,74092,53284,19912,57208,-3968,0,-3968,3968,10,FULL,14776901,905,19,338584,-28]
05-01 13:30:19.187   657   982 I service_manager_stats: [100,18,59086]
05-01 13:31:19.261   657   982 I service_manager_stats: [100,5,60075]
05-01 13:32:16.350   657   982 I service_manager_stats: [100,9,57089]
05-01 13:33:16.459   657   982 I service_manager_stats: [100,20,60109]
05-01 13:33:39.269   657   687 I am_cpu  : [2,0,kthreadd,5100443,0,10]
05-01 13:33:39.269   657   687 I am_cpu  : [15,0,ksoftirqd/0,300009,0,10]
05-01 13:33:39.269   657   687 I am_cpu  : [16,0,rcu_preempt,300009,0,60]
05-01 13:33:39.269   657   687 I am_cpu  : [20,0,migration/0,300009,0,10]
05-01 13:33:39.269   657   687 I am_cpu  : [25,0,migration/1,300009,0,20]
05-01 13:33:39.269   657   687 I am_cpu  : [31,0,migration/2,300009,0,10]
05-01 13:33:39.269   657   687 I am_cpu  : [37,0,migration/3,300009,0,10]
05-01 13:33:39.269   657   687 I am_cpu  : [51,0,kcompactd0,300009,0,110]
05-01 13:33:39.269   657   687 I am_cpu  : [165,1036,logd,300009,460,11070]
05-01 13:33:39.269   657   687 I am_cpu  : [167,1000,servicemanager,300009,10,20]
05-01 13:33:39.269   657   687 I am_cpu  : [193,1000,android.system.,300009,10,110]
05-01 13:33:39.269   657   687 I am_cpu  : [228,0,jbd2/dm-46-8,300009,0,10]
05-01 13:33:39.269   657   687 I am_cpu  : [385,1066,binder:385_2,300009,120,550]
05-01 13:33:39.269   657   687 I am_cpu  : [395,1041,binder:395_2,300009,100,2350]
05-01 13:33:39.269   657   687 I am_cpu  : [407,1000,android.hardwar,300009,20,520]
05-01 13:33:39.269   657   687 I am_cpu  : [410,1010,binder:410_2,6000514,0,10]
05-01 13:33:39.269   657   687 I am_cpu  : [413,1000,binder:413_2,300009,160,29640]
05-01 13:33:39.269   657   687 I am_cpu  : [416,9999,android.hardwar,300009,60,30]
05-01 13:33:39.269   657   687 I am_cpu  : [446,1041,audioserver,300009,1030,3110]
05-01 13:33:39.269   657   687 I am_cpu  : [456,1000,surfaceflinger,300009,1800,8830]
05-01 13:33:39.269   657   687 I am_cpu  : [488,1013,mediametrics,300009,300,60]
05-01 13:33:39.269   657   687 I am_cpu  : [496,0,storaged,900048,0,10]
05-01 13:33:39.269   657   687 I am_cpu  : [504,1010,wificond,300009,0,10]
05-01 13:33:39.269   657   687 I am_cpu  : [657,1000,system_server,300009,8030,23340]
05-01 13:33:39.269   657   687 I am_cpu  : [800,1082,binder:800_2,300009,180,360]
05-01 13:33:39.269   657   687 I am_cpu  : [1034,1000,binder:1034_2,300009,10,0]
05-01 13:33:39.269   657   687 I am_cpu  : [1073,10181,ndroid.systemui,300009,330,1410]
05-01 13:33:39.269   657   687 I am_cpu  : [1164,1073,rkstack.process,300008,30,10]
05-01 13:33:39.269   657   687 I am_cpu  : [1208,1002,droid.bluetooth,300008,3620,12910]
05-01 13:33:39.269   657   687 I am_cpu  : [1226,1001,m.android.phone,300008,60,60]
05-01 13:33:39.269   657   687 I am_cpu  : [1659,10134,ogle.android.as,300008,10,0]
05-01 13:33:39.269   657   687 I am_cpu  : [1683,10145,hbox:interactor,300008,510,1260]
05-01 13:33:39.269   657   687 I am_cpu  : [1835,1010,wpa_supplicant,300008,10,10]
05-01 13:33:39.269   657   687 I am_cpu  : [2148,2000,adbd,300008,3540,14510]
05-01 13:33:39.269   657   687 I am_cpu  : [4892,10141,s.messaging:rcs,300008,10,30]
05-01 13:33:39.269   657   687 I am_cpu  : [6426,10144,.gms.persistent,300008,150,70]
05-01 13:33:39.269   657   687 I am_cpu  : [6452,10144,gle.android.gms,300008,0,10]
05-01 13:33:39.269   657   687 I am_cpu  : [6488,10141,.apps.messaging,300008,40,40]
05-01 13:33:39.269   657   687 I am_cpu  : [7134,10157,putmethod.latin,921764,10,0]
05-01 13:33:39.269   657   687 I am_cpu  : [12063,10144,id.gms.unstable,300009,0,10]
05-01 13:33:39.269   657   687 I am_cpu  : [13486,0,kworker/1:4H-kblockd,300009,0,10]
05-01 13:33:39.269   657   687 I am_cpu  : [13683,10212,om.streamfr.app,300009,15820,32840]
05-01 13:33:39.269   657   687 I am_cpu  : [14021,0,kworker/3:0H-kblockd,300009,0,20]
05-01 13:33:39.269   657   687 I am_cpu  : [16416,10145,earchbox:search,300009,40,20]
05-01 13:33:39.269   657   687 I am_cpu  : [18070,0,kworker/u10:3-writeback,300009,0,380]
05-01 13:33:39.269   657   687 I am_cpu  : [18321,0,kworker/u11:1-events_unbound,300009,0,240]
05-01 13:33:39.269   657   687 I am_cpu  : [19083,0,kworker/u11:3-events_unbound,300009,0,230]
05-01 13:33:39.270   657   687 I am_cpu  : [19348,0,kworker/u9:3-events_unbound,300009,0,460]
05-01 13:33:39.270   657   687 I am_cpu  : [19725,0,kworker/2:0-virtio_vsock,300009,0,1050]
05-01 13:33:39.270   657   687 I am_cpu  : [20160,0,kworker/u10:2-events_unbound,300009,0,230]
05-01 13:33:39.270   657   687 I am_cpu  : [20507,0,kworker/u12:1-events_unbound,300009,0,530]
05-01 13:33:39.270   657   687 I am_cpu  : [20844,0,kworker/u12:3-events_unbound,300009,0,230]
05-01 13:33:39.270   657   687 I am_cpu  : [21000,0,kworker/u10:1-events_unbound,300009,0,120]
05-01 13:33:39.270   657   687 I am_cpu  : [21064,0,kworker/0:1-virtio_vsock,300009,0,2900]
05-01 13:33:39.270   657   687 I am_cpu  : [21169,0,kworker/1:2-virtio_vsock,300009,0,3100]
05-01 13:33:39.270   657   687 I am_cpu  : [21302,0,kworker/0:2-events,300009,0,60]
05-01 13:33:39.270   657   687 I am_cpu  : [21309,0,kworker/3:1-virtio_vsock,300009,0,1840]
05-01 13:33:39.270   657   687 I am_cpu  : [21352,0,kworker/2:2-virtio_vsock,300009,0,6680]
05-01 13:33:39.270   657   687 I am_cpu  : [21421,0,kworker/1:1-mm_percpu_wq,300009,0,40]
05-01 13:33:39.270   657   687 I am_cpu  : [21510,0,kworker/2:3H-kblockd,300009,0,10]
05-01 13:33:39.270   657   687 I am_cpu  : [21530,2000,process-tracker,300009,0,130]
05-01 13:33:39.270   657   687 I am_cpu  : [21540,2000,logcat,300009,570,1180]
05-01 13:33:39.270   657   687 I am_cpu  : [21543,2000,logcat,300008,500,1220]
05-01 13:33:39.270   657   687 I am_cpu  : [21554,0,kworker/u9:0-events_unbound,300008,0,410]
05-01 13:33:39.270   657   687 I am_cpu  : [21555,0,kworker/u12:4-events_unbound,300008,0,80]
05-01 13:33:39.270   657   687 I am_cpu  : [21559,0,kworker/0:3H-kblockd,300008,0,10]
05-01 13:33:39.270   657   687 I am_cpu  : [21655,0,kworker/3:2-virtio_vsock,300008,0,1770]
05-01 13:33:39.270   657   687 I am_cpu  : [21694,0,kworker/0:0-virtio_vsock,0,0,0]
05-01 13:33:39.270   657   687 I am_cpu  : [21734,0,kworker/2:1-virtio_vsock,0,0,0]
05-01 13:33:39.270   657   687 I am_cpu  : [21767,0,kworker/1:0-events,0,0,0]
05-01 13:33:39.270   657   687 I am_cpu  : [21778,0,kworker/u15:0,0,0,0]
05-01 13:33:39.270   657   687 I am_cpu  : [21783,0,kworker/u12:0-events_unbound,0,0,0]
05-01 13:33:39.270   657   687 I am_cpu  : [21789,0,kworker/u10:0-events_unbound,0,0,0]
05-01 13:33:39.270   657   687 I am_cpu  : [21884,0,kworker/3:0,0,0,0]
05-01 13:33:39.270   657   687 I am_cpu  : [21898,0,kworker/u16:0,0,0,0]
05-01 13:33:57.221   657 11717 I commit_sys_config_file: [appops_accesses,2]
05-01 13:34:04.344   657   767 I am_unfreeze: [6452,com.google.android.gms,10]
05-01 13:34:04.347   657   767 I am_unfreeze: [12063,com.google.android.gms.unstable,10]
05-01 13:34:04.678 12063 12063 I auditd  : type=1400 audit(0.0:321): avc:  denied  { read } for  comm="binder:12063_F" name="u:object_r:system_adbd_prop:s0" dev="tmpfs" ino=314 scontext=u:r:gmscore_app:s0:c512,c768 tcontext=u:object_r:system_adbd_prop:s0 tclass=file permissive=0 app=com.google.android.gms
05-01 13:34:04.678 12063 12063 I auditd  : type=1400 audit(0.0:322): avc:  denied  { read } for  comm="binder:12063_F" name="u:object_r:adbd_prop:s0" dev="tmpfs" ino=59 scontext=u:r:gmscore_app:s0:c512,c768 tcontext=u:object_r:adbd_prop:s0 tclass=file permissive=0 app=com.google.android.gms
05-01 13:34:16.553   657   982 I service_manager_stats: [100,20,60094]
05-01 13:34:34.375   657   767 I am_freeze: [12063,com.google.android.gms.unstable]
05-01 13:34:34.376   657   767 I am_freeze: [6452,com.google.android.gms]
05-01 13:34:34.414   657   767 I am_compact: [12063,com.google.android.gms.unstable,ANON,90940,54564,35480,41240,-20096,-384,-19712,19712,38,FULL,15095586,905,19,332844,-1288]
05-01 13:34:34.483   657   767 I am_compact: [6452,com.google.android.gms,ANON,115796,71008,42228,55072,-29312,-3200,-26112,26112,69,FULL,14843600,905,19,334132,-4632]
05-01 13:35:16.650   657   982 I service_manager_stats: [100,13,60097]
05-01 13:35:19.668   657   687 I am_kill : [0,6680,com.android.vending,905,Async binder space running out while frozen,57728]
05-01 13:35:19.691   657   747 I am_proc_died: [0,6680,com.android.vending,905,19]
05-01 13:35:19.692   657   747 I am_uid_stopped: 10142
05-01 13:36:16.753   657   982 I service_manager_stats: [100,19,60103]
05-01 13:37:16.838   657   982 I service_manager_stats: [100,9,60085]
05-01 13:37:43.571   657   767 I am_unfreeze: [12063,com.google.android.gms.unstable,6]
05-01 13:37:43.602 12063 12063 I auditd  : type=1400 audit(0.0:323): avc:  denied  { read } for  comm="binder:12063_7" name="u:object_r:system_adbd_prop:s0" dev="tmpfs" ino=314 scontext=u:r:gmscore_app:s0:c512,c768 tcontext=u:object_r:system_adbd_prop:s0 tclass=file permissive=0 app=com.google.android.gms
05-01 13:37:43.602 12063 12063 I auditd  : type=1400 audit(0.0:324): avc:  denied  { read } for  comm="binder:12063_7" name="u:object_r:adbd_prop:s0" dev="tmpfs" ino=59 scontext=u:r:gmscore_app:s0:c512,c768 tcontext=u:object_r:adbd_prop:s0 tclass=file permissive=0 app=com.google.android.gms
05-01 13:37:58.707   657   767 I am_freeze: [12063,com.google.android.gms.unstable]
05-01 13:37:58.723   657   767 I am_compact: [12063,com.google.android.gms.unstable,ANON,79804,54564,24344,52900,-8576,-128,-8448,8320,16,FULL,15376924,905,19,335000,-816]
05-01 13:38:13.947   657   982 I service_manager_stats: [100,26,57109]
05-01 13:38:39.306   657   687 I am_cpu  : [11,0,kworker/u8:1,1221801,0,10]
05-01 13:38:39.306   657   687 I am_cpu  : [15,0,ksoftirqd/0,300036,0,10]
05-01 13:38:39.306   657   687 I am_cpu  : [16,0,rcu_preempt,300036,0,50]
05-01 13:38:39.306   657   687 I am_cpu  : [20,0,migration/0,300036,0,20]
05-01 13:38:39.306   657   687 I am_cpu  : [25,0,migration/1,300036,0,10]
05-01 13:38:39.306   657   687 I am_cpu  : [26,0,ksoftirqd/1,600045,0,10]
05-01 13:38:39.306   657   687 I am_cpu  : [31,0,migration/2,300036,0,10]
05-01 13:38:39.306   657   687 I am_cpu  : [37,0,migration/3,300036,0,20]
05-01 13:38:39.306   657   687 I am_cpu  : [51,0,kcompactd0,300036,0,60]
05-01 13:38:39.306   657   687 I am_cpu  : [101,0,ueventd,1221800,0,10]
05-01 13:38:39.306   657   687 I am_cpu  : [165,1036,logd,300037,430,10920]
05-01 13:38:39.306   657   687 I am_cpu  : [167,1000,servicemanager,300037,0,20]
05-01 13:38:39.306   657   687 I am_cpu  : [193,1000,android.system.,300037,0,100]
05-01 13:38:39.306   657   687 I am_cpu  : [228,0,jbd2/dm-46-8,300037,0,20]
05-01 13:38:39.306   657   687 I am_cpu  : [385,1066,binder:385_2,300036,140,520]
05-01 13:38:39.306   657   687 I am_cpu  : [386,0,binder:386_4,600045,0,20]
05-01 13:38:39.306   657   687 I am_cpu  : [395,1041,binder:395_2,300036,90,2270]
05-01 13:38:39.306   657   687 I am_cpu  : [407,1000,android.hardwar,300036,290,1380]
05-01 13:38:39.306   657   687 I am_cpu  : [413,1000,binder:413_2,300036,170,29700]
05-01 13:38:39.306   657   687 I am_cpu  : [416,9999,android.hardwar,300036,50,30]
05-01 13:38:39.306   657   687 I am_cpu  : [446,1041,audioserver,300036,920,3160]
05-01 13:38:39.306   657   687 I am_cpu  : [456,1000,surfaceflinger,300036,1750,8580]
05-01 13:38:39.306   657   687 I am_cpu  : [488,1013,mediametrics,300036,260,90]
05-01 13:38:39.306   657   687 I am_cpu  : [509,1001,libgoldfish-ril,900056,0,10]
05-01 13:38:39.306   657   687 I am_cpu  : [657,1000,system_server,300037,7770,23270]
05-01 13:38:39.306   657   687 I am_cpu  : [800,1082,binder:800_2,300037,230,290]
05-01 13:38:39.306   657   687 I am_cpu  : [1073,10181,ndroid.systemui,300037,330,1430]
05-01 13:38:39.306   657   687 I am_cpu  : [1164,1073,rkstack.process,300037,20,0]
05-01 13:38:39.306   657   687 I am_cpu  : [1208,1002,droid.bluetooth,300037,3510,12710]
05-01 13:38:39.306   657   687 I am_cpu  : [1226,1001,m.android.phone,300037,60,80]
05-01 13:38:39.306   657   687 I am_cpu  : [1356,10176,s.nexuslauncher,600045,10,10]
05-01 13:38:39.306   657   687 I am_cpu  : [1683,10145,hbox:interactor,300037,480,1170]
05-01 13:38:39.306   657   687 I am_cpu  : [1835,1010,wpa_supplicant,300037,0,10]
05-01 13:38:39.306   657   687 I am_cpu  : [2148,2000,adbd,300037,3650,14310]
05-01 13:38:39.306   657   687 I am_cpu  : [4892,10141,s.messaging:rcs,300037,30,20]
05-01 13:38:39.306   657   687 I am_cpu  : [6426,10144,.gms.persistent,300037,50,90]
05-01 13:38:39.306   657   687 I am_cpu  : [6452,10144,gle.android.gms,300037,10,20]
05-01 13:38:39.306   657   687 I am_cpu  : [6488,10141,.apps.messaging,300037,130,60]
05-01 13:38:39.306   657   687 I am_cpu  : [12063,10144,id.gms.unstable,300036,80,60]
05-01 13:38:39.306   657   687 I am_cpu  : [13486,0,kworker/1:4H-kblockd,300036,0,10]
05-01 13:38:39.306   657   687 I am_cpu  : [13683,10212,om.streamfr.app,300036,15880,32540]
05-01 13:38:39.306   657   687 I am_cpu  : [14021,0,kworker/3:0H-kblockd,300036,0,20]
05-01 13:38:39.306   657   687 I am_cpu  : [16416,10145,earchbox:search,300036,10,0]
05-01 13:38:39.306   657   687 I am_cpu  : [18070,0,kworker/u10:3-writeback,300036,0,480]
05-01 13:38:39.306   657   687 I am_cpu  : [18321,0,kworker/u11:1-events_unbound,300036,0,250]
05-01 13:38:39.306   657   687 I am_cpu  : [19083,0,kworker/u11:3-events_unbound,300036,0,240]
05-01 13:38:39.306   657   687 I am_cpu  : [19348,0,kworker/u9:3-events_unbound,300036,0,20]
05-01 13:38:39.306   657   687 I am_cpu  : [20507,0,kworker/u12:1-events_unbound,300036,0,460]
05-01 13:38:39.306   657   687 I am_cpu  : [20682,0,kworker/u9:1-events_unbound,600045,0,50]
05-01 13:38:39.306   657   687 I am_cpu  : [21064,0,kworker/0:1-virtio_vsock,300036,0,320]
05-01 13:38:39.306   657   687 I am_cpu  : [21169,0,kworker/1:2-virtio_vsock,300036,0,1200]
05-01 13:38:39.306   657   687 I am_cpu  : [21352,0,kworker/2:2-virtio_vsock,300036,0,1070]
05-01 13:38:39.306   657   687 I am_cpu  : [21479,0,kworker/1:1H-kverityd,600045,0,10]
05-01 13:38:39.306   657   687 I am_cpu  : [21510,0,kworker/2:3H-kblockd,300036,0,10]
05-01 13:38:39.306   657   687 I am_cpu  : [21530,2000,process-tracker,300036,10,120]
05-01 13:38:39.306   657   687 I am_cpu  : [21540,2000,logcat,300036,490,1240]
05-01 13:38:39.306   657   687 I am_cpu  : [21543,2000,logcat,300036,410,1280]
05-01 13:38:39.306   657   687 I am_cpu  : [21554,0,kworker/u9:0-events_unbound,300036,0,370]
05-01 13:38:39.306   657   687 I am_cpu  : [21555,0,kworker/u12:4-events_unbound,300036,0,610]
05-01 13:38:39.306   657   687 I am_cpu  : [21559,0,kworker/0:3H-kblockd,300036,0,10]
05-01 13:38:39.306   657   687 I am_cpu  : [21655,0,kworker/3:2-virtio_vsock,300036,0,3400]
05-01 13:38:39.306   657   687 I am_cpu  : [21734,0,kworker/2:1-virtio_vsock,300036,0,7460]
05-01 13:38:39.306   657   687 I am_cpu  : [21767,0,kworker/1:0-events,300036,0,310]
05-01 13:38:39.306   657   687 I am_cpu  : [21789,0,kworker/u10:0-events_unbound,300036,0,420]
05-01 13:38:39.306   657   687 I am_cpu  : [21926,0,kworker/u16:3-fscrypt_read_queue,0,0,0]
05-01 13:38:39.306   657   687 I am_cpu  : [21932,0,kworker/0:2-events,0,0,0]
05-01 13:38:39.306   657   687 I am_cpu  : [21941,0,kworker/u9:2-events_unbound,0,0,0]
05-01 13:38:39.306   657   687 I am_cpu  : [21951,0,kworker/2:0-virtio_vsock,0,0,0]
05-01 13:38:39.306   657   687 I am_cpu  : [21987,0,kworker/1:0H-kblockd,0,0,0]
05-01 13:38:39.306   657   687 I am_cpu  : [21988,0,kworker/3:2H-kverityd,0,0,0]
05-01 13:38:39.306   657   687 I am_cpu  : [21995,0,kworker/1:1-events,0,0,0]
05-01 13:38:39.306   657   687 I am_cpu  : [22127,0,kworker/3:0-virtio_vsock,0,0,0]
05-01 13:38:39.306   657   687 I am_cpu  : [22136,0,kworker/u10:1-events_unbound,0,0,0]
05-01 13:39:14.034   657   982 I service_manager_stats: [100,9,60087]
05-01 13:39:22.984   657   767 I am_unfreeze: [12063,com.google.android.gms.unstable,10]
05-01 13:39:22.984   657   767 I am_unfreeze: [6452,com.google.android.gms,10]
05-01 13:39:53.031   657   767 I am_freeze: [12063,com.google.android.gms.unstable]
05-01 13:39:53.031   657   767 I am_freeze: [6452,com.google.android.gms]
