05-01 14:08:39.485   657   687 I am_cpu  : [23408,0,kworker/u17:1,0,0,0]
05-01 14:09:24.159   657   767 I am_unfreeze: [12063,com.google.android.gms.unstable,10]
05-01 14:09:24.165   657   767 I am_unfreeze: [6452,com.google.android.gms,10]
05-01 14:09:28.713   657   982 I service_manager_stats: [100,10,57078]
05-01 14:09:54.209   657   767 I am_freeze: [12063,com.google.android.gms.unstable]
05-01 14:09:54.211   657   767 I am_freeze: [6452,com.google.android.gms]
05-01 14:09:54.229   657   767 I am_compact: [12063,com.google.android.gms.unstable,ANON,71208,50212,20100,57156,-4352,0,-4352,4352,18,FULL,17178105,905,19,332616,-36]
05-01 14:09:54.242   657   767 I am_compact: [6452,com.google.android.gms,ANON,84564,61536,20468,77472,-4736,-384,-4352,4352,13,FULL,17178123,915,19,332652,-560]
05-01 14:10:28.796   657   982 I service_manager_stats: [100,6,60083]
05-01 14:11:02.243  6426 23469 I c2dm    : [-1,,27,26]
05-01 14:11:28.883   657   982 I service_manager_stats: [100,8,60087]
05-01 14:12:28.969   657   982 I service_manager_stats: [100,5,60086]
05-01 14:13:29.041   657   982 I service_manager_stats: [100,6,60072]
05-01 14:13:39.506   657   687 I am_cpu  : [15,0,ksoftirqd/0,300022,0,10]
05-01 14:13:39.506   657   687 I am_cpu  : [16,0,rcu_preempt,300022,0,60]
05-01 14:13:39.506   657   687 I am_cpu  : [20,0,migration/0,300022,0,10]
05-01 14:13:39.506   657   687 I am_cpu  : [25,0,migration/1,300022,0,20]
05-01 14:13:39.506   657   687 I am_cpu  : [26,0,ksoftirqd/1,900068,0,10]
05-01 14:13:39.506   657   687 I am_cpu  : [31,0,migration/2,300022,0,20]
05-01 14:13:39.506   657   687 I am_cpu  : [37,0,migration/3,300022,0,10]
05-01 14:13:39.506   657   687 I am_cpu  : [38,0,ksoftirqd/3,1200112,0,10]
05-01 14:13:39.506   657   687 I am_cpu  : [101,0,ueventd,1200112,0,10]
05-01 14:13:39.506   657   687 I am_cpu  : [165,1036,logd,300021,420,11180]
05-01 14:13:39.506   657   687 I am_cpu  : [167,1000,servicemanager,300021,10,10]
05-01 14:13:39.506   657   687 I am_cpu  : [193,1000,android.system.,300021,0,100]
05-01 14:13:39.506   657   687 I am_cpu  : [228,0,jbd2/dm-46-8,300021,0,10]
05-01 14:13:39.506   657   687 I am_cpu  : [385,1066,binder:385_2,300022,140,550]
05-01 14:13:39.506   657   687 I am_cpu  : [386,0,binder:386_4,300022,0,10]
05-01 14:13:39.506   657   687 I am_cpu  : [395,1041,binder:395_2,300022,130,2340]
05-01 14:13:39.506   657   687 I am_cpu  : [407,1000,android.hardwar,300022,70,460]
05-01 14:13:39.506   657   687 I am_cpu  : [413,1000,binder:413_2,300022,210,29850]
05-01 14:13:39.506   657   687 I am_cpu  : [416,9999,android.hardwar,300022,40,50]
05-01 14:13:39.506   657   687 I am_cpu  : [446,1041,audioserver,300022,1030,3080]
05-01 14:13:39.506   657   687 I am_cpu  : [456,1000,surfaceflinger,300022,2050,8510]
05-01 14:13:39.506   657   687 I am_cpu  : [488,1013,mediametrics,300021,220,140]
05-01 14:13:39.506   657   687 I am_cpu  : [504,1010,wificond,600062,0,10]
05-01 14:13:39.506   657   687 I am_cpu  : [509,1001,libgoldfish-ril,600062,0,10]
05-01 14:13:39.506   657   687 I am_cpu  : [657,1000,system_server,300021,7420,23540]
05-01 14:13:39.506   657   687 I am_cpu  : [800,1082,binder:800_2,300021,200,340]
05-01 14:13:39.506   657   687 I am_cpu  : [1034,1000,binder:1034_2,300021,10,0]
05-01 14:13:39.506   657   687 I am_cpu  : [1073,10181,ndroid.systemui,300021,340,1230]
05-01 14:13:39.506   657   687 I am_cpu  : [1164,1073,rkstack.process,300021,20,0]
05-01 14:13:39.506   657   687 I am_cpu  : [1208,1002,droid.bluetooth,300021,3450,12950]
05-01 14:13:39.506   657   687 I am_cpu  : [1226,1001,m.android.phone,300021,60,70]
05-01 14:13:39.506   657   687 I am_cpu  : [1356,10176,s.nexuslauncher,2100200,0,10]
05-01 14:13:39.506   657   687 I am_cpu  : [1659,10134,ogle.android.as,300021,0,10]
05-01 14:13:39.506   657   687 I am_cpu  : [1683,10145,hbox:interactor,300021,420,1320]
05-01 14:13:39.506   657   687 I am_cpu  : [1835,1010,wpa_supplicant,300021,10,0]
05-01 14:13:39.506   657   687 I am_cpu  : [2148,2000,adbd,300021,3650,14440]
05-01 14:13:39.506   657   687 I am_cpu  : [4892,10141,s.messaging:rcs,300021,0,10]
05-01 14:13:39.506   657   687 I am_cpu  : [6426,10144,.gms.persistent,300021,10,20]
05-01 14:13:39.506   657   687 I am_cpu  : [6452,10144,gle.android.gms,300021,0,20]
05-01 14:13:39.506   657   687 I am_cpu  : [12063,10144,id.gms.unstable,300021,0,20]
05-01 14:13:39.506   657   687 I am_cpu  : [13683,10212,om.streamfr.app,300021,15680,36020]
05-01 14:13:39.506   657   687 I am_cpu  : [21530,2000,process-tracker,300022,10,130]
05-01 14:13:39.506   657   687 I am_cpu  : [21540,2000,logcat,300022,520,1220]
05-01 14:13:39.506   657   687 I am_cpu  : [21543,2000,logcat,300022,580,1150]
05-01 14:13:39.506   657   687 I am_cpu  : [21560,0,kworker/u11:0-events_unbound,300022,0,170]
05-01 14:13:39.506   657   687 I am_cpu  : [22136,0,kworker/u10:1-events_unbound,300022,0,280]
05-01 14:13:39.506   657   687 I am_cpu  : [22344,0,kworker/u11:2-events_unbound,300022,0,10]
05-01 14:13:39.506   657   687 I am_cpu  : [22482,0,kworker/u9:3-events_unbound,300022,0,410]
05-01 14:13:39.506   657   687 I am_cpu  : [22589,0,kworker/3:0-mm_percpu_wq,600062,0,1410]
05-01 14:13:39.506   657   687 I am_cpu  : [22661,0,kworker/0:1-virtio_vsock,300022,0,1940]
05-01 14:13:39.506   657   687 I am_cpu  : [22706,0,kworker/u12:0-events_unbound,300022,0,220]
05-01 14:13:39.507   657   687 I am_cpu  : [22784,0,kworker/u11:1-events_unbound,300022,0,200]
05-01 14:13:39.507   657   687 I am_cpu  : [22920,0,kworker/2:2-virtio_vsock,300022,0,830]
05-01 14:13:39.507   657   687 I am_cpu  : [22991,0,kworker/u12:3-events_unbound,300022,0,310]
05-01 14:13:39.507   657   687 I am_cpu  : [23061,0,kworker/1:3H-kblockd,300022,0,10]
05-01 14:13:39.507   657   687 I am_cpu  : [23062,0,kworker/0:0H-kblockd,300022,0,10]
05-01 14:13:39.507   657   687 I am_cpu  : [23108,0,kworker/u9:2-events_unbound,300022,0,230]
05-01 14:13:39.507   657   687 I am_cpu  : [23116,0,kworker/u10:0-events_unbound,300022,0,530]
05-01 14:13:39.507   657   687 I am_cpu  : [23154,0,kworker/1:2-events,300022,0,470]
05-01 14:13:39.507   657   687 I am_cpu  : [23184,0,kworker/2:1-virtio_vsock,300022,0,6760]
05-01 14:13:39.507   657   687 I am_cpu  : [23315,0,kworker/3:1-virtio_vsock,300022,0,1570]
05-01 14:13:39.507   657   687 I am_cpu  : [23329,0,kworker/3:1H-kblockd,300022,0,10]
05-01 14:13:39.507   657   687 I am_cpu  : [23330,0,kworker/u10:3-events_unbound,300022,0,160]
05-01 14:13:39.507   657   687 I am_cpu  : [23343,0,kworker/0:0-events,300022,0,120]
05-01 14:13:39.507   657   687 I am_cpu  : [23345,0,kworker/u12:2-events_unbound,300022,0,590]
05-01 14:13:39.507   657   687 I am_cpu  : [23385,0,kworker/1:0-events,300022,0,3020]
05-01 14:13:39.507   657   687 I am_cpu  : [23435,0,kworker/u11:3-events_unbound,0,0,0]
05-01 14:13:39.507   657   687 I am_cpu  : [23459,0,kworker/2:0-virtio_vsock,0,0,0]
05-01 14:13:39.507   657   687 I am_cpu  : [23463,0,kworker/u16:0,0,0,0]
05-01 14:13:39.507   657   687 I am_cpu  : [23551,0,kworker/3:2-virtio_vsock,0,0,0]
05-01 14:13:39.507   657   687 I am_cpu  : [23559,0,kworker/0:2-virtio_vsock,0,0,0]
05-01 14:13:39.507   657   687 I am_cpu  : [23576,0,kworker/u9:0-events_unbound,0,0,0]
05-01 14:14:05.481   657   767 I am_unfreeze: [12063,com.google.android.gms.unstable,10]
05-01 14:14:05.487   657   767 I am_unfreeze: [6452,com.google.android.gms,10]
05-01 14:14:05.798 12063 12063 I auditd  : type=1400 audit(0.0:331): avc:  denied  { read } for  comm="binder:12063_3" name="u:object_r:system_adbd_prop:s0" dev="tmpfs" ino=314 scontext=u:r:gmscore_app:s0:c512,c768 tcontext=u:object_r:system_adbd_prop:s0 tclass=file permissive=0 app=com.google.android.gms
05-01 14:14:05.798 12063 12063 I auditd  : type=1400 audit(0.0:332): avc:  denied  { read } for  comm="binder:12063_3" name="u:object_r:adbd_prop:s0" dev="tmpfs" ino=59 scontext=u:r:gmscore_app:s0:c512,c768 tcontext=u:object_r:adbd_prop:s0 tclass=file permissive=0 app=com.google.android.gms
05-01 14:14:26.131   657   982 I service_manager_stats: [100,10,57090]
05-01 14:14:35.500   657   767 I am_freeze: [12063,com.google.android.gms.unstable]
05-01 14:14:35.504   657   767 I am_freeze: [6452,com.google.android.gms]
05-01 14:14:35.551   657   767 I am_compact: [12063,com.google.android.gms.unstable,ANON,86940,50596,35448,41404,-19840,-256,-19584,19584,46,FULL,17496739,905,19,330512,-1624]
05-01 14:15:26.208   657   982 I service_manager_stats: [100,7,60077]
05-01 14:16:26.301   657   982 I service_manager_stats: [100,10,60093]
05-01 14:17:26.387   657   982 I service_manager_stats: [100,13,60086]
05-01 14:18:17.512   657   698 I am_cpu  : [11,0,kworker/u8:1,2378203,0,10]
05-01 14:18:17.512   657   698 I am_cpu  : [15,0,ksoftirqd/0,278002,0,10]
05-01 14:18:17.512   657   698 I am_cpu  : [16,0,rcu_preempt,278002,0,60]
05-01 14:18:17.512   657   698 I am_cpu  : [20,0,migration/0,278002,0,10]
05-01 14:18:17.512   657   698 I am_cpu  : [31,0,migration/2,278003,0,20]
05-01 14:18:17.512   657   698 I am_cpu  : [37,0,migration/3,278003,0,10]
05-01 14:18:17.512   657   698 I am_cpu  : [165,1036,logd,278003,410,9700]
05-01 14:18:17.512   657   698 I am_cpu  : [167,1000,servicemanager,278003,0,20]
05-01 14:18:17.512   657   698 I am_cpu  : [193,1000,android.system.,278003,0,70]
05-01 14:18:17.512   657   698 I am_cpu  : [228,0,jbd2/dm-46-8,278003,0,10]
05-01 14:18:17.512   657   698 I am_cpu  : [385,1066,binder:385_2,278006,130,490]
05-01 14:18:17.512   657   698 I am_cpu  : [386,0,binder:386_4,278006,0,10]
05-01 14:18:17.512   657   698 I am_cpu  : [395,1041,binder:395_2,278006,100,2030]
05-01 14:18:17.512   657   698 I am_cpu  : [407,1000,android.hardwar,278006,340,1120]
05-01 14:18:17.512   657   698 I am_cpu  : [413,1000,binder:413_2,278006,180,27500]
05-01 14:18:17.512   657   698 I am_cpu  : [416,9999,android.hardwar,278006,40,50]
05-01 14:18:17.512   657   698 I am_cpu  : [446,1041,audioserver,278006,900,2810]
05-01 14:18:17.512   657   698 I am_cpu  : [456,1000,surfaceflinger,278006,1770,7710]
05-01 14:18:17.512   657   698 I am_cpu  : [488,1013,mediametrics,278006,240,100]
05-01 14:18:17.512   657   698 I am_cpu  : [657,1000,system_server,278006,7410,20280]
05-01 14:18:17.512   657   698 I am_cpu  : [800,1082,binder:800_2,278006,230,250]
05-01 14:18:17.512   657   698 I am_cpu  : [1073,10181,ndroid.systemui,278006,280,1210]
05-01 14:18:17.512   657   698 I am_cpu  : [1164,1073,rkstack.process,278006,20,10]
05-01 14:18:17.512   657   698 I am_cpu  : [1208,1002,droid.bluetooth,278006,3170,11340]
05-01 14:18:17.512   657   698 I am_cpu  : [1226,1001,m.android.phone,278006,60,60]
05-01 14:18:17.512   657   698 I am_cpu  : [1683,10145,hbox:interactor,278006,460,1100]
05-01 14:18:17.512   657   698 I am_cpu  : [1835,1010,wpa_supplicant,278006,10,10]
05-01 14:18:17.512   657   698 I am_cpu  : [2148,2000,adbd,278006,2960,13910]
05-01 14:18:17.512   657   698 I am_cpu  : [4892,10141,s.messaging:rcs,278006,0,10]
05-01 14:18:17.512   657   698 I am_cpu  : [6426,10144,.gms.persistent,278006,40,40]
05-01 14:18:17.512   657   698 I am_cpu  : [6452,10144,gle.android.gms,278007,0,10]
05-01 14:18:17.512   657   698 I am_cpu  : [6488,10141,.apps.messaging,578028,0,10]
05-01 14:18:17.512   657   698 I am_cpu  : [12063,10144,id.gms.unstable,278007,40,20]
05-01 14:18:17.512   657   698 I am_cpu  : [13683,10212,om.streamfr.app,278007,14460,33110]
05-01 14:18:17.512   657   698 I am_cpu  : [21510,0,kworker/2:3H-kblockd,578028,0,10]
05-01 14:18:17.512   657   698 I am_cpu  : [21530,2000,process-tracker,278006,0,120]
05-01 14:18:17.512   657   698 I am_cpu  : [21540,2000,logcat,278006,430,1140]
05-01 14:18:17.512   657   698 I am_cpu  : [21543,2000,logcat,278006,420,1150]
05-01 14:18:17.512   657   698 I am_cpu  : [21560,0,kworker/u11:0-events_unbound,278006,0,160]
05-01 14:18:17.512   657   698 I am_cpu  : [22136,0,kworker/u10:1-events_unbound,278006,0,470]
05-01 14:18:17.512   657   698 I am_cpu  : [22447,0,kworker/2:3-virtio_vsock,1178074,0,5970]
05-01 14:18:17.512   657   698 I am_cpu  : [22482,0,kworker/u9:3-events_unbound,278006,0,10]
05-01 14:18:17.512   657   698 I am_cpu  : [22706,0,kworker/u12:0-events_unbound,278006,0,200]
05-01 14:18:17.512   657   698 I am_cpu  : [22991,0,kworker/u12:3-events_unbound,278006,0,260]
05-01 14:18:17.512   657   698 I am_cpu  : [23061,0,kworker/1:3H-kblockd,278006,0,10]
05-01 14:18:17.512   657   698 I am_cpu  : [23062,0,kworker/0:0H-kblockd,278006,0,10]
05-01 14:18:17.512   657   698 I am_cpu  : [23108,0,kworker/u9:2-events_unbound,278006,0,120]
05-01 14:18:17.512   657   698 I am_cpu  : [23116,0,kworker/u10:0-events_unbound,278006,0,190]
05-01 14:18:17.512   657   698 I am_cpu  : [23154,0,kworker/1:2-events,278006,0,2060]
05-01 14:18:17.512   657   698 I am_cpu  : [23184,0,kworker/2:1-virtio_vsock,278006,0,1050]
05-01 14:18:17.512   657   698 I am_cpu  : [23315,0,kworker/3:1-virtio_vsock,278006,0,1410]
05-01 14:18:17.512   657   698 I am_cpu  : [23329,0,kworker/3:1H-kblockd,278006,0,20]
05-01 14:18:17.512   657   698 I am_cpu  : [23330,0,kworker/u10:3-events_unbound,278006,0,180]
05-01 14:18:17.512   657   698 I am_cpu  : [23343,0,kworker/0:0-events,278006,0,210]
05-01 14:18:17.512   657   698 I am_cpu  : [23345,0,kworker/u12:2-events_unbound,278006,0,350]
05-01 14:18:17.512   657   698 I am_cpu  : [23385,0,kworker/1:0-events,278006,0,1800]
05-01 14:18:17.512   657   698 I am_cpu  : [23435,0,kworker/u11:3-events_unbound,278006,0,110]
05-01 14:18:17.512   657   698 I am_cpu  : [23459,0,kworker/2:0-virtio_vsock,278006,0,1480]
05-01 14:18:17.512   657   698 I am_cpu  : [23551,0,kworker/3:2-virtio_vsock,278006,0,830]
05-01 14:18:17.512   657   698 I am_cpu  : [23559,0,kworker/0:2-virtio_vsock,278006,0,2670]
05-01 14:18:17.512   657   698 I am_cpu  : [23576,0,kworker/u9:0-events_unbound,278006,0,340]
05-01 14:18:17.513   657   698 I am_cpu  : [23638,0,kworker/u9:1-events_unbound,0,0,0]
05-01 14:18:17.513   657   698 I am_cpu  : [23657,0,kworker/u17:0-fscrypt_read_queue,0,0,0]
05-01 14:18:17.513   657   698 I am_cpu  : [23660,0,kworker/u14:2-fscrypt_read_queue,0,0,0]
05-01 14:18:17.513   657   698 I am_cpu  : [23682,0,kworker/2:2-virtio_vsock,0,0,0]
05-01 14:18:17.513   657   698 I am_cpu  : [23778,0,kworker/0:1-virtio_vsock,0,0,0]
05-01 14:18:17.513   657   698 I am_cpu  : [23790,0,kworker/3:0-virtio_vsock,0,0,0]
05-01 14:18:17.513   657   698 I am_cpu  : [23826,0,kworker/1:1-events,0,0,0]
05-01 14:18:17.563   657   686 I commit_sys_config_file: [batterystats,3]
05-01 14:18:17.568   657   686 I commit_sys_config_file: [batterystats,2]
05-01 14:18:26.605   657   982 I service_manager_stats: [100,30,60218]
05-01 14:18:39.543   657   687 I am_cpu  : [37,0,migration/3,22033,0,10]
05-01 14:18:39.544   657   687 I am_cpu  : [165,1036,logd,22034,40,810]
05-01 14:18:39.544   657   687 I am_cpu  : [193,1000,android.system.,22034,10,10]
05-01 14:18:39.544   657   687 I am_cpu  : [385,1066,binder:385_2,22030,30,30]
05-01 14:18:39.544   657   687 I am_cpu  : [395,1041,binder:395_2,22030,10,170]
05-01 14:18:39.544   657   687 I am_cpu  : [407,1000,android.hardwar,22030,20,110]
05-01 14:18:39.544   657   687 I am_cpu  : [413,1000,binder:413_2,22030,0,2240]
05-01 14:18:39.544   657   687 I am_cpu  : [446,1041,audioserver,22030,80,210]
05-01 14:18:39.544   657   687 I am_cpu  : [456,1000,surfaceflinger,22030,130,640]
05-01 14:18:39.544   657   687 I am_cpu  : [488,1013,mediametrics,22030,20,10]
05-01 14:18:39.544   657   687 I am_cpu  : [496,0,storaged,2700273,50,90]
05-01 14:18:39.544   657   687 I am_cpu  : [657,1000,system_server,22030,580,1570]
05-01 14:18:39.544   657   687 I am_cpu  : [800,1082,binder:800_2,22030,30,0]
05-01 14:18:39.544   657   687 I am_cpu  : [1073,10181,ndroid.systemui,22030,20,100]
05-01 14:18:39.544   657   687 I am_cpu  : [1208,1002,droid.bluetooth,22030,200,970]
05-01 14:18:39.544   657   687 I am_cpu  : [1226,1001,m.android.phone,22030,10,0]
05-01 14:18:39.544   657   687 I am_cpu  : [1683,10145,hbox:interactor,22030,40,100]
05-01 14:18:39.544   657   687 I am_cpu  : [2148,2000,adbd,22030,270,1050]
05-01 14:18:39.544   657   687 I am_cpu  : [13683,10212,om.streamfr.app,22030,1200,2640]
05-01 14:18:39.544   657   687 I am_cpu  : [21530,2000,process-tracker,22030,0,10]
05-01 14:18:39.544   657   687 I am_cpu  : [21540,2000,logcat,22030,30,100]
05-01 14:18:39.544   657   687 I am_cpu  : [21543,2000,logcat,22030,50,70]
05-01 14:18:39.544   657   687 I am_cpu  : [21560,0,kworker/u11:0-events_unbound,22030,0,20]
05-01 14:18:39.544   657   687 I am_cpu  : [22447,0,kworker/2:3-virtio_vsock,22030,0,470]
05-01 14:18:39.544   657   687 I am_cpu  : [22706,0,kworker/u12:0-events_unbound,22030,0,20]
05-01 14:18:39.544   657   687 I am_cpu  : [22991,0,kworker/u12:3-events_unbound,22030,0,10]
05-01 14:18:39.544   657   687 I am_cpu  : [23108,0,kworker/u9:2-events_unbound,22030,0,30]
05-01 14:18:39.544   657   687 I am_cpu  : [23116,0,kworker/u10:0-events_unbound,22030,0,40]
05-01 14:18:39.544   657   687 I am_cpu  : [23330,0,kworker/u10:3-events_unbound,22030,0,20]
05-01 14:18:39.544   657   687 I am_cpu  : [23345,0,kworker/u12:2-events_unbound,22030,0,40]
05-01 14:18:39.544   657   687 I am_cpu  : [23385,0,kworker/1:0-events,22030,0,240]
05-01 14:18:39.544   657   687 I am_cpu  : [23435,0,kworker/u11:3-events_unbound,22030,0,10]
05-01 14:18:39.544   657   687 I am_cpu  : [23638,0,kworker/u9:1-events_unbound,22030,0,40]
05-01 14:18:39.544   657   687 I am_cpu  : [23682,0,kworker/2:2-virtio_vsock,22030,0,630]
05-01 14:18:39.544   657   687 I am_cpu  : [23778,0,kworker/0:1-virtio_vsock,22030,0,280]
05-01 14:18:39.544   657   687 I am_cpu  : [23790,0,kworker/3:0-virtio_vsock,22030,0,240]
05-01 14:19:23.595   657   686 I am_pss  : [6426,10144,com.google.android.gms.persistent,0,0,0,146878464,0,5,0]
05-01 14:19:23.598   657   767 I am_unfreeze: [12808,com.google.android.partnersetup,6]
05-01 14:19:23.600   657   760 I service_manager_stats: [100,14,56995]
05-01 14:19:23.604   657   686 I commit_sys_config_file: [procstats,8]
05-01 14:19:23.606   657   686 I am_pss  : [1356,10176,com.google.android.apps.nexuslauncher,0,0,0,177426432,0,5,0]
05-01 14:19:23.606   657   686 I am_pss  : [1683,10145,com.google.android.googlequicksearchbox:interactor,0,0,0,94982144,0,5,0]
05-01 14:19:23.606   657   686 I am_pss  : [4892,10141,com.google.android.apps.messaging:rcs,0,0,0,72994816,0,5,0]
05-01 14:19:23.606   657   686 I am_pss  : [1659,10134,com.google.android.as,0,0,0,94334976,0,5,0]
05-01 14:19:23.606   657   686 I am_pss  : [7134,10157,com.google.android.inputmethod.latin,0,0,0,87343104,0,7,0]
05-01 14:19:23.606   657   686 I am_pss  : [4902,10204,com.google.android.ext.services,0,0,0,43102208,0,5,0]
05-01 14:19:23.606   657   686 I am_pss  : [657,1000,system,0,0,0,168828928,0,0,0]
05-01 14:19:23.621   657   979 I netstats_mobile_sample: [15295,17886,85,74,27344,10652,119,54,1777645164783]
05-01 14:19:23.621   657   979 I netstats_wifi_sample: [601695699,7571927,443123,97403,601673603,7546167,442859,97295,1777645164783]
05-01 14:19:23.667   657   979 I netstats_mobile_sample: [15295,17886,85,74,27344,10652,119,54,1777645164829]
05-01 14:19:23.667   657   979 I netstats_wifi_sample: [601695699,7571927,443123,97403,601673603,7546167,442859,97295,1777645164829]
05-01 14:19:24.167   657   767 I am_unfreeze: [12063,com.google.android.gms.unstable,10]
05-01 14:19:24.168   657   686 I am_pss  : [12063,10144,com.google.android.gms.unstable,0,0,0,70283264,0,19,0]
05-01 14:19:24.170   657   686 I am_pss  : [6452,10144,com.google.android.gms,0,0,0,85807104,0,19,0]
05-01 14:19:24.172   657   767 I am_unfreeze: [6452,com.google.android.gms,10]
05-01 14:19:33.680   657   767 I am_freeze: [12808,com.google.android.partnersetup]
05-01 14:19:33.693   657   767 I am_compact: [12808,com.google.android.partnersetup,ANON,55504,35456,19664,33932,-3712,0,-3712,3712,12,FULL,7270916,905,19,331292,-32]
05-01 14:19:54.183   657   767 I am_freeze: [6452,com.google.android.gms]
05-01 14:19:54.186   657   767 I am_freeze: [12063,com.google.android.gms.unstable]
05-01 14:19:54.266   657   767 I am_compact: [6452,com.google.android.gms,ANON,120660,68192,49908,45936,-38400,-4736,-33664,33664,79,FULL,17496752,905,19,328764,-2668]
05-01 14:19:54.280   657   767 I am_compact: [12063,com.google.android.gms.unstable,ANON,71416,50340,20180,56764,-4480,-128,-4352,4352,13,FULL,17778060,915,19,331432,-1256]
05-01 14:20:08.747   657   982 I service_manager_stats: [100,12,45147]
05-01 14:21:08.832   657   982 I service_manager_stats: [100,9,60085]
05-01 14:22:08.928   657   982 I service_manager_stats: [100,14,60096]
05-01 14:23:06.014   657   982 I service_manager_stats: [100,15,57086]
05-01 14:23:39.584   657   687 I am_cpu  : [16,0,rcu_preempt,322076,0,60]
05-01 14:23:39.584   657   687 I am_cpu  : [20,0,migration/0,322076,0,10]
05-01 14:23:39.584   657   687 I am_cpu  : [25,0,migration/1,600078,0,10]
05-01 14:23:39.584   657   687 I am_cpu  : [31,0,migration/2,322075,0,20]
05-01 14:23:39.584   657   687 I am_cpu  : [37,0,migration/3,300042,0,10]
05-01 14:23:39.584   657   687 I am_cpu  : [165,1036,logd,300041,410,11290]
05-01 14:23:39.584   657   687 I am_cpu  : [167,1000,servicemanager,322075,10,20]
05-01 14:23:39.584   657   687 I am_cpu  : [193,1000,android.system.,300041,10,90]
05-01 14:23:39.584   657   687 I am_cpu  : [228,0,jbd2/dm-46-8,322075,0,10]
05-01 14:23:39.584   657   687 I am_cpu  : [385,1066,binder:385_2,300042,170,510]
05-01 14:23:39.584   657   687 I am_cpu  : [386,0,binder:386_4,322072,0,10]
05-01 14:23:39.584   657   687 I am_cpu  : [395,1041,binder:395_2,300042,70,2340]
05-01 14:23:39.584   657   687 I am_cpu  : [407,1000,android.hardwar,300042,120,560]
05-01 14:23:39.584   657   687 I am_cpu  : [413,1000,binder:413_2,300042,240,29940]
05-01 14:23:39.584   657   687 I am_cpu  : [416,9999,android.hardwar,322072,50,60]
05-01 14:23:39.584   657   687 I am_cpu  : [446,1041,audioserver,300042,950,3210]
05-01 14:23:39.584   657   687 I am_cpu  : [456,1000,surfaceflinger,300042,1890,8640]
05-01 14:23:39.584   657   687 I am_cpu  : [488,1013,mediametrics,300042,260,110]
05-01 14:23:39.584   657   687 I am_cpu  : [504,1010,wificond,600078,0,10]
05-01 14:23:39.584   657   687 I am_cpu  : [657,1000,system_server,300042,7710,23580]
05-01 14:23:39.584   657   687 I am_cpu  : [800,1082,binder:800_2,300042,250,270]
05-01 14:23:39.584   657   687 I am_cpu  : [1034,1000,binder:1034_2,600078,0,10]
05-01 14:23:39.584   657   687 I am_cpu  : [1073,10181,ndroid.systemui,300042,370,1370]
05-01 14:23:39.584   657   687 I am_cpu  : [1164,1073,rkstack.process,322072,20,10]
05-01 14:23:39.584   657   687 I am_cpu  : [1208,1002,droid.bluetooth,300042,3610,12990]
05-01 14:23:39.584   657   687 I am_cpu  : [1226,1001,m.android.phone,300042,90,60]
05-01 14:23:39.584   657   687 I am_cpu  : [1683,10145,hbox:interactor,300042,520,1210]
05-01 14:23:39.584   657   687 I am_cpu  : [1835,1010,wpa_supplicant,322072,0,20]
05-01 14:23:39.584   657   687 I am_cpu  : [2148,2000,adbd,300042,3940,13500]
05-01 14:23:39.584   657   687 I am_cpu  : [4892,10141,s.messaging:rcs,322072,20,20]
05-01 14:23:39.584   657   687 I am_cpu  : [6426,10144,.gms.persistent,322072,40,40]
05-01 14:23:39.584   657   687 I am_cpu  : [6452,10144,gle.android.gms,322071,70,20]
05-01 14:23:39.584   657   687 I am_cpu  : [12063,10144,id.gms.unstable,322071,0,10]
05-01 14:23:39.584   657   687 I am_cpu  : [12808,10136,id.partnersetup,3600334,10,0]
05-01 14:23:39.584   657   687 I am_cpu  : [13683,10212,om.streamfr.app,300041,15800,36770]
05-01 14:23:39.584   657   687 I am_cpu  : [21510,0,kworker/2:3H-kblockd,322071,0,10]
05-01 14:23:39.584   657   687 I am_cpu  : [21530,2000,process-tracker,300041,10,120]
05-01 14:23:39.584   657   687 I am_cpu  : [21540,2000,logcat,300041,590,1190]
05-01 14:23:39.584   657   687 I am_cpu  : [21543,2000,logcat,300041,500,1290]
05-01 14:23:39.584   657   687 I am_cpu  : [21560,0,kworker/u11:0-events_unbound,300041,0,60]
05-01 14:23:39.584   657   687 I am_cpu  : [22136,0,kworker/u10:1-events_unbound,322072,0,160]
05-01 14:23:39.584   657   687 I am_cpu  : [22447,0,kworker/2:3-virtio_vsock,300042,0,6280]
05-01 14:23:39.584   657   687 I am_cpu  : [22706,0,kworker/u12:0-events_unbound,300042,0,570]
05-01 14:23:39.584   657   687 I am_cpu  : [22784,0,kworker/u11:1-events_unbound,600078,0,50]
05-01 14:23:39.585   657   687 I am_cpu  : [22991,0,kworker/u12:3-events_unbound,300042,0,290]
05-01 14:23:39.585   657   687 I am_cpu  : [23061,0,kworker/1:3H-kblockd,322072,0,20]
05-01 14:23:39.585   657   687 I am_cpu  : [23062,0,kworker/0:0H-kblockd,322072,0,20]
05-01 14:23:39.585   657   687 I am_cpu  : [23108,0,kworker/u9:2-events_unbound,300042,0,500]
05-01 14:23:39.585   657   687 I am_cpu  : [23116,0,kworker/u10:0-events_unbound,300042,0,290]
05-01 14:23:39.585   657   687 I am_cpu  : [23329,0,kworker/3:1H-kblockd,322072,0,20]
05-01 14:23:39.585   657   687 I am_cpu  : [23330,0,kworker/u10:3-events_unbound,300042,0,340]
05-01 14:23:39.585   657   687 I am_cpu  : [23345,0,kworker/u12:2-events_unbound,300042,0,70]
05-01 14:23:39.585   657   687 I am_cpu  : [23385,0,kworker/1:0-events,300042,0,1870]
05-01 14:23:39.585   657   687 I am_cpu  : [23435,0,kworker/u11:3-events_unbound,300042,0,260]
05-01 14:23:39.585   657   687 I am_cpu  : [23559,0,kworker/0:2-virtio_vsock,322072,0,1310]
05-01 14:23:39.585   657   687 I am_cpu  : [23576,0,kworker/u9:0-events_unbound,322072,0,270]
05-01 14:23:39.585   657   687 I am_cpu  : [23638,0,kworker/u9:1-events_unbound,300042,0,200]
05-01 14:23:39.585   657   687 I am_cpu  : [23682,0,kworker/2:2-virtio_vsock,300042,0,7140]
05-01 14:23:39.585   657   687 I am_cpu  : [23778,0,kworker/0:1-virtio_vsock,300042,0,2360]
05-01 14:23:39.585   657   687 I am_cpu  : [23790,0,kworker/3:0-virtio_vsock,300042,0,2930]
05-01 14:23:39.585   657   687 I am_cpu  : [23826,0,kworker/1:1-events,322072,0,1280]
05-01 14:23:39.585   657   687 I am_cpu  : [23898,0,kworker/u14:1-fscrypt_read_queue,0,0,0]
05-01 14:23:39.585   657   687 I am_cpu  : [23904,0,kworker/u15:1-fscrypt_read_queue,0,0,0]
05-01 14:23:39.585   657   687 I am_cpu  : [23907,0,kworker/u14:3-fscrypt_read_queue,0,0,0]
05-01 14:23:39.585   657   687 I am_cpu  : [23914,0,kworker/u11:2-events_unbound,0,0,0]
05-01 14:23:39.585   657   687 I am_cpu  : [24011,0,kworker/u10:2-events_unbound,0,0,0]
05-01 14:23:39.585   657   687 I am_cpu  : [24012,0,kworker/0:0-events,0,0,0]
05-01 14:23:39.585   657   687 I am_cpu  : [24033,0,kworker/3:1,0,0,0]
05-01 14:23:39.585   657   687 I am_cpu  : [24038,0,kworker/u12:1,0,0,0]
05-01 14:23:39.585   657   687 I am_cpu  : [24064,0,kworker/1:2-virtio_vsock,0,0,0]
05-01 14:24:05.893   657   767 I am_unfreeze: [1076,com.google.android.permissioncontroller,10]
05-01 14:24:05.895   657   767 I am_unfreeze: [6452,com.google.android.gms,10]
05-01 14:24:05.895   657   767 I am_unfreeze: [12063,com.google.android.gms.unstable,10]
05-01 14:24:06.102   657   982 I service_manager_stats: [100,12,60088]
05-01 14:24:06.186 12063 12063 I auditd  : type=1400 audit(0.0:333): avc:  denied  { read } for  comm="binder:12063_10" name="u:object_r:system_adbd_prop:s0" dev="tmpfs" ino=314 scontext=u:r:gmscore_app:s0:c512,c768 tcontext=u:object_r:system_adbd_prop:s0 tclass=file permissive=0 app=com.google.android.gms
05-01 14:24:06.190 12063 12063 I auditd  : type=1400 audit(0.0:334): avc:  denied  { read } for  comm="binder:12063_10" name="u:object_r:adbd_prop:s0" dev="tmpfs" ino=59 scontext=u:r:gmscore_app:s0:c512,c768 tcontext=u:object_r:adbd_prop:s0 tclass=file permissive=0 app=com.google.android.gms
05-01 14:24:35.908   657   767 I am_freeze: [12063,com.google.android.gms.unstable]
05-01 14:24:35.914   657   767 I am_freeze: [6452,com.google.android.gms]
05-01 14:24:35.939   657   767 I am_compact: [12063,com.google.android.gms.unstable,ANON,74872,50596,23380,53544,-7552,-128,-7424,7552,25,FULL,18096789,905,19,330776,-1120]
05-01 14:24:35.956   657   767 I am_compact: [6452,com.google.android.gms,ANON,87508,63968,20980,75248,-5120,-384,-4736,4480,17,FULL,18096776,915,19,331896,-424]
05-01 14:24:36.222   657   767 I am_freeze: [1076,com.google.android.permissioncontroller]
05-01 14:25:06.203   657   982 I service_manager_stats: [100,16,60101]
05-01 14:25:52.748  6426 24182 I c2dm    : [-1,,28,27]
05-01 14:25:57.010   657   694 I commit_sys_config_file: [batterystats,3]
05-01 14:26:03.289   657   982 I service_manager_stats: [100,14,57086]
05-01 14:27:03.376   657   982 I service_manager_stats: [100,11,60087]
05-01 14:28:03.468   657   982 I service_manager_stats: [100,13,60092]
05-01 14:28:39.628   657   687 I am_cpu  : [15,0,ksoftirqd/0,622119,0,10]
05-01 14:28:39.628   657   687 I am_cpu  : [16,0,rcu_preempt,300043,0,60]
05-01 14:28:39.628   657   687 I am_cpu  : [20,0,migration/0,300043,0,10]
05-01 14:28:39.628   657   687 I am_cpu  : [25,0,migration/1,300043,0,10]
05-01 14:28:39.628   657   687 I am_cpu  : [26,0,ksoftirqd/1,900121,0,10]
05-01 14:28:39.628   657   687 I am_cpu  : [31,0,migration/2,300043,0,30]
05-01 14:28:39.628   657   687 I am_cpu  : [37,0,migration/3,300043,0,20]
05-01 14:28:39.628   657   687 I am_cpu  : [70,0,erofs_worker/3,3600367,0,10]
05-01 14:28:39.628   657   687 I am_cpu  : [101,0,ueventd,900121,10,0]
05-01 14:28:39.628   657   687 I am_cpu  : [165,1036,logd,300043,400,11250]
05-01 14:28:39.628   657   687 I am_cpu  : [167,1000,servicemanager,300043,10,20]
05-01 14:28:39.628   657   687 I am_cpu  : [193,1000,android.system.,300043,10,90]
05-01 14:28:39.628   657   687 I am_cpu  : [228,0,jbd2/dm-46-8,300043,0,10]
05-01 14:28:39.628   657   687 I am_cpu  : [385,1066,binder:385_2,300043,120,570]
05-01 14:28:39.628   657   687 I am_cpu  : [395,1041,binder:395_2,300043,90,2280]
05-01 14:28:39.628   657   687 I am_cpu  : [407,1000,android.hardwar,300043,410,1200]
05-01 14:28:39.628   657   687 I am_cpu  : [413,1000,binder:413_2,300043,120,29770]
05-01 14:28:39.628   657   687 I am_cpu  : [416,9999,android.hardwar,300043,50,30]
05-01 14:28:39.628   657   687 I am_cpu  : [446,1041,audioserver,300043,1020,3040]
05-01 14:28:39.628   657   687 I am_cpu  : [456,1000,surfaceflinger,300043,1740,8680]
05-01 14:28:39.628   657   687 I am_cpu  : [488,1013,mediametrics,300043,260,100]
05-01 14:28:39.628   657   687 I am_cpu  : [496,0,storaged,600085,0,10]
05-01 14:28:39.628   657   687 I am_cpu  : [504,1010,wificond,300043,10,0]
05-01 14:28:39.628   657   687 I am_cpu  : [509,1001,libgoldfish-ril,900121,0,10]
05-01 14:28:39.628   657   687 I am_cpu  : [657,1000,system_server,300043,7860,23230]
05-01 14:28:39.628   657   687 I am_cpu  : [800,1082,binder:800_2,300043,230,280]
05-01 14:28:39.628   657   687 I am_cpu  : [1034,1000,binder:1034_2,300043,10,10]
05-01 14:28:39.628   657   687 I am_cpu  : [1073,10181,ndroid.systemui,300043,440,1370]
05-01 14:28:39.628   657   687 I am_cpu  : [1076,10194,ssioncontroller,3600367,10,0]
05-01 14:28:39.628   657   687 I am_cpu  : [1164,1073,rkstack.process,300043,20,10]
05-01 14:28:39.628   657   687 I am_cpu  : [1208,1002,droid.bluetooth,300043,3500,13190]
05-01 14:28:39.628   657   687 I am_cpu  : [1226,1001,m.android.phone,300043,80,40]
05-01 14:28:39.628   657   687 I am_cpu  : [1659,10134,ogle.android.as,900121,0,10]
05-01 14:28:39.628   657   687 I am_cpu  : [1683,10145,hbox:interactor,300043,560,1220]
05-01 14:28:39.628   657   687 I am_cpu  : [1835,1010,wpa_supplicant,300043,0,20]
05-01 14:28:39.628   657   687 I am_cpu  : [2148,2000,adbd,300043,3730,14080]
05-01 14:28:39.628   657   687 I am_cpu  : [4892,10141,s.messaging:rcs,300043,10,10]
05-01 14:28:39.628   657   687 I am_cpu  : [6426,10144,.gms.persistent,300043,70,60]
05-01 14:28:39.628   657   687 I am_cpu  : [6452,10144,gle.android.gms,300043,0,10]
05-01 14:28:39.628   657   687 I am_cpu  : [6488,10141,.apps.messaging,622114,0,10]
05-01 14:28:39.628   657   687 I am_cpu  : [7134,10157,putmethod.latin,1500183,0,10]
05-01 14:28:39.628   657   687 I am_cpu  : [12063,10144,id.gms.unstable,300044,30,20]
05-01 14:28:39.628   657   687 I am_cpu  : [13683,10212,om.streamfr.app,300044,15600,35980]
05-01 14:28:39.628   657   687 I am_cpu  : [16416,10145,earchbox:search,1200143,30,20]
05-01 14:28:39.628   657   687 I am_cpu  : [21510,0,kworker/2:3H-kblockd,300044,0,10]
05-01 14:28:39.628   657   687 I am_cpu  : [21530,2000,process-tracker,300044,0,130]
05-01 14:28:39.628   657   687 I am_cpu  : [21540,2000,logcat,300044,460,1280]
05-01 14:28:39.628   657   687 I am_cpu  : [21543,2000,logcat,300044,510,1250]
05-01 14:28:39.628   657   687 I am_cpu  : [22136,0,kworker/u10:1-events_unbound,300044,0,50]
05-01 14:28:39.628   657   687 I am_cpu  : [22447,0,kworker/2:3-virtio_vsock,300044,0,5910]
05-01 14:28:39.628   657   687 I am_cpu  : [22706,0,kworker/u12:0-events_unbound,300044,0,500]
05-01 14:28:39.628   657   687 I am_cpu  : [22784,0,kworker/u11:1-events_unbound,300044,0,130]
05-01 14:28:39.628   657   687 I am_cpu  : [22991,0,kworker/u12:3-events_unbound,300044,0,410]
05-01 14:28:39.628   657   687 I am_cpu  : [23061,0,kworker/1:3H-kblockd,300044,0,10]
05-01 14:28:39.628   657   687 I am_cpu  : [23062,0,kworker/0:0H-kblockd,300044,0,50]
05-01 14:28:39.628   657   687 I am_cpu  : [23108,0,kworker/u9:2-events_unbound,300044,0,140]
05-01 14:28:39.628   657   687 I am_cpu  : [23329,0,kworker/3:1H-kblockd,300044,0,20]
05-01 14:28:39.628   657   687 I am_cpu  : [23330,0,kworker/u10:3-events_unbound,300044,0,390]
05-01 14:28:39.628   657   687 I am_cpu  : [23435,0,kworker/u11:3-events_unbound,300044,0,250]
05-01 14:28:39.628   657   687 I am_cpu  : [23459,0,kworker/2:0-virtio_vsock,622116,0,1840]
05-01 14:28:39.628   657   687 I am_cpu  : [23576,0,kworker/u9:0-events_unbound,300044,0,300]
05-01 14:28:39.628   657   687 I am_cpu  : [23638,0,kworker/u9:1-events_unbound,300044,0,390]
05-01 14:28:39.628   657   687 I am_cpu  : [23682,0,kworker/2:2-virtio_vsock,300044,0,5350]
05-01 14:28:39.628   657   687 I am_cpu  : [23778,0,kworker/0:1-virtio_vsock,300044,0,1110]
05-01 14:28:39.628   657   687 I am_cpu  : [23790,0,kworker/3:0-virtio_vsock,300044,0,2990]
05-01 14:28:39.628   657   687 I am_cpu  : [23826,0,kworker/1:1-events,300044,0,3160]
05-01 14:28:39.628   657   687 I am_cpu  : [23914,0,kworker/u11:2-events_unbound,300044,0,160]
05-01 14:28:39.628   657   687 I am_cpu  : [24011,0,kworker/u10:2-events_unbound,300044,0,350]
05-01 14:28:39.628   657   687 I am_cpu  : [24012,0,kworker/0:0-events,300044,0,1860]
05-01 14:28:39.628   657   687 I am_cpu  : [24038,0,kworker/u12:1,300044,0,70]
05-01 14:28:39.628   657   687 I am_cpu  : [24064,0,kworker/1:2-virtio_vsock,300044,0,150]
05-01 14:28:39.628   657   687 I am_cpu  : [24096,0,kworker/u16:1-fscrypt_read_queue,0,0,0]
05-01 14:28:39.628   657   687 I am_cpu  : [24102,0,kworker/u17:3-fscrypt_read_queue,0,0,0]
05-01 14:28:39.629   657   687 I am_cpu  : [24140,0,kworker/u9:3-events_unbound,0,0,0]
05-01 14:28:39.629   657   687 I am_cpu  : [24244,0,kworker/0:2-events,0,0,0]
05-01 14:28:39.629   657   687 I am_cpu  : [24246,0,kworker/2:1-virtio_vsock,0,0,0]
05-01 14:28:39.629   657   687 I am_cpu  : [24260,0,kworker/u11:0-events_unbound,0,0,0]
05-01 14:28:39.629   657   687 I am_cpu  : [24266,0,kworker/3:2-virtio_vsock,0,0,0]
05-01 14:28:39.629   657   687 I am_cpu  : [24291,0,kworker/2:1H-kblockd,0,0,0]
05-01 14:29:03.561   657   982 I service_manager_stats: [100,9,60092]
05-01 14:29:24.559   657   767 I am_unfreeze: [12063,com.google.android.gms.unstable,10]
05-01 14:29:24.562   657   767 I am_unfreeze: [6452,com.google.android.gms,10]
05-01 14:29:54.597   657   767 I am_freeze: [12063,com.google.android.gms.unstable]
05-01 14:29:54.597   657   767 I am_freeze: [6452,com.google.android.gms]
05-01 14:29:54.608   657   767 I am_compact: [6452,com.google.android.gms,ANON,86740,63840,20340,75760,-4224,-128,-4096,4224,11,FULL,18378466,915,19,331560,-92]
05-01 14:30:03.657   657   982 I service_manager_stats: [100,15,60097]
05-01 14:31:00.745   657   982 I service_manager_stats: [100,7,57088]
05-01 14:32:00.842   657   982 I service_manager_stats: [100,19,60097]
05-01 14:33:00.930   657   982 I service_manager_stats: [100,4,60088]
05-01 14:33:39.672   657   687 I am_cpu  : [15,0,ksoftirqd/0,300044,0,10]
05-01 14:33:39.672   657   687 I am_cpu  : [16,0,rcu_preempt,300044,0,70]
05-01 14:33:39.672   657   687 I am_cpu  : [20,0,migration/0,300044,0,10]
05-01 14:33:39.672   657   687 I am_cpu  : [25,0,migration/1,300044,0,10]
05-01 14:33:39.672   657   687 I am_cpu  : [31,0,migration/2,300044,0,20]
05-01 14:33:39.672   657   687 I am_cpu  : [37,0,migration/3,300044,0,10]
05-01 14:33:39.672   657   687 I am_cpu  : [38,0,ksoftirqd/3,1200165,0,10]
05-01 14:33:39.672   657   687 I am_cpu  : [165,1036,logd,300045,450,11140]
05-01 14:33:39.672   657   687 I am_cpu  : [167,1000,servicemanager,300045,0,20]
05-01 14:33:39.672   657   687 I am_cpu  : [168,1000,hwservicemanage,1500187,0,10]
05-01 14:33:39.672   657   687 I am_cpu  : [193,1000,android.system.,300045,0,110]
05-01 14:33:39.672   657   687 I am_cpu  : [228,0,jbd2/dm-46-8,300045,0,10]
05-01 14:33:39.672   657   687 I am_cpu  : [385,1066,binder:385_2,300044,140,500]
05-01 14:33:39.672   657   687 I am_cpu  : [386,0,binder:386_4,600087,0,10]
05-01 14:33:39.672   657   687 I am_cpu  : [395,1041,binder:395_2,300044,100,2270]
05-01 14:33:39.672   657   687 I am_cpu  : [407,1000,android.hardwar,300044,60,630]
05-01 14:33:39.672   657   687 I am_cpu  : [413,1000,binder:413_2,300044,170,29900]
05-01 14:33:39.672   657   687 I am_cpu  : [416,9999,android.hardwar,300044,60,30]
05-01 14:33:39.672   657   687 I am_cpu  : [446,1041,audioserver,300044,1090,3010]
05-01 14:33:39.672   657   687 I am_cpu  : [456,1000,surfaceflinger,300044,1780,8520]
05-01 14:33:39.672   657   687 I am_cpu  : [477,9999,traced_probes,18301273,10,0]
05-01 14:33:39.672   657   687 I am_cpu  : [488,1013,mediametrics,300045,260,110]
05-01 14:33:39.672   657   687 I am_cpu  : [509,1001,libgoldfish-ril,300045,10,0]
05-01 14:33:39.672   657   687 I am_cpu  : [657,1000,system_server,300045,7520,23520]
05-01 14:33:39.672   657   687 I am_cpu  : [800,1082,binder:800_2,300045,190,340]
05-01 14:33:39.672   657   687 I am_cpu  : [1073,10181,ndroid.systemui,300045,400,1320]
05-01 14:33:39.672   657   687 I am_cpu  : [1164,1073,rkstack.process,300045,20,10]
05-01 14:33:39.672   657   687 I am_cpu  : [1208,1002,droid.bluetooth,300045,3520,13040]
05-01 14:33:39.672   657   687 I am_cpu  : [1226,1001,m.android.phone,300045,70,60]
05-01 14:33:39.672   657   687 I am_cpu  : [1659,10134,ogle.android.as,300045,0,20]
05-01 14:33:39.672   657   687 I am_cpu  : [1683,10145,hbox:interactor,300045,440,1310]
05-01 14:33:39.672   657   687 I am_cpu  : [1835,1010,wpa_supplicant,300045,0,10]
05-01 14:33:39.672   657   687 I am_cpu  : [2148,2000,adbd,300045,3990,13300]
05-01 14:33:39.672   657   687 I am_cpu  : [4892,10141,s.messaging:rcs,300045,0,10]
05-01 14:33:39.672   657   687 I am_cpu  : [6426,10144,.gms.persistent,300045,50,110]
05-01 14:33:39.672   657   687 I am_cpu  : [6488,10141,.apps.messaging,300045,0,10]
05-01 14:33:39.672   657   687 I am_cpu  : [7315,0,psimon,6000597,10,0]
05-01 14:33:39.672   657   687 I am_cpu  : [12063,10144,id.gms.unstable,300044,0,10]
05-01 14:33:39.672   657   687 I am_cpu  : [13683,10212,om.streamfr.app,300044,16080,36230]
05-01 14:33:39.672   657   687 I am_cpu  : [21530,2000,process-tracker,300044,0,130]
05-01 14:33:39.672   657   687 I am_cpu  : [21540,2000,logcat,300044,550,1190]
05-01 14:33:39.672   657   687 I am_cpu  : [21543,2000,logcat,300044,520,1230]
05-01 14:33:39.672   657   687 I am_cpu  : [22136,0,kworker/u10:1-events_unbound,300043,0,230]
05-01 14:33:39.672   657   687 I am_cpu  : [22706,0,kworker/u12:0-events_unbound,300043,0,330]
05-01 14:33:39.673   657   687 I am_cpu  : [22784,0,kworker/u11:1-events_unbound,300043,0,300]
05-01 14:33:39.673   657   687 I am_cpu  : [22991,0,kworker/u12:3-events_unbound,300043,0,260]
05-01 14:33:39.673   657   687 I am_cpu  : [23061,0,kworker/1:3H-kblockd,300043,0,10]
05-01 14:33:39.673   657   687 I am_cpu  : [23062,0,kworker/0:0H-kblockd,300043,0,10]
05-01 14:33:39.673   657   687 I am_cpu  : [23329,0,kworker/3:1H-kblockd,300043,0,10]
05-01 14:33:39.673   657   687 I am_cpu  : [23330,0,kworker/u10:3-events_unbound,300043,0,110]
05-01 14:33:39.673   657   687 I am_cpu  : [23459,0,kworker/2:0-virtio_vsock,300043,0,7020]
05-01 14:33:39.673   657   687 I am_cpu  : [23576,0,kworker/u9:0-events_unbound,300043,0,550]
05-01 14:33:39.673   657   687 I am_cpu  : [23638,0,kworker/u9:1-events_unbound,300043,0,360]
05-01 14:33:39.673   657   687 I am_cpu  : [23826,0,kworker/1:1-events,300043,0,380]
05-01 14:33:39.673   657   687 I am_cpu  : [23914,0,kworker/u11:2-events_unbound,300043,0,50]
05-01 14:33:39.673   657   687 I am_cpu  : [24011,0,kworker/u10:2-events_unbound,300043,0,380]
05-01 14:33:39.673   657   687 I am_cpu  : [24033,0,kworker/3:1,600087,0,200]
05-01 14:33:39.673   657   687 I am_cpu  : [24038,0,kworker/u12:1,300043,0,300]
05-01 14:33:39.673   657   687 I am_cpu  : [24140,0,kworker/u9:3-events_unbound,300043,0,70]
05-01 14:33:39.673   657   687 I am_cpu  : [24244,0,kworker/0:2-events,300043,0,2840]
05-01 14:33:39.673   657   687 I am_cpu  : [24246,0,kworker/2:1-virtio_vsock,300043,0,6340]
05-01 14:33:39.673   657   687 I am_cpu  : [24260,0,kworker/u11:0-events_unbound,300043,0,320]
05-01 14:33:39.673   657   687 I am_cpu  : [24266,0,kworker/3:2-virtio_vsock,300043,0,3160]
05-01 14:33:39.673   657   687 I am_cpu  : [24323,0,kworker/1:0-virtio_vsock,0,0,0]
05-01 14:33:39.673   657   687 I am_cpu  : [24336,0,kworker/u15:1-blk_crypto_wq,0,0,0]
05-01 14:33:39.673   657   687 I am_cpu  : [24354,0,kworker/u14:0,0,0,0]
05-01 14:33:39.673   657   687 I am_cpu  : [24426,0,kworker/u12:2-events_unbound,0,0,0]
05-01 14:33:39.673   657   687 I am_cpu  : [24476,0,kworker/2:2,0,0,0]
05-01 14:33:39.673   657   687 I am_cpu  : [24478,0,kworker/0:1-events,0,0,0]
05-01 14:33:39.673   657   687 I am_cpu  : [24497,0,kworker/3:0,0,0,0]
05-01 14:33:57.327   657 11717 I commit_sys_config_file: [appops_accesses,4]
05-01 14:34:01.015   657   982 I service_manager_stats: [100,7,60085]
05-01 14:34:06.269   657   767 I am_unfreeze: [12063,com.google.android.gms.unstable,10]
05-01 14:34:06.271   657   767 I am_unfreeze: [6452,com.google.android.gms,10]
05-01 14:34:06.554 12063 12063 I auditd  : type=1400 audit(0.0:335): avc:  denied  { read } for  comm="binder:12063_10" name="u:object_r:system_adbd_prop:s0" dev="tmpfs" ino=314 scontext=u:r:gmscore_app:s0:c512,c768 tcontext=u:object_r:system_adbd_prop:s0 tclass=file permissive=0 app=com.google.android.gms
05-01 14:34:06.554 12063 12063 I auditd  : type=1400 audit(0.0:336): avc:  denied  { read } for  comm="binder:12063_10" name="u:object_r:adbd_prop:s0" dev="tmpfs" ino=59 scontext=u:r:gmscore_app:s0:c512,c768 tcontext=u:object_r:adbd_prop:s0 tclass=file permissive=0 app=com.google.android.gms
05-01 14:34:36.331   657   767 I am_freeze: [12063,com.google.android.gms.unstable]
05-01 14:34:36.332   657   767 I am_freeze: [6452,com.google.android.gms]
05-01 14:34:36.350   657   767 I am_compact: [12063,com.google.android.gms.unstable,ANON,75768,50596,24276,53028,-8704,-256,-8448,8448,18,FULL,18378449,905,19,330544,-1024]
05-01 14:34:58.098   657   982 I service_manager_stats: [100,12,57083]
05-01 14:35:55.174   657   982 I service_manager_stats: [100,12,57076]
05-01 14:36:52.259   657   982 I service_manager_stats: [100,14,57085]
05-01 14:37:52.354   657   982 I service_manager_stats: [100,18,60095]
05-01 14:38:39.706   657   687 I am_cpu  : [15,0,ksoftirqd/0,300035,0,10]
05-01 14:38:39.706   657   687 I am_cpu  : [16,0,rcu_preempt,300035,0,60]
05-01 14:38:39.706   657   687 I am_cpu  : [20,0,migration/0,300035,0,10]
05-01 14:38:39.706   657   687 I am_cpu  : [25,0,migration/1,300035,0,10]
05-01 14:38:39.706   657   687 I am_cpu  : [37,0,migration/3,300035,0,10]
05-01 14:38:39.706   657   687 I am_cpu  : [165,1036,logd,300034,440,10850]
05-01 14:38:39.706   657   687 I am_cpu  : [167,1000,servicemanager,300034,0,20]
05-01 14:38:39.706   657   687 I am_cpu  : [193,1000,android.system.,300034,10,80]
05-01 14:38:39.706   657   687 I am_cpu  : [228,0,jbd2/dm-46-8,300034,0,10]
05-01 14:38:39.706   657   687 I am_cpu  : [385,1066,binder:385_2,300034,180,470]
05-01 14:38:39.706   657   687 I am_cpu  : [386,0,binder:386_4,300034,0,10]
05-01 14:38:39.706   657   687 I am_cpu  : [395,1041,binder:395_2,300034,130,2210]
05-01 14:38:39.706   657   687 I am_cpu  : [407,1000,android.hardwar,300034,410,1220]
05-01 14:38:39.706   657   687 I am_cpu  : [413,1000,binder:413_2,300034,210,29830]
05-01 14:38:39.706   657   687 I am_cpu  : [416,9999,android.hardwar,300035,60,30]
05-01 14:38:39.706   657   687 I am_cpu  : [446,1041,audioserver,300035,1090,2950]
05-01 14:38:39.706   657   687 I am_cpu  : [456,1000,surfaceflinger,300035,1750,8640]
05-01 14:38:39.706   657   687 I am_cpu  : [488,1013,mediametrics,300034,290,70]
05-01 14:38:39.706   657   687 I am_cpu  : [657,1000,system_server,300034,7420,22810]
05-01 14:38:39.706   657   687 I am_cpu  : [800,1082,binder:800_2,300034,220,310]
05-01 14:38:39.706   657   687 I am_cpu  : [1034,1000,binder:1034_2,600079,0,10]
05-01 14:38:39.706   657   687 I am_cpu  : [1073,10181,ndroid.systemui,300034,350,1350]
05-01 14:38:39.706   657   687 I am_cpu  : [1164,1073,rkstack.process,300034,10,20]
05-01 14:38:39.706   657   687 I am_cpu  : [1208,1002,droid.bluetooth,300034,3440,12560]
05-01 14:38:39.706   657   687 I am_cpu  : [1226,1001,m.android.phone,300034,80,50]
05-01 14:38:39.706   657   687 I am_cpu  : [1356,10176,s.nexuslauncher,1500200,10,0]
05-01 14:38:39.706   657   687 I am_cpu  : [1659,10134,ogle.android.as,300034,10,0]
05-01 14:38:39.706   657   687 I am_cpu  : [1683,10145,hbox:interactor,300034,510,1160]
05-01 14:38:39.706   657   687 I am_cpu  : [1835,1010,wpa_supplicant,300034,0,20]
05-01 14:38:39.706   657   687 I am_cpu  : [2148,2000,adbd,300034,3600,14290]
05-01 14:38:39.706   657   687 I am_cpu  : [4892,10141,s.messaging:rcs,300034,10,20]
05-01 14:38:39.706   657   687 I am_cpu  : [6426,10144,.gms.persistent,300034,70,60]
05-01 14:38:39.706   657   687 I am_cpu  : [6452,10144,gle.android.gms,600079,10,10]
05-01 14:38:39.706   657   687 I am_cpu  : [6488,10141,.apps.messaging,300034,40,30]
05-01 14:38:39.706   657   687 I am_cpu  : [12063,10144,id.gms.unstable,300034,30,20]
05-01 14:38:39.706   657   687 I am_cpu  : [13683,10212,om.streamfr.app,300034,15370,36820]
05-01 14:38:39.706   657   687 I am_cpu  : [16416,10145,earchbox:search,600078,0,10]
05-01 14:38:39.706   657   687 I am_cpu  : [21530,2000,process-tracker,300034,0,130]
05-01 14:38:39.706   657   687 I am_cpu  : [21540,2000,logcat,300034,520,1200]
05-01 14:38:39.706   657   687 I am_cpu  : [21543,2000,logcat,300034,560,1170]
05-01 14:38:39.706   657   687 I am_cpu  : [22136,0,kworker/u10:1-events_unbound,300034,0,470]
05-01 14:38:39.706   657   687 I am_cpu  : [22784,0,kworker/u11:1-events_unbound,300034,0,120]
05-01 14:38:39.706   657   687 I am_cpu  : [22991,0,kworker/u12:3-events_unbound,300034,0,50]
05-01 14:38:39.706   657   687 I am_cpu  : [23061,0,kworker/1:3H-kblockd,300034,0,20]
05-01 14:38:39.706   657   687 I am_cpu  : [23062,0,kworker/0:0H-kblockd,300034,0,10]
05-01 14:38:39.706   657   687 I am_cpu  : [23459,0,kworker/2:0-virtio_vsock,300034,0,8050]
05-01 14:38:39.706   657   687 I am_cpu  : [23576,0,kworker/u9:0-events_unbound,300034,0,410]
05-01 14:38:39.706   657   687 I am_cpu  : [23638,0,kworker/u9:1-events_unbound,300034,0,570]
05-01 14:38:39.706   657   687 I am_cpu  : [23914,0,kworker/u11:2-events_unbound,300034,0,260]
05-01 14:38:39.706   657   687 I am_cpu  : [24011,0,kworker/u10:2-events_unbound,300034,0,320]
05-01 14:38:39.706   657   687 I am_cpu  : [24033,0,kworker/3:1,300034,0,3370]
05-01 14:38:39.706   657   687 I am_cpu  : [24038,0,kworker/u12:1,300034,0,400]
05-01 14:38:39.706   657   687 I am_cpu  : [24064,0,kworker/1:2-virtio_vsock,600077,0,1120]
05-01 14:38:39.706   657   687 I am_cpu  : [24140,0,kworker/u9:3-events_unbound,300034,0,60]
05-01 14:38:39.706   657   687 I am_cpu  : [24246,0,kworker/2:1-virtio_vsock,300034,0,4510]
05-01 14:38:39.706   657   687 I am_cpu  : [24260,0,kworker/u11:0-events_unbound,300035,0,50]
05-01 14:38:39.706   657   687 I am_cpu  : [24323,0,kworker/1:0-virtio_vsock,300035,0,770]
05-01 14:38:39.706   657   687 I am_cpu  : [24426,0,kworker/u12:2-events_unbound,300034,0,360]
05-01 14:38:39.706   657   687 I am_cpu  : [24476,0,kworker/2:2,300034,0,2800]
05-01 14:38:39.706   657   687 I am_cpu  : [24478,0,kworker/0:1-events,300034,0,3660]
05-01 14:38:39.706   657   687 I am_cpu  : [24563,0,kworker/1:1-virtio_vsock,0,0,0]
05-01 14:38:39.706   657   687 I am_cpu  : [24584,0,kworker/3:0H-kblockd,0,0,0]
05-01 14:38:39.706   657   687 I am_cpu  : [24602,0,kworker/u17:0-fscrypt_read_queue,0,0,0]
05-01 14:38:39.706   657   687 I am_cpu  : [24643,0,kworker/u11:3-events_unbound,0,0,0]
05-01 14:38:39.706   657   687 I am_cpu  : [24674,0,kworker/u16:0-blk_crypto_wq,0,0,0]
05-01 14:38:39.706   657   687 I am_cpu  : [24695,0,kworker/2:3,0,0,0]
05-01 14:38:39.706   657   687 I am_cpu  : [24707,0,kworker/0:2-events,0,0,0]
05-01 14:38:39.706   657   687 I am_cpu  : [24724,0,kworker/3:2-virtio_vsock,0,0,0]
05-01 14:38:52.428   657   982 I service_manager_stats: [100,12,60074]
05-01 14:39:24.921   657   767 I am_unfreeze: [12063,com.google.android.gms.unstable,10]
05-01 14:39:24.922   657   767 I am_unfreeze: [6452,com.google.android.gms,10]
05-01 14:39:46.498   657   982 I service_manager_stats: [100,15,54070]
05-01 14:39:54.976   657   767 I am_freeze: [12063,com.google.android.gms.unstable]
05-01 14:39:54.977   657   767 I am_freeze: [6452,com.google.android.gms]
05-01 14:39:54.990   657   767 I am_compact: [12063,com.google.android.gms.unstable,ANON,71288,50340,20052,57252,-4224,0,-4224,4096,13,FULL,18978860,905,19,331040,-32]
