05-01 15:28:39.979   657   687 I am_cpu  : [27143,0,kworker/3:1H,0,0,0]
05-01 15:28:39.979   657   687 I am_cpu  : [27154,0,kworker/u17:3-fscrypt_read_queue,0,0,0]
05-01 15:28:39.979   657   687 I am_cpu  : [27155,0,kworker/2:3H,0,0,0]
05-01 15:28:43.364   657   777 I input_interaction: Interaction with: c230be2 com.streamfr.app/com.streamflixreborn.streamflix.activities.main.MainMobileActivity (server), [Gesture Monitor] swipe-up (server), [Gesture Monitor] edge-swipe (server), PointerEventDispatcher0 (server), 
05-01 15:29:04.198   657   678 I configuration_changed: 536872064
05-01 15:29:04.252   657   678 I sysui_multi_action: [757,1659,758,4,759,2,1660,0]
05-01 15:29:04.289   657  2251 I am_wtf  : [0,1164,com.android.networkstack.process,680050253,SystemServiceRegistry,No service published for: ethernet]
05-01 15:29:04.324   657  1066 I commit_sys_config_file: [input-subtypes,17]
05-01 15:29:04.390 13683 13683 I viewroot_draw_event: [VRI[MainMobileActivity],reportDrawFinished seqId=0]
05-01 15:29:04.404   657   687 I am_wtf  : [0,657,system_server,-1,JobScheduler.JobStatus,App com.google.android.inputmethod.latin became active but still in NEVER bucket]
05-01 15:29:04.419   657   777 I input_focus: [Focus leaving c230be2 com.streamfr.app/com.streamflixreborn.streamflix.activities.main.MainMobileActivity (server),reason=NOT_VISIBLE]
05-01 15:29:04.453  1073  1355 I viewroot_draw_event: [VRI[ScreenDecorOverlay],reportDrawFinished seqId=10]
05-01 15:29:04.488  1073  1073 I viewroot_draw_event: [VRI[StatusBar],reportDrawFinished seqId=0]
05-01 15:29:04.545   657   777 I input_focus: [Focus entering c230be2 com.streamfr.app/com.streamflixreborn.streamflix.activities.main.MainMobileActivity (server),reason=Window became focusable. Previous reason: NOT_VISIBLE]
05-01 15:29:04.545  1356  1356 I viewroot_draw_event: [VRI[Taskbar],reportDrawFinished seqId=8]
05-01 15:29:04.554  1356  1788 I viewroot_draw_event: [VRI[Taskbar],Transaction not synced due to no frame drawn]
05-01 15:29:04.603  1073  1355 I viewroot_draw_event: [VRI[ScreenDecorOverlayBottom],reportDrawFinished seqId=10]
05-01 15:29:04.630  1073  1355 I viewroot_draw_event: [VRI[ScreenDecorOverlay],reportDrawFinished seqId=10]
05-01 15:29:04.653  1073  1355 I viewroot_draw_event: [VRI[ScreenDecorOverlayBottom],reportDrawFinished seqId=10]
05-01 15:29:04.665  1073  1355 I viewroot_draw_event: [VRI[ScreenDecorOverlay],reportDrawFinished seqId=10]
05-01 15:29:04.677  1073  1355 I viewroot_draw_event: [VRI[ScreenDecorOverlayBottom],reportDrawFinished seqId=10]
05-01 15:29:26.457   657   767 I am_unfreeze: [6452,com.google.android.gms,10]
05-01 15:29:26.460   657   767 I am_unfreeze: [12063,com.google.android.gms.unstable,10]
05-01 15:29:27.832   657   767 I am_unfreeze: [10365,com.android.settings,10]
05-01 15:29:27.833   657   767 I am_unfreeze: [6428,com.android.keychain,10]
05-01 15:29:32.847   657   982 I service_manager_stats: [100,17,54083]
05-01 15:29:35.634   657   777 I input_interaction: Interaction with: c230be2 com.streamfr.app/com.streamflixreborn.streamflix.activities.main.MainMobileActivity (server), PointerEventDispatcher0 (server), 
05-01 15:29:35.634   657   778 I sysui_multi_action: [757,803,799,key_back_press,802,1]
05-01 15:29:47.874   657   767 I am_freeze: [10365,com.android.settings]
05-01 15:29:47.875   657   767 I am_freeze: [6428,com.android.keychain]
05-01 15:29:49.868   657   678 I configuration_changed: 536872064
05-01 15:29:49.942   657   678 I sysui_multi_action: [757,1659,758,4,759,1,1660,0]
05-01 15:29:49.995   657  1118 I am_wtf  : [0,1164,com.android.networkstack.process,680050253,SystemServiceRegistry,No service published for: ethernet]
05-01 15:29:50.021   657  1066 I commit_sys_config_file: [input-subtypes,30]
05-01 15:29:50.067 13683 13683 I viewroot_draw_event: [VRI[MainMobileActivity],reportDrawFinished seqId=0]
05-01 15:29:50.074   657   687 I am_wtf  : [0,657,system_server,-1,JobScheduler.JobStatus,App com.google.android.inputmethod.latin became active but still in NEVER bucket]
05-01 15:29:50.126  1073  1355 I viewroot_draw_event: [VRI[ScreenDecorOverlay],reportDrawFinished seqId=11]
05-01 15:29:50.163   657   777 I input_focus: [Focus leaving c230be2 com.streamfr.app/com.streamflixreborn.streamflix.activities.main.MainMobileActivity (server),reason=NOT_VISIBLE]
05-01 15:29:50.180  1356  1356 I viewroot_draw_event: [VRI[Taskbar],reportDrawFinished seqId=9]
05-01 15:29:50.186  1356  1788 I viewroot_draw_event: [VRI[Taskbar],Transaction not synced due to no frame drawn]
05-01 15:29:50.187  1073  1073 I viewroot_draw_event: [VRI[StatusBar],reportDrawFinished seqId=0]
05-01 15:29:50.266   657   777 I input_focus: [Focus entering c230be2 com.streamfr.app/com.streamflixreborn.streamflix.activities.main.MainMobileActivity (server),reason=Window became focusable. Previous reason: NOT_VISIBLE]
05-01 15:29:50.285  1073  1355 I viewroot_draw_event: [VRI[ScreenDecorOverlayBottom],reportDrawFinished seqId=11]
05-01 15:29:50.312  1073  1355 I viewroot_draw_event: [VRI[ScreenDecorOverlay],reportDrawFinished seqId=11]
05-01 15:29:50.339  1073  1355 I viewroot_draw_event: [VRI[ScreenDecorOverlayBottom],reportDrawFinished seqId=11]
05-01 15:30:23.969   657   982 I service_manager_stats: [100,31,51123]
05-01 15:30:50.896   657   767 I am_freeze: [6452,com.google.android.gms]
05-01 15:30:50.897   657   767 I am_freeze: [12063,com.google.android.gms.unstable]
05-01 15:30:50.913   657   767 I am_compact: [6452,com.google.android.gms,ANON,91004,67168,21276,76912,-5248,-128,-5120,5120,16,FULL,22162615,905,19,208380,-92]
05-01 15:30:50.923   657   767 I am_compact: [12063,com.google.android.gms.unstable,ANON,70220,49444,19880,57504,-4096,0,-4096,4224,10,FULL,21980352,905,19,208472,-32]
05-01 15:31:24.092   657   982 I service_manager_stats: [100,21,60123]
05-01 15:32:24.214   657   982 I service_manager_stats: [100,19,60122]
05-01 15:33:22.502   657   777 I input_interaction: Interaction with: c230be2 com.streamfr.app/com.streamflixreborn.streamflix.activities.main.MainMobileActivity (server), [Gesture Monitor] swipe-up (server), [Gesture Monitor] edge-swipe (server), PointerEventDispatcher0 (server), 
05-01 15:33:24.332   657   982 I service_manager_stats: [100,12,60118]
05-01 15:33:40.003   657   687 I am_cpu  : [15,0,ksoftirqd/0,300025,0,110]
05-01 15:33:40.003   657   687 I am_cpu  : [16,0,rcu_preempt,300025,0,40]
05-01 15:33:40.003   657   687 I am_cpu  : [25,0,migration/1,300025,0,10]
05-01 15:33:40.003   657   687 I am_cpu  : [31,0,migration/2,300025,0,10]
05-01 15:33:40.003   657   687 I am_cpu  : [37,0,migration/3,300025,0,10]
05-01 15:33:40.003   657   687 I am_cpu  : [51,0,kcompactd0,300025,0,10]
05-01 15:33:40.003   657   687 I am_cpu  : [67,0,erofs_worker/0,5400557,0,10]
05-01 15:33:40.003   657   687 I am_cpu  : [70,0,erofs_worker/3,3900374,0,10]
05-01 15:33:40.003   657   687 I am_cpu  : [165,1036,logd,300025,10,290]
05-01 15:33:40.003   657   687 I am_cpu  : [167,1000,servicemanager,300025,0,40]
05-01 15:33:40.003   657   687 I am_cpu  : [168,1000,hwservicemanage,3600330,0,10]
05-01 15:33:40.003   657   687 I am_cpu  : [193,1000,android.system.,300025,0,10]
05-01 15:33:40.003   657   687 I am_cpu  : [228,0,jbd2/dm-46-8,300025,0,20]
05-01 15:33:40.003   657   687 I am_cpu  : [380,0,dhcpclient,300024,0,10]
05-01 15:33:40.003   657   687 I am_cpu  : [385,1066,binder:385_2,300024,0,10]
05-01 15:33:40.003   657   687 I am_cpu  : [386,0,binder:386_4,300024,10,30]
05-01 15:33:40.003   657   687 I am_cpu  : [395,1041,binder:395_2,300024,0,50]
05-01 15:33:40.003   657   687 I am_cpu  : [400,1000,allocator@3.0-s,300025,0,350]
05-01 15:33:40.003   657   687 I am_cpu  : [401,0,iptables-restor,12601200,10,0]
05-01 15:33:40.003   657   687 I am_cpu  : [407,1000,android.hardwar,300025,0,2060]
05-01 15:33:40.003   657   687 I am_cpu  : [413,1000,binder:413_2,300025,110,16480]
05-01 15:33:40.003   657   687 I am_cpu  : [446,1041,audioserver,300025,0,40]
05-01 15:33:40.003   657   687 I am_cpu  : [456,1000,surfaceflinger,300025,670,5470]
05-01 15:33:40.003   657   687 I am_cpu  : [488,1013,mediametrics,300025,10,0]
05-01 15:33:40.003   657   687 I am_cpu  : [509,1001,libgoldfish-ril,300025,0,10]
05-01 15:33:40.003   657   687 I am_cpu  : [657,1000,system_server,300025,1230,3210]
05-01 15:33:40.003   657   687 I am_cpu  : [800,1082,binder:800_2,300025,150,390]
05-01 15:33:40.003   657   687 I am_cpu  : [1034,1000,binder:1034_2,600032,20,20]
05-01 15:33:40.003   657   687 I am_cpu  : [1073,10181,ndroid.systemui,300024,220,430]
05-01 15:33:40.003   657   687 I am_cpu  : [1164,1073,rkstack.process,300024,30,40]
05-01 15:33:40.003   657   687 I am_cpu  : [1208,1002,droid.bluetooth,300024,0,10]
05-01 15:33:40.003   657   687 I am_cpu  : [1226,1001,m.android.phone,300024,10,50]
05-01 15:33:40.003   657   687 I am_cpu  : [1356,10176,s.nexuslauncher,300025,50,180]
05-01 15:33:40.003   657   687 I am_cpu  : [1659,10134,ogle.android.as,300025,0,10]
05-01 15:33:40.003   657   687 I am_cpu  : [1683,10145,hbox:interactor,300025,0,20]
05-01 15:33:40.003   657   687 I am_cpu  : [1835,1010,wpa_supplicant,300025,0,30]
05-01 15:33:40.003   657   687 I am_cpu  : [2148,2000,adbd,300025,190,350]
05-01 15:33:40.003   657   687 I am_cpu  : [4892,10141,s.messaging:rcs,300025,10,30]
05-01 15:33:40.003   657   687 I am_cpu  : [6426,10144,.gms.persistent,300025,250,220]
05-01 15:33:40.003   657   687 I am_cpu  : [6452,10144,gle.android.gms,300025,0,20]
05-01 15:33:40.003   657   687 I am_cpu  : [6488,10141,.apps.messaging,300025,10,20]
05-01 15:33:40.003   657   687 I am_cpu  : [6789,10143,.apps.wellbeing,300025,30,30]
05-01 15:33:40.003   657   687 I am_cpu  : [7134,10157,putmethod.latin,300025,220,120]
05-01 15:33:40.003   657   687 I am_cpu  : [12063,10144,id.gms.unstable,300025,10,10]
05-01 15:33:40.003   657   687 I am_cpu  : [13683,10212,om.streamfr.app,300025,1550,13070]
05-01 15:33:40.003   657   687 I am_cpu  : [14150,0,kworker/0:2H,300025,0,10]
05-01 15:33:40.003   657   687 I am_cpu  : [21530,2000,process-tracker,300025,10,220]
05-01 15:33:40.003   657   687 I am_cpu  : [21540,2000,logcat,300025,20,40]
05-01 15:33:40.003   657   687 I am_cpu  : [21543,2000,logcat,300025,10,60]
05-01 15:33:40.003   657   687 I am_cpu  : [25137,0,kworker/u9:1-events_unbound,300025,0,50]
05-01 15:33:40.003   657   687 I am_cpu  : [25283,0,kworker/u12:1-events_unbound,300025,0,20]
05-01 15:33:40.003   657   687 I am_cpu  : [25723,0,kworker/2:1-virtio_vsock,300025,0,870]
05-01 15:33:40.003   657   687 I am_cpu  : [26101,0,kworker/u10:3-events_unbound,300025,0,230]
05-01 15:33:40.003   657   687 I am_cpu  : [26328,0,kworker/u11:1-events_unbound,300025,0,100]
05-01 15:33:40.003   657   687 I am_cpu  : [26567,0,kworker/3:2-virtio_vsock,300025,0,230]
05-01 15:33:40.003   657   687 I am_cpu  : [26675,0,kworker/1:2-events,300025,0,30]
05-01 15:33:40.003   657   687 I am_cpu  : [26757,0,kworker/u9:2-events_unbound,300025,0,130]
05-01 15:33:40.003   657   687 I am_cpu  : [26773,0,kworker/u10:0-events_unbound,300025,0,380]
05-01 15:33:40.003   657   687 I am_cpu  : [26787,0,kworker/2:3-virtio_vsock,300025,0,610]
05-01 15:33:40.003   657   687 I am_cpu  : [26827,0,kworker/0:2-events,300024,0,310]
05-01 15:33:40.003   657   687 I am_cpu  : [26839,0,kworker/u12:3-writeback,300024,0,20]
05-01 15:33:40.003   657   687 I am_cpu  : [27089,0,kworker/2:0H-kverityd,300024,0,10]
05-01 15:33:40.003   657   687 I am_cpu  : [27097,0,kworker/1:2H-kverityd,300024,0,10]
05-01 15:33:40.003   657   687 I am_cpu  : [27112,0,kworker/u11:0-loop25,300024,0,20]
05-01 15:33:40.003   657   687 I am_cpu  : [27229,0,kworker/1:1-events_power_efficient,0,0,0]
05-01 15:33:40.003   657   687 I am_cpu  : [27331,0,kworker/2:0-virtio_vsock,0,0,0]
05-01 15:33:40.003   657   687 I am_cpu  : [27358,0,kworker/u12:0-events_unbound,0,0,0]
05-01 15:33:57.493   657 11717 I commit_sys_config_file: [appops_accesses,9]
05-01 15:34:08.018   657   767 I am_unfreeze: [12063,com.google.android.gms.unstable,6]
05-01 15:34:08.046 12063 12063 I auditd  : type=1400 audit(0.0:347): avc:  denied  { read } for  comm="binder:12063_C" name="u:object_r:system_adbd_prop:s0" dev="tmpfs" ino=314 scontext=u:r:gmscore_app:s0:c512,c768 tcontext=u:object_r:system_adbd_prop:s0 tclass=file permissive=0 app=com.google.android.gms
05-01 15:34:08.046 12063 12063 I auditd  : type=1400 audit(0.0:348): avc:  denied  { read } for  comm="binder:12063_C" name="u:object_r:adbd_prop:s0" dev="tmpfs" ino=59 scontext=u:r:gmscore_app:s0:c512,c768 tcontext=u:object_r:adbd_prop:s0 tclass=file permissive=0 app=com.google.android.gms
05-01 15:34:21.434   657   982 I service_manager_stats: [100,17,57102]
05-01 15:34:23.156   657   767 I am_freeze: [12063,com.google.android.gms.unstable]
05-01 15:34:23.193   657   767 I am_compact: [12063,com.google.android.gms.unstable,ANON,86092,49700,35496,41280,-20224,-384,-19840,19840,36,FULL,22353433,905,19,207332,-636]
05-01 15:35:21.543   657   982 I service_manager_stats: [100,10,60109]
05-01 15:35:39.476   657   767 I am_unfreeze: [12063,com.google.android.gms.unstable,10]
05-01 15:35:39.477   657   767 I am_unfreeze: [6452,com.google.android.gms,10]
05-01 15:36:09.488   657   767 I am_freeze: [12063,com.google.android.gms.unstable]
05-01 15:36:09.489   657   767 I am_freeze: [6452,com.google.android.gms]
05-01 15:36:09.499   657   767 I am_compact: [12063,com.google.android.gms.unstable,ANON,69964,49316,19752,57024,-4096,0,-4096,4096,10,FULL,22565703,905,19,207752,-28]
05-01 15:36:09.510   657   767 I am_compact: [6452,com.google.android.gms,ANON,90108,67040,20508,77552,-4736,-128,-4608,4608,11,FULL,22353423,905,19,207780,-84]
05-01 15:36:21.661   657   982 I service_manager_stats: [100,19,60118]
05-01 15:37:20.226   657   982 I service_manager_stats: [100,23,58565]
05-01 15:38:18.869   657   982 I service_manager_stats: [100,5,58643]
05-01 15:38:40.029   657   687 I am_cpu  : [15,0,ksoftirqd/0,300025,0,10]
05-01 15:38:40.029   657   687 I am_cpu  : [16,0,rcu_preempt,300025,0,20]
05-01 15:38:40.029   657   687 I am_cpu  : [101,0,ueventd,1222516,10,0]
05-01 15:38:40.029   657   687 I am_cpu  : [165,1036,logd,300025,20,190]
05-01 15:38:40.029   657   687 I am_cpu  : [167,1000,servicemanager,300025,10,30]
05-01 15:38:40.029   657   687 I am_cpu  : [193,1000,android.system.,300025,0,10]
05-01 15:38:40.029   657   687 I am_cpu  : [228,0,jbd2/dm-46-8,300025,0,10]
05-01 15:38:40.029   657   687 I am_cpu  : [385,1066,binder:385_2,300025,0,10]
05-01 15:38:40.029   657   687 I am_cpu  : [386,0,binder:386_4,300025,0,10]
05-01 15:38:40.029   657   687 I am_cpu  : [407,1000,android.hardwar,300025,210,1140]
05-01 15:38:40.029   657   687 I am_cpu  : [413,1000,binder:413_2,300025,40,2520]
05-01 15:38:40.029   657   687 I am_cpu  : [456,1000,surfaceflinger,300025,220,760]
05-01 15:38:40.029   657   687 I am_cpu  : [481,1002,bt_vhci_forward,14401365,0,10]
05-01 15:38:40.029   657   687 I am_cpu  : [496,0,storaged,1200094,0,10]
05-01 15:38:40.029   657   687 I am_cpu  : [504,1010,wificond,600050,0,10]
05-01 15:38:40.029   657   687 I am_cpu  : [657,1000,system_server,300026,860,1720]
05-01 15:38:40.029   657   687 I am_cpu  : [800,1082,binder:800_2,300026,240,330]
05-01 15:38:40.029   657   687 I am_cpu  : [1034,1000,binder:1034_2,300026,10,20]
05-01 15:38:40.029   657   687 I am_cpu  : [1073,10181,ndroid.systemui,300026,30,170]
05-01 15:38:40.029   657   687 I am_cpu  : [1164,1073,rkstack.process,300026,30,10]
05-01 15:38:40.029   657   687 I am_cpu  : [1226,1001,m.android.phone,300026,10,40]
05-01 15:38:40.029   657   687 I am_cpu  : [1683,10145,hbox:interactor,300025,0,10]
05-01 15:38:40.029   657   687 I am_cpu  : [1835,1010,wpa_supplicant,300025,0,20]
05-01 15:38:40.029   657   687 I am_cpu  : [2148,2000,adbd,300025,50,340]
05-01 15:38:40.029   657   687 I am_cpu  : [4892,10141,s.messaging:rcs,300025,10,40]
05-01 15:38:40.029   657   687 I am_cpu  : [6426,10144,.gms.persistent,300025,30,60]
05-01 15:38:40.029   657   687 I am_cpu  : [6452,10144,gle.android.gms,300025,0,20]
05-01 15:38:40.029   657   687 I am_cpu  : [6488,10141,.apps.messaging,300025,50,30]
05-01 15:38:40.029   657   687 I am_cpu  : [7315,0,psimon,3900356,10,0]
05-01 15:38:40.029   657   687 I am_cpu  : [12063,10144,id.gms.unstable,300026,40,50]
05-01 15:38:40.029   657   687 I am_cpu  : [13683,10212,om.streamfr.app,300026,30,10]
05-01 15:38:40.029   657   687 I am_cpu  : [21530,2000,process-tracker,300026,0,150]
05-01 15:38:40.029   657   687 I am_cpu  : [21540,2000,logcat,300026,20,20]
05-01 15:38:40.029   657   687 I am_cpu  : [21543,2000,logcat,300026,20,20]
05-01 15:38:40.029   657   687 I am_cpu  : [24584,0,kworker/3:0H-kblockd,600051,0,10]
05-01 15:38:40.029   657   687 I am_cpu  : [25137,0,kworker/u9:1-events_unbound,300026,0,10]
05-01 15:38:40.029   657   687 I am_cpu  : [25283,0,kworker/u12:1-events_unbound,300026,0,20]
05-01 15:38:40.029   657   687 I am_cpu  : [25723,0,kworker/2:1-virtio_vsock,300026,0,370]
05-01 15:38:40.029   657   687 I am_cpu  : [26101,0,kworker/u10:3-events_unbound,300026,0,20]
05-01 15:38:40.029   657   687 I am_cpu  : [26328,0,kworker/u11:1-events_unbound,300026,0,40]
05-01 15:38:40.029   657   687 I am_cpu  : [26535,0,kworker/u9:0-events_unbound,600051,0,100]
05-01 15:38:40.029   657   687 I am_cpu  : [26567,0,kworker/3:2-virtio_vsock,300026,0,260]
05-01 15:38:40.029   657   687 I am_cpu  : [26757,0,kworker/u9:2-events_unbound,300026,0,10]
05-01 15:38:40.029   657   687 I am_cpu  : [26773,0,kworker/u10:0-events_unbound,300026,0,270]
05-01 15:38:40.029   657   687 I am_cpu  : [26787,0,kworker/2:3-virtio_vsock,300026,0,160]
05-01 15:38:40.029   657   687 I am_cpu  : [26827,0,kworker/0:2-events,300026,0,170]
05-01 15:38:40.029   657   687 I am_cpu  : [27097,0,kworker/1:2H-kverityd,300026,0,10]
05-01 15:38:40.029   657   687 I am_cpu  : [27112,0,kworker/u11:0-loop25,300026,0,120]
05-01 15:38:40.029   657   687 I am_cpu  : [27229,0,kworker/1:1-events_power_efficient,300026,0,210]
05-01 15:38:40.029   657   687 I am_cpu  : [27331,0,kworker/2:0-virtio_vsock,300026,0,1130]
05-01 15:38:40.029   657   687 I am_cpu  : [27358,0,kworker/u12:0-events_unbound,300026,0,100]
05-01 15:38:40.029   657   687 I am_cpu  : [27396,0,kworker/u10:1-events_unbound,0,0,0]
05-01 15:38:40.029   657   687 I am_cpu  : [27422,0,kworker/u9:3-events_unbound,0,0,0]
05-01 15:38:40.029   657   687 I am_cpu  : [27439,0,kworker/2:2-virtio_vsock,0,0,0]
05-01 15:39:18.968   657   982 I service_manager_stats: [100,9,60099]
05-01 15:40:19.068   657   982 I service_manager_stats: [100,7,60100]
05-01 15:40:22.478   657   767 I am_unfreeze: [1076,com.google.android.permissioncontroller,3]
05-01 15:40:45.999   657   767 I am_freeze: [1076,com.google.android.permissioncontroller]
05-01 15:40:58.150   657   767 I am_unfreeze: [12063,com.google.android.gms.unstable,10]
05-01 15:40:58.150   657   767 I am_unfreeze: [6452,com.google.android.gms,10]
05-01 15:41:13.185   657   982 I service_manager_stats: [100,35,54117]
05-01 15:41:28.222   657   767 I am_freeze: [12063,com.google.android.gms.unstable]
05-01 15:41:28.224   657   767 I am_freeze: [6452,com.google.android.gms]
05-01 15:41:28.236   657   767 I am_compact: [6452,com.google.android.gms,ANON,90492,67296,20636,77424,-4992,-384,-4608,4608,12,FULL,22672020,905,19,207672,-88]
05-01 15:42:13.282   657   982 I service_manager_stats: [100,6,60096]
05-01 15:42:16.456  6426 27564 I c2dm    : [-1,,4,3]
05-01 15:43:13.380   657   982 I service_manager_stats: [100,12,60099]
05-01 15:43:40.074   657   687 I am_cpu  : [15,0,ksoftirqd/0,300047,0,10]
05-01 15:43:40.074   657   687 I am_cpu  : [16,0,rcu_preempt,300047,0,10]
05-01 15:43:40.074   657   687 I am_cpu  : [26,0,ksoftirqd/1,1200103,0,10]
05-01 15:43:40.074   657   687 I am_cpu  : [32,0,ksoftirqd/2,3600328,0,10]
05-01 15:43:40.074   657   687 I am_cpu  : [38,0,ksoftirqd/3,900097,0,10]
05-01 15:43:40.074   657   687 I am_cpu  : [51,0,kcompactd0,600072,0,10]
05-01 15:43:40.075   657   687 I am_cpu  : [165,1036,logd,300047,10,200]
05-01 15:43:40.075   657   687 I am_cpu  : [166,1069,lmkd,900097,10,0]
05-01 15:43:40.075   657   687 I am_cpu  : [167,1000,servicemanager,300047,10,40]
05-01 15:43:40.075   657   687 I am_cpu  : [386,0,binder:386_4,300047,0,10]
05-01 15:43:40.075   657   687 I am_cpu  : [407,1000,android.hardwar,300047,60,920]
05-01 15:43:40.075   657   687 I am_cpu  : [413,1000,binder:413_2,300047,30,2990]
05-01 15:43:40.075   657   687 I am_cpu  : [456,1000,surfaceflinger,300047,270,860]
05-01 15:43:40.075   657   687 I am_cpu  : [477,9999,traced_probes,4200403,0,10]
05-01 15:43:40.075   657   687 I am_cpu  : [478,9999,traced,12001170,0,10]
05-01 15:43:40.075   657   687 I am_cpu  : [504,1010,wificond,300047,10,0]
05-01 15:43:40.075   657   687 I am_cpu  : [509,1001,libgoldfish-ril,600072,0,10]
05-01 15:43:40.075   657   687 I am_cpu  : [657,1000,system_server,300046,1020,1580]
05-01 15:43:40.075   657   687 I am_cpu  : [800,1082,binder:800_2,300046,210,390]
05-01 15:43:40.075   657   687 I am_cpu  : [1034,1000,binder:1034_2,300046,10,10]
05-01 15:43:40.075   657   687 I am_cpu  : [1073,10181,ndroid.systemui,300046,10,140]
05-01 15:43:40.075   657   687 I am_cpu  : [1164,1073,rkstack.process,300046,10,10]
05-01 15:43:40.075   657   687 I am_cpu  : [1226,1001,m.android.phone,300046,20,10]
05-01 15:43:40.075   657   687 I am_cpu  : [1659,10134,ogle.android.as,600071,0,10]
05-01 15:43:40.075   657   687 I am_cpu  : [1835,1010,wpa_supplicant,300046,10,10]
05-01 15:43:40.075   657   687 I am_cpu  : [2148,2000,adbd,300046,110,290]
05-01 15:43:40.075   657   687 I am_cpu  : [4892,10141,s.messaging:rcs,300046,10,10]
05-01 15:43:40.075   657   687 I am_cpu  : [6426,10144,.gms.persistent,300046,40,40]
05-01 15:43:40.075   657   687 I am_cpu  : [6452,10144,gle.android.gms,300046,0,20]
05-01 15:43:40.075   657   687 I am_cpu  : [12063,10144,id.gms.unstable,300046,0,10]
05-01 15:43:40.075   657   687 I am_cpu  : [21530,2000,process-tracker,300046,50,130]
05-01 15:43:40.075   657   687 I am_cpu  : [21540,2000,logcat,300046,20,20]
05-01 15:43:40.075   657   687 I am_cpu  : [21543,2000,logcat,300046,20,20]
05-01 15:43:40.075   657   687 I am_cpu  : [25283,0,kworker/u12:1-events_unbound,300046,0,70]
05-01 15:43:40.075   657   687 I am_cpu  : [26101,0,kworker/u10:3-events_unbound,300046,0,80]
05-01 15:43:40.075   657   687 I am_cpu  : [26328,0,kworker/u11:1-events_unbound,300046,0,160]
05-01 15:43:40.075   657   687 I am_cpu  : [26535,0,kworker/u9:0-events_unbound,300046,0,50]
05-01 15:43:40.075   657   687 I am_cpu  : [26567,0,kworker/3:2-virtio_vsock,300046,0,70]
05-01 15:43:40.075   657   687 I am_cpu  : [26787,0,kworker/2:3-virtio_vsock,300046,0,520]
05-01 15:43:40.075   657   687 I am_cpu  : [26827,0,kworker/0:2-events,300046,0,100]
05-01 15:43:40.075   657   687 I am_cpu  : [27112,0,kworker/u11:0-loop25,300046,0,30]
05-01 15:43:40.075   657   687 I am_cpu  : [27229,0,kworker/1:1-events_power_efficient,300046,0,50]
05-01 15:43:40.075   657   687 I am_cpu  : [27358,0,kworker/u12:0-events_unbound,300046,0,30]
05-01 15:43:40.075   657   687 I am_cpu  : [27396,0,kworker/u10:1-events_unbound,300046,0,180]
05-01 15:43:40.075   657   687 I am_cpu  : [27422,0,kworker/u9:3-events_unbound,300046,0,110]
05-01 15:43:40.075   657   687 I am_cpu  : [27439,0,kworker/2:2-virtio_vsock,300046,0,380]
05-01 15:43:40.075   657   687 I am_cpu  : [27540,0,kworker/u14:0,0,0,0]
05-01 15:43:40.075   657   687 I am_cpu  : [27550,0,kworker/u15:1-fscrypt_read_queue,0,0,0]
05-01 15:43:40.075   657   687 I am_cpu  : [27560,0,kworker/2:0-virtio_vsock,0,0,0]
05-01 15:43:40.075   657   687 I am_cpu  : [27577,0,kworker/1:2-events_power_efficient,0,0,0]
05-01 15:44:08.384   657   767 I am_unfreeze: [12063,com.google.android.gms.unstable,6]
05-01 15:44:08.402 12063 12063 I auditd  : type=1400 audit(0.0:349): avc:  denied  { read } for  comm="binder:12063_3" name="u:object_r:system_adbd_prop:s0" dev="tmpfs" ino=314 scontext=u:r:gmscore_app:s0:c512,c768 tcontext=u:object_r:system_adbd_prop:s0 tclass=file permissive=0 app=com.google.android.gms
05-01 15:44:08.402 12063 12063 I auditd  : type=1400 audit(0.0:350): avc:  denied  { read } for  comm="binder:12063_3" name="u:object_r:adbd_prop:s0" dev="tmpfs" ino=59 scontext=u:r:gmscore_app:s0:c512,c768 tcontext=u:object_r:adbd_prop:s0 tclass=file permissive=0 app=com.google.android.gms
05-01 15:44:10.487   657   982 I service_manager_stats: [100,10,57107]
05-01 15:44:23.472   657   767 I am_freeze: [12063,com.google.android.gms.unstable]
05-01 15:44:23.489   657   767 I am_compact: [12063,com.google.android.gms.unstable,ANON,73932,49700,23336,53812,-7936,-256,-7680,7552,17,FULL,22672009,905,19,207128,-652]
05-01 15:45:10.596   657   982 I service_manager_stats: [100,13,60108]
05-01 15:46:10.691   657   982 I service_manager_stats: [100,8,60096]
05-01 15:46:16.825   657   767 I am_unfreeze: [12063,com.google.android.gms.unstable,10]
05-01 15:46:16.827   657   767 I am_unfreeze: [6452,com.google.android.gms,10]
05-01 15:46:18.254   657   657 I auditd  : type=1400 audit(0.0:351): avc:  denied  { getopt } for  comm="binder:657_15" scontext=u:r:system_server:s0 tcontext=u:r:shell:s0 tclass=unix_stream_socket permissive=0
05-01 15:46:18.254   657   657 I auditd  : type=1400 audit(0.0:352): avc:  denied  { getopt } for  comm="binder:657_15" scontext=u:r:system_server:s0 tcontext=u:r:shell:s0 tclass=unix_stream_socket permissive=0
05-01 15:46:18.254   657   657 I auditd  : type=1400 audit(0.0:353): avc:  denied  { getopt } for  comm="binder:657_15" scontext=u:r:system_server:s0 tcontext=u:r:shell:s0 tclass=unix_stream_socket permissive=0
05-01 15:46:18.286   657   677 I commit_sys_config_file: [package-session,10]
05-01 15:46:18.290   657   677 I commit_sys_config_file: [package-session,4]
05-01 15:46:18.390   657   657 I auditd  : type=1400 audit(0.0:354): avc:  denied  { getopt } for  comm="binder:657_15" scontext=u:r:system_server:s0 tcontext=u:r:shell:s0 tclass=unix_stream_socket permissive=0
05-01 15:46:18.404   657   687 I am_wtf  : [0,4401,system_server,-1,SystemServiceRegistry,No service published for: persistent_data_block]
05-01 15:46:18.404   657   687 I am_wtf  : [0,4401,system_server,-1,SystemServiceRegistry,Manager wrapper not available: persistent_data_block]
05-01 15:46:18.408   657   746 I commit_sys_config_file: [package-session,4]
05-01 15:46:18.472   657   677 I commit_sys_config_file: [package-session,5]
05-01 15:46:18.480   657   687 I am_uid_stopped: 10212
05-01 15:46:18.485   657   687 I am_kill : [0,13683,com.streamfr.app,0,stop com.streamfr.app due to installPackageLI,252804]
05-01 15:46:18.490   657   687 I wm_finish_activity: [0,161285043,27,com.streamfr.app/com.streamflixreborn.streamflix.activities.main.MainMobileActivity,proc died without state saved]
05-01 15:46:18.495   657   687 I wm_task_moved: [1,1,0,1,2]
05-01 15:46:18.495   657   687 I wm_task_moved: [7,1,0,1,2147483647]
05-01 15:46:18.495   657   687 I wm_task_to_front: [0,7,0]
05-01 15:46:18.495   657   687 I wm_focused_root_task: [0,0,1,27,handleAppDied adjustFocusToNextFocusableTask]
05-01 15:46:18.545   657   710 I commit_sys_config_file: [package,34]
05-01 15:46:18.547   657   687 I wm_set_resumed_activity: [0,com.google.android.apps.nexuslauncher/.NexusLauncherActivity,resumeTopActivity - onActivityStateChanged]
05-01 15:46:18.549   657   687 I wm_resume_activity: [0,37182453,7,com.google.android.apps.nexuslauncher/.NexusLauncherActivity]
05-01 15:46:18.554   657   679 I input_focus: [Requesting to set focus to null window,reason=UpdateInputWindows]
05-01 15:46:18.555  1356  1356 I wm_on_restart_called: [37182453,com.google.android.apps.nexuslauncher.NexusLauncherActivity,performRestart,1]
05-01 15:46:18.555   657   686 I am_pss  : [26844,10142,com.android.vending,0,0,0,132497408,0,19,0]
05-01 15:46:18.555   657   686 I am_pss  : [26841,10142,com.android.vending:background,0,0,0,125059072,0,19,0]
05-01 15:46:18.555   657   686 I am_pss  : [27007,10142,com.android.vending:quick_launch,0,0,0,112369664,0,19,0]
05-01 15:46:18.558   657   687 I am_kill : [0,10616,com.android.externalstorage,985,empty #17,45820]
05-01 15:46:18.558   657   708 I commit_sys_config_file: [package-user-0,13]
05-01 15:46:18.559  1356  1356 I wm_on_start_called: [37182453,com.google.android.apps.nexuslauncher.NexusLauncherActivity,handleStartActivity,3]
05-01 15:46:18.560   657   686 I am_pss  : [16416,10145,com.google.android.googlequicksearchbox:search,0,0,0,93052928,0,19,0]
05-01 15:46:18.560   657   686 I am_pss  : [26476,10093,com.android.providers.calendar,0,0,0,65343488,0,19,0]
05-01 15:46:18.560   657   686 I am_pss  : [12808,10136,com.google.android.partnersetup,0,0,0,54738944,0,19,0]
05-01 15:46:18.560   657   686 I am_pss  : [6789,10143,com.google.android.apps.wellbeing,0,0,0,74964992,0,19,0]
05-01 15:46:18.561  1356  1356 I wm_on_resume_called: [37182453,com.google.android.apps.nexuslauncher.NexusLauncherActivity,RESUME_ACTIVITY,0]
05-01 15:46:18.561  1356  1356 I wm_on_top_resumed_gained_called: [37182453,com.google.android.apps.nexuslauncher.NexusLauncherActivity,topWhenResuming]
05-01 15:46:18.568   657   679 I input_focus: [Focus request e37313d com.google.android.apps.nexuslauncher/com.google.android.apps.nexuslauncher.NexusLauncherActivity,reason=UpdateInputWindows]
05-01 15:46:18.605  1356  1356 I viewroot_draw_event: [VRI[NexusLauncherActivity],Start draw after previous draw not visible]
05-01 15:46:18.623   657  2589 I am_proc_died: [0,10616,com.android.externalstorage,985,19]
05-01 15:46:18.623   657  2589 I am_uid_stopped: 10099
05-01 15:46:18.655   657   710 I service_manager_slow: [20,mount]
05-01 15:46:18.678   657   710 I installer_clear_app_data_caller: [657,1000,com.streamfr.app,39]
05-01 15:46:18.678   657   710 I installer_clear_app_data_call_stack: [clearAppData,com.android.server.pm.Installer,Installer.java,427]
05-01 15:46:18.678   657   710 I installer_clear_app_data_call_stack: [clearAppDataLeafLIF,com.android.server.pm.AppDataHelper,AppDataHelper.java,572]
05-01 15:46:18.678   657   710 I installer_clear_app_data_call_stack: [clearAppDataLIF,com.android.server.pm.AppDataHelper,AppDataHelper.java,557]
05-01 15:46:18.678   657   710 I installer_clear_app_data_call_stack: [executePostCommitStepsLIF,com.android.server.pm.InstallPackageHelper,InstallPackageHelper.java,2544]
05-01 15:46:18.678   657   710 I installer_clear_app_data_call_stack: [installPackagesLI,com.android.server.pm.InstallPackageHelper,InstallPackageHelper.java,1139]
05-01 15:46:18.678   657   710 I installer_clear_app_data_call_stack: [installPackagesTraced,com.android.server.pm.InstallPackageHelper,InstallPackageHelper.java,990]
05-01 15:46:18.678   657   710 I installer_clear_app_data_call_stack: [installPackagesTraced,com.android.server.pm.PackageManagerService,PackageManagerService.java,8102]
05-01 15:46:18.678   657   710 I installer_clear_app_data_call_stack: [processApkInstallRequests,com.android.server.pm.InstallingSession,InstallingSession.java,547]
05-01 15:46:18.678   657   710 I installer_clear_app_data_call_stack: [processInstallRequests,com.android.server.pm.InstallingSession,InstallingSession.java,536]
05-01 15:46:18.678   657   710 I installer_clear_app_data_call_stack: [lambda$processPendingInstall$0,com.android.server.pm.InstallingSession,InstallingSession.java,297]
05-01 15:46:18.678   657   710 I installer_clear_app_data_call_stack: [$r8$lambda$3YxEVU-qWs8li-YcaWhP_DprQyQ,com.android.server.pm.InstallingSession,InstallingSession.java,0]
05-01 15:46:18.678   657   710 I installer_clear_app_data_call_stack: [run,com.android.server.pm.InstallingSession$$ExternalSyntheticLambda1,R8$$SyntheticClass,0]
05-01 15:46:18.678   657   710 I installer_clear_app_data_call_stack: [handleCallback,android.os.Handler,Handler.java,959]
05-01 15:46:18.678   657   710 I installer_clear_app_data_call_stack: [dispatchMessage,android.os.Handler,Handler.java,100]
05-01 15:46:18.678   657   710 I installer_clear_app_data_call_stack: [loopOnce,android.os.Looper,Looper.java,232]
05-01 15:46:18.678   657   710 I installer_clear_app_data_call_stack: [loop,android.os.Looper,Looper.java,317]
05-01 15:46:18.678   657   710 I installer_clear_app_data_call_stack: [run,android.os.HandlerThread,HandlerThread.java,85]
05-01 15:46:18.678   657   710 I installer_clear_app_data_call_stack: [run,com.android.server.ServiceThread,ServiceThread.java,46]
05-01 15:46:18.745   657   710 I unknown_sources_enabled: 1
05-01 15:46:18.783   657   767 I am_unfreeze: [1076,com.google.android.permissioncontroller,3]
05-01 15:46:18.785   657   767 I am_unfreeze: [10365,com.android.settings,10]
05-01 15:46:18.791   657   767 I am_unfreeze: [6428,com.android.keychain,10]
05-01 15:46:18.797  6452  6452 I force_gc: bg
05-01 15:46:18.807   657  1064 I service_manager_slow: [20,user]
05-01 15:46:18.811   657   677 I commit_sys_config_file: [package-session,1]
05-01 15:46:18.823   657   746 I commit_sys_config_file: [package-session,13]
05-01 15:46:18.834   657   657 I notification_cancel_all: [1000,657,com.streamfr.app,0,0,0,5,NULL]
05-01 15:46:18.838   657   657 I notification_cancel_all: [1000,657,com.streamfr.app,0,0,0,5,NULL]
05-01 15:46:18.907   657  1060 I am_uid_active: 10194
05-01 15:46:18.914   657   657 I auditd  : type=1400 audit(0.0:355): avc:  denied  { getopt } for  comm="binder:657_15" scontext=u:r:system_server:s0 tcontext=u:r:shell:s0 tclass=unix_stream_socket permissive=0
05-01 15:46:19.025  1356  1356 I viewroot_draw_event: [VRI[NexusLauncherActivity],reportDrawFinished seqId=0]
05-01 15:46:19.076   657   777 I input_focus: [Focus entering e37313d com.google.android.apps.nexuslauncher/com.google.android.apps.nexuslauncher.NexusLauncherActivity (server),reason=Window became focusable. Previous reason: NOT_VISIBLE]
05-01 15:46:19.076  1356  1369 I jank_cuj_events_begin_request: [9,1777650379063706000,23281573633308,23281573633438,]
05-01 15:46:19.090   657   679 I wm_wallpaper_surface: [0,1,Window{e37313d u0 com.google.android.apps.nexuslauncher/com.google.android.apps.nexuslauncher.NexusLauncherActivity}]
05-01 15:46:19.106   657   657 I notification_cancel_all: [1000,657,com.streamfr.app,0,0,0,5,NULL]
05-01 15:46:19.131   657   767 I am_unfreeze: [16416,com.google.android.googlequicksearchbox:search,6]
05-01 15:46:19.279   657   767 I am_unfreeze: [27007,com.android.vending:quick_launch,3]
05-01 15:46:19.328   657  1119 I am_uid_active: 10143
05-01 15:46:19.335   657   767 I am_unfreeze: [26841,com.android.vending:background,3]
05-01 15:46:19.352   657   767 I am_unfreeze: [26844,com.android.vending,3]
05-01 15:46:19.444   657  1488 I sysui_multi_action: [757,1721,758,4,908,com.google.android.as/com.google.android.apps.miphone.aiai.app.AiAiAugmentedAutofillService,1722,3]
05-01 15:46:19.464   657  2331 I sysui_multi_action: [757,1721,758,4,908,com.google.android.as/com.google.android.apps.miphone.aiai.app.AiAiAugmentedAutofillService,1722,3]
05-01 15:46:19.476   657  2251 I sysui_multi_action: [757,1721,758,4,908,com.google.android.as/com.google.android.apps.miphone.aiai.app.AiAiAugmentedAutofillService,1722,3]
05-01 15:46:19.478   657  1119 I cc_current_allowlist: [0,17]
05-01 15:46:19.478   657  1119 I cc_set_allowlist: [0,17,0]
05-01 15:46:19.478   657  1119 I cc_current_allowlist: [0,17]
05-01 15:46:19.478   657  1119 I cc_update_options: [0,0]
05-01 15:46:19.496   657  2331 I cc_current_allowlist: [0,17]
05-01 15:46:19.496   657  2331 I cc_set_allowlist: [0,17,0]
05-01 15:46:19.496   657  2331 I cc_current_allowlist: [0,17]
05-01 15:46:19.496   657  2331 I cc_update_options: [0,0]
05-01 15:46:19.497   657  2331 I cc_current_allowlist: [0,17]
05-01 15:46:19.497   657  2331 I cc_set_allowlist: [0,17,0]
05-01 15:46:19.497   657  2331 I cc_current_allowlist: [0,17]
05-01 15:46:19.497   657  2331 I cc_update_options: [0,0]
05-01 15:46:19.500   657  2331 I cc_current_allowlist: [0,17]
05-01 15:46:19.500   657  2331 I cc_set_allowlist: [0,17,0]
05-01 15:46:19.502   657  2331 I cc_current_allowlist: [0,17]
05-01 15:46:19.502   657  2331 I cc_update_options: [0,0]
05-01 15:46:19.505   657   747 I cc_current_allowlist: [0,17]
05-01 15:46:19.505   657   747 I cc_set_allowlist: [0,17,0]
05-01 15:46:19.505   657   747 I cc_current_allowlist: [0,17]
05-01 15:46:19.505   657   747 I cc_update_options: [0,0]
05-01 15:46:19.659  1356  1369 I jank_cuj_events_end_request: [9,1777650379658951000,23282168879522,23282168879615]
05-01 15:46:19.679   657  2331 I wm_task_removed: [27,27,0,removeChild, last child = ActivityRecord{99d03b3 u0 com.streamfr.app/com.streamflixreborn.streamflix.activities.main.MainMobileActivity t-1 f}} in Task{e6d4d70 #27 type=standard A=10212:com.streamfr.app}]
05-01 15:46:19.702   657  1298 I cc_current_allowlist: [0,17]
05-01 15:46:19.703   657  1298 I cc_set_allowlist: [0,17,0]
05-01 15:46:19.704   657  1298 I cc_current_allowlist: [0,17]
05-01 15:46:19.704   657  1298 I cc_update_options: [0,0]
05-01 15:46:19.708   657  2251 I cc_current_allowlist: [0,17]
05-01 15:46:19.708   657  2251 I cc_set_allowlist: [0,17,0]
05-01 15:46:19.708   657  2251 I cc_current_allowlist: [0,17]
05-01 15:46:19.708   657  2251 I cc_update_options: [0,0]
05-01 15:46:19.709   657  2251 I cc_current_allowlist: [0,17]
05-01 15:46:19.709   657  2251 I cc_set_allowlist: [0,17,0]
05-01 15:46:19.709   657  2251 I cc_current_allowlist: [0,17]
05-01 15:46:19.709   657  2251 I cc_update_options: [0,0]
05-01 15:46:19.710   657  1298 I cc_current_allowlist: [0,17]
05-01 15:46:19.710   657  1298 I cc_set_allowlist: [0,17,0]
05-01 15:46:19.710   657  1298 I cc_current_allowlist: [0,17]
05-01 15:46:19.710   657  1298 I cc_update_options: [0,0]
05-01 15:46:22.400   657  2251 I wm_task_created: 28
05-01 15:46:22.401   657  2251 I wm_task_moved: [28,28,0,1,2]
05-01 15:46:22.401   657  2251 I wm_task_to_front: [0,28,0]
05-01 15:46:22.401   657  2251 I wm_create_task: [0,28,28,0]
05-01 15:46:22.402   657  2251 I wm_create_activity: [0,187842533,28,com.streamfr.app/com.streamflixreborn.streamflix.activities.main.MainMobileActivity,NULL,NULL,NULL,268435456]
05-01 15:46:22.402   657  2251 I wm_task_moved: [28,28,0,1,2]
05-01 15:46:22.403   657  2251 I wm_pause_activity: [0,37182453,com.google.android.apps.nexuslauncher/.NexusLauncherActivity,userLeaving=true,pauseBackTasks]
05-01 15:46:22.405  1356  1356 I wm_on_top_resumed_lost_called: [37182453,com.google.android.apps.nexuslauncher.NexusLauncherActivity,topStateChangedWhenResumed]
05-01 15:46:22.410  1356  1356 I wm_on_paused_called: [37182453,com.google.android.apps.nexuslauncher.NexusLauncherActivity,performPause,3]
05-01 15:46:22.417   657  1298 I wm_add_to_stopping: [0,37182453,com.google.android.apps.nexuslauncher/.NexusLauncherActivity,makeInvisible]
05-01 15:46:22.418   657   675 I sysui_multi_action: [757,803,799,window_time_0,802,19011]
05-01 15:46:22.420   657   678 I am_uid_running: 10212
05-01 15:46:22.438   657   688 I am_proc_start: [0,27765,10212,com.streamfr.app,next-top-activity,{com.streamfr.app/com.streamflixreborn.streamflix.activities.main.MainMobileActivity}]
05-01 15:46:22.449   657   777 I input_focus: [Focus leaving e37313d com.google.android.apps.nexuslauncher/com.google.android.apps.nexuslauncher.NexusLauncherActivity (server),reason=NO_WINDOW]
05-01 15:46:22.541  1073  1189 I viewroot_draw_event: [VRI[app],reportDrawFinished seqId=0]
05-01 15:46:22.648   657  2589 I am_proc_bound: [0,27765,com.streamfr.app]
05-01 15:46:22.652   657  2589 I am_uid_active: 10212
05-01 15:46:22.914  1356  1356 I viewroot_draw_event: [VRI[NexusLauncherActivity],Not drawing due to not visible. Reason=!mAppVisible && !mForceDecorViewVisibility]
05-01 15:46:22.925   657   679 I wm_wallpaper_surface: [0,0,null]
05-01 15:46:23.533   657  1298 I wm_restart_activity: [0,187842533,28,com.streamfr.app/com.streamflixreborn.streamflix.activities.main.MainMobileActivity]
05-01 15:46:23.536   657  1298 I wm_set_resumed_activity: [0,com.streamfr.app/com.streamflixreborn.streamflix.activities.main.MainMobileActivity,realStartActivityLocked - onActivityStateChanged]
05-01 15:46:23.838 27765 27765 I wm_on_create_called: [187842533,com.streamflixreborn.streamflix.activities.main.MainMobileActivity,performCreate,260]
05-01 15:46:24.085 27765 27765 I wm_on_start_called: [187842533,com.streamflixreborn.streamflix.activities.main.MainMobileActivity,handleStartActivity,245]
05-01 15:46:24.105 27765 27765 I wm_on_resume_called: [187842533,com.streamflixreborn.streamflix.activities.main.MainMobileActivity,RESUME_ACTIVITY,4]
05-01 15:46:24.123 27765 27765 I wm_on_top_resumed_gained_called: [187842533,com.streamflixreborn.streamflix.activities.main.MainMobileActivity,topStateChangedWhenResumed]
05-01 15:46:24.194   657   679 I input_focus: [Focus request 10f0e13 com.streamfr.app/com.streamflixreborn.streamflix.activities.main.MainMobileActivity,reason=UpdateInputWindows]
05-01 15:46:24.420 27765 27765 I viewroot_draw_event: [VRI[MainMobileActivity],reportDrawFinished seqId=0]
05-01 15:46:24.437  1073  1159 I jank_cuj_events_begin_request: [39,1777650384437808000,23286947735902,23286947735971,]
05-01 15:46:24.438   657   675 I sysui_multi_action: [319,159,321,154,322,2044,325,23284,757,761,758,7,759,1,806,com.streamfr.app,871,com.streamflixreborn.streamflix.activities.main.MainMobileActivity,904,com.android.shell,905,0,945,263,1320,12,1321,1]
05-01 15:46:24.440   657   675 I wm_activity_launch_time: [0,187842533,com.streamfr.app/com.streamflixreborn.streamflix.activities.main.MainMobileActivity,2044]
05-01 15:46:24.479   657   777 I input_focus: [Focus entering 10f0e13 com.streamfr.app/com.streamflixreborn.streamflix.activities.main.MainMobileActivity (server),reason=Window became focusable. Previous reason: NOT_VISIBLE]
05-01 15:46:24.809  1073  1159 I jank_cuj_events_end_request: [39,1777650384807783000,23287317710796,23287317710848]
05-01 15:46:24.832  1073  1189 I viewroot_draw_event: [VRI[app],Not drawing due to not visible. Reason=View.GONE]
05-01 15:46:24.834   657   678 I wm_stop_activity: [0,37182453,com.google.android.apps.nexuslauncher/.NexusLauncherActivity]
05-01 15:46:24.854  1356  1356 I wm_on_stop_called: [37182453,com.google.android.apps.nexuslauncher.NexusLauncherActivity,STOP_ACTIVITY_ITEM,14]
05-01 15:46:24.916   657   767 I am_unfreeze: [7496,com.google.android.webview:webview_service,6]
05-01 15:46:24.922   657  2331 I am_uid_active: 10162
05-01 15:46:25.056   657   686 I am_pss  : [7496,10162,com.google.android.webview:webview_service,0,0,0,50630656,0,19,0]
05-01 15:46:28.575   657   767 I am_freeze: [6488,com.google.android.apps.messaging]
05-01 15:46:28.632   657   767 I am_compact: [6488,com.google.android.apps.messaging,ANON,104884,53036,49544,47428,-34048,-640,-33408,33408,57,FULL,16933486,935,19,148676,-12388]
05-01 15:46:28.785   657   767 I am_unfreeze: [6488,com.google.android.apps.messaging,7]
05-01 15:46:29.132   657   708 I commit_sys_config_file: [package-user-0,8]
05-01 15:46:29.667   657   767 I am_freeze: [26844,com.android.vending]
05-01 15:46:29.700   657   767 I am_compact: [26844,com.android.vending,ANON,125632,86612,36984,34440,-26112,-6528,-19584,19712,33,FULL,22155246,925,19,160784,-4688]
05-01 15:46:34.353   657   767 I am_freeze: [27007,com.android.vending:quick_launch]
05-01 15:46:34.356   657   767 I am_freeze: [26841,com.android.vending:background]
05-01 15:46:34.374   657   767 I am_compact: [27007,com.android.vending:quick_launch,ANON,95752,70576,24792,33172,-8448,0,-8448,8320,17,FULL,22155304,915,19,165448,-2476]
05-01 15:46:34.396   657   767 I am_compact: [26841,com.android.vending:background,ANON,106488,76568,28896,33660,-12288,0,-12288,12160,22,FULL,22155272,915,19,167924,-4636]
05-01 15:46:34.919   657   767 I am_freeze: [16416,com.google.android.googlequicksearchbox:search]
05-01 15:46:34.966   657   767 I am_compact: [16416,com.google.android.googlequicksearchbox:search,ANON,140036,95596,42520,37540,-26624,0,-26624,26624,47,FULL,21763058,905,19,172560,-10328]
05-01 15:46:35.021   657   767 I am_freeze: [7496,com.google.android.webview:webview_service]
05-01 15:46:35.029   657   767 I am_compact: [7496,com.google.android.webview:webview_service,ANON,49444,31232,17956,34084,-2560,0,-2560,2688,7,FULL,1374922,905,19,182888,-964]
05-01 15:46:44.642   657   767 I am_unfreeze: [26844,com.android.vending,6]
05-01 15:46:44.644   657   767 I am_unfreeze: [26841,com.android.vending:background,6]
05-01 15:46:44.966   657   767 I am_freeze: [1076,com.google.android.permissioncontroller]
05-01 15:46:46.836   657   767 I am_freeze: [12063,com.google.android.gms.unstable]
05-01 15:46:46.851   657   767 I am_compact: [12063,com.google.android.gms.unstable,ANON,66508,45732,20264,57012,-4608,0,-4608,4480,15,FULL,23165999,905,19,181948,-28]
05-01 15:46:49.787   657   982 I service_manager_stats: [100,119,39096]
05-01 15:46:54.975   657   767 I am_freeze: [26844,com.android.vending]
05-01 15:46:54.975   657   767 I am_freeze: [26841,com.android.vending:background]
05-01 15:46:55.011   657   767 I am_compact: [26844,com.android.vending,ANON,123480,83924,37392,36356,-23680,-3584,-20096,19968,36,FULL,23292210,905,19,181936,-3744]
05-01 15:46:58.774   657   767 I am_freeze: [10365,com.android.settings]
05-01 15:46:58.776   657   767 I am_freeze: [6428,com.android.keychain]
05-01 15:46:58.784   657   767 I am_compact: [10365,com.android.settings,ANON,60984,42168,18316,57248,-1536,0,-1536,1536,8,FULL,20522614,900,18,185680,-648]
05-01 15:46:58.791   657   767 I am_compact: [6428,com.android.keychain,ANON,47236,29952,17028,35300,-2560,0,-2560,2560,7,FULL,627383,905,19,186328,-600]
05-01 15:46:59.667   657   767 I am_freeze: [6452,com.google.android.gms]
05-01 15:46:59.729   657   767 I am_compact: [6452,com.google.android.gms,ANON,132208,76104,53672,42744,-49024,-11392,-37632,37632,62,FULL,22990746,905,19,186928,-14816]
05-01 15:47:25.023   657   687 I am_uid_idle: 10162
05-01 15:47:26.078   657   687 I am_uid_idle: 10143
05-01 15:47:34.971   657   687 I am_uid_idle: 10194
05-01 15:47:49.886   657   982 I service_manager_stats: [100,8,60099]
05-01 15:48:17.519   657   698 I am_cpu  : [11,0,kworker/u8:1,1177539,0,20]
05-01 15:48:17.519   657   698 I am_cpu  : [15,0,ksoftirqd/0,277442,0,140]
05-01 15:48:17.519   657   698 I am_cpu  : [16,0,rcu_preempt,277442,0,20]
05-01 15:48:17.519   657   698 I am_cpu  : [61,0,kswapd0,1177539,0,520]
05-01 15:48:17.519   657   698 I am_cpu  : [67,0,erofs_worker/0,877514,0,10]
05-01 15:48:17.519   657   698 I am_cpu  : [68,0,erofs_worker/1,1177539,0,20]
05-01 15:48:17.519   657   698 I am_cpu  : [69,0,erofs_worker/2,1177539,0,10]
05-01 15:48:17.519   657   698 I am_cpu  : [165,1036,logd,277441,30,340]
05-01 15:48:17.519   657   698 I am_cpu  : [166,1069,lmkd,277441,0,10]
05-01 15:48:17.519   657   698 I am_cpu  : [167,1000,servicemanager,277441,20,10]
05-01 15:48:17.519   657   698 I am_cpu  : [184,0,binder:184_2,3277718,0,10]
05-01 15:48:17.519   657   698 I am_cpu  : [228,0,jbd2/dm-46-8,577489,0,20]
05-01 15:48:17.519   657   698 I am_cpu  : [380,0,dhcpclient,877514,0,10]
05-01 15:48:17.519   657   698 I am_cpu  : [385,1066,binder:385_2,577489,0,20]
05-01 15:48:17.519   657   698 I am_cpu  : [386,0,binder:386_4,277442,0,40]
05-01 15:48:17.519   657   698 I am_cpu  : [387,0,main,1177538,0,10]
05-01 15:48:17.519   657   698 I am_cpu  : [395,1041,binder:395_2,877514,0,20]
05-01 15:48:17.519   657   698 I am_cpu  : [400,1000,allocator@3.0-s,877513,0,490]
05-01 15:48:17.519   657   698 I am_cpu  : [401,0,iptables-restor,877513,0,10]
05-01 15:48:17.519   657   698 I am_cpu  : [407,1000,android.hardwar,277441,210,1410]
05-01 15:48:17.519   657   698 I am_cpu  : [413,1000,binder:413_2,277441,50,3270]
05-01 15:48:17.519   657   698 I am_cpu  : [446,1041,audioserver,877514,10,10]
05-01 15:48:17.519   657   698 I am_cpu  : [456,1000,surfaceflinger,277442,100,1650]
05-01 15:48:17.519   657   698 I am_cpu  : [485,0,binder:485_2,18878998,0,20]
05-01 15:48:17.519   657   698 I am_cpu  : [504,1010,wificond,277442,0,10]
05-01 15:48:17.519   657   698 I am_cpu  : [657,1000,system_server,277442,1360,2830]
05-01 15:48:17.519   657   698 I am_cpu  : [800,1082,binder:800_2,277442,230,340]
05-01 15:48:17.519   657   698 I am_cpu  : [1034,1000,binder:1034_2,277442,10,10]
05-01 15:48:17.519   657   698 I am_cpu  : [1073,10181,ndroid.systemui,277442,50,590]
05-01 15:48:17.519   657   698 I am_cpu  : [1076,10194,ssioncontroller,1177538,0,10]
05-01 15:48:17.519   657   698 I am_cpu  : [1164,1073,rkstack.process,277442,20,10]
05-01 15:48:17.519   657   698 I am_cpu  : [1226,1001,m.android.phone,277442,40,30]
05-01 15:48:17.519   657   698 I am_cpu  : [1356,10176,s.nexuslauncher,877513,130,470]
05-01 15:48:17.519   657   698 I am_cpu  : [1652,10200,rs.media.module,19179005,0,10]
05-01 15:48:17.519   657   698 I am_cpu  : [1659,10134,ogle.android.as,277443,50,50]
05-01 15:48:17.519   657   698 I am_cpu  : [1683,10145,hbox:interactor,577489,20,50]
05-01 15:48:17.519   657   698 I am_cpu  : [1835,1010,wpa_supplicant,277443,10,30]
05-01 15:48:17.519   657   698 I am_cpu  : [2148,2000,adbd,277443,140,490]
05-01 15:48:17.519   657   698 I am_cpu  : [4892,10141,s.messaging:rcs,277443,10,20]
05-01 15:48:17.519   657   698 I am_cpu  : [4902,10204,id.ext.services,19179006,0,10]
05-01 15:48:17.519   657   698 I am_cpu  : [6426,10144,.gms.persistent,277443,90,170]
05-01 15:48:17.519   657   698 I am_cpu  : [6428,1000,ndroid.keychain,18878999,10,10]
05-01 15:48:17.519   657   698 I am_cpu  : [6452,10144,gle.android.gms,277443,150,210]
05-01 15:48:17.519   657   698 I am_cpu  : [6488,10141,.apps.messaging,577489,40,70]
05-01 15:48:17.519   657   698 I am_cpu  : [6789,10143,.apps.wellbeing,877514,70,210]
05-01 15:48:17.519   657   698 I am_cpu  : [7134,10157,putmethod.latin,877514,10,20]
05-01 15:48:17.519   657   698 I am_cpu  : [7496,10162,webview_service,20079037,0,10]
