05-01 16:08:40.268   657   687 I am_cpu  : [2148,2000,adbd,300010,30,340]
05-01 16:08:40.268   657   687 I am_cpu  : [4892,10141,s.messaging:rcs,600060,10,10]
05-01 16:08:40.268   657   687 I am_cpu  : [6426,10144,.gms.persistent,300010,60,70]
05-01 16:08:40.268   657   687 I am_cpu  : [6488,10141,.apps.messaging,600059,30,50]
05-01 16:08:40.268   657   687 I am_cpu  : [7134,10157,putmethod.latin,900109,0,10]
05-01 16:08:40.268   657   687 I am_cpu  : [12063,10144,id.gms.unstable,600059,30,20]
05-01 16:08:40.268   657   687 I am_cpu  : [26101,0,kworker/u10:3-events_unbound,300010,0,80]
05-01 16:08:40.268   657   687 I am_cpu  : [26328,0,kworker/u11:1-events_unbound,300010,0,20]
05-01 16:08:40.268   657   687 I am_cpu  : [26334,0,kworker/0:1-events,300010,0,1310]
05-01 16:08:40.268   657   687 I am_cpu  : [26567,0,kworker/3:2-virtio_vsock,300010,0,1040]
05-01 16:08:40.268   657   687 I am_cpu  : [26839,0,kworker/u12:3-writeback,300010,0,100]
05-01 16:08:40.268   657   687 I am_cpu  : [27112,0,kworker/u11:0-loop25,300009,0,40]
05-01 16:08:40.268   657   687 I am_cpu  : [27396,0,kworker/u10:1-events_unbound,1222750,0,100]
05-01 16:08:40.268   657   687 I am_cpu  : [27422,0,kworker/u9:3-events_unbound,300009,0,360]
05-01 16:08:40.268   657   687 I am_cpu  : [27674,0,kworker/1:0H-kverityd,900109,0,10]
05-01 16:08:40.268   657   687 I am_cpu  : [27775,0,kworker/u9:1-events_unbound,300009,0,10]
05-01 16:08:40.268   657   687 I am_cpu  : [27776,0,kworker/u12:2,300009,0,390]
05-01 16:08:40.268   657   687 I am_cpu  : [27860,0,kworker/u10:2-events_unbound,900109,0,50]
05-01 16:08:40.268   657   687 I am_cpu  : [27901,0,kworker/2:1-virtio_vsock,300009,0,2030]
05-01 16:08:40.268   657   687 I am_cpu  : [28050,10212,om.streamfr.app,600059,0,10]
05-01 16:08:40.268   657   687 I am_cpu  : [28161,2000,process-tracker,300010,10,280]
05-01 16:08:40.268   657   687 I am_cpu  : [28178,2000,logcat,300010,20,20]
05-01 16:08:40.268   657   687 I am_cpu  : [28180,2000,logcat,300010,0,30]
05-01 16:08:40.268   657   687 I am_cpu  : [28207,0,kworker/1:1-virtio_vsock,300010,0,730]
05-01 16:08:40.268   657   687 I am_cpu  : [28382,0,kworker/2:0-virtio_vsock,300010,0,2580]
05-01 16:08:40.268   657   687 I am_cpu  : [28500,0,kworker/2:2-virtio_vsock,300010,0,2080]
05-01 16:08:40.268   657   687 I am_cpu  : [28523,0,kworker/u17:0-fscrypt_read_queue,0,0,0]
05-01 16:08:40.268   657   687 I am_cpu  : [28582,0,kworker/u10:0-events_unbound,0,0,0]
05-01 16:08:40.268   657   687 I am_cpu  : [28583,0,kworker/2:3-virtio_vsock,0,0,0]
05-01 16:09:01.660   657   982 I service_manager_stats: [100,29,60145]
05-01 16:10:01.804   657   982 I service_manager_stats: [100,22,60144]
05-01 16:11:01.914   657   982 I service_manager_stats: [100,7,60110]
05-01 16:11:57.500  6426 28664 I c2dm    : [-1,,6,5]
05-01 16:12:00.273   657   982 I service_manager_stats: [100,15,58359]
05-01 16:12:17.797   657  1485 I am_uid_stopped: 10212
05-01 16:12:17.799   657  1485 I am_kill : [0,28050,com.streamfr.app,0,stop com.streamfr.app due to from pid 28717,381652]
05-01 16:12:17.801   657  1485 I wm_finish_activity: [0,143129845,29,com.streamfr.app/com.streamflixreborn.streamflix.activities.main.MainMobileActivity,proc died without state saved]
05-01 16:12:17.803   657  1485 I wm_task_moved: [1,1,0,1,2]
05-01 16:12:17.803   657  1485 I wm_task_moved: [7,1,0,1,2147483647]
05-01 16:12:17.803   657  1485 I wm_task_to_front: [0,7,0]
05-01 16:12:17.804   657  1485 I wm_focused_root_task: [0,0,1,29,handleAppDied adjustFocusToNextFocusableTask]
05-01 16:12:17.804   657  1485 I wm_set_resumed_activity: [0,com.google.android.apps.nexuslauncher/.NexusLauncherActivity,resumeTopActivity - onActivityStateChanged]
05-01 16:12:17.805   657  1485 I wm_resume_activity: [0,37182453,7,com.google.android.apps.nexuslauncher/.NexusLauncherActivity]
05-01 16:12:17.808  1356  1356 I wm_on_restart_called: [37182453,com.google.android.apps.nexuslauncher.NexusLauncherActivity,performRestart,0]
05-01 16:12:17.809   657   679 I input_focus: [Requesting to set focus to null window,reason=UpdateInputWindows]
05-01 16:12:17.811   657   686 I am_pss  : [26844,10142,com.android.vending,0,0,0,91246592,0,19,0]
05-01 16:12:17.811   657   686 I am_pss  : [26841,10142,com.android.vending:background,0,0,0,88965120,0,19,0]
05-01 16:12:17.812  1356  1356 I wm_on_start_called: [37182453,com.google.android.apps.nexuslauncher.NexusLauncherActivity,handleStartActivity,2]
05-01 16:12:17.812  1356  1356 I wm_on_resume_called: [37182453,com.google.android.apps.nexuslauncher.NexusLauncherActivity,RESUME_ACTIVITY,0]
05-01 16:12:17.812  1356  1356 I wm_on_top_resumed_gained_called: [37182453,com.google.android.apps.nexuslauncher.NexusLauncherActivity,topWhenResuming]
05-01 16:12:17.812   657   686 I am_pss  : [1208,1002,com.google.android.bluetooth,0,0,0,55169024,0,0,0]
05-01 16:12:17.814   657   686 I am_pss  : [1652,10200,com.google.android.providers.media.module,0,0,0,49209344,0,0,0]
05-01 16:12:17.816   657   686 I am_pss  : [7496,10162,com.google.android.webview:webview_service,0,0,0,48009216,0,19,0]
05-01 16:12:17.816   657   686 I am_pss  : [27007,10142,com.android.vending:quick_launch,0,0,0,79437824,0,19,0]
05-01 16:12:17.816   657   686 I am_pss  : [1704,1000,com.android.emulator.multidisplay,0,0,0,39313408,0,0,0]
05-01 16:12:17.816   657   686 I am_pss  : [1226,1001,com.android.phone,0,0,0,66342912,0,0,0]
05-01 16:12:17.816   657   686 I am_pss  : [1222,1068,com.android.se,0,0,0,39227392,0,0,0]
05-01 16:12:17.816   657   686 I am_pss  : [1164,1073,com.android.networkstack.process,0,0,0,55111680,0,0,0]
05-01 16:12:17.833   657   679 I input_focus: [Focus request e37313d com.google.android.apps.nexuslauncher/com.google.android.apps.nexuslauncher.NexusLauncherActivity,reason=UpdateInputWindows]
05-01 16:12:17.834   657   657 I notification_cancel_all: [1000,657,com.streamfr.app,0,0,0,5,NULL]
05-01 16:12:17.836  1356  1356 I viewroot_draw_event: [VRI[NexusLauncherActivity],Start draw after previous draw not visible]
05-01 16:12:17.846   657   767 I am_unfreeze: [16416,com.google.android.googlequicksearchbox:search,6]
05-01 16:12:18.272  1356  1356 I viewroot_draw_event: [VRI[NexusLauncherActivity],reportDrawFinished seqId=0]
05-01 16:12:18.358   657   679 I wm_wallpaper_surface: [0,1,Window{e37313d u0 com.google.android.apps.nexuslauncher/com.google.android.apps.nexuslauncher.NexusLauncherActivity}]
05-01 16:12:18.363  1356  1369 I jank_cuj_events_begin_request: [9,1777651938363362000,24840873290060,24840873290129,]
05-01 16:12:18.365   657   777 I input_focus: [Focus entering e37313d com.google.android.apps.nexuslauncher/com.google.android.apps.nexuslauncher.NexusLauncherActivity (server),reason=Window became focusable. Previous reason: NOT_VISIBLE]
05-01 16:12:18.667   657   677 I commit_sys_config_file: [package-session,15]
05-01 16:12:18.675   657   677 I commit_sys_config_file: [package-session,5]
05-01 16:12:18.804   657   687 I am_wtf  : [0,28760,system_server,-1,SystemServiceRegistry,No service published for: persistent_data_block]
05-01 16:12:18.806   657   687 I am_wtf  : [0,28760,system_server,-1,SystemServiceRegistry,Manager wrapper not available: persistent_data_block]
05-01 16:12:18.812   657   746 I commit_sys_config_file: [package-session,5]
05-01 16:12:18.834   657   746 I snet_event_log: 219044664
05-01 16:12:18.883   657   677 I commit_sys_config_file: [package-session,6]
05-01 16:12:18.921   657   710 I commit_sys_config_file: [package,27]
05-01 16:12:18.932   657   708 I commit_sys_config_file: [package-user-0,12]
05-01 16:12:18.937   657   710 I installer_clear_app_data_caller: [657,1000,com.streamfr.app,39]
05-01 16:12:18.938   657   710 I installer_clear_app_data_call_stack: [clearAppData,com.android.server.pm.Installer,Installer.java,427]
05-01 16:12:18.938   657   710 I installer_clear_app_data_call_stack: [clearAppDataLeafLIF,com.android.server.pm.AppDataHelper,AppDataHelper.java,572]
05-01 16:12:18.938   657   710 I installer_clear_app_data_call_stack: [clearAppDataLIF,com.android.server.pm.AppDataHelper,AppDataHelper.java,557]
05-01 16:12:18.938   657   710 I installer_clear_app_data_call_stack: [executePostCommitStepsLIF,com.android.server.pm.InstallPackageHelper,InstallPackageHelper.java,2544]
05-01 16:12:18.938   657   710 I installer_clear_app_data_call_stack: [installPackagesLI,com.android.server.pm.InstallPackageHelper,InstallPackageHelper.java,1139]
05-01 16:12:18.938   657   710 I installer_clear_app_data_call_stack: [installPackagesTraced,com.android.server.pm.InstallPackageHelper,InstallPackageHelper.java,990]
05-01 16:12:18.938   657   710 I installer_clear_app_data_call_stack: [installPackagesTraced,com.android.server.pm.PackageManagerService,PackageManagerService.java,8102]
05-01 16:12:18.938   657   710 I installer_clear_app_data_call_stack: [processApkInstallRequests,com.android.server.pm.InstallingSession,InstallingSession.java,547]
05-01 16:12:18.938   657   710 I installer_clear_app_data_call_stack: [processInstallRequests,com.android.server.pm.InstallingSession,InstallingSession.java,536]
05-01 16:12:18.938   657   710 I installer_clear_app_data_call_stack: [lambda$processPendingInstall$0,com.android.server.pm.InstallingSession,InstallingSession.java,297]
05-01 16:12:18.938   657   710 I installer_clear_app_data_call_stack: [$r8$lambda$3YxEVU-qWs8li-YcaWhP_DprQyQ,com.android.server.pm.InstallingSession,InstallingSession.java,0]
05-01 16:12:18.938   657   710 I installer_clear_app_data_call_stack: [run,com.android.server.pm.InstallingSession$$ExternalSyntheticLambda1,R8$$SyntheticClass,0]
05-01 16:12:18.938   657   710 I installer_clear_app_data_call_stack: [handleCallback,android.os.Handler,Handler.java,959]
05-01 16:12:18.938   657   710 I installer_clear_app_data_call_stack: [dispatchMessage,android.os.Handler,Handler.java,100]
05-01 16:12:18.938   657   710 I installer_clear_app_data_call_stack: [loopOnce,android.os.Looper,Looper.java,232]
05-01 16:12:18.938   657   710 I installer_clear_app_data_call_stack: [loop,android.os.Looper,Looper.java,317]
05-01 16:12:18.938   657   710 I installer_clear_app_data_call_stack: [run,android.os.HandlerThread,HandlerThread.java,85]
05-01 16:12:18.938   657   710 I installer_clear_app_data_call_stack: [run,com.android.server.ServiceThread,ServiceThread.java,46]
05-01 16:12:18.943   657   710 I unknown_sources_enabled: 1
05-01 16:12:18.969  1659  1659 I force_gc: bg
05-01 16:12:18.977   657   657 I force_gc: bg
05-01 16:12:18.983  6789  6789 I force_gc: bg
05-01 16:12:18.986  1073  1073 I force_gc: bg
05-01 16:12:18.999  6426  6426 I force_gc: bg
05-01 16:12:19.023  1356  1369 I jank_cuj_events_end_request: [9,1777651939023353000,24841533280929,24841533280991]
05-01 16:12:19.025   657   767 I am_unfreeze: [10365,com.android.settings,10]
05-01 16:12:19.032  1356  1356 I force_gc: bg
05-01 16:12:19.071   657   747 I wm_task_removed: [29,29,0,removeChild, last child = ActivityRecord{887fcf5 u0 com.streamfr.app/com.streamflixreborn.streamflix.activities.main.MainMobileActivity t-1 f}} in Task{b778a8a #29 type=standard A=10212:com.streamfr.app}]
05-01 16:12:19.086   657   767 I am_unfreeze: [6428,com.android.keychain,10]
05-01 16:12:19.100   657  1064 I service_manager_slow: [36,user]
05-01 16:12:19.143   657   657 I notification_cancel_all: [1000,657,com.streamfr.app,0,0,0,5,NULL]
05-01 16:12:19.173   657   657 I notification_cancel_all: [1000,657,com.streamfr.app,0,0,0,5,NULL]
05-01 16:12:19.182   657   767 I am_unfreeze: [1076,com.google.android.permissioncontroller,3]
05-01 16:12:19.199   657  1060 I am_uid_active: 10194
05-01 16:12:19.239   657   677 I commit_sys_config_file: [package-session,2]
05-01 16:12:19.246   657   746 I commit_sys_config_file: [package-session,9]
05-01 16:12:19.436   657   657 I notification_cancel_all: [1000,657,com.streamfr.app,0,0,0,5,NULL]
05-01 16:12:19.464   657   673 I wm_task_created: 30
05-01 16:12:19.467   657   673 I wm_task_moved: [30,30,0,1,2]
05-01 16:12:19.467   657   673 I wm_task_to_front: [0,30,0]
05-01 16:12:19.468   657   673 I wm_create_task: [0,30,30,0]
05-01 16:12:19.468   657   673 I wm_create_activity: [0,221199805,30,com.streamfr.app/com.streamflixreborn.streamflix.activities.main.MainMobileActivity,android.intent.action.MAIN,NULL,NULL,268435456]
05-01 16:12:19.468   657   673 I wm_task_moved: [30,30,0,1,2]
05-01 16:12:19.468   657   673 I wm_pause_activity: [0,37182453,com.google.android.apps.nexuslauncher/.NexusLauncherActivity,userLeaving=true,pauseBackTasks]
05-01 16:12:19.470  1356  1356 I wm_on_top_resumed_lost_called: [37182453,com.google.android.apps.nexuslauncher.NexusLauncherActivity,topStateChangedWhenResumed]
05-01 16:12:19.473  1356  1356 I wm_on_paused_called: [37182453,com.google.android.apps.nexuslauncher.NexusLauncherActivity,performPause,0]
05-01 16:12:19.480   657  1298 I wm_add_to_stopping: [0,37182453,com.google.android.apps.nexuslauncher/.NexusLauncherActivity,makeInvisible]
05-01 16:12:19.481   657   675 I sysui_multi_action: [757,803,799,window_time_0,802,1317]
05-01 16:12:19.484   657   678 I am_uid_running: 10212
05-01 16:12:19.499   657   767 I am_unfreeze: [26841,com.android.vending:background,3]
05-01 16:12:19.512   657  1298 I am_uid_active: 10143
05-01 16:12:19.513   657   777 I input_focus: [Focus leaving e37313d com.google.android.apps.nexuslauncher/com.google.android.apps.nexuslauncher.NexusLauncherActivity (server),reason=NO_WINDOW]
05-01 16:12:19.567   657   673 I sysui_multi_action: [757,1721,758,4,908,com.google.android.as/com.google.android.apps.miphone.aiai.app.AiAiAugmentedAutofillService,1722,3]
05-01 16:12:19.587   657   767 I am_unfreeze: [26844,com.android.vending,3]
05-01 16:12:19.638   657  1250 I sysui_multi_action: [757,1721,758,4,908,com.google.android.as/com.google.android.apps.miphone.aiai.app.AiAiAugmentedAutofillService,1722,3]
05-01 16:12:19.656   657   688 I am_proc_start: [0,28782,10212,com.streamfr.app,next-top-activity,{com.streamfr.app/com.streamflixreborn.streamflix.activities.main.MainMobileActivity}]
05-01 16:12:19.663  1073  1189 I viewroot_draw_event: [VRI[app],reportDrawFinished seqId=0]
05-01 16:12:19.667   657  2587 I sysui_multi_action: [757,1721,758,4,908,com.google.android.as/com.google.android.apps.miphone.aiai.app.AiAiAugmentedAutofillService,1722,3]
05-01 16:12:19.668   657  2587 I cc_current_allowlist: [0,17]
05-01 16:12:19.668   657  2587 I cc_set_allowlist: [0,17,0]
05-01 16:12:19.668   657  2587 I cc_current_allowlist: [0,17]
05-01 16:12:19.668   657  2587 I cc_update_options: [0,0]
05-01 16:12:19.698   657  2331 I am_proc_bound: [0,28782,com.streamfr.app]
05-01 16:12:19.702   657  2331 I am_uid_active: 10212
05-01 16:12:19.704   657   767 I am_unfreeze: [6452,com.google.android.gms,6]
05-01 16:12:19.724   657  1250 I cc_current_allowlist: [0,17]
05-01 16:12:19.724   657  1250 I cc_set_allowlist: [0,17,0]
05-01 16:12:19.724   657  1250 I cc_current_allowlist: [0,17]
05-01 16:12:19.724   657  1250 I cc_update_options: [0,0]
05-01 16:12:19.724   657  1250 I cc_current_allowlist: [0,17]
05-01 16:12:19.724   657  1250 I cc_set_allowlist: [0,17,0]
05-01 16:12:19.724   657  1250 I cc_current_allowlist: [0,17]
05-01 16:12:19.724   657  1250 I cc_update_options: [0,0]
05-01 16:12:19.736   657  2492 I cc_current_allowlist: [0,17]
05-01 16:12:19.736   657  2492 I cc_set_allowlist: [0,17,0]
05-01 16:12:19.736   657  2492 I cc_current_allowlist: [0,17]
05-01 16:12:19.736   657  2492 I cc_update_options: [0,0]
05-01 16:12:19.737   657  2492 I cc_current_allowlist: [0,17]
05-01 16:12:19.737   657  2492 I cc_set_allowlist: [0,17,0]
05-01 16:12:19.737   657  2492 I cc_current_allowlist: [0,17]
05-01 16:12:19.737   657  2492 I cc_update_options: [0,0]
05-01 16:12:19.741   657  2589 I cc_current_allowlist: [0,17]
05-01 16:12:19.743   657  2589 I cc_set_allowlist: [0,17,0]
05-01 16:12:19.743   657  2589 I cc_current_allowlist: [0,17]
05-01 16:12:19.743   657  2589 I cc_update_options: [0,0]
05-01 16:12:19.747   657  2589 I cc_current_allowlist: [0,17]
05-01 16:12:19.747   657  2589 I cc_set_allowlist: [0,17,0]
05-01 16:12:19.747   657  2589 I cc_current_allowlist: [0,17]
05-01 16:12:19.747   657  2589 I cc_update_options: [0,0]
05-01 16:12:19.753   657  2589 I cc_current_allowlist: [0,17]
05-01 16:12:19.753   657  2589 I cc_set_allowlist: [0,17,0]
05-01 16:12:19.753   657  2589 I cc_current_allowlist: [0,17]
05-01 16:12:19.753   657  2589 I cc_update_options: [0,0]
05-01 16:12:19.757   657  2589 I cc_current_allowlist: [0,17]
05-01 16:12:19.757   657  2589 I cc_set_allowlist: [0,17,0]
05-01 16:12:19.757   657  2589 I cc_current_allowlist: [0,17]
05-01 16:12:19.757   657  2589 I cc_update_options: [0,0]
05-01 16:12:20.036  1356  1356 I viewroot_draw_event: [VRI[NexusLauncherActivity],Not drawing due to not visible. Reason=!mAppVisible && !mForceDecorViewVisibility]
05-01 16:12:20.041   657   679 I wm_wallpaper_surface: [0,0,null]
05-01 16:12:20.673   657  2492 I wm_restart_activity: [0,221199805,30,com.streamfr.app/com.streamflixreborn.streamflix.activities.main.MainMobileActivity]
05-01 16:12:20.674   657  2492 I wm_set_resumed_activity: [0,com.streamfr.app/com.streamflixreborn.streamflix.activities.main.MainMobileActivity,realStartActivityLocked - onActivityStateChanged]
05-01 16:12:20.960 28782 28782 I wm_on_create_called: [221199805,com.streamflixreborn.streamflix.activities.main.MainMobileActivity,performCreate,240]
05-01 16:12:21.232 28782 28782 I wm_on_start_called: [221199805,com.streamflixreborn.streamflix.activities.main.MainMobileActivity,handleStartActivity,271]
05-01 16:12:21.244 28782 28782 I wm_on_resume_called: [221199805,com.streamflixreborn.streamflix.activities.main.MainMobileActivity,RESUME_ACTIVITY,1]
05-01 16:12:21.273 28782 28782 I wm_on_top_resumed_gained_called: [221199805,com.streamflixreborn.streamflix.activities.main.MainMobileActivity,topStateChangedWhenResumed]
05-01 16:12:21.333   657   679 I input_focus: [Focus request 403febc com.streamfr.app/com.streamflixreborn.streamflix.activities.main.MainMobileActivity,reason=UpdateInputWindows]
05-01 16:12:21.584 28782 28782 I viewroot_draw_event: [VRI[MainMobileActivity],reportDrawFinished seqId=0]
05-01 16:12:21.603  1073  1159 I jank_cuj_events_begin_request: [39,1777651941603461000,24844113389205,24844113389438,]
05-01 16:12:21.613   657   675 I sysui_multi_action: [319,207,321,204,322,2137,325,24841,757,761,758,7,759,1,806,com.streamfr.app,871,com.streamflixreborn.streamflix.activities.main.MainMobileActivity,904,com.android.shell,905,0,945,243,1320,12,1321,1]
05-01 16:12:21.624   657   675 I wm_activity_launch_time: [0,221199805,com.streamfr.app/com.streamflixreborn.streamflix.activities.main.MainMobileActivity,2137]
05-01 16:12:21.650   657   777 I input_focus: [Focus entering 403febc com.streamfr.app/com.streamflixreborn.streamflix.activities.main.MainMobileActivity (server),reason=Window became focusable. Previous reason: NOT_VISIBLE]
05-01 16:12:21.975  1073  1159 I jank_cuj_events_end_request: [39,1777651941975107000,24844485035373,24844485035416]
05-01 16:12:21.987  1073  1189 I viewroot_draw_event: [VRI[app],Not drawing due to not visible. Reason=View.GONE]
05-01 16:12:22.004   657   678 I wm_stop_activity: [0,37182453,com.google.android.apps.nexuslauncher/.NexusLauncherActivity]
05-01 16:12:22.013  1356  1356 I wm_on_stop_called: [37182453,com.google.android.apps.nexuslauncher.NexusLauncherActivity,STOP_ACTIVITY_ITEM,3]
05-01 16:12:27.851   657   708 I commit_sys_config_file: [package-user-0,12]
05-01 16:12:29.837   657   767 I am_freeze: [26841,com.android.vending:background]
05-01 16:12:29.840   657   767 I am_freeze: [26844,com.android.vending]
05-01 16:12:29.864   657   767 I am_compact: [26841,com.android.vending:background,ANON,95880,67096,27632,35160,-12800,-1920,-10880,10880,24,FULL,23531399,905,19,159940,-4368]
05-01 16:12:29.899   657   767 I am_compact: [26844,com.android.vending,ANON,107480,69844,35472,37068,-20864,-2432,-18432,18560,34,FULL,23556442,915,19,164308,-7228]
05-01 16:12:32.046   657   767 I am_freeze: [16416,com.google.android.googlequicksearchbox:search]
05-01 16:12:32.088   657   767 I am_compact: [16416,com.google.android.googlequicksearchbox:search,ANON,104216,66284,36012,45348,-20096,0,-20096,19968,42,FULL,23535966,905,19,171536,-7824]
05-01 16:12:42.124   657   767 I am_freeze: [1076,com.google.android.permissioncontroller]
05-01 16:12:44.093   657   982 I service_manager_stats: [100,99,43820]
05-01 16:12:44.597   657   767 I am_unfreeze: [26844,com.android.vending,6]
05-01 16:12:44.613   657   767 I am_unfreeze: [26841,com.android.vending:background,6]
05-01 16:12:45.188   657   767 I am_freeze: [6452,com.google.android.gms]
05-01 16:12:45.255   657   767 I am_compact: [6452,com.google.android.gms,ANON,126592,70936,53224,43516,-47232,-10112,-37120,36992,65,FULL,24584063,905,19,175832,-11040]
05-01 16:12:50.135   657   767 I am_unfreeze: [6452,com.google.android.gms,10]
05-01 16:12:50.137   657   767 I am_unfreeze: [12063,com.google.android.gms.unstable,10]
05-01 16:12:54.744   657   767 I am_freeze: [26844,com.android.vending]
05-01 16:12:54.744   657   767 I am_freeze: [26841,com.android.vending:background]
05-01 16:12:54.776   657   767 I am_compact: [26844,com.android.vending,ANON,110340,73428,34748,38168,-23424,-5888,-17536,17408,32,FULL,24852409,905,19,186808,-5384]
05-01 16:12:59.020   657   767 I am_freeze: [10365,com.android.settings]
05-01 16:12:59.029   657   767 I am_freeze: [6428,com.android.keychain]
05-01 16:13:06.479   657  1000 I storage_state: [41217664-9172-527a-b3d5-edabb50a7d69,0,0,4467462144,6228115456]
05-01 16:13:20.160   657   767 I am_freeze: [12063,com.google.android.gms.unstable]
05-01 16:13:26.005   657   687 I am_uid_idle: 10143
05-01 16:13:30.016   657   767 I am_freeze: [6452,com.google.android.gms]
05-01 16:13:32.111   657   687 I am_uid_idle: 10194
05-01 16:13:38.191   657   982 I service_manager_stats: [100,23,54098]
05-01 16:13:40.284   657   687 I am_cpu  : [2,0,kthreadd,5122772,0,10]
05-01 16:13:40.284   657   687 I am_cpu  : [11,0,kworker/u8:1,1200128,0,20]
05-01 16:13:40.284   657   687 I am_cpu  : [15,0,ksoftirqd/0,300020,0,130]
05-01 16:13:40.284   657   687 I am_cpu  : [16,0,rcu_preempt,300020,0,30]
05-01 16:13:40.284   657   687 I am_cpu  : [26,0,ksoftirqd/1,1200128,0,10]
05-01 16:13:40.284   657   687 I am_cpu  : [38,0,ksoftirqd/3,900076,0,10]
05-01 16:13:40.284   657   687 I am_cpu  : [51,0,kcompactd0,300019,0,30]
05-01 16:13:40.284   657   687 I am_cpu  : [61,0,kswapd0,300019,0,130]
05-01 16:13:40.284   657   687 I am_cpu  : [67,0,erofs_worker/0,600028,0,10]
05-01 16:13:40.284   657   687 I am_cpu  : [165,1036,logd,300017,10,310]
05-01 16:13:40.284   657   687 I am_cpu  : [167,1000,servicemanager,300017,20,30]
05-01 16:13:40.284   657   687 I am_cpu  : [228,0,jbd2/dm-46-8,300018,0,20]
05-01 16:13:40.284   657   687 I am_cpu  : [380,0,dhcpclient,900076,0,10]
05-01 16:13:40.284   657   687 I am_cpu  : [385,1066,binder:385_2,600026,10,10]
05-01 16:13:40.284   657   687 I am_cpu  : [386,0,binder:386_4,300017,0,50]
05-01 16:13:40.284   657   687 I am_cpu  : [395,1041,binder:395_2,300016,10,70]
05-01 16:13:40.284   657   687 I am_cpu  : [400,1000,allocator@3.0-s,1200126,0,540]
05-01 16:13:40.284   657   687 I am_cpu  : [407,1000,android.hardwar,300016,0,1730]
05-01 16:13:40.284   657   687 I am_cpu  : [413,1000,binder:413_2,300017,50,5890]
05-01 16:13:40.284   657   687 I am_cpu  : [446,1041,audioserver,1200126,10,0]
05-01 16:13:40.284   657   687 I am_cpu  : [456,1000,surfaceflinger,300017,310,1940]
05-01 16:13:40.284   657   687 I am_cpu  : [493,1013,mediaserver,20401765,0,10]
05-01 16:13:40.284   657   687 I am_cpu  : [504,1010,wificond,300017,0,10]
05-01 16:13:40.284   657   687 I am_cpu  : [509,1001,libgoldfish-ril,300017,0,10]
05-01 16:13:40.284   657   687 I am_cpu  : [657,1000,system_server,300017,1520,3570]
05-01 16:13:40.284   657   687 I am_cpu  : [800,1082,binder:800_2,300017,170,400]
05-01 16:13:40.284   657   687 I am_cpu  : [1034,1000,binder:1034_2,300016,10,10]
05-01 16:13:40.284   657   687 I am_cpu  : [1073,10181,ndroid.systemui,300016,140,350]
05-01 16:13:40.284   657   687 I am_cpu  : [1076,10194,ssioncontroller,1200126,10,20]
05-01 16:13:40.284   657   687 I am_cpu  : [1164,1073,rkstack.process,300016,40,40]
05-01 16:13:40.284   657   687 I am_cpu  : [1208,1002,droid.bluetooth,1200126,0,10]
05-01 16:13:40.284   657   687 I am_cpu  : [1226,1001,m.android.phone,300017,40,80]
05-01 16:13:40.284   657   687 I am_cpu  : [1356,10176,s.nexuslauncher,900077,160,830]
05-01 16:13:40.284   657   687 I am_cpu  : [1659,10134,ogle.android.as,300017,50,50]
05-01 16:13:40.284   657   687 I am_cpu  : [1683,10145,hbox:interactor,300017,0,30]
05-01 16:13:40.284   657   687 I am_cpu  : [1835,1010,wpa_supplicant,300017,30,0]
05-01 16:13:40.284   657   687 I am_cpu  : [2148,2000,adbd,300017,130,520]
05-01 16:13:40.284   657   687 I am_cpu  : [4892,10141,s.messaging:rcs,300017,10,20]
05-01 16:13:40.284   657   687 I am_cpu  : [4902,10204,id.ext.services,1522767,0,10]
05-01 16:13:40.284   657   687 I am_cpu  : [6426,10144,.gms.persistent,300017,120,80]
05-01 16:13:40.284   657   687 I am_cpu  : [6452,10144,gle.android.gms,600027,130,180]
05-01 16:13:40.284   657   687 I am_cpu  : [6488,10141,.apps.messaging,300017,10,20]
05-01 16:13:40.284   657   687 I am_cpu  : [6789,10143,.apps.wellbeing,1200126,110,180]
05-01 16:13:40.284   657   687 I am_cpu  : [7134,10157,putmethod.latin,300017,0,20]
05-01 16:13:40.284   657   687 I am_cpu  : [7315,0,psimon,2100256,10,0]
05-01 16:13:40.284   657   687 I am_cpu  : [10365,1000,ndroid.settings,600027,0,10]
05-01 16:13:40.284   657   687 I am_cpu  : [12063,10144,id.gms.unstable,300017,0,10]
05-01 16:13:40.284   657   687 I am_cpu  : [14150,0,kworker/0:2H,600027,0,20]
05-01 16:13:40.284   657   687 I am_cpu  : [16416,10145,earchbox:search,1200126,30,60]
05-01 16:13:40.284   657   687 I am_cpu  : [26328,0,kworker/u11:1-events_unbound,300017,0,70]
05-01 16:13:40.284   657   687 I am_cpu  : [26334,0,kworker/0:1-events,300017,0,330]
05-01 16:13:40.284   657   687 I am_cpu  : [26535,0,kworker/u9:0-events_unbound,600027,0,10]
05-01 16:13:40.284   657   687 I am_cpu  : [26567,0,kworker/3:2-virtio_vsock,300017,0,270]
05-01 16:13:40.284   657   687 I am_cpu  : [26839,0,kworker/u12:3-writeback,300017,0,10]
05-01 16:13:40.284   657   687 I am_cpu  : [26841,10142,ding:background,1200126,70,60]
05-01 16:13:40.284   657   687 I am_cpu  : [26844,10142,android.vending,1200126,110,180]
05-01 16:13:40.284   657   687 I am_cpu  : [27112,0,kworker/u11:0-loop25,300017,0,140]
05-01 16:13:40.284   657   687 I am_cpu  : [27396,0,kworker/u10:1-events_unbound,300017,0,170]
05-01 16:13:40.284   657   687 I am_cpu  : [27422,0,kworker/u9:3-events_unbound,300017,0,180]
05-01 16:13:40.284   657   687 I am_cpu  : [27674,0,kworker/1:0H-kverityd,300017,0,30]
05-01 16:13:40.284   657   687 I am_cpu  : [27752,0,kworker/3:2H-kblockd,900076,0,20]
05-01 16:13:40.284   657   687 I am_cpu  : [27775,0,kworker/u9:1-events_unbound,300017,0,250]
05-01 16:13:40.284   657   687 I am_cpu  : [27776,0,kworker/u12:2,300017,0,150]
05-01 16:13:40.284   657   687 I am_cpu  : [27780,0,kworker/2:4H-kblockd,900076,0,10]
05-01 16:13:40.284   657   687 I am_cpu  : [27855,0,kworker/u17:4-fscrypt_read_queue,1522766,0,10]
05-01 16:13:40.284   657   687 I am_cpu  : [27860,0,kworker/u10:2-events_unbound,300017,0,70]
05-01 16:13:40.284   657   687 I am_cpu  : [27901,0,kworker/2:1-virtio_vsock,300017,0,970]
05-01 16:13:40.284   657   687 I am_cpu  : [28161,2000,process-tracker,300016,40,210]
05-01 16:13:40.284   657   687 I am_cpu  : [28178,2000,logcat,300016,0,60]
05-01 16:13:40.284   657   687 I am_cpu  : [28180,2000,logcat,300016,10,60]
05-01 16:13:40.284   657   687 I am_cpu  : [28207,0,kworker/1:1-virtio_vsock,300016,0,140]
05-01 16:13:40.284   657   687 I am_cpu  : [28582,0,kworker/u10:0-events_unbound,300016,0,200]
05-01 16:13:40.284   657   687 I am_cpu  : [28583,0,kworker/2:3-virtio_vsock,300016,0,740]
05-01 16:13:40.284   657   687 I am_cpu  : [28702,0,kworker/2:0-virtio_vsock,0,0,0]
05-01 16:13:40.284   657   687 I am_cpu  : [28741,2000,sh,0,0,0]
05-01 16:13:40.284   657   687 I am_cpu  : [28743,2000,installer,0,0,0]
05-01 16:13:40.284   657   687 I am_cpu  : [28751,0,kworker/u16:0-fscrypt_read_queue,0,0,0]
05-01 16:13:40.284   657   687 I am_cpu  : [28752,0,kworker/u17:1-fscrypt_read_queue,0,0,0]
05-01 16:13:40.284   657   687 I am_cpu  : [28753,0,kworker/u12:0-events_unbound,0,0,0]
05-01 16:13:40.285   657   687 I am_cpu  : [28763,0,kworker/u15:0-fscrypt_read_queue,0,0,0]
05-01 16:13:40.285   657   687 I am_cpu  : [28764,0,kworker/u14:0-fscrypt_read_queue,0,0,0]
05-01 16:13:40.285   657   687 I am_cpu  : [28766,0,kworker/u17:2-fscrypt_read_queue,0,0,0]
05-01 16:13:40.285   657   687 I am_cpu  : [28769,0,kworker/u14:3-fscrypt_read_queue,0,0,0]
05-01 16:13:40.285   657   687 I am_cpu  : [28782,10212,om.streamfr.app,0,0,0]
05-01 16:13:40.285   657   687 I am_cpu  : [28839,0,kworker/u15:1-fscrypt_read_queue,0,0,0]
05-01 16:13:40.285   657   687 I am_cpu  : [28862,0,kworker/0:1H,0,0,0]
05-01 16:13:40.285   657   687 I am_cpu  : [28863,0,kworker/0:3H-kverityd,0,0,0]
05-01 16:13:40.285   657   687 I am_cpu  : [28876,0,kworker/u9:2,0,0,0]
05-01 16:13:40.285   657   687 I am_cpu  : [28877,0,kworker/u14:4-fscrypt_read_queue,0,0,0]
05-01 16:13:40.285   657   687 I am_cpu  : [28937,0,kworker/u17:3-blk_crypto_wq,0,0,0]
05-01 16:14:09.178   657   767 I am_unfreeze: [12063,com.google.android.gms.unstable,6]
05-01 16:14:09.202 12063 12063 I auditd  : type=1400 audit(0.0:369): avc:  denied  { read } for  comm="binder:12063_1" name="u:object_r:system_adbd_prop:s0" dev="tmpfs" ino=314 scontext=u:r:gmscore_app:s0:c512,c768 tcontext=u:object_r:system_adbd_prop:s0 tclass=file permissive=0 app=com.google.android.gms
05-01 16:14:09.202 12063 12063 I auditd  : type=1400 audit(0.0:370): avc:  denied  { read } for  comm="binder:12063_1" name="u:object_r:adbd_prop:s0" dev="tmpfs" ino=59 scontext=u:r:gmscore_app:s0:c512,c768 tcontext=u:object_r:adbd_prop:s0 tclass=file permissive=0 app=com.google.android.gms
05-01 16:14:19.411   657  2492 I am_uid_running: 10129
05-01 16:14:19.419   657   688 I am_proc_start: [0,29024,10129,com.google.android.as.oss,service,{com.google.android.as.oss/com.google.android.apps.miphone.astrea.grpc.AstreaGrpcService}]
05-01 16:14:19.477   657  1250 I am_proc_bound: [0,29024,com.google.android.as.oss]
05-01 16:14:19.543   657  2492 I am_uid_active: 10129
05-01 16:14:21.553   657   677 I commit_sys_config_file: [jobs,6]
05-01 16:14:24.300   657   767 I am_freeze: [12063,com.google.android.gms.unstable]
05-01 16:14:24.333   657   767 I am_compact: [12063,com.google.android.gms.unstable,ANON,82412,46500,35272,41468,-19968,-256,-19712,19712,33,FULL,24584042,905,19,179588,-8116]
05-01 16:14:35.304   657   982 I service_manager_stats: [100,20,57113]
05-01 16:15:21.117   657   777 I input_interaction: Interaction with: 403febc com.streamfr.app/com.streamflixreborn.streamflix.activities.main.MainMobileActivity (server), [Gesture Monitor] swipe-up (server), [Gesture Monitor] edge-swipe (server), PointerEventDispatcher0 (server), 
05-01 16:15:33.303   657  2492 I wm_finish_activity: [0,221199805,30,com.streamfr.app/com.streamflixreborn.streamflix.activities.main.MainMobileActivity,clear-task-all]
05-01 16:15:33.303   657  2492 I wm_pause_activity: [0,221199805,com.streamfr.app/com.streamflixreborn.streamflix.activities.main.MainMobileActivity,userLeaving=false,finish]
05-01 16:15:33.305   657  2492 I wm_task_moved: [30,30,0,1,2]
05-01 16:15:33.305   657  2492 I wm_create_activity: [0,157007400,30,com.streamfr.app/com.streamflixreborn.streamflix.activities.main.MainMobileActivity,NULL,NULL,NULL,268468224]
05-01 16:15:33.314 28782 28782 I wm_on_top_resumed_lost_called: [221199805,com.streamflixreborn.streamflix.activities.main.MainMobileActivity,topStateChangedWhenResumed]
05-01 16:15:33.315 28782 28782 I wm_on_paused_called: [221199805,com.streamflixreborn.streamflix.activities.main.MainMobileActivity,performPause,1]
05-01 16:15:33.315   657  2492 I wm_add_to_stopping: [0,221199805,com.streamfr.app/com.streamflixreborn.streamflix.activities.main.MainMobileActivity,completeFinishing]
05-01 16:15:33.316   657  2492 I wm_restart_activity: [0,157007400,30,com.streamfr.app/com.streamflixreborn.streamflix.activities.main.MainMobileActivity]
05-01 16:15:33.319   657  2492 I wm_set_resumed_activity: [0,com.streamfr.app/com.streamflixreborn.streamflix.activities.main.MainMobileActivity,realStartActivityLocked - onActivityStateChanged]
05-01 16:15:33.320   657   686 I am_pss  : [28782,10212,com.streamfr.app,0,0,0,336392192,0,2,1]
05-01 16:15:33.320   657   675 I sysui_multi_action: [757,803,799,window_time_0,802,194]
05-01 16:15:33.332   657   777 I input_focus: [Focus leaving 403febc com.streamfr.app/com.streamflixreborn.streamflix.activities.main.MainMobileActivity (server),reason=NO_WINDOW]
05-01 16:15:33.368   657  1118 I service_manager_stats: [100,23,58063]
05-01 16:15:33.418 28782 28782 I wm_on_create_called: [157007400,com.streamflixreborn.streamflix.activities.main.MainMobileActivity,performCreate,72]
05-01 16:15:33.435  1073  1189 I viewroot_draw_event: [VRI[app],reportDrawFinished seqId=0]
05-01 16:15:33.520 28782 28782 I wm_on_start_called: [157007400,com.streamflixreborn.streamflix.activities.main.MainMobileActivity,handleStartActivity,101]
05-01 16:15:33.529 28782 28782 I wm_on_resume_called: [157007400,com.streamflixreborn.streamflix.activities.main.MainMobileActivity,RESUME_ACTIVITY,0]
05-01 16:15:33.581 28782 28782 I wm_on_top_resumed_gained_called: [157007400,com.streamflixreborn.streamflix.activities.main.MainMobileActivity,topStateChangedWhenResumed]
05-01 16:15:33.623   657   679 I input_focus: [Focus request fc693c6 com.streamfr.app/com.streamflixreborn.streamflix.activities.main.MainMobileActivity,reason=UpdateInputWindows]
05-01 16:15:33.707 28782 28782 I viewroot_draw_event: [VRI[MainMobileActivity],reportDrawFinished seqId=0]
05-01 16:15:33.714   657   675 I wm_activity_launch_time: [0,157007400,com.streamfr.app/com.streamflixreborn.streamflix.activities.main.MainMobileActivity,414]
05-01 16:15:33.742  1073  1159 I jank_cuj_events_begin_request: [39,1777652133742458000,25036252386069,25036252386108,]
05-01 16:15:33.767   657   777 I input_focus: [Focus entering fc693c6 com.streamfr.app/com.streamflixreborn.streamflix.activities.main.MainMobileActivity (server),reason=Window became focusable. Previous reason: NOT_VISIBLE]
05-01 16:15:34.018  1073  1159 I jank_cuj_events_end_request: [39,1777652134018664000,25036528591974,25036528592011]
05-01 16:15:34.020  1073  1189 I viewroot_draw_event: [VRI[app],Not drawing due to not visible. Reason=View.GONE]
05-01 16:15:34.021   657   678 I am_kill : [0,10568,com.google.android.documentsui,985,empty #17,48280]
05-01 16:15:34.046   657  2589 I am_proc_died: [0,10568,com.google.android.documentsui,985,19]
05-01 16:15:34.048   657  2589 I am_uid_stopped: 10098
05-01 16:15:34.135   657   678 I wm_destroy_activity: [0,221199805,30,com.streamfr.app/com.streamflixreborn.streamflix.activities.main.MainMobileActivity,finish-imm:idle]
05-01 16:15:34.148 28782 28782 I wm_on_stop_called: [221199805,com.streamflixreborn.streamflix.activities.main.MainMobileActivity,LIFECYCLER_STOP_ACTIVITY,5]
05-01 16:15:34.166 28782 28782 I wm_on_destroy_called: [221199805,com.streamflixreborn.streamflix.activities.main.MainMobileActivity,performDestroy,17]
05-01 16:15:34.416   657  1060 I am_uid_active: 10194
05-01 16:15:34.417   657   767 I am_unfreeze: [1076,com.google.android.permissioncontroller,6]
05-01 16:15:34.698   657   767 I am_freeze: [29024,com.google.android.as.oss]
05-01 16:15:34.715   657   767 I am_compact: [29024,com.google.android.as.oss,ANON,81544,59148,21884,31980,-5760,0,-5760,5632,14,SOME,0,905,19,182868,-1900]
05-01 16:15:34.916   657   767 I am_unfreeze: [6452,com.google.android.gms,6]
05-01 16:15:38.077   657   777 I input_interaction: Interaction with: fc693c6 com.streamfr.app/com.streamflixreborn.streamflix.activities.main.MainMobileActivity (server), [Gesture Monitor] swipe-up (server), [Gesture Monitor] edge-swipe (server), PointerEventDispatcher0 (server), 
05-01 16:15:43.481   657   708 I commit_sys_config_file: [package-user-0,26]
05-01 16:15:44.061   657   767 I am_freeze: [6488,com.google.android.apps.messaging]
05-01 16:15:44.063   657   767 I am_freeze: [6789,com.google.android.apps.wellbeing]
05-01 16:15:44.118   657   767 I am_compact: [6488,com.google.android.apps.messaging,ANON,119892,68012,49576,46908,-33664,0,-33664,33664,55,FULL,23530555,905,19,184708,-11828]
05-01 16:15:44.147   657   767 I am_compact: [6789,com.google.android.apps.wellbeing,ANON,74372,38840,34252,34244,-18432,0,-18432,18432,29,FULL,3920664,945,19,196536,-6500]
05-01 16:15:47.453   657   767 I am_unfreeze: [6488,com.google.android.apps.messaging,7]
05-01 16:15:51.948   657   767 I am_freeze: [6452,com.google.android.gms]
05-01 16:15:51.964   657   767 I am_compact: [6452,com.google.android.gms,ANON,86016,61336,22248,74492,-6528,-256,-6272,6272,16,FULL,24867764,905,19,202216,-236]
05-01 16:15:54.445   657   767 I am_freeze: [1076,com.google.android.permissioncontroller]
05-01 16:15:54.459   657   767 I am_compact: [1076,com.google.android.permissioncontroller,ANON,53996,32344,21012,35968,-8704,-2688,-6016,6016,14,FULL,23546129,905,19,202452,-460]
05-01 16:15:56.622   657   686 I am_pss  : [28782,10212,com.streamfr.app,0,0,0,444723200,0,2,1]
05-01 16:15:56.667   657  2535 I wm_set_requested_orientation: [6,com.streamfr.app/com.streamflixreborn.streamflix.activities.main.MainMobileActivity]
05-01 16:15:56.671 28782 29211 I jank_cuj_events_begin_request: [81,1777652156669826000,25059179810417,25059179811145,1@0@com.streamfr.app]
05-01 16:15:56.681   657  2535 I configuration_changed: 536872064
05-01 16:15:56.789   657  2535 I sysui_multi_action: [757,1659,758,4,759,2,1660,0]
05-01 16:15:56.884   657  2589 I am_wtf  : [0,1164,com.android.networkstack.process,680050253,SystemServiceRegistry,No service published for: ethernet]
05-01 16:15:56.907   657  1066 I commit_sys_config_file: [input-subtypes,26]
05-01 16:15:56.999 28782 28782 I viewroot_draw_event: [VRI[MainMobileActivity],reportDrawFinished seqId=0]
05-01 16:15:57.078   657   777 I input_focus: [Focus leaving fc693c6 com.streamfr.app/com.streamflixreborn.streamflix.activities.main.MainMobileActivity (server),reason=NOT_VISIBLE]
05-01 16:15:57.093  1356  1356 I viewroot_draw_event: [VRI[Taskbar],reportDrawFinished seqId=10]
05-01 16:15:57.104  1356  1788 I viewroot_draw_event: [VRI[Taskbar],Transaction not synced due to no frame drawn]
05-01 16:15:57.123   657   687 I am_wtf  : [0,657,system_server,-1,JobScheduler.JobStatus,App com.google.android.inputmethod.latin became active but still in NEVER bucket]
05-01 16:15:57.193   657   777 I input_focus: [Focus entering fc693c6 com.streamfr.app/com.streamflixreborn.streamflix.activities.main.MainMobileActivity (server),reason=Window became focusable. Previous reason: NOT_VISIBLE]
05-01 16:15:57.219  1073  1355 I viewroot_draw_event: [VRI[ScreenDecorOverlay],reportDrawFinished seqId=12]
05-01 16:15:57.230 28782 29211 I jank_cuj_events_end_request: [81,1777652157227743000,25059737672707,25059737672904]
05-01 16:15:57.256  1073  1355 I viewroot_draw_event: [VRI[ScreenDecorOverlayBottom],reportDrawFinished seqId=12]
05-01 16:15:57.293  1073  1355 I viewroot_draw_event: [VRI[ScreenDecorOverlay],reportDrawFinished seqId=12]
05-01 16:15:57.322  1073  1355 I viewroot_draw_event: [VRI[ScreenDecorOverlayBottom],reportDrawFinished seqId=12]
05-01 16:15:57.338  1073  1355 I viewroot_draw_event: [VRI[ScreenDecorOverlay],reportDrawFinished seqId=12]
05-01 16:15:57.355  1073  1355 I viewroot_draw_event: [VRI[ScreenDecorOverlayBottom],reportDrawFinished seqId=12]
05-01 16:16:04.482   657   979 I netstats_mobile_sample: [17335,17886,102,74,29384,10652,136,54,1777652165644]
05-01 16:16:04.482   657   979 I netstats_wifi_sample: [610828509,8184080,451893,103036,610692425,8157780,451502,102915,1777652165644]
05-01 16:16:04.577   657   979 I netstats_mobile_sample: [17335,17886,102,74,29384,10652,136,54,1777652165739]
05-01 16:16:04.577   657   979 I netstats_wifi_sample: [611293229,8186840,452207,103105,611137905,8160180,451803,102975,1777652165739]
05-01 16:16:05.920   657   979 I netstats_mobile_sample: [17335,17886,102,74,29384,10652,136,54,1777652167082]
05-01 16:16:05.920   657   979 I netstats_wifi_sample: [615013338,8203080,454723,103511,614979374,8177260,454401,103402,1777652167082]
05-01 16:16:05.921   657   980 I service_manager_stats: [100,42,32554]
05-01 16:16:09.744   657   979 I netstats_mobile_sample: [17335,17886,102,74,29384,10652,136,54,1777652170906]
05-01 16:16:09.744   657   979 I netstats_wifi_sample: [617435930,8216000,456363,103834,617401966,8190180,456041,103725,1777652170906]
05-01 16:16:14.639   657   979 I netstats_mobile_sample: [17335,17886,102,74,29384,10652,136,54,1777652175801]
05-01 16:16:14.639   657   979 I netstats_wifi_sample: [620491250,8237920,458431,104382,620457286,8212100,458109,104273,1777652175801]
05-01 16:16:18.843   657   979 I netstats_mobile_sample: [17335,17886,102,74,29384,10652,136,54,1777652180005]
05-01 16:16:18.843   657   979 I netstats_wifi_sample: [623721306,8257000,460616,104859,623664286,8231140,460278,104749,1777652180005]
05-01 16:16:24.636   657   979 I netstats_mobile_sample: [17335,17886,102,74,29384,10652,136,54,1777652185797]
05-01 16:16:24.636   657   979 I netstats_wifi_sample: [627132766,8278480,462925,105396,627098802,8252660,462603,105287,1777652185797]
05-01 16:16:24.715   657   687 I am_uid_idle: 10129
05-01 16:16:29.687   657   979 I netstats_mobile_sample: [17335,17886,102,74,29384,10652,136,54,1777652190849]
05-01 16:16:29.687   657   979 I netstats_wifi_sample: [630093694,8299560,464929,105923,630059730,8273740,464607,105814,1777652190849]
05-01 16:16:33.864   657   979 I netstats_mobile_sample: [17335,17886,102,74,29384,10652,136,54,1777652195026]
05-01 16:16:33.865   657   979 I netstats_wifi_sample: [633407646,8320800,467174,106454,633252322,8293940,466770,106319,1777652195026]
05-01 16:16:36.876   657   979 I netstats_mobile_sample: [17335,17886,102,74,29384,10652,136,54,1777652198038]
05-01 16:16:36.877   657   979 I netstats_wifi_sample: [636572046,8338720,469316,106902,636538082,8312900,468994,106793,1777652198038]
05-01 16:16:41.914   657   979 I netstats_mobile_sample: [17335,17886,102,74,29384,10652,136,54,1777652203076]
05-01 16:16:41.914   657   979 I netstats_wifi_sample: [639778054,8359800,471485,107429,639744090,8333980,471163,107320,1777652203076]
05-01 16:16:41.914   657   980 I service_manager_stats: [100,49,35993]
05-01 16:16:44.441   657   687 I am_uid_idle: 10194
05-01 16:16:46.887   657   979 I netstats_mobile_sample: [17335,17886,102,74,29384,10652,136,54,1777652208049]
05-01 16:16:46.887   657   979 I netstats_wifi_sample: [643277318,8382840,473853,108005,643243354,8357020,473531,107896,1777652208049]
05-01 16:16:52.714   657   979 I netstats_mobile_sample: [17335,17886,102,74,29384,10652,136,54,1777652213876]
05-01 16:16:52.714   657   979 I netstats_wifi_sample: [646341046,8405360,475929,108568,646307082,8379540,475607,108459,1777652213876]
05-01 16:16:56.833   657   979 I netstats_mobile_sample: [17335,17886,102,74,29384,10652,136,54,1777652217995]
05-01 16:16:56.833   657   979 I netstats_wifi_sample: [649397626,8425160,477999,109063,649258582,8398580,477606,108935,1777652217995]
05-01 16:17:01.882   657   979 I netstats_mobile_sample: [17335,17886,102,74,29384,10652,136,54,1777652223044]
05-01 16:17:01.882   657   979 I netstats_wifi_sample: [652811462,8444280,480310,109541,652626306,8417660,479885,109412,1777652223044]
05-01 16:17:01.903   657   778 I sysui_multi_action: [757,803,799,key_back_press,802,1]
05-01 16:17:01.903   657   777 I input_interaction: Interaction with: fc693c6 com.streamfr.app/com.streamflixreborn.streamflix.activities.main.MainMobileActivity (server), PointerEventDispatcher0 (server), 
05-01 16:17:05.447   657   778 I sysui_multi_action: [757,803,799,key_back_press,802,1]
05-01 16:17:05.546 28782 29211 I jank_cuj_events_begin_request: [80,1777652225545956000,25128055885636,25128055885747,0@0@com.streamfr.app]
05-01 16:17:05.548   657  2251 I wm_set_requested_orientation: [-1,com.streamfr.app/com.streamflixreborn.streamflix.activities.main.MainMobileActivity]
05-01 16:17:05.553   657  2251 I configuration_changed: 536872064
05-01 16:17:05.612   657  2251 I sysui_multi_action: [757,1659,758,4,759,1,1660,0]
05-01 16:17:05.646   657  1066 I commit_sys_config_file: [input-subtypes,10]
05-01 16:17:05.646   657  2568 I am_wtf  : [0,1164,com.android.networkstack.process,680050253,SystemServiceRegistry,No service published for: ethernet]
05-01 16:17:05.816   657   687 I am_wtf  : [0,657,system_server,-1,JobScheduler.JobStatus,App com.google.android.inputmethod.latin became active but still in NEVER bucket]
05-01 16:17:05.891  1073  1355 I viewroot_draw_event: [VRI[ScreenDecorOverlay],reportDrawFinished seqId=13]
05-01 16:17:05.930  1356  1356 I viewroot_draw_event: [VRI[Taskbar],reportDrawFinished seqId=11]
05-01 16:17:05.952  1356  1788 I viewroot_draw_event: [VRI[Taskbar],Transaction not synced due to no frame drawn]
05-01 16:17:05.953  1073  1073 I viewroot_draw_event: [VRI[StatusBar],reportDrawFinished seqId=0]
05-01 16:17:05.966   657  2535 I service_manager_slow: [12,time_detector]
05-01 16:17:05.974 28782 28782 I viewroot_draw_event: [VRI[MainMobileActivity],reportDrawFinished seqId=0]
05-01 16:17:06.062   657   777 I input_focus: [Focus leaving fc693c6 com.streamfr.app/com.streamflixreborn.streamflix.activities.main.MainMobileActivity (server),reason=NOT_VISIBLE]
05-01 16:17:06.121 28782 28782 I viewroot_draw_event: [VRI[MainMobileActivity],reportDrawFinished seqId=0]
05-01 16:17:06.139   657   777 I input_focus: [Focus entering fc693c6 com.streamfr.app/com.streamflixreborn.streamflix.activities.main.MainMobileActivity (server),reason=Window became focusable. Previous reason: NOT_VISIBLE]
05-01 16:17:06.161  1073  1355 I viewroot_draw_event: [VRI[ScreenDecorOverlayBottom],reportDrawFinished seqId=13]
05-01 16:17:06.185  1073  1355 I viewroot_draw_event: [VRI[ScreenDecorOverlay],reportDrawFinished seqId=13]
05-01 16:17:06.216  1073  1355 I viewroot_draw_event: [VRI[ScreenDecorOverlayBottom],reportDrawFinished seqId=13]
05-01 16:17:06.239  1073  1355 I viewroot_draw_event: [VRI[ScreenDecorOverlay],reportDrawFinished seqId=13]
05-01 16:17:06.260 28782 29211 I jank_cuj_events_end_request: [80,1777652226260422000,25128770351064,25128770351171]
05-01 16:17:06.269  1073  1355 I viewroot_draw_event: [VRI[ScreenDecorOverlayBottom],reportDrawFinished seqId=13]
05-01 16:17:10.023   657   767 I am_unfreeze: [10365,com.android.settings,10]
05-01 16:17:10.025   657   767 I am_unfreeze: [6428,com.android.keychain,10]
05-01 16:17:11.390   657   778 I sysui_multi_action: [757,803,799,key_back_press,802,1]
05-01 16:17:20.620   657   982 I service_manager_stats: [100,64,38706]
05-01 16:17:30.043   657   767 I am_freeze: [10365,com.android.settings]
05-01 16:17:30.043   657   767 I am_freeze: [6428,com.android.keychain]
05-01 16:17:30.050   657   767 I am_compact: [10365,com.android.settings,ANON,70452,47928,18080,56068,-1408,0,-1408,1408,7,FULL,24122550,900,18,189064,-448]
05-01 16:18:08.784   657   767 I am_unfreeze: [6452,com.google.android.gms,10]
05-01 16:18:08.784   657   767 I am_unfreeze: [12063,com.google.android.gms.unstable,10]
05-01 16:18:17.518   657   698 I am_cpu  : [15,0,ksoftirqd/0,277234,0,2750]
05-01 16:18:17.518   657   698 I am_cpu  : [16,0,rcu_preempt,277234,0,40]
05-01 16:18:17.518   657   698 I am_cpu  : [18,0,rcu_exp_gp_kthread_worker,24579119,0,10]
05-01 16:18:17.518   657   698 I am_cpu  : [20,0,migration/0,2977540,0,10]
05-01 16:18:17.518   657   698 I am_cpu  : [25,0,migration/1,1477362,0,20]
05-01 16:18:17.518   657   698 I am_cpu  : [31,0,migration/2,1177310,0,20]
05-01 16:18:17.518   657   698 I am_cpu  : [37,0,migration/3,2677515,0,10]
05-01 16:18:17.518   657   698 I am_cpu  : [38,0,ksoftirqd/3,277234,0,10]
05-01 16:18:17.518   657   698 I am_cpu  : [51,0,kcompactd0,277234,0,190]
05-01 16:18:17.518   657   698 I am_cpu  : [61,0,kswapd0,277234,0,110]
05-01 16:18:17.518   657   698 I am_cpu  : [67,0,erofs_worker/0,277234,0,10]
05-01 16:18:17.518   657   698 I am_cpu  : [68,0,erofs_worker/1,577253,0,10]
05-01 16:18:17.518   657   698 I am_cpu  : [69,0,erofs_worker/2,1800001,0,10]
05-01 16:18:17.518   657   698 I am_cpu  : [165,1036,logd,277234,20,330]
05-01 16:18:17.518   657   698 I am_cpu  : [166,1069,lmkd,577251,0,10]
05-01 16:18:17.518   657   698 I am_cpu  : [167,1000,servicemanager,277234,10,50]
05-01 16:18:17.518   657   698 I am_cpu  : [184,0,binder:184_2,1800002,0,10]
05-01 16:18:17.518   657   698 I am_cpu  : [193,1000,android.system.,577252,0,10]
05-01 16:18:17.518   657   698 I am_cpu  : [228,0,jbd2/dm-46-8,277234,0,40]
05-01 16:18:17.518   657   698 I am_cpu  : [380,0,dhcpclient,277234,10,100]
05-01 16:18:17.518   657   698 I am_cpu  : [385,1066,binder:385_2,277234,0,30]
05-01 16:18:17.518   657   698 I am_cpu  : [386,0,binder:386_4,277234,0,30]
05-01 16:18:17.518   657   698 I am_cpu  : [387,0,main,1477360,0,10]
05-01 16:18:17.518   657   698 I am_cpu  : [395,1041,binder:395_2,277234,30,650]
05-01 16:18:17.518   657   698 I am_cpu  : [400,1000,allocator@3.0-s,277234,0,820]
05-01 16:18:17.518   657   698 I am_cpu  : [401,0,iptables-restor,1800001,0,10]
05-01 16:18:17.518   657   698 I am_cpu  : [406,1013,c2@1.0-service-,2977539,520,16300]
05-01 16:18:17.518   657   698 I am_cpu  : [407,1000,android.hardwar,277235,380,1870]
05-01 16:18:17.518   657   698 I am_cpu  : [413,1000,binder:413_2,277234,120,21570]
