05-01 18:24:55.682 D/MediaSessionService(  610): onSessionPlaybackStateChanged: record=com.streamfr.app/androidx.media3.session.id.player_mobile_148555624754/7 (userId=0) playbackState=PlaybackState {state=ERROR(7), position=0, buffered position=0, speed=0.0, updated=168801, actions=7339669, custom actions=[], active item id=0, error=Source error}
05-01 18:24:55.686 I/MediaFocusControl(  610): requestAudioFocus() from uid/pid 10209/4621 AA=USAGE_MEDIA/CONTENT_TYPE_MOVIE clientId=android.media.AudioManager@843c68candroidx.media3.exoplayer.AudioFocusManager$$ExternalSyntheticLambda0@dbec2f9 callingPack=com.streamfr.app req=1 flags=0x0 sdk=35
05-01 18:24:55.689 I/MediaSessionStack(  610): onPlaybackStateChanged - Pushing session to top | record: com.streamfr.app/androidx.media3.session.id.player_mobile_148555624754/7 (userId=0)
05-01 18:24:55.689 D/MediaSessionService(  610): onSessionPlaybackStateChanged: record=com.streamfr.app/androidx.media3.session.id.player_mobile_148555624754/7 (userId=0) playbackState=PlaybackState {state=BUFFERING(6), position=0, buffered position=0, speed=0.0, updated=168811, actions=7339667, custom actions=[], active item id=0, error=null}
05-01 18:24:55.711 D/MediaSessionService(  610): onSessionPlaybackStateChanged: record=com.streamfr.app/androidx.media3.session.id.player_mobile_148555624754/7 (userId=0) playbackState=PlaybackState {state=BUFFERING(6), position=0, buffered position=0, speed=0.0, updated=168832, actions=7339667, custom actions=[], active item id=0, error=null}
05-01 18:24:58.717 D/MediaSessionService(  610): onSessionPlaybackStateChanged: record=com.streamfr.app/androidx.media3.session.id.player_mobile_148555624754/7 (userId=0) playbackState=PlaybackState {state=BUFFERING(6), position=0, buffered position=0, speed=0.0, updated=171838, actions=7339667, custom actions=[], active item id=0, error=null}
05-01 18:25:00.477 D/MediaSessionService(  610): onSessionPlaybackStateChanged: record=com.streamfr.app/androidx.media3.session.id.player_mobile_148555624754/7 (userId=0) playbackState=PlaybackState {state=ERROR(7), position=0, buffered position=0, speed=0.0, updated=173598, actions=7339669, custom actions=[], active item id=0, error=Source error}
05-01 18:25:00.481 D/MediaSessionService(  610): onSessionPlaybackStateChanged: record=com.streamfr.app/androidx.media3.session.id.player_mobile_148555624754/7 (userId=0) playbackState=PlaybackState {state=ERROR(7), position=0, buffered position=0, speed=0.0, updated=173602, actions=7339669, custom actions=[], active item id=0, error=Source error}
05-01 18:25:00.489 D/MediaSessionService(  610): onSessionPlaybackStateChanged: record=com.streamfr.app/androidx.media3.session.id.player_mobile_148555624754/7 (userId=0) playbackState=PlaybackState {state=ERROR(7), position=0, buffered position=0, speed=0.0, updated=173611, actions=7339669, custom actions=[], active item id=0, error=Source error}
05-01 18:25:00.491 D/MediaSessionService(  610): onSessionPlaybackStateChanged: record=com.streamfr.app/androidx.media3.session.id.player_mobile_148555624754/7 (userId=0) playbackState=PlaybackState {state=ERROR(7), position=0, buffered position=0, speed=0.0, updated=173612, actions=7339669, custom actions=[], active item id=0, error=Source error}
05-01 18:25:00.492 I/MediaSessionStack(  610): onPlaybackStateChanged - Pushing session to top | record: com.streamfr.app/androidx.media3.session.id.player_mobile_148555624754/7 (userId=0)
05-01 18:25:00.492 D/MediaSessionService(  610): onSessionPlaybackStateChanged: record=com.streamfr.app/androidx.media3.session.id.player_mobile_148555624754/7 (userId=0) playbackState=PlaybackState {state=BUFFERING(6), position=0, buffered position=0, speed=0.0, updated=173614, actions=7339667, custom actions=[], active item id=0, error=null}
05-01 18:25:00.492 I/MediaFocusControl(  610): requestAudioFocus() from uid/pid 10209/4621 AA=USAGE_MEDIA/CONTENT_TYPE_MOVIE clientId=android.media.AudioManager@843c68candroidx.media3.exoplayer.AudioFocusManager$$ExternalSyntheticLambda0@dbec2f9 callingPack=com.streamfr.app req=1 flags=0x0 sdk=35
05-01 18:25:00.499 D/MediaSessionService(  610): onSessionPlaybackStateChanged: record=com.streamfr.app/androidx.media3.session.id.player_mobile_148555624754/7 (userId=0) playbackState=PlaybackState {state=BUFFERING(6), position=0, buffered position=0, speed=0.0, updated=173621, actions=7339667, custom actions=[], active item id=0, error=null}
05-01 18:25:03.516 D/MediaSessionService(  610): onSessionPlaybackStateChanged: record=com.streamfr.app/androidx.media3.session.id.player_mobile_148555624754/7 (userId=0) playbackState=PlaybackState {state=BUFFERING(6), position=0, buffered position=0, speed=0.0, updated=176638, actions=7339667, custom actions=[], active item id=0, error=null}
05-01 18:25:04.784 D/MediaSessionService(  610): onSessionPlaybackStateChanged: record=com.streamfr.app/androidx.media3.session.id.player_mobile_148555624754/7 (userId=0) playbackState=PlaybackState {state=ERROR(7), position=0, buffered position=0, speed=0.0, updated=177905, actions=7339669, custom actions=[], active item id=0, error=Source error}
05-01 18:25:04.789 D/MediaSessionService(  610): onSessionPlaybackStateChanged: record=com.streamfr.app/androidx.media3.session.id.player_mobile_148555624754/7 (userId=0) playbackState=PlaybackState {state=ERROR(7), position=0, buffered position=0, speed=0.0, updated=177909, actions=7339669, custom actions=[], active item id=0, error=Source error}
05-01 18:25:04.801 D/MediaSessionService(  610): onSessionPlaybackStateChanged: record=com.streamfr.app/androidx.media3.session.id.player_mobile_148555624754/7 (userId=0) playbackState=PlaybackState {state=ERROR(7), position=0, buffered position=0, speed=0.0, updated=177922, actions=7339669, custom actions=[], active item id=0, error=Source error}
05-01 18:25:04.802 D/MediaSessionService(  610): onSessionPlaybackStateChanged: record=com.streamfr.app/androidx.media3.session.id.player_mobile_148555624754/7 (userId=0) playbackState=PlaybackState {state=ERROR(7), position=0, buffered position=0, speed=0.0, updated=177924, actions=7339669, custom actions=[], active item id=0, error=Source error}
05-01 18:25:04.807 I/MediaFocusControl(  610): requestAudioFocus() from uid/pid 10209/4621 AA=USAGE_MEDIA/CONTENT_TYPE_MOVIE clientId=android.media.AudioManager@843c68candroidx.media3.exoplayer.AudioFocusManager$$ExternalSyntheticLambda0@dbec2f9 callingPack=com.streamfr.app req=1 flags=0x0 sdk=35
05-01 18:25:04.807 I/MediaSessionStack(  610): onPlaybackStateChanged - Pushing session to top | record: com.streamfr.app/androidx.media3.session.id.player_mobile_148555624754/7 (userId=0)
05-01 18:25:04.807 D/MediaSessionService(  610): onSessionPlaybackStateChanged: record=com.streamfr.app/androidx.media3.session.id.player_mobile_148555624754/7 (userId=0) playbackState=PlaybackState {state=BUFFERING(6), position=0, buffered position=0, speed=0.0, updated=177928, actions=7339667, custom actions=[], active item id=0, error=null}
05-01 18:25:04.828 D/MediaSessionService(  610): onSessionPlaybackStateChanged: record=com.streamfr.app/androidx.media3.session.id.player_mobile_148555624754/7 (userId=0) playbackState=PlaybackState {state=BUFFERING(6), position=0, buffered position=0, speed=0.0, updated=177948, actions=7339667, custom actions=[], active item id=0, error=null}
05-01 18:25:07.837 D/MediaSessionService(  610): onSessionPlaybackStateChanged: record=com.streamfr.app/androidx.media3.session.id.player_mobile_148555624754/7 (userId=0) playbackState=PlaybackState {state=BUFFERING(6), position=0, buffered position=0, speed=0.0, updated=180958, actions=7339667, custom actions=[], active item id=0, error=null}
05-01 18:25:09.105 D/MediaSessionService(  610): onSessionPlaybackStateChanged: record=com.streamfr.app/androidx.media3.session.id.player_mobile_148555624754/7 (userId=0) playbackState=PlaybackState {state=ERROR(7), position=0, buffered position=0, speed=0.0, updated=182226, actions=7339669, custom actions=[], active item id=0, error=Source error}
05-01 18:25:09.107 D/MediaSessionService(  610): onSessionPlaybackStateChanged: record=com.streamfr.app/androidx.media3.session.id.player_mobile_148555624754/7 (userId=0) playbackState=PlaybackState {state=ERROR(7), position=0, buffered position=0, speed=0.0, updated=182228, actions=7339669, custom actions=[], active item id=0, error=Source error}
05-01 18:25:09.115 D/MediaSessionService(  610): onSessionPlaybackStateChanged: record=com.streamfr.app/androidx.media3.session.id.player_mobile_148555624754/7 (userId=0) playbackState=PlaybackState {state=ERROR(7), position=0, buffered position=0, speed=0.0, updated=182237, actions=7339669, custom actions=[], active item id=0, error=Source error}
05-01 18:25:09.117 D/MediaSessionService(  610): onSessionPlaybackStateChanged: record=com.streamfr.app/androidx.media3.session.id.player_mobile_148555624754/7 (userId=0) playbackState=PlaybackState {state=ERROR(7), position=0, buffered position=0, speed=0.0, updated=182238, actions=7339669, custom actions=[], active item id=0, error=Source error}
05-01 18:25:09.118 I/MediaSessionStack(  610): onPlaybackStateChanged - Pushing session to top | record: com.streamfr.app/androidx.media3.session.id.player_mobile_148555624754/7 (userId=0)
05-01 18:25:09.118 D/MediaSessionService(  610): onSessionPlaybackStateChanged: record=com.streamfr.app/androidx.media3.session.id.player_mobile_148555624754/7 (userId=0) playbackState=PlaybackState {state=BUFFERING(6), position=0, buffered position=0, speed=0.0, updated=182240, actions=7339667, custom actions=[], active item id=0, error=null}
05-01 18:25:09.120 I/MediaFocusControl(  610): requestAudioFocus() from uid/pid 10209/4621 AA=USAGE_MEDIA/CONTENT_TYPE_MOVIE clientId=android.media.AudioManager@843c68candroidx.media3.exoplayer.AudioFocusManager$$ExternalSyntheticLambda0@dbec2f9 callingPack=com.streamfr.app req=1 flags=0x0 sdk=35
05-01 18:25:09.139 D/MediaSessionService(  610): onSessionPlaybackStateChanged: record=com.streamfr.app/androidx.media3.session.id.player_mobile_148555624754/7 (userId=0) playbackState=PlaybackState {state=BUFFERING(6), position=0, buffered position=0, speed=0.0, updated=182260, actions=7339667, custom actions=[], active item id=0, error=null}
05-01 18:25:12.143 D/MediaSessionService(  610): onSessionPlaybackStateChanged: record=com.streamfr.app/androidx.media3.session.id.player_mobile_148555624754/7 (userId=0) playbackState=PlaybackState {state=BUFFERING(6), position=0, buffered position=0, speed=0.0, updated=185264, actions=7339667, custom actions=[], active item id=0, error=null}
05-01 18:25:13.469 D/MediaSessionService(  610): onSessionPlaybackStateChanged: record=com.streamfr.app/androidx.media3.session.id.player_mobile_148555624754/7 (userId=0) playbackState=PlaybackState {state=ERROR(7), position=0, buffered position=0, speed=0.0, updated=186591, actions=7339669, custom actions=[], active item id=0, error=Source error}
05-01 18:25:13.473 D/MediaSessionService(  610): onSessionPlaybackStateChanged: record=com.streamfr.app/androidx.media3.session.id.player_mobile_148555624754/7 (userId=0) playbackState=PlaybackState {state=ERROR(7), position=0, buffered position=0, speed=0.0, updated=186594, actions=7339669, custom actions=[], active item id=0, error=Source error}
05-01 18:25:13.476 D/MediaSessionService(  610): onSessionPlaybackStateChanged: record=com.streamfr.app/androidx.media3.session.id.player_mobile_148555624754/7 (userId=0) playbackState=PlaybackState {state=ERROR(7), position=0, buffered position=0, speed=0.0, updated=186598, actions=7339669, custom actions=[], active item id=0, error=Source error}
05-01 18:25:13.477 D/MediaSessionService(  610): onSessionPlaybackStateChanged: record=com.streamfr.app/androidx.media3.session.id.player_mobile_148555624754/7 (userId=0) playbackState=PlaybackState {state=ERROR(7), position=0, buffered position=0, speed=0.0, updated=186599, actions=7339669, custom actions=[], active item id=0, error=Source error}
05-01 18:25:13.479 I/MediaSessionStack(  610): onPlaybackStateChanged - Pushing session to top | record: com.streamfr.app/androidx.media3.session.id.player_mobile_148555624754/7 (userId=0)
05-01 18:25:13.479 D/MediaSessionService(  610): onSessionPlaybackStateChanged: record=com.streamfr.app/androidx.media3.session.id.player_mobile_148555624754/7 (userId=0) playbackState=PlaybackState {state=BUFFERING(6), position=0, buffered position=0, speed=0.0, updated=186600, actions=7339667, custom actions=[], active item id=0, error=null}
05-01 18:25:13.479 I/MediaFocusControl(  610): requestAudioFocus() from uid/pid 10209/4621 AA=USAGE_MEDIA/CONTENT_TYPE_MOVIE clientId=android.media.AudioManager@843c68candroidx.media3.exoplayer.AudioFocusManager$$ExternalSyntheticLambda0@dbec2f9 callingPack=com.streamfr.app req=1 flags=0x0 sdk=35
05-01 18:25:13.494 D/MediaSessionService(  610): onSessionPlaybackStateChanged: record=com.streamfr.app/androidx.media3.session.id.player_mobile_148555624754/7 (userId=0) playbackState=PlaybackState {state=BUFFERING(6), position=0, buffered position=0, speed=0.0, updated=186616, actions=7339667, custom actions=[], active item id=0, error=null}
05-01 18:25:16.337 D/MediaSessionService(  610): onSessionPlaybackStateChanged: record=com.streamfr.app/androidx.media3.session.id.player_mobile_148555624754/7 (userId=0) playbackState=PlaybackState {state=BUFFERING(6), position=-1, buffered position=-1, speed=0.0, updated=189459, actions=7339651, custom actions=[], active item id=0, error=null}
05-01 18:25:16.494 D/MediaSessionService(  610): onSessionPlaybackStateChanged: record=com.streamfr.app/androidx.media3.session.id.player_mobile_148555624754/7 (userId=0) playbackState=PlaybackState {state=BUFFERING(6), position=-1, buffered position=-1, speed=0.0, updated=189615, actions=7339651, custom actions=[], active item id=0, error=null}
05-01 18:25:16.925 D/MediaSessionService(  610): Media button session is changed to com.streamfr.app/androidx.media3.session.id.player_mobile_148555624754/7 (userId=0)
05-01 18:25:16.955 D/MediaSessionService(  610): onSessionPlaybackStateChanged: record=com.streamfr.app/androidx.media3.session.id.player_mobile_148555624754/7 (userId=0) playbackState=PlaybackState {state=PLAYING(3), position=-1, buffered position=-1, speed=0.0, updated=190076, actions=7339651, custom actions=[], active item id=0, error=null}
05-01 18:25:16.958 D/MediaSessionService(  610): onSessionPlaybackStateChanged: record=com.streamfr.app/androidx.media3.session.id.player_mobile_148555624754/7 (userId=0) playbackState=PlaybackState {state=PLAYING(3), position=-1, buffered position=-1, speed=0.0, updated=190079, actions=7339651, custom actions=[], active item id=0, error=null}
05-01 18:25:16.978 I/MediaPlayerList( 1196): onMediaKeyEventSessionChanged: token=com.streamfr.app
05-01 18:25:17.023 I/MediaSessionService(  610): tempAllowlistTargetPkgIfPossible callingPackage:com.google.android.bluetooth targetPackage:com.streamfr.app reason:MediaSessionRecord:android.support.v4.media.session.command.GET_EXTRA_BINDER [WIU] [FGS]
05-01 18:25:17.039 I/MediaPlayerList( 1196): onMediaKeyEventSessionChanged: token=com.streamfr.app
05-01 18:25:19.960 D/MediaSessionService(  610): onSessionPlaybackStateChanged: record=com.streamfr.app/androidx.media3.session.id.player_mobile_148555624754/7 (userId=0) playbackState=PlaybackState {state=PLAYING(3), position=-1, buffered position=-1, speed=0.0, updated=193081, actions=7339651, custom actions=[], active item id=0, error=null}
05-01 18:25:19.964 W/AudioMediaPlayerWrapper( 1196): onPlaybackStateChanged(): com.streamfr.app tried to update with no new data
05-01 18:25:19.964 W/AudioMediaPlayerWrapper( 1196): onPlaybackStateChanged(): com.streamfr.app tried to update with no new data
05-01 18:25:22.963 D/MediaSessionService(  610): onSessionPlaybackStateChanged: record=com.streamfr.app/androidx.media3.session.id.player_mobile_148555624754/7 (userId=0) playbackState=PlaybackState {state=PLAYING(3), position=-1, buffered position=-1, speed=0.0, updated=196084, actions=7339651, custom actions=[], active item id=0, error=null}
05-01 18:25:22.965 W/AudioMediaPlayerWrapper( 1196): onPlaybackStateChanged(): com.streamfr.app tried to update with no new data
05-01 18:25:22.966 W/AudioMediaPlayerWrapper( 1196): onPlaybackStateChanged(): com.streamfr.app tried to update with no new data
05-01 18:25:25.965 D/MediaSessionService(  610): onSessionPlaybackStateChanged: record=com.streamfr.app/androidx.media3.session.id.player_mobile_148555624754/7 (userId=0) playbackState=PlaybackState {state=PLAYING(3), position=-1, buffered position=-1, speed=0.0, updated=199086, actions=7339651, custom actions=[], active item id=0, error=null}
05-01 18:25:25.965 W/AudioMediaPlayerWrapper( 1196): onPlaybackStateChanged(): com.streamfr.app tried to update with no new data
05-01 18:25:25.965 W/AudioMediaPlayerWrapper( 1196): onPlaybackStateChanged(): com.streamfr.app tried to update with no new data
05-01 18:25:28.966 D/MediaSessionService(  610): onSessionPlaybackStateChanged: record=com.streamfr.app/androidx.media3.session.id.player_mobile_148555624754/7 (userId=0) playbackState=PlaybackState {state=PLAYING(3), position=-1, buffered position=-1, speed=0.0, updated=202087, actions=7339651, custom actions=[], active item id=0, error=null}
05-01 18:25:28.968 W/AudioMediaPlayerWrapper( 1196): onPlaybackStateChanged(): com.streamfr.app tried to update with no new data
05-01 18:25:28.969 W/AudioMediaPlayerWrapper( 1196): onPlaybackStateChanged(): com.streamfr.app tried to update with no new data
05-01 18:25:31.982 D/MediaSessionService(  610): onSessionPlaybackStateChanged: record=com.streamfr.app/androidx.media3.session.id.player_mobile_148555624754/7 (userId=0) playbackState=PlaybackState {state=PLAYING(3), position=-1, buffered position=-1, speed=0.0, updated=205102, actions=7339651, custom actions=[], active item id=0, error=null}
05-01 18:25:31.984 W/AudioMediaPlayerWrapper( 1196): onPlaybackStateChanged(): com.streamfr.app tried to update with no new data
05-01 18:25:31.984 W/AudioMediaPlayerWrapper( 1196): onPlaybackStateChanged(): com.streamfr.app tried to update with no new data
05-01 18:25:34.983 D/MediaSessionService(  610): onSessionPlaybackStateChanged: record=com.streamfr.app/androidx.media3.session.id.player_mobile_148555624754/7 (userId=0) playbackState=PlaybackState {state=PLAYING(3), position=-1, buffered position=-1, speed=0.0, updated=208105, actions=7339651, custom actions=[], active item id=0, error=null}
05-01 18:25:34.984 W/AudioMediaPlayerWrapper( 1196): onPlaybackStateChanged(): com.streamfr.app tried to update with no new data
05-01 18:25:34.984 W/AudioMediaPlayerWrapper( 1196): onPlaybackStateChanged(): com.streamfr.app tried to update with no new data
05-01 18:25:37.984 D/MediaSessionService(  610): onSessionPlaybackStateChanged: record=com.streamfr.app/androidx.media3.session.id.player_mobile_148555624754/7 (userId=0) playbackState=PlaybackState {state=PLAYING(3), position=-1, buffered position=-1, speed=0.0, updated=211106, actions=7339651, custom actions=[], active item id=0, error=null}
05-01 18:25:37.986 W/AudioMediaPlayerWrapper( 1196): onPlaybackStateChanged(): com.streamfr.app tried to update with no new data
05-01 18:25:37.988 W/AudioMediaPlayerWrapper( 1196): onPlaybackStateChanged(): com.streamfr.app tried to update with no new data
05-01 18:25:39.584 I/Finsky  ( 5351): [66] ItemStore: Not cached: com.streamfr.app
05-01 18:25:39.859 I/artd    (  767): Dex parent of /data/app/~~57S_fR0TvGVzg9B8YsgPeA==/com.streamfr.app-LEPjIGdb4bUAAiOsv1E6gA==/base.apk is not writable: Permission denied
05-01 18:25:39.859 I/artd    (  767): GetBestInfo checking odex in dalvik-cache (/data/dalvik-cache/x86_64/data@app@~~57S_fR0TvGVzg9B8YsgPeA==@com.streamfr.app-LEPjIGdb4bUAAiOsv1E6gA==@base.apk@classes.dex)
05-01 18:25:39.859 I/artd    (  767): Loading /data/dalvik-cache/x86_64/data@app@~~57S_fR0TvGVzg9B8YsgPeA==@com.streamfr.app-LEPjIGdb4bUAAiOsv1E6gA==@base.apk@classes.dex with executable: 0
05-01 18:25:39.859 I/artd    (  767): OatFileAssistant test for existing oat file /data/dalvik-cache/x86_64/data@app@~~57S_fR0TvGVzg9B8YsgPeA==@com.streamfr.app-LEPjIGdb4bUAAiOsv1E6gA==@base.apk@classes.dex: File /data/dalvik-cache/x86_64/data@app@~~57S_fR0TvGVzg9B8YsgPeA==@com.streamfr.app-LEPjIGdb4bUAAiOsv1E6gA==@base.apk@classes.vdex does not exist.
05-01 18:25:39.859 I/artd    (  767): GetBestInfo checking odex next to the dex file (/data/app/~~57S_fR0TvGVzg9B8YsgPeA==/com.streamfr.app-LEPjIGdb4bUAAiOsv1E6gA==/oat/x86_64/base.odex)
05-01 18:25:39.859 I/artd    (  767): Loading /data/app/~~57S_fR0TvGVzg9B8YsgPeA==/com.streamfr.app-LEPjIGdb4bUAAiOsv1E6gA==/oat/x86_64/base.odex with executable: 0
05-01 18:25:39.859 I/artd    (  767): OatFileAssistant test for existing oat file /data/app/~~57S_fR0TvGVzg9B8YsgPeA==/com.streamfr.app-LEPjIGdb4bUAAiOsv1E6gA==/oat/x86_64/base.odex: File /data/app/~~57S_fR0TvGVzg9B8YsgPeA==/com.streamfr.app-LEPjIGdb4bUAAiOsv1E6gA==/oat/x86_64/base.vdex does not exist.
05-01 18:25:39.859 I/artd    (  767): GetBestInfo checking vdex in dalvik-cache (/data/dalvik-cache/x86_64/data@app@~~57S_fR0TvGVzg9B8YsgPeA==@com.streamfr.app-LEPjIGdb4bUAAiOsv1E6gA==@base.apk@classes.vdex)
05-01 18:25:39.859 I/artd    (  767): unable to open vdex file /data/dalvik-cache/x86_64/data@app@~~57S_fR0TvGVzg9B8YsgPeA==@com.streamfr.app-LEPjIGdb4bUAAiOsv1E6gA==@base.apk@classes.vdex: File /data/dalvik-cache/x86_64/data@app@~~57S_fR0TvGVzg9B8YsgPeA==@com.streamfr.app-LEPjIGdb4bUAAiOsv1E6gA==@base.apk@classes.vdex does not exist.
05-01 18:25:39.859 I/artd    (  767): OatFileAssistant test for existing oat file /data/dalvik-cache/x86_64/data@app@~~57S_fR0TvGVzg9B8YsgPeA==@com.streamfr.app-LEPjIGdb4bUAAiOsv1E6gA==@base.apk@classes.vdex: File /data/dalvik-cache/x86_64/data@app@~~57S_fR0TvGVzg9B8YsgPeA==@com.streamfr.app-LEPjIGdb4bUAAiOsv1E6gA==@base.apk@classes.vdex does not exist.
05-01 18:25:39.859 I/artd    (  767): GetBestInfo checking vdex next to the dex file (/data/app/~~57S_fR0TvGVzg9B8YsgPeA==/com.streamfr.app-LEPjIGdb4bUAAiOsv1E6gA==/oat/x86_64/base.vdex)
05-01 18:25:39.859 I/artd    (  767): unable to open vdex file /data/app/~~57S_fR0TvGVzg9B8YsgPeA==/com.streamfr.app-LEPjIGdb4bUAAiOsv1E6gA==/oat/x86_64/base.vdex: File /data/app/~~57S_fR0TvGVzg9B8YsgPeA==/com.streamfr.app-LEPjIGdb4bUAAiOsv1E6gA==/oat/x86_64/base.vdex does not exist.
05-01 18:25:39.859 I/artd    (  767): OatFileAssistant test for existing oat file /data/app/~~57S_fR0TvGVzg9B8YsgPeA==/com.streamfr.app-LEPjIGdb4bUAAiOsv1E6gA==/oat/x86_64/base.vdex: File /data/app/~~57S_fR0TvGVzg9B8YsgPeA==/com.streamfr.app-LEPjIGdb4bUAAiOsv1E6gA==/oat/x86_64/base.vdex does not exist.
05-01 18:25:39.859 I/artd    (  767): GetBestInfo checking dm (/data/app/~~57S_fR0TvGVzg9B8YsgPeA==/com.streamfr.app-LEPjIGdb4bUAAiOsv1E6gA==/base.dm)
05-01 18:25:39.859 W/ziparchive(  767): Unable to open '/data/app/~~57S_fR0TvGVzg9B8YsgPeA==/com.streamfr.app-LEPjIGdb4bUAAiOsv1E6gA==/base.dm': No such file or directory
05-01 18:25:39.859 I/artd    (  767): OatFileAssistant test for existing oat file /data/app/~~57S_fR0TvGVzg9B8YsgPeA==/com.streamfr.app-LEPjIGdb4bUAAiOsv1E6gA==/base.dm: I/O error
05-01 18:25:39.859 I/artd    (  767): GetBestInfo checking dm (/data/app/~~57S_fR0TvGVzg9B8YsgPeA==/com.streamfr.app-LEPjIGdb4bUAAiOsv1E6gA==/base.dm)
05-01 18:25:39.859 W/ziparchive(  767): Unable to open '/data/app/~~57S_fR0TvGVzg9B8YsgPeA==/com.streamfr.app-LEPjIGdb4bUAAiOsv1E6gA==/base.dm': No such file or directory
05-01 18:25:39.859 I/artd    (  767): OatFileAssistant test for existing oat file /data/app/~~57S_fR0TvGVzg9B8YsgPeA==/com.streamfr.app-LEPjIGdb4bUAAiOsv1E6gA==/base.dm: I/O error
05-01 18:25:40.293 E/Finsky  ( 5351): [83] ItemStore: getItems RPC failed for item com.streamfr.app
05-01 18:25:40.987 D/MediaSessionService(  610): onSessionPlaybackStateChanged: record=com.streamfr.app/androidx.media3.session.id.player_mobile_148555624754/7 (userId=0) playbackState=PlaybackState {state=PLAYING(3), position=-1, buffered position=-1, speed=0.0, updated=214108, actions=7339651, custom actions=[], active item id=0, error=null}
05-01 18:25:40.990 W/AudioMediaPlayerWrapper( 1196): onPlaybackStateChanged(): com.streamfr.app tried to update with no new data
05-01 18:25:40.991 W/AudioMediaPlayerWrapper( 1196): onPlaybackStateChanged(): com.streamfr.app tried to update with no new data
05-01 18:25:43.988 D/MediaSessionService(  610): onSessionPlaybackStateChanged: record=com.streamfr.app/androidx.media3.session.id.player_mobile_148555624754/7 (userId=0) playbackState=PlaybackState {state=PLAYING(3), position=-1, buffered position=-1, speed=0.0, updated=217109, actions=7339651, custom actions=[], active item id=0, error=null}
05-01 18:25:43.992 W/AudioMediaPlayerWrapper( 1196): onPlaybackStateChanged(): com.streamfr.app tried to update with no new data
05-01 18:25:43.993 W/AudioMediaPlayerWrapper( 1196): onPlaybackStateChanged(): com.streamfr.app tried to update with no new data
05-01 18:25:46.991 D/MediaSessionService(  610): onSessionPlaybackStateChanged: record=com.streamfr.app/androidx.media3.session.id.player_mobile_148555624754/7 (userId=0) playbackState=PlaybackState {state=PLAYING(3), position=-1, buffered position=-1, speed=0.0, updated=220112, actions=7339651, custom actions=[], active item id=0, error=null}
05-01 18:25:46.992 W/AudioMediaPlayerWrapper( 1196): onPlaybackStateChanged(): com.streamfr.app tried to update with no new data
05-01 18:25:46.993 W/AudioMediaPlayerWrapper( 1196): onPlaybackStateChanged(): com.streamfr.app tried to update with no new data
05-01 18:25:49.992 D/MediaSessionService(  610): onSessionPlaybackStateChanged: record=com.streamfr.app/androidx.media3.session.id.player_mobile_148555624754/7 (userId=0) playbackState=PlaybackState {state=PLAYING(3), position=-1, buffered position=-1, speed=0.0, updated=223114, actions=7339651, custom actions=[], active item id=0, error=null}
05-01 18:25:49.994 W/AudioMediaPlayerWrapper( 1196): onPlaybackStateChanged(): com.streamfr.app tried to update with no new data
05-01 18:25:49.996 W/AudioMediaPlayerWrapper( 1196): onPlaybackStateChanged(): com.streamfr.app tried to update with no new data
05-01 18:25:52.994 D/MediaSessionService(  610): onSessionPlaybackStateChanged: record=com.streamfr.app/androidx.media3.session.id.player_mobile_148555624754/7 (userId=0) playbackState=PlaybackState {state=PLAYING(3), position=-1, buffered position=-1, speed=0.0, updated=226115, actions=7339651, custom actions=[], active item id=0, error=null}
05-01 18:25:52.995 W/AudioMediaPlayerWrapper( 1196): onPlaybackStateChanged(): com.streamfr.app tried to update with no new data
05-01 18:25:52.995 W/AudioMediaPlayerWrapper( 1196): onPlaybackStateChanged(): com.streamfr.app tried to update with no new data
05-01 18:25:55.997 D/MediaSessionService(  610): onSessionPlaybackStateChanged: record=com.streamfr.app/androidx.media3.session.id.player_mobile_148555624754/7 (userId=0) playbackState=PlaybackState {state=PLAYING(3), position=-1, buffered position=-1, speed=0.0, updated=229119, actions=7339651, custom actions=[], active item id=0, error=null}
05-01 18:25:55.999 W/AudioMediaPlayerWrapper( 1196): onPlaybackStateChanged(): com.streamfr.app tried to update with no new data
05-01 18:25:56.000 W/AudioMediaPlayerWrapper( 1196): onPlaybackStateChanged(): com.streamfr.app tried to update with no new data
05-01 18:25:58.998 D/MediaSessionService(  610): onSessionPlaybackStateChanged: record=com.streamfr.app/androidx.media3.session.id.player_mobile_148555624754/7 (userId=0) playbackState=PlaybackState {state=PLAYING(3), position=-1, buffered position=-1, speed=0.0, updated=232120, actions=7339651, custom actions=[], active item id=0, error=null}
05-01 18:25:59.000 W/AudioMediaPlayerWrapper( 1196): onPlaybackStateChanged(): com.streamfr.app tried to update with no new data
05-01 18:25:59.002 W/AudioMediaPlayerWrapper( 1196): onPlaybackStateChanged(): com.streamfr.app tried to update with no new data
05-01 18:26:02.000 D/MediaSessionService(  610): onSessionPlaybackStateChanged: record=com.streamfr.app/androidx.media3.session.id.player_mobile_148555624754/7 (userId=0) playbackState=PlaybackState {state=PLAYING(3), position=-1, buffered position=-1, speed=0.0, updated=235122, actions=7339651, custom actions=[], active item id=0, error=null}
05-01 18:26:02.002 W/AudioMediaPlayerWrapper( 1196): onPlaybackStateChanged(): com.streamfr.app tried to update with no new data
05-01 18:26:02.002 W/AudioMediaPlayerWrapper( 1196): onPlaybackStateChanged(): com.streamfr.app tried to update with no new data
05-01 18:26:05.001 D/MediaSessionService(  610): onSessionPlaybackStateChanged: record=com.streamfr.app/androidx.media3.session.id.player_mobile_148555624754/7 (userId=0) playbackState=PlaybackState {state=PLAYING(3), position=-1, buffered position=-1, speed=0.0, updated=238122, actions=7339651, custom actions=[], active item id=0, error=null}
05-01 18:26:05.003 W/AudioMediaPlayerWrapper( 1196): onPlaybackStateChanged(): com.streamfr.app tried to update with no new data
05-01 18:26:05.004 W/AudioMediaPlayerWrapper( 1196): onPlaybackStateChanged(): com.streamfr.app tried to update with no new data
05-01 18:26:08.003 D/MediaSessionService(  610): onSessionPlaybackStateChanged: record=com.streamfr.app/androidx.media3.session.id.player_mobile_148555624754/7 (userId=0) playbackState=PlaybackState {state=PLAYING(3), position=-1, buffered position=-1, speed=0.0, updated=241124, actions=7339651, custom actions=[], active item id=0, error=null}
05-01 18:26:08.004 W/AudioMediaPlayerWrapper( 1196): onPlaybackStateChanged(): com.streamfr.app tried to update with no new data
05-01 18:26:08.005 W/AudioMediaPlayerWrapper( 1196): onPlaybackStateChanged(): com.streamfr.app tried to update with no new data
05-01 18:26:11.004 D/MediaSessionService(  610): onSessionPlaybackStateChanged: record=com.streamfr.app/androidx.media3.session.id.player_mobile_148555624754/7 (userId=0) playbackState=PlaybackState {state=PLAYING(3), position=-1, buffered position=-1, speed=0.0, updated=244125, actions=7339651, custom actions=[], active item id=0, error=null}
05-01 18:26:11.005 W/AudioMediaPlayerWrapper( 1196): onPlaybackStateChanged(): com.streamfr.app tried to update with no new data
05-01 18:26:11.007 W/AudioMediaPlayerWrapper( 1196): onPlaybackStateChanged(): com.streamfr.app tried to update with no new data
05-01 18:26:14.007 D/MediaSessionService(  610): onSessionPlaybackStateChanged: record=com.streamfr.app/androidx.media3.session.id.player_mobile_148555624754/7 (userId=0) playbackState=PlaybackState {state=PLAYING(3), position=-1, buffered position=-1, speed=0.0, updated=247128, actions=7339651, custom actions=[], active item id=0, error=null}
05-01 18:26:14.009 W/AudioMediaPlayerWrapper( 1196): onPlaybackStateChanged(): com.streamfr.app tried to update with no new data
05-01 18:26:14.009 W/AudioMediaPlayerWrapper( 1196): onPlaybackStateChanged(): com.streamfr.app tried to update with no new data
05-01 18:26:17.009 D/MediaSessionService(  610): onSessionPlaybackStateChanged: record=com.streamfr.app/androidx.media3.session.id.player_mobile_148555624754/7 (userId=0) playbackState=PlaybackState {state=PLAYING(3), position=-1, buffered position=-1, speed=0.0, updated=250130, actions=7339651, custom actions=[], active item id=0, error=null}
05-01 18:26:17.009 W/AudioMediaPlayerWrapper( 1196): onPlaybackStateChanged(): com.streamfr.app tried to update with no new data
05-01 18:26:17.011 W/AudioMediaPlayerWrapper( 1196): onPlaybackStateChanged(): com.streamfr.app tried to update with no new data
05-01 18:26:20.010 D/MediaSessionService(  610): onSessionPlaybackStateChanged: record=com.streamfr.app/androidx.media3.session.id.player_mobile_148555624754/7 (userId=0) playbackState=PlaybackState {state=PLAYING(3), position=-1, buffered position=-1, speed=0.0, updated=253131, actions=7339651, custom actions=[], active item id=0, error=null}
05-01 18:26:20.011 W/AudioMediaPlayerWrapper( 1196): onPlaybackStateChanged(): com.streamfr.app tried to update with no new data
05-01 18:26:20.011 W/AudioMediaPlayerWrapper( 1196): onPlaybackStateChanged(): com.streamfr.app tried to update with no new data
05-01 18:26:23.011 D/MediaSessionService(  610): onSessionPlaybackStateChanged: record=com.streamfr.app/androidx.media3.session.id.player_mobile_148555624754/7 (userId=0) playbackState=PlaybackState {state=PLAYING(3), position=-1, buffered position=-1, speed=0.0, updated=256133, actions=7339651, custom actions=[], active item id=0, error=null}
05-01 18:26:23.013 W/AudioMediaPlayerWrapper( 1196): onPlaybackStateChanged(): com.streamfr.app tried to update with no new data
05-01 18:26:23.013 W/AudioMediaPlayerWrapper( 1196): onPlaybackStateChanged(): com.streamfr.app tried to update with no new data
05-01 18:26:26.014 D/MediaSessionService(  610): onSessionPlaybackStateChanged: record=com.streamfr.app/androidx.media3.session.id.player_mobile_148555624754/7 (userId=0) playbackState=PlaybackState {state=PLAYING(3), position=-1, buffered position=-1, speed=0.0, updated=259136, actions=7339651, custom actions=[], active item id=0, error=null}
05-01 18:26:26.015 W/AudioMediaPlayerWrapper( 1196): onPlaybackStateChanged(): com.streamfr.app tried to update with no new data
05-01 18:26:26.016 W/AudioMediaPlayerWrapper( 1196): onPlaybackStateChanged(): com.streamfr.app tried to update with no new data
05-01 18:26:29.017 D/MediaSessionService(  610): onSessionPlaybackStateChanged: record=com.streamfr.app/androidx.media3.session.id.player_mobile_148555624754/7 (userId=0) playbackState=PlaybackState {state=PLAYING(3), position=-1, buffered position=-1, speed=0.0, updated=262138, actions=7339651, custom actions=[], active item id=0, error=null}
05-01 18:26:29.018 W/AudioMediaPlayerWrapper( 1196): onPlaybackStateChanged(): com.streamfr.app tried to update with no new data
05-01 18:26:29.020 W/AudioMediaPlayerWrapper( 1196): onPlaybackStateChanged(): com.streamfr.app tried to update with no new data
05-01 18:26:32.018 D/MediaSessionService(  610): onSessionPlaybackStateChanged: record=com.streamfr.app/androidx.media3.session.id.player_mobile_148555624754/7 (userId=0) playbackState=PlaybackState {state=PLAYING(3), position=-1, buffered position=-1, speed=0.0, updated=265139, actions=7339651, custom actions=[], active item id=0, error=null}
05-01 18:26:32.020 W/AudioMediaPlayerWrapper( 1196): onPlaybackStateChanged(): com.streamfr.app tried to update with no new data
05-01 18:26:32.020 W/AudioMediaPlayerWrapper( 1196): onPlaybackStateChanged(): com.streamfr.app tried to update with no new data
05-01 18:26:35.029 D/MediaSessionService(  610): onSessionPlaybackStateChanged: record=com.streamfr.app/androidx.media3.session.id.player_mobile_148555624754/7 (userId=0) playbackState=PlaybackState {state=PLAYING(3), position=-1, buffered position=-1, speed=0.0, updated=268151, actions=7339651, custom actions=[], active item id=0, error=null}
05-01 18:26:35.031 W/AudioMediaPlayerWrapper( 1196): onPlaybackStateChanged(): com.streamfr.app tried to update with no new data
05-01 18:26:35.032 W/AudioMediaPlayerWrapper( 1196): onPlaybackStateChanged(): com.streamfr.app tried to update with no new data
05-01 18:26:38.031 D/MediaSessionService(  610): onSessionPlaybackStateChanged: record=com.streamfr.app/androidx.media3.session.id.player_mobile_148555624754/7 (userId=0) playbackState=PlaybackState {state=PLAYING(3), position=-1, buffered position=-1, speed=0.0, updated=271153, actions=7339651, custom actions=[], active item id=0, error=null}
05-01 18:26:38.033 W/AudioMediaPlayerWrapper( 1196): onPlaybackStateChanged(): com.streamfr.app tried to update with no new data
05-01 18:26:38.034 W/AudioMediaPlayerWrapper( 1196): onPlaybackStateChanged(): com.streamfr.app tried to update with no new data
05-01 18:26:41.036 D/MediaSessionService(  610): onSessionPlaybackStateChanged: record=com.streamfr.app/androidx.media3.session.id.player_mobile_148555624754/7 (userId=0) playbackState=PlaybackState {state=PLAYING(3), position=-1, buffered position=-1, speed=0.0, updated=274155, actions=7339651, custom actions=[], active item id=0, error=null}
05-01 18:26:41.036 W/AudioMediaPlayerWrapper( 1196): onPlaybackStateChanged(): com.streamfr.app tried to update with no new data
05-01 18:26:41.037 W/AudioMediaPlayerWrapper( 1196): onPlaybackStateChanged(): com.streamfr.app tried to update with no new data
05-01 18:26:44.038 D/MediaSessionService(  610): onSessionPlaybackStateChanged: record=com.streamfr.app/androidx.media3.session.id.player_mobile_148555624754/7 (userId=0) playbackState=PlaybackState {state=PLAYING(3), position=-1, buffered position=-1, speed=0.0, updated=277160, actions=7339651, custom actions=[], active item id=0, error=null}
05-01 18:26:44.044 W/AudioMediaPlayerWrapper( 1196): onPlaybackStateChanged(): com.streamfr.app tried to update with no new data
05-01 18:26:44.046 W/AudioMediaPlayerWrapper( 1196): onPlaybackStateChanged(): com.streamfr.app tried to update with no new data
05-01 18:26:47.042 D/MediaSessionService(  610): onSessionPlaybackStateChanged: record=com.streamfr.app/androidx.media3.session.id.player_mobile_148555624754/7 (userId=0) playbackState=PlaybackState {state=PLAYING(3), position=-1, buffered position=-1, speed=0.0, updated=280163, actions=7339651, custom actions=[], active item id=0, error=null}
05-01 18:26:47.043 W/AudioMediaPlayerWrapper( 1196): onPlaybackStateChanged(): com.streamfr.app tried to update with no new data
05-01 18:26:47.044 W/AudioMediaPlayerWrapper( 1196): onPlaybackStateChanged(): com.streamfr.app tried to update with no new data
05-01 18:26:50.048 D/MediaSessionService(  610): onSessionPlaybackStateChanged: record=com.streamfr.app/androidx.media3.session.id.player_mobile_148555624754/7 (userId=0) playbackState=PlaybackState {state=PLAYING(3), position=-1, buffered position=-1, speed=0.0, updated=283170, actions=7339651, custom actions=[], active item id=0, error=null}
05-01 18:26:50.050 W/AudioMediaPlayerWrapper( 1196): onPlaybackStateChanged(): com.streamfr.app tried to update with no new data
05-01 18:26:50.051 W/AudioMediaPlayerWrapper( 1196): onPlaybackStateChanged(): com.streamfr.app tried to update with no new data
05-01 18:26:53.050 D/MediaSessionService(  610): onSessionPlaybackStateChanged: record=com.streamfr.app/androidx.media3.session.id.player_mobile_148555624754/7 (userId=0) playbackState=PlaybackState {state=PLAYING(3), position=-1, buffered position=-1, speed=0.0, updated=286172, actions=7339651, custom actions=[], active item id=0, error=null}
05-01 18:26:53.051 W/AudioMediaPlayerWrapper( 1196): onPlaybackStateChanged(): com.streamfr.app tried to update with no new data
05-01 18:26:53.052 W/AudioMediaPlayerWrapper( 1196): onPlaybackStateChanged(): com.streamfr.app tried to update with no new data
05-01 18:26:56.051 D/MediaSessionService(  610): onSessionPlaybackStateChanged: record=com.streamfr.app/androidx.media3.session.id.player_mobile_148555624754/7 (userId=0) playbackState=PlaybackState {state=PLAYING(3), position=-1, buffered position=-1, speed=0.0, updated=289172, actions=7339651, custom actions=[], active item id=0, error=null}
05-01 18:26:56.053 W/AudioMediaPlayerWrapper( 1196): onPlaybackStateChanged(): com.streamfr.app tried to update with no new data
05-01 18:26:56.054 W/AudioMediaPlayerWrapper( 1196): onPlaybackStateChanged(): com.streamfr.app tried to update with no new data
05-01 18:26:59.064 D/MediaSessionService(  610): onSessionPlaybackStateChanged: record=com.streamfr.app/androidx.media3.session.id.player_mobile_148555624754/7 (userId=0) playbackState=PlaybackState {state=PLAYING(3), position=-1, buffered position=-1, speed=0.0, updated=292185, actions=7339651, custom actions=[], active item id=0, error=null}
05-01 18:26:59.065 W/AudioMediaPlayerWrapper( 1196): onPlaybackStateChanged(): com.streamfr.app tried to update with no new data
05-01 18:26:59.065 W/AudioMediaPlayerWrapper( 1196): onPlaybackStateChanged(): com.streamfr.app tried to update with no new data
05-01 18:27:02.064 D/MediaSessionService(  610): onSessionPlaybackStateChanged: record=com.streamfr.app/androidx.media3.session.id.player_mobile_148555624754/7 (userId=0) playbackState=PlaybackState {state=PLAYING(3), position=-1, buffered position=-1, speed=0.0, updated=295186, actions=7339651, custom actions=[], active item id=0, error=null}
05-01 18:27:02.067 W/AudioMediaPlayerWrapper( 1196): onPlaybackStateChanged(): com.streamfr.app tried to update with no new data
05-01 18:27:02.068 W/AudioMediaPlayerWrapper( 1196): onPlaybackStateChanged(): com.streamfr.app tried to update with no new data
05-01 18:27:05.070 D/MediaSessionService(  610): onSessionPlaybackStateChanged: record=com.streamfr.app/androidx.media3.session.id.player_mobile_148555624754/7 (userId=0) playbackState=PlaybackState {state=PLAYING(3), position=-1, buffered position=-1, speed=0.0, updated=298188, actions=7339651, custom actions=[], active item id=0, error=null}
05-01 18:27:05.074 W/AudioMediaPlayerWrapper( 1196): onPlaybackStateChanged(): com.streamfr.app tried to update with no new data
05-01 18:27:05.075 W/AudioMediaPlayerWrapper( 1196): onPlaybackStateChanged(): com.streamfr.app tried to update with no new data
05-01 18:27:08.074 D/MediaSessionService(  610): onSessionPlaybackStateChanged: record=com.streamfr.app/androidx.media3.session.id.player_mobile_148555624754/7 (userId=0) playbackState=PlaybackState {state=PLAYING(3), position=-1, buffered position=-1, speed=0.0, updated=301196, actions=7339651, custom actions=[], active item id=0, error=null}
05-01 18:27:08.076 W/AudioMediaPlayerWrapper( 1196): onPlaybackStateChanged(): com.streamfr.app tried to update with no new data
05-01 18:27:08.078 W/AudioMediaPlayerWrapper( 1196): onPlaybackStateChanged(): com.streamfr.app tried to update with no new data
05-01 18:27:11.076 D/MediaSessionService(  610): onSessionPlaybackStateChanged: record=com.streamfr.app/androidx.media3.session.id.player_mobile_148555624754/7 (userId=0) playbackState=PlaybackState {state=PLAYING(3), position=-1, buffered position=-1, speed=0.0, updated=304197, actions=7339651, custom actions=[], active item id=0, error=null}
05-01 18:27:11.078 W/AudioMediaPlayerWrapper( 1196): onPlaybackStateChanged(): com.streamfr.app tried to update with no new data
05-01 18:27:11.080 W/AudioMediaPlayerWrapper( 1196): onPlaybackStateChanged(): com.streamfr.app tried to update with no new data
05-01 18:27:14.078 D/MediaSessionService(  610): onSessionPlaybackStateChanged: record=com.streamfr.app/androidx.media3.session.id.player_mobile_148555624754/7 (userId=0) playbackState=PlaybackState {state=PLAYING(3), position=-1, buffered position=-1, speed=0.0, updated=307199, actions=7339651, custom actions=[], active item id=0, error=null}
05-01 18:27:14.079 W/AudioMediaPlayerWrapper( 1196): onPlaybackStateChanged(): com.streamfr.app tried to update with no new data
05-01 18:27:14.080 W/AudioMediaPlayerWrapper( 1196): onPlaybackStateChanged(): com.streamfr.app tried to update with no new data
05-01 18:27:17.081 D/MediaSessionService(  610): onSessionPlaybackStateChanged: record=com.streamfr.app/androidx.media3.session.id.player_mobile_148555624754/7 (userId=0) playbackState=PlaybackState {state=PLAYING(3), position=-1, buffered position=-1, speed=0.0, updated=310201, actions=7339651, custom actions=[], active item id=0, error=null}
05-01 18:27:17.083 W/AudioMediaPlayerWrapper( 1196): onPlaybackStateChanged(): com.streamfr.app tried to update with no new data
05-01 18:27:17.083 W/AudioMediaPlayerWrapper( 1196): onPlaybackStateChanged(): com.streamfr.app tried to update with no new data
05-01 18:27:20.083 D/MediaSessionService(  610): onSessionPlaybackStateChanged: record=com.streamfr.app/androidx.media3.session.id.player_mobile_148555624754/7 (userId=0) playbackState=PlaybackState {state=PLAYING(3), position=-1, buffered position=-1, speed=0.0, updated=313204, actions=7339651, custom actions=[], active item id=0, error=null}
05-01 18:27:20.086 W/AudioMediaPlayerWrapper( 1196): onPlaybackStateChanged(): com.streamfr.app tried to update with no new data
05-01 18:27:20.087 W/AudioMediaPlayerWrapper( 1196): onPlaybackStateChanged(): com.streamfr.app tried to update with no new data
05-01 18:27:23.085 D/MediaSessionService(  610): onSessionPlaybackStateChanged: record=com.streamfr.app/androidx.media3.session.id.player_mobile_148555624754/7 (userId=0) playbackState=PlaybackState {state=PLAYING(3), position=-1, buffered position=-1, speed=0.0, updated=316206, actions=7339651, custom actions=[], active item id=0, error=null}
05-01 18:27:23.087 W/AudioMediaPlayerWrapper( 1196): onPlaybackStateChanged(): com.streamfr.app tried to update with no new data
05-01 18:27:23.088 W/AudioMediaPlayerWrapper( 1196): onPlaybackStateChanged(): com.streamfr.app tried to update with no new data
05-01 18:27:26.088 D/MediaSessionService(  610): onSessionPlaybackStateChanged: record=com.streamfr.app/androidx.media3.session.id.player_mobile_148555624754/7 (userId=0) playbackState=PlaybackState {state=PLAYING(3), position=-1, buffered position=-1, speed=0.0, updated=319209, actions=7339651, custom actions=[], active item id=0, error=null}
05-01 18:27:26.091 W/AudioMediaPlayerWrapper( 1196): onPlaybackStateChanged(): com.streamfr.app tried to update with no new data
05-01 18:27:26.092 W/AudioMediaPlayerWrapper( 1196): onPlaybackStateChanged(): com.streamfr.app tried to update with no new data
05-01 18:27:29.091 D/MediaSessionService(  610): onSessionPlaybackStateChanged: record=com.streamfr.app/androidx.media3.session.id.player_mobile_148555624754/7 (userId=0) playbackState=PlaybackState {state=PLAYING(3), position=-1, buffered position=-1, speed=0.0, updated=322213, actions=7339651, custom actions=[], active item id=0, error=null}
05-01 18:27:29.093 W/AudioMediaPlayerWrapper( 1196): onPlaybackStateChanged(): com.streamfr.app tried to update with no new data
05-01 18:27:29.094 W/AudioMediaPlayerWrapper( 1196): onPlaybackStateChanged(): com.streamfr.app tried to update with no new data
05-01 18:27:32.092 D/MediaSessionService(  610): onSessionPlaybackStateChanged: record=com.streamfr.app/androidx.media3.session.id.player_mobile_148555624754/7 (userId=0) playbackState=PlaybackState {state=PLAYING(3), position=-1, buffered position=-1, speed=0.0, updated=325214, actions=7339651, custom actions=[], active item id=0, error=null}
05-01 18:27:32.093 W/AudioMediaPlayerWrapper( 1196): onPlaybackStateChanged(): com.streamfr.app tried to update with no new data
05-01 18:27:32.094 W/AudioMediaPlayerWrapper( 1196): onPlaybackStateChanged(): com.streamfr.app tried to update with no new data
05-01 18:27:35.093 D/MediaSessionService(  610): onSessionPlaybackStateChanged: record=com.streamfr.app/androidx.media3.session.id.player_mobile_148555624754/7 (userId=0) playbackState=PlaybackState {state=PLAYING(3), position=-1, buffered position=-1, speed=0.0, updated=328214, actions=7339651, custom actions=[], active item id=0, error=null}
05-01 18:27:35.095 W/AudioMediaPlayerWrapper( 1196): onPlaybackStateChanged(): com.streamfr.app tried to update with no new data
05-01 18:27:35.096 W/AudioMediaPlayerWrapper( 1196): onPlaybackStateChanged(): com.streamfr.app tried to update with no new data
05-01 18:27:38.095 D/MediaSessionService(  610): onSessionPlaybackStateChanged: record=com.streamfr.app/androidx.media3.session.id.player_mobile_148555624754/7 (userId=0) playbackState=PlaybackState {state=PLAYING(3), position=-1, buffered position=-1, speed=0.0, updated=331216, actions=7339651, custom actions=[], active item id=0, error=null}
05-01 18:27:38.099 W/AudioMediaPlayerWrapper( 1196): onPlaybackStateChanged(): com.streamfr.app tried to update with no new data
05-01 18:27:38.100 W/AudioMediaPlayerWrapper( 1196): onPlaybackStateChanged(): com.streamfr.app tried to update with no new data
05-01 18:27:41.115 D/MediaSessionService(  610): onSessionPlaybackStateChanged: record=com.streamfr.app/androidx.media3.session.id.player_mobile_148555624754/7 (userId=0) playbackState=PlaybackState {state=PLAYING(3), position=-1, buffered position=-1, speed=0.0, updated=334229, actions=7339651, custom actions=[], active item id=0, error=null}
05-01 18:27:41.131 W/AudioMediaPlayerWrapper( 1196): onPlaybackStateChanged(): com.streamfr.app tried to update with no new data
05-01 18:27:41.152 W/AudioMediaPlayerWrapper( 1196): onPlaybackStateChanged(): com.streamfr.app tried to update with no new data
05-01 18:27:44.141 D/MediaSessionService(  610): onSessionPlaybackStateChanged: record=com.streamfr.app/androidx.media3.session.id.player_mobile_148555624754/7 (userId=0) playbackState=PlaybackState {state=PLAYING(3), position=-1, buffered position=-1, speed=0.0, updated=337254, actions=7339651, custom actions=[], active item id=0, error=null}
05-01 18:27:44.160 W/AudioMediaPlayerWrapper( 1196): onPlaybackStateChanged(): com.streamfr.app tried to update with no new data
05-01 18:27:44.170 W/AudioMediaPlayerWrapper( 1196): onPlaybackStateChanged(): com.streamfr.app tried to update with no new data
05-01 18:27:46.223 W/.apps.wellbeing( 1543): ApkAssets: Deleting an ApkAssets object '<empty> and /data/app/~~57S_fR0TvGVzg9B8YsgPeA==/com.streamfr.app-LEPjIGdb4bUAAiOsv1E6gA==/base.apk' with 1 weak references
05-01 18:27:47.156 D/MediaSessionService(  610): onSessionPlaybackStateChanged: record=com.streamfr.app/androidx.media3.session.id.player_mobile_148555624754/7 (userId=0) playbackState=PlaybackState {state=PLAYING(3), position=-1, buffered position=-1, speed=0.0, updated=340276, actions=7339651, custom actions=[], active item id=0, error=null}
05-01 18:27:47.159 W/AudioMediaPlayerWrapper( 1196): onPlaybackStateChanged(): com.streamfr.app tried to update with no new data
