05-01 18:23:45.247 I/om.streamfr.app( 4621): Background concurrent mark compact GC freed 3893KB AllocSpace bytes, 10(1484KB) LOS objects, 49% free, 12MB/24MB, paused 8.172ms,42.104ms total 355.622ms
05-01 18:23:58.016 W/gle.android.gms( 1606): ApkAssets: Deleting an ApkAssets object '<empty> and /data/app/~~57S_fR0TvGVzg9B8YsgPeA==/com.streamfr.app-LEPjIGdb4bUAAiOsv1E6gA==/base.apk' with 1 weak references
05-01 18:24:01.450 I/om.streamfr.app( 4621): Background concurrent mark compact GC freed 12MB AllocSpace bytes, 89(2960KB) LOS objects, 49% free, 10MB/21MB, paused 800us,13.468ms total 485.836ms
05-01 18:24:02.558 I/om.streamfr.app( 4621): NativeAlloc concurrent mark compact GC freed 8412KB AllocSpace bytes, 1(104KB) LOS objects, 49% free, 13MB/26MB, paused 9.836ms,3.711ms total 265.140ms
05-01 18:24:03.544 I/Zygote  (  391): Process 4601 exited due to signal 9 (Killed)
05-01 18:24:03.561 I/Zygote  (  391): Process 4130 exited due to signal 9 (Killed)
05-01 18:24:03.570 I/Zygote  (  391): Process 4161 exited due to signal 9 (Killed)
05-01 18:24:03.597 I/om.streamfr.app( 4621): NativeAlloc concurrent mark compact GC freed 10MB AllocSpace bytes, 0(0B) LOS objects, 49% free, 13MB/27MB, paused 2.821ms,24.799ms total 349.023ms
05-01 18:24:05.081 W/om.streamfr.app( 4621): Entry not found
05-01 18:24:05.098 I/AppsFilter(  610): interaction: PackageSetting{2f55bbd com.streamfr.app/10209} -> PackageSetting{4e97b71 com.android.cts.priv.ctsshim/10184} BLOCKED
05-01 18:24:05.099 I/AppsFilter(  610): interaction: PackageSetting{2f55bbd com.streamfr.app/10209} -> PackageSetting{56c2d56 com.google.android.youtube/10166} BLOCKED
05-01 18:24:05.099 I/AppsFilter(  610): interaction: PackageSetting{2f55bbd com.streamfr.app/10209} -> PackageSetting{b63b1d7 com.android.internal.display.cutout.emulation.corner/10004} BLOCKED
05-01 18:24:05.099 I/AppsFilter(  610): interaction: PackageSetting{2f55bbd com.streamfr.app/10209} -> PackageSetting{cec6ac4 com.android.internal.display.cutout.emulation.double/10007} BLOCKED
05-01 18:24:05.099 I/AppsFilter(  610): interaction: PackageSetting{2f55bbd com.streamfr.app/10209} -> PackageSetting{c95dad com.google.android.onetimeinitializer/10130} BLOCKED
05-01 18:24:05.099 I/AppsFilter(  610): interaction: PackageSetting{2f55bbd com.streamfr.app/10209} -> PackageSetting{115c8e2 com.google.android.ext.shared/10120} BLOCKED
05-01 18:24:05.099 I/AppsFilter(  610): interaction: PackageSetting{2f55bbd com.streamfr.app/10209} -> PackageSetting{a479473 com.android.virtualmachine.res/10193} BLOCKED
05-01 18:24:05.099 I/AppsFilter(  610): interaction: PackageSetting{2f55bbd com.streamfr.app/10209} -> PackageSetting{3a76f30 com.android.managedprovisioning.auto_generated_rro_product__/10042} BLOCKED
05-01 18:24:05.099 I/AppsFilter(  610): interaction: PackageSetting{2f55bbd com.streamfr.app/10209} -> PackageSetting{14b27a9 com.android.carrierconfig.auto_generated_rro_vendor__/10087} BLOCKED
05-01 18:24:05.099 I/AppsFilter(  610): interaction: PackageSetting{2f55bbd com.streamfr.app/10209} -> PackageSetting{8cb912e com.google.android.server.deviceconfig.resources/10199} BLOCKED
05-01 18:24:05.099 I/AppsFilter(  610): interaction: PackageSetting{2f55bbd com.streamfr.app/10209} -> PackageSetting{c7d04cf com.android.systemui.emulation.pixel_3_xl/10054} BLOCKED
05-01 18:24:05.099 I/AppsFilter(  610): interaction: PackageSetting{2f55bbd com.streamfr.app/10209} -> PackageSetting{fcc4e5c com.android.systemui.emulation.pixel_4_xl/10061} BLOCKED
05-01 18:24:05.099 I/AppsFilter(  610): interaction: PackageSetting{2f55bbd com.streamfr.app/10209} -> PackageSetting{1059565 com.android.systemui.emulation.pixel_fold/10074} BLOCKED
05-01 18:24:05.099 I/AppsFilter(  610): interaction: PackageSetting{2f55bbd com.streamfr.app/10209} -> PackageSetting{403923a com.android.providers.telephony.auto_generated_characteristics_rro/10079} BLOCKED
05-01 18:24:05.099 I/AppsFilter(  610): interaction: PackageSetting{2f55bbd com.streamfr.app/10209} -> PackageSetting{eef1eeb com.android.simappdialog.auto_generated_rro_product__/10051} BLOCKED
05-01 18:24:05.099 I/AppsFilter(  610): interaction: PackageSetting{2f55bbd com.streamfr.app/10209} -> PackageSetting{bfdf448 com.android.htmlviewer/10121} BLOCKED
05-01 18:24:05.099 I/AppsFilter(  610): interaction: PackageSetting{2f55bbd com.streamfr.app/10209} -> PackageSetting{33f22e1 com.google.android.health.connect.backuprestore/10198} BLOCKED
05-01 18:24:05.099 I/AppsFilter(  610): interaction: PackageSetting{2f55bbd com.streamfr.app/10209} -> PackageSetting{9889806 com.android.systemui.auto_generated_rro_product__/10075} BLOCKED
05-01 18:24:05.099 I/AppsFilter(  610): interaction: PackageSetting{2f55bbd com.streamfr.app/10209} -> PackageSetting{70195ad com.google.android.apps.messaging/10140} BLOCKED
05-01 18:24:05.099 I/AppsFilter(  610): interaction: PackageSetting{2f55bbd com.streamfr.app/10209} -> PackageSetting{81ebec7 com.google.android.soundpicker/10162} BLOCKED
05-01 18:24:05.099 I/AppsFilter(  610): interaction: PackageSetting{2f55bbd com.streamfr.app/10209} -> PackageSetting{8220cf4 com.google.android.marvin.talkbackoverlay/10090} BLOCKED
05-01 18:24:05.099 I/AppsFilter(  610): interaction: PackageSetting{2f55bbd com.streamfr.app/10209} -> PackageSetting{f2a0c1d com.google.android.configupdater/10128} BLOCKED
05-01 18:24:05.099 I/AppsFilter(  610): interaction: PackageSetting{2f55bbd com.streamfr.app/10209} -> PackageSetting{62e92 com.android.internal.emulation.pixel_3a_xl/10017} BLOCKED
05-01 18:24:05.099 I/AppsFilter(  610): interaction: PackageSetting{2f55bbd com.streamfr.app/10209} -> PackageSetting{bbe8063 com.android.internal.emulation.pixel_6_pro/10022} BLOCKED
05-01 18:24:05.099 I/AppsFilter(  610): interaction: PackageSetting{2f55bbd com.streamfr.app/10209} -> PackageSetting{acd0460 com.android.internal.emulation.pixel_7_pro/10031} BLOCKED
05-01 18:24:05.099 I/AppsFilter(  610): interaction: PackageSetting{2f55bbd com.streamfr.app/10209} -> PackageSetting{2e04d19 com.android.internal.emulation.pixel_8_pro/10030} BLOCKED
05-01 18:24:05.099 I/AppsFilter(  610): interaction: PackageSetting{2f55bbd com.streamfr.app/10209} -> PackageSetting{b54a1de com.android.internal.emulation.pixel_9_pro/10028} BLOCKED
05-01 18:24:05.099 I/AppsFilter(  610): interaction: PackageSetting{2f55bbd com.streamfr.app/10209} -> PackageSetting{c0ebfbf com.android.internal.emulation.pixel_3a/10013} BLOCKED
05-01 18:24:05.099 I/AppsFilter(  610): interaction: PackageSetting{2f55bbd com.streamfr.app/10209} -> PackageSetting{d6e068c com.android.internal.emulation.pixel_4a/10020} BLOCKED
05-01 18:24:05.099 I/AppsFilter(  610): interaction: PackageSetting{2f55bbd com.streamfr.app/10209} -> PackageSetting{a1fa1d5 com.android.internal.emulation.pixel_6a/10023} BLOCKED
05-01 18:24:05.099 I/AppsFilter(  610): interaction: PackageSetting{2f55bbd com.streamfr.app/10209} -> PackageSetting{284fdea com.android.internal.emulation.pixel_7a/10025} BLOCKED
05-01 18:24:05.099 I/AppsFilter(  610): interaction: PackageSetting{2f55bbd com.streamfr.app/10209} -> PackageSetting{4f998db com.android.internal.emulation.pixel_8a/10041} BLOCKED
05-01 18:24:05.099 I/AppsFilter(  610): interaction: PackageSetting{2f55bbd com.streamfr.app/10209} -> PackageSetting{f3aff78 com.google.android.overlay.googlewebview/10037} BLOCKED
05-01 18:24:05.099 I/AppsFilter(  610): interaction: PackageSetting{2f55bbd com.streamfr.app/10209} -> PackageSetting{4c58651 com.google.android.apps.safetyhub/10139} BLOCKED
05-01 18:24:05.099 I/AppsFilter(  610): interaction: PackageSetting{2f55bbd com.streamfr.app/10209} -> PackageSetting{aad0eb6 com.google.android.hotspot2.osulogin/10202} BLOCKED
05-01 18:24:05.099 I/AppsFilter(  610): interaction: PackageSetting{2f55bbd com.streamfr.app/10209} -> PackageSetting{ceee7b7 com.android.simappdialog/10124} BLOCKED
05-01 18:24:05.099 I/AppsFilter(  610): interaction: PackageSetting{2f55bbd com.streamfr.app/10209} -> PackageSetting{adc9b24 com.android.internal.display.cutout.emulation.hole/10014} BLOCKED
05-01 18:24:05.099 I/AppsFilter(  610): interaction: PackageSetting{2f55bbd com.streamfr.app/10209} -> PackageSetting{90b368d com.android.internal.display.cutout.emulation.tall/10008} BLOCKED
05-01 18:24:05.099 I/AppsFilter(  610): interaction: PackageSetting{2f55bbd com.streamfr.app/10209} -> PackageSetting{2736042 com.android.internal.systemui.navbar.threebutton/10047} BLOCKED
05-01 18:24:05.099 I/AppsFilter(  610): interaction: PackageSetting{2f55bbd com.streamfr.app/10209} -> PackageSetting{7804853 com.android.camera2/10147} BLOCKED
05-01 18:24:05.099 I/AppsFilter(  610): interaction: PackageSetting{2f55bbd com.streamfr.app/10209} -> PackageSetting{ada4590 com.android.internal.ranchu.commonoverlay/10048} BLOCKED
05-01 18:24:05.099 I/AppsFilter(  610): interaction: PackageSetting{2f55bbd com.streamfr.app/10209} -> PackageSetting{d81ae89 com.android.systemui.auto_generated_rro_vendor__/10088} BLOCKED
05-01 18:24:05.099 I/AppsFilter(  610): interaction: PackageSetting{2f55bbd com.streamfr.app/10209} -> PackageSetting{a5b3e8e com.google.android.deskclock/10160} BLOCKED
05-01 18:24:05.099 I/AppsFilter(  610): interaction: PackageSetting{2f55bbd com.streamfr.app/10209} -> PackageSetting{5bd16af com.android.internal.systemui.navbar.twobutton/10040} BLOCKED
05-01 18:24:05.099 I/AppsFilter(  610): interaction: PackageSetting{2f55bbd com.streamfr.app/10209} -> PackageSetting{8c62abc com.google.android.gm/10167} BLOCKED
05-01 18:24:05.099 I/AppsFilter(  610): interaction: PackageSetting{2f55bbd com.streamfr.app/10209} -> PackageSetting{6cdaa45 com.android.compos.payload/10206} BLOCKED
05-01 18:24:05.099 I/AppsFilter(  610): interaction: PackageSetting{2f55bbd com.streamfr.app/10209} -> PackageSetting{5d0b59a com.android.systemui.emulation.pixel_3/10053} BLOCKED
05-01 18:24:05.099 I/AppsFilter(  610): interaction: PackageSetting{2f55bbd com.streamfr.app/10209} -> PackageSetting{4e6ecb com.android.systemui.emulation.pixel_4/10057} BLOCKED
05-01 18:24:05.099 I/AppsFilter(  610): interaction: PackageSetting{2f55bbd com.streamfr.app/10209} -> PackageSetting{32936a8 com.android.systemui.emulation.pixel_5/10060} BLOCKED
05-01 18:24:05.099 I/AppsFilter(  610): interaction: PackageSetting{2f55bbd com.streamfr.app/10209} -> PackageSetting{523a5c1 com.android.systemui.emulation.pixel_6/10058} BLOCKED
05-01 18:24:05.099 I/AppsFilter(  610): interaction: PackageSetting{2f55bbd com.streamfr.app/10209} -> PackageSetting{f49166 com.android.systemui.emulation.pixel_7/10064} BLOCKED
05-01 18:24:05.099 I/AppsFilter(  610): interaction: PackageSetting{2f55bbd com.streamfr.app/10209} -> PackageSetting{7532ca7 com.android.systemui.emulation.pixel_8/10067} BLOCKED
05-01 18:24:05.099 I/AppsFilter(  610): interaction: PackageSetting{2f55bbd com.streamfr.app/10209} -> PackageSetting{62f1554 com.android.systemui.emulation.pixel_9/10070} BLOCKED
05-01 18:24:05.099 I/AppsFilter(  610): interaction: PackageSetting{2f55bbd com.streamfr.app/10209} -> PackageSetting{d83dcfd com.android.printspooler/10125} BLOCKED
05-01 18:24:05.099 I/AppsFilter(  610): interaction: PackageSetting{2f55bbd com.streamfr.app/10209} -> PackageSetting{7285df2 com.google.android.connectivity.resources.goldfish.overlay/10089} BLOCKED
05-01 18:24:05.099 I/AppsFilter(  610): interaction: PackageSetting{2f55bbd com.streamfr.app/10209} -> PackageSetting{3fbec43 com.android.dreams.basic/10110} BLOCKED
05-01 18:24:05.099 I/AppsFilter(  610): interaction: PackageSetting{2f55bbd com.streamfr.app/10209} -> PackageSetting{31232c0 com.google.android.networkstack.tethering.emulator/10033} BLOCKED
05-01 18:24:05.099 I/AppsFilter(  610): interaction: PackageSetting{2f55bbd com.streamfr.app/10209} -> PackageSetting{ab64bf9 com.android.providers.settings.auto_generated_rro_product__/10050} BLOCKED
05-01 18:24:05.099 I/AppsFilter(  610): interaction: PackageSetting{2f55bbd com.streamfr.app/10209} -> PackageSetting{65a673e com.google.android.as.oss/10129} BLOCKED
05-01 18:24:05.099 I/AppsFilter(  610): interaction: PackageSetting{2f55bbd com.streamfr.app/10209} -> PackageSetting{7e7099f com.android.traceur.auto_generated_rro_product__/10081} BLOCKED
05-01 18:24:05.099 I/AppsFilter(  610): interaction: PackageSetting{2f55bbd com.streamfr.app/10209} -> PackageSetting{247baec com.android.internal.emulation.pixel_9_pro_fold/10029} BLOCKED
05-01 18:24:05.099 I/AppsFilter(  610): interaction: PackageSetting{2f55bbd com.streamfr.app/10209} -> PackageSetting{206aeb5 com.google.android.devicelockcontroller/10208} BLOCKED
05-01 18:24:05.099 I/AppsFilter(  610): interaction: PackageSetting{2f55bbd com.streamfr.app/10209} -> PackageSetting{b11b94a com.google.android.dialer/10138} BLOCKED
05-01 18:24:05.099 I/AppsFilter(  610): interaction: PackageSetting{2f55bbd com.streamfr.app/10209} -> PackageSetting{63ca0bb com.android.internal.emulation.pixel_3/10018} BLOCKED
05-01 18:24:05.099 I/AppsFilter(  610): interaction: PackageSetting{2f55bbd com.streamfr.app/10209} -> PackageSetting{c6b99d8 com.android.internal.emulation.pixel_4/10015} BLOCKED
05-01 18:24:05.099 I/AppsFilter(  610): interaction: PackageSetting{2f55bbd com.streamfr.app/10209} -> PackageSetting{7c08131 com.android.internal.emulation.pixel_5/10019} BLOCKED
05-01 18:24:05.099 I/AppsFilter(  610): interaction: PackageSetting{2f55bbd com.streamfr.app/10209} -> PackageSetting{13a2016 com.android.internal.emulation.pixel_6/10021} BLOCKED
05-01 18:24:05.099 I/AppsFilter(  610): interaction: PackageSetting{2f55bbd com.streamfr.app/10209} -> PackageSetting{28a8d97 com.android.internal.emulation.pixel_7/10024} BLOCKED
05-01 18:24:05.099 I/AppsFilter(  610): interaction: PackageSetting{2f55bbd com.streamfr.app/10209} -> PackageSetting{5ec7b84 com.android.internal.emulation.pixel_8/10026} BLOCKED
05-01 18:24:05.099 I/AppsFilter(  610): interaction: PackageSetting{2f55bbd com.streamfr.app/10209} -> PackageSetting{f6aff6d com.android.internal.emulation.pixel_9/10027} BLOCKED
05-01 18:24:05.099 I/AppsFilter(  610): interaction: PackageSetting{2f55bbd com.streamfr.app/10209} -> PackageSetting{5b027a2 com.google.android.captiveportallogin/10116} BLOCKED
05-01 18:24:05.099 I/AppsFilter(  610): interaction: PackageSetting{2f55bbd com.streamfr.app/10209} -> PackageSetting{1606c33 android.auto_generated_characteristics_rro/10083} BLOCKED
05-01 18:24:05.099 I/AppsFilter(  610): interaction: PackageSetting{2f55bbd com.streamfr.app/10209} -> PackageSetting{977cbf0 com.google.android.appsearch.apk/10191} BLOCKED
05-01 18:24:05.099 I/AppsFilter(  610): interaction: PackageSetting{2f55bbd com.streamfr.app/10209} -> PackageSetting{3c52569 com.android.musicfx/10105} BLOCKED
05-01 18:24:05.099 I/AppsFilter(  610): interaction: PackageSetting{2f55bbd com.streamfr.app/10209} -> PackageSetting{48d1bee com.google.android.apps.docs/10150} BLOCKED
05-01 18:24:05.099 I/AppsFilter(  610): interaction: PackageSetting{2f55bbd com.streamfr.app/10209} -> PackageSetting{dd5d1cd com.google.android.apps.maps/10157} BLOCKED
05-01 18:24:05.099 I/AppsFilter(  610): interaction: PackageSetting{2f55bbd com.streamfr.app/10209} -> PackageSetting{6ab988f com.google.android.markup/10154} BLOCKED
05-01 18:24:05.099 I/AppsFilter(  610): interaction: PackageSetting{2f55bbd com.streamfr.app/10209} -> PackageSetting{281af25 com.google.android.rkpdapp/10190} BLOCKED
05-01 18:24:05.099 I/AppsFilter(  610): interaction: PackageSetting{2f55bbd com.streamfr.app/10209} -> PackageSetting{3308fa com.google.android.contacts/10151} BLOCKED
05-01 18:24:05.099 I/AppsFilter(  610): interaction: PackageSetting{2f55bbd com.streamfr.app/10209} -> PackageSetting{dd32eab com.android.server.telecom.auto_generated_rro_product__/10078} BLOCKED
05-01 18:24:05.099 I/AppsFilter(  610): interaction: PackageSetting{2f55bbd com.streamfr.app/10209} -> PackageSetting{e652908 com.android.phone.auto_generated_characteristics_rro/10076} BLOCKED
05-01 18:24:05.099 I/AppsFilter(  610): interaction: PackageSetting{2f55bbd com.streamfr.app/10209} -> PackageSetting{7c318a1 com.google.android.overlay.googleconfig/10039} BLOCKED
05-01 18:24:05.099 I/AppsFilter(  610): interaction: PackageSetting{2f55bbd com.streamfr.app/10209} -> PackageSetting{d18bac6 com.android.chrome/10146} BLOCKED
05-01 18:24:05.099 I/AppsFilter(  610): interaction: PackageSetting{2f55bbd com.streamfr.app/10209} -> PackageSetting{7940a87 com.android.bips.auto_generated_rro_product__/10002} BLOCKED
05-01 18:24:05.099 I/AppsFilter(  610): interaction: PackageSetting{2f55bbd com.streamfr.app/10209} -> PackageSetting{a7cdb4 com.google.android.apps.customization.pixel/10155} BLOCKED
05-01 18:24:05.100 I/AppsFilter(  610): interaction: PackageSetting{2f55bbd com.streamfr.app/10209} -> PackageSetting{5579ddd com.google.android.tag/10108} BLOCKED
05-01 18:24:05.100 I/AppsFilter(  610): interaction: PackageSetting{2f55bbd com.streamfr.app/10209} -> PackageSetting{e55bd52 com.google.android.overlay.permissioncontroller/10036} BLOCKED
05-01 18:24:05.100 I/AppsFilter(  610): interaction: PackageSetting{2f55bbd com.streamfr.app/10209} -> PackageSetting{99cc823 com.google.android.partnersetup/10137} BLOCKED
05-01 18:24:05.100 I/AppsFilter(  610): interaction: PackageSetting{2f55bbd com.streamfr.app/10209} -> PackageSetting{ace1120 com.google.android.apps.wallpaper.nexus/10153} BLOCKED
05-01 18:24:05.100 I/AppsFilter(  610): interaction: PackageSetting{2f55bbd com.streamfr.app/10209} -> PackageSetting{1b53ad9 com.google.android.apps.nexuslauncher/10176} BLOCKED
05-01 18:24:05.100 I/AppsFilter(  610): interaction: PackageSetting{2f55bbd com.streamfr.app/10209} -> PackageSetting{eee5c9e com.android.theme.font.notoserifsource/10034} BLOCKED
05-01 18:24:05.100 I/AppsFilter(  610): interaction: PackageSetting{2f55bbd com.streamfr.app/10209} -> PackageSetting{be9c37f com.google.android.safetycenter.resources/10195} BLOCKED
05-01 18:24:05.100 I/AppsFilter(  610): interaction: PackageSetting{2f55bbd com.streamfr.app/10209} -> PackageSetting{f531f4c com.android.internal.display.cutout.emulation.waterfall/10009} BLOCKED
05-01 18:24:05.100 I/AppsFilter(  610): interaction: PackageSetting{2f55bbd com.streamfr.app/10209} -> PackageSetting{ab5ab95 com.android.internal.systemui.navbar.transparent/10082} BLOCKED
05-01 18:24:05.100 I/AppsFilter(  610): interaction: PackageSetting{2f55bbd com.streamfr.app/10209} -> PackageSetting{3dfa4aa com.google.android.connectivity.resources/10192} BLOCKED
05-01 18:24:05.100 I/AppsFilter(  610): interaction: PackageSetting{2f55bbd com.streamfr.app/10209} -> PackageSetting{fe1189b com.android.providers.contacts.auto_generated_rro_product__/10003} BLOCKED
05-01 18:24:05.100 I/AppsFilter(  610): interaction: PackageSetting{2f55bbd com.streamfr.app/10209} -> PackageSetting{b38e438 com.google.android.feedback/10172} BLOCKED
05-01 18:24:05.100 I/AppsFilter(  610): interaction: PackageSetting{2f55bbd com.streamfr.app/10209} -> PackageSetting{8126c11 com.google.android.printservice.recommendation/10119} BLOCKED
05-01 18:24:05.100 I/AppsFilter(  610): interaction: PackageSetting{2f55bbd com.streamfr.app/10209} -> PackageSetting{2eb6176 com.google.android.apps.photos/10165} BLOCKED
05-01 18:24:05.100 I/AppsFilter(  610): interaction: PackageSetting{2f55bbd com.streamfr.app/10209} -> PackageSetting{f527bb8 com.google.android.calendar/10149} BLOCKED
05-01 18:24:05.100 I/AppsFilter(  610): interaction: PackageSetting{2f55bbd com.streamfr.app/10209} -> PackageSetting{d2ea377 com.google.android.documentsui/10099} BLOCKED
05-01 18:24:05.100 I/AppsFilter(  610): interaction: PackageSetting{2f55bbd com.streamfr.app/10209} -> PackageSetting{7b40be4 com.android.systemui.emulation.pixel_3a_xl/10056} BLOCKED
05-01 18:24:05.100 I/AppsFilter(  610): interaction: PackageSetting{2f55bbd com.streamfr.app/10209} -> PackageSetting{9a0b84d com.android.systemui.emulation.pixel_6_pro/10062} BLOCKED
05-01 18:24:05.100 I/AppsFilter(  610): interaction: PackageSetting{2f55bbd com.streamfr.app/10209} -> PackageSetting{a241f02 com.android.systemui.emulation.pixel_7_pro/10065} BLOCKED
05-01 18:24:05.100 I/AppsFilter(  610): interaction: PackageSetting{2f55bbd com.streamfr.app/10209} -> PackageSetting{600013 com.android.systemui.emulation.pixel_8_pro/10068} BLOCKED
05-01 18:24:05.100 I/AppsFilter(  610): interaction: PackageSetting{2f55bbd com.streamfr.app/10209} -> PackageSetting{a980250 com.android.systemui.emulation.pixel_9_pro/10071} BLOCKED
05-01 18:24:05.100 I/AppsFilter(  610): interaction: PackageSetting{2f55bbd com.streamfr.app/10209} -> PackageSetting{d4d8c49 com.android.carrierconfig.auto_generated_rro_product__/10005} BLOCKED
05-01 18:24:05.100 I/AppsFilter(  610): interaction: PackageSetting{2f55bbd com.streamfr.app/10209} -> PackageSetting{439294e com.android.devicediagnostics.auto_generated_rro_product__/10006} BLOCKED
05-01 18:24:05.100 I/AppsFilter(  610): interaction: PackageSetting{2f55bbd com.streamfr.app/10209} -> PackageSetting{7408a6f com.android.providers.partnerbookmarks/10122} BLOCKED
05-01 18:24:05.100 I/AppsFilter(  610): interaction: PackageSetting{2f55bbd com.streamfr.app/10209} -> PackageSetting{182f37c com.android.wallpaper.livepicker/10104} BLOCKED
05-01 18:24:05.100 I/AppsFilter(  610): interaction: PackageSetting{2f55bbd com.streamfr.app/10209} -> PackageSetting{8d9a405 com.android.providers.telephony.auto_generated_rro_product__/10080} BLOCKED
05-01 18:24:05.100 I/AppsFilter(  610): interaction: PackageSetting{2f55bbd com.streamfr.app/10209} -> PackageSetting{5828c5a com.android.phone.auto_generated_rro_vendor__/10085} BLOCKED
05-01 18:24:05.100 I/AppsFilter(  610): interaction: PackageSetting{2f55bbd com.streamfr.app/10209} -> PackageSetting{6f55e8b com.android.imsserviceentitlement/10132} BLOCKED
05-01 18:24:05.100 I/AppsFilter(  610): interaction: PackageSetting{2f55bbd com.streamfr.app/10209} -> PackageSetting{3c9cb68 com.android.internal.emulation.pixel_9_pro_xl/10032} BLOCKED
05-01 18:24:05.100 I/AppsFilter(  610): interaction: PackageSetting{2f55bbd com.streamfr.app/10209} -> PackageSetting{3557b81 com.google.android.healthconnect.controller/10197} BLOCKED
05-01 18:24:05.100 I/AppsFilter(  610): interaction: PackageSetting{2f55bbd com.streamfr.app/10209} -> PackageSetting{dcd1426 com.android.internal.emulation.pixel_2_xl/10011} BLOCKED
05-01 18:24:05.100 I/AppsFilter(  610): interaction: PackageSetting{2f55bbd com.streamfr.app/10209} -> PackageSetting{7d95867 com.android.internal.emulation.pixel_3_xl/10012} BLOCKED
05-01 18:24:05.100 I/AppsFilter(  610): interaction: PackageSetting{2f55bbd com.streamfr.app/10209} -> PackageSetting{7243614 com.android.internal.emulation.pixel_4_xl/10016} BLOCKED
05-01 18:24:05.100 I/AppsFilter(  610): interaction: PackageSetting{2f55bbd com.streamfr.app/10209} -> PackageSetting{a5d4ebd com.android.internal.emulation.pixel_fold/10035} BLOCKED
05-01 18:24:05.100 I/AppsFilter(  610): interaction: PackageSetting{2f55bbd com.streamfr.app/10209} -> PackageSetting{ae64cb2 com.android.bookmarkprovider/10114} BLOCKED
05-01 18:24:05.100 I/AppsFilter(  610): interaction: PackageSetting{2f55bbd com.streamfr.app/10209} -> PackageSetting{3191403 com.google.android.overlay.pixelconfigcommon/10044} BLOCKED
05-01 18:24:05.100 I/AppsFilter(  610): interaction: PackageSetting{2f55bbd com.streamfr.app/10209} -> PackageSetting{3189f80 com.android.systemui.accessibility.accessibilitymenu.auto_generated_rro_product__/10000} BLOCKED
05-01 18:24:05.100 I/AppsFilter(  610): interaction: PackageSetting{2f55bbd com.streamfr.app/10209} -> PackageSetting{f1519b9 com.android.systemui.emulation.pixel_3a/10055} BLOCKED
05-01 18:24:05.100 I/AppsFilter(  610): interaction: PackageSetting{2f55bbd com.streamfr.app/10209} -> PackageSetting{7e881fe com.android.systemui.emulation.pixel_4a/10059} BLOCKED
05-01 18:24:05.100 I/AppsFilter(  610): interaction: PackageSetting{2f55bbd com.streamfr.app/10209} -> PackageSetting{e0eed5f com.android.systemui.emulation.pixel_6a/10063} BLOCKED
05-01 18:24:05.100 I/AppsFilter(  610): interaction: PackageSetting{2f55bbd com.streamfr.app/10209} -> PackageSetting{f2833ac com.android.systemui.emulation.pixel_7a/10066} BLOCKED
05-01 18:24:05.100 I/AppsFilter(  610): interaction: PackageSetting{2f55bbd com.streamfr.app/10209} -> PackageSetting{6e49875 com.android.systemui.emulation.pixel_8a/10069} BLOCKED
05-01 18:24:05.100 I/AppsFilter(  610): interaction: PackageSetting{2f55bbd com.streamfr.app/10209} -> PackageSetting{546c00a com.google.android.settings.intelligence/10141} BLOCKED
05-01 18:24:05.100 I/AppsFilter(  610): interaction: PackageSetting{2f55bbd com.streamfr.app/10209} -> PackageSetting{2608871 com.google.android.projection.gearhead/10131} BLOCKED
05-01 18:24:05.100 I/AppsFilter(  610): interaction: PackageSetting{2f55bbd com.streamfr.app/10209} -> PackageSetting{f5f007b com.google.android.uwb.resources/10200} BLOCKED
05-01 18:24:05.100 I/AppsFilter(  610): interaction: PackageSetting{2f55bbd com.streamfr.app/10209} -> PackageSetting{512b656 com.android.cts.ctsshim/10185} BLOCKED
05-01 18:24:05.100 I/AppsFilter(  610): interaction: PackageSetting{2f55bbd com.streamfr.app/10209} -> PackageSetting{7bade98 com.google.android.wifi.resources/10201} BLOCKED
05-01 18:24:05.100 I/AppsFilter(  610): interaction: PackageSetting{2f55bbd com.streamfr.app/10209} -> PackageSetting{bf346f1 com.google.android.wifi.dialog/10203} BLOCKED
05-01 18:24:05.100 I/AppsFilter(  610): interaction: PackageSetting{2f55bbd com.streamfr.app/10209} -> PackageSetting{598d2d6 com.android.wallpaper/10177} BLOCKED
05-01 18:24:05.100 I/AppsFilter(  610): interaction: PackageSetting{2f55bbd com.streamfr.app/10209} -> PackageSetting{c448792 com.android.microdroid.empty_payload/10194} BLOCKED
05-01 18:24:05.100 I/AppsFilter(  610): interaction: PackageSetting{2f55bbd com.streamfr.app/10209} -> PackageSetting{9d32957 com.google.android.apps.wallpaper/10180} BLOCKED
05-01 18:24:05.100 I/AppsFilter(  610): interaction: PackageSetting{2f55bbd com.streamfr.app/10209} -> PackageSetting{5cb4c44 com.google.android.odad/10136} BLOCKED
05-01 18:24:05.100 I/AppsFilter(  610): interaction: PackageSetting{2f55bbd com.streamfr.app/10209} -> PackageSetting{964612d com.android.settings.auto_generated_rro_product__/10049} BLOCKED
05-01 18:24:05.100 I/AppsFilter(  610): interaction: PackageSetting{2f55bbd com.streamfr.app/10209} -> PackageSetting{b274662 com.android.systemui.emulation.pixel_9_pro_xl/10073} BLOCKED
05-01 18:24:05.100 I/AppsFilter(  610): interaction: PackageSetting{2f55bbd com.streamfr.app/10209} -> PackageSetting{8f703f3 com.android.companiondevicemanager.auto_generated_characteristics_rro/10001} BLOCKED
05-01 18:24:05.100 I/AppsFilter(  610): interaction: PackageSetting{2f55bbd com.streamfr.app/10209} -> PackageSetting{552e8b0 com.android.internal.systemui.navbar.gestural/10045} BLOCKED
05-01 18:24:05.100 I/AppsFilter(  610): interaction: PackageSetting{2f55bbd com.streamfr.app/10209} -> PackageSetting{f52e329 com.google.android.apps.youtube.music/10164} BLOCKED
05-01 18:24:05.100 I/AppsFilter(  610): interaction: PackageSetting{2f55bbd com.streamfr.app/10209} -> PackageSetting{23766ae com.android.bluetoothmidiservice/10111} BLOCKED
05-01 18:24:05.100 I/AppsFilter(  610): interaction: PackageSetting{2f55bbd com.streamfr.app/10209} -> PackageSetting{b73ec4f com.android.storagemanager.auto_generated_rro_product__/10052} BLOCKED
05-01 18:24:05.100 I/AppsFilter(  610): interaction: PackageSetting{2f55bbd com.streamfr.app/10209} -> PackageSetting{675dfdc com.google.android.cellbroadcastreceiver/10187} BLOCKED
05-01 18:24:05.100 I/AppsFilter(  610): interaction: PackageSetting{2f55bbd com.streamfr.app/10209} -> PackageSetting{a8d88e5 com.android.phone.auto_generated_rro_product__/10077} BLOCKED
05-01 18:24:05.100 I/AppsFilter(  610): interaction: PackageSetting{2f55bbd com.streamfr.app/10209} -> PackageSetting{4173fba com.android.systemui.emulation.pixel_9_pro_fold/10072} BLOCKED
05-01 18:24:05.100 I/AppsFilter(  610): interaction: PackageSetting{2f55bbd com.streamfr.app/10209} -> PackageSetting{72cfe6b android.auto_generated_rro_product__/10084} BLOCKED
05-01 18:24:05.100 I/AppsFilter(  610): interaction: PackageSetting{2f55bbd com.streamfr.app/10209} -> PackageSetting{56f1dc8 com.google.android.inputmethod.latin/10156} BLOCKED
05-01 18:24:05.100 I/AppsFilter(  610): interaction: PackageSetting{2f55bbd com.streamfr.app/10209} -> PackageSetting{c12ce61 android.auto_generated_rro_vendor__/10086} BLOCKED
05-01 18:24:05.100 I/AppsFilter(  610): interaction: PackageSetting{2f55bbd com.streamfr.app/10209} -> PackageSetting{ee99d86 com.google.android.apps.restore/10135} BLOCKED
05-01 18:24:07.269 W/om.streamfr.app( 4621): ApkAssets: Deleting an ApkAssets object '<empty> and /data/app/~~bPQgiPgGlIc4f_yzR_k1wg==/com.google.android.webview-kMTAztJG_OgKhjQyYyxwAw==/WebViewGoogle.apk' with 2 weak references
05-01 18:24:11.495 W/ndroid.settings( 5219): ApkAssets: Deleting an ApkAssets object '<empty> and /data/app/~~57S_fR0TvGVzg9B8YsgPeA==/com.streamfr.app-LEPjIGdb4bUAAiOsv1E6gA==/base.apk' with 1 weak references
05-01 18:24:12.434 I/AppsFilter(  610): interaction: PackageSetting{2f55bbd com.streamfr.app/10209} -> PackageSetting{7422108 com.google.android.settings.intelligence/10141} BLOCKED
05-01 18:24:12.577 I/Zygote  (  391): Process 5195 exited due to signal 9 (Killed)
05-01 18:24:13.464 I/Zygote  (  391): Process 4432 exited due to signal 9 (Killed)
05-01 18:24:13.486 I/Zygote  (  391): Process 5131 exited due to signal 9 (Killed)
05-01 18:24:13.613 I/Zygote  (  391): Process 3545 exited due to signal 9 (Killed)
05-01 18:24:13.618 I/Zygote  (  391): Process 5171 exited due to signal 9 (Killed)
05-01 18:24:13.641 I/Zygote  (  391): Process 2990 exited due to signal 9 (Killed)
05-01 18:24:13.692 I/Zygote  (  391): Process 5219 exited due to signal 9 (Killed)
05-01 18:24:13.737 I/Zygote  (  391): Process 1670 exited due to signal 9 (Killed)
05-01 18:24:13.789 I/Zygote  ( 1118): Process 3228 exited due to signal 9 (Killed)
05-01 18:24:14.930 I/ActivityManager(  610): Force stopping com.android.vending appid=10142 user=-1: installPackageLI
05-01 18:24:14.946 I/ActivityManager(  610): Killing 2295:com.android.vending:instant_app_installer/u0a142 (adj 905): stop com.android.vending due to installPackageLI
05-01 18:24:14.950 I/ActivityManager(  610): Killing 1835:com.android.vending/u0a142 (adj 227): stop com.android.vending due to installPackageLI
05-01 18:24:14.960 I/ActivityManager(  610): Killing 2435:com.android.vending:background/u0a142 (adj 227): stop com.android.vending due to installPackageLI
05-01 18:24:14.964 I/ActivityManager(  610): Killing 3977:com.android.vending:quick_launch/u0a142 (adj 227): stop com.android.vending due to installPackageLI
05-01 18:24:14.992 I/Zygote  (  391): Process 2295 exited due to signal 9 (Killed)
05-01 18:24:14.992 I/Zygote  (  391): Process 3977 exited due to signal 9 (Killed)
05-01 18:24:15.000 I/Zygote  (  391): Process 2435 exited due to signal 9 (Killed)
05-01 18:24:15.028 I/Zygote  (  391): Process 1835 exited due to signal 9 (Killed)
05-01 18:24:17.702 I/om.streamfr.app( 4621): Background concurrent mark compact GC freed 8944KB AllocSpace bytes, 73(1700KB) LOS objects, 49% free, 11MB/23MB, paused 916us,8.589ms total 317.549ms
05-01 18:24:18.519 W/.apps.wellbeing( 1543): ApkAssets: Deleting an ApkAssets object '<empty> and /data/app/~~57S_fR0TvGVzg9B8YsgPeA==/com.streamfr.app-LEPjIGdb4bUAAiOsv1E6gA==/base.apk' with 1 weak references
05-01 18:24:18.764 W/s.nexuslauncher( 1315): ApkAssets: Deleting an ApkAssets object '<empty> and /data/app/~~57S_fR0TvGVzg9B8YsgPeA==/com.streamfr.app-LEPjIGdb4bUAAiOsv1E6gA==/base.apk' with 1 weak references
05-01 18:24:19.118 W/ndroid.systemui( 1028): ApkAssets: Deleting an ApkAssets object '<empty> and /data/app/~~57S_fR0TvGVzg9B8YsgPeA==/com.streamfr.app-LEPjIGdb4bUAAiOsv1E6gA==/base.apk' with 1 weak references
05-01 18:24:29.282 I/MediaFocusControl(  610): requestAudioFocus() from uid/pid 10209/4621 AA=USAGE_MEDIA/CONTENT_TYPE_MOVIE clientId=android.media.AudioManager@843c68candroidx.media3.exoplayer.AudioFocusManager$$ExternalSyntheticLambda0@7a261d5 callingPack=com.streamfr.app req=1 flags=0x0 sdk=35
05-01 18:24:29.478 W/android.vending( 5351): ApkAssets: Deleting an ApkAssets object '<empty> and /data/app/~~57S_fR0TvGVzg9B8YsgPeA==/com.streamfr.app-LEPjIGdb4bUAAiOsv1E6gA==/base.apk' with 1 weak references
05-01 18:24:35.467 I/MediaSessionStack(  610): addSession to bottom of stack | record: com.streamfr.app/androidx.media3.session.id.player_mobile_148555624754/7 (userId=0)
05-01 18:24:35.492 D/MediaSessionService(  610): onSessionPlaybackStateChanged: record=com.streamfr.app/androidx.media3.session.id.player_mobile_148555624754/7 (userId=0) playbackState=PlaybackState {state=NONE(0), position=0, buffered position=0, speed=0.0, updated=148613, actions=7339653, custom actions=[], active item id=0, error=null}
05-01 18:24:35.494 D/MediaSessionService(  610): onSessionActiveStateChanged: record=com.streamfr.app/androidx.media3.session.id.player_mobile_148555624754/7 (userId=0) playbackState=PlaybackState {state=NONE(0), position=0, buffered position=0, speed=0.0, updated=148613, actions=7339653, custom actions=[], active item id=0, error=null}
05-01 18:24:35.500 D/MediaSessionService(  610): onSessionPlaybackStateChanged: record=com.streamfr.app/androidx.media3.session.id.player_mobile_148555624754/7 (userId=0) playbackState=PlaybackState {state=NONE(0), position=0, buffered position=0, speed=0.0, updated=148621, actions=7339653, custom actions=[], active item id=0, error=null}
05-01 18:24:35.512 I/MediaPlayerList( 1196): Adding wrapped media player: com.streamfr.app at key: 1
05-01 18:24:35.516 I/MediaPlayerList( 1196): Adding wrapped media player: com.streamfr.app at key: 2
05-01 18:24:35.562 W/InteractionJankMonitor( 4621): Initializing without READ_DEVICE_CONFIG permission. enabled=false, interval=1, missedFrameThreshold=3, frameTimeThreshold=64, package=com.streamfr.app
05-01 18:24:35.828 D/MediaSessionService(  610): onSessionPlaybackStateChanged: record=com.streamfr.app/androidx.media3.session.id.player_mobile_148555624754/7 (userId=0) playbackState=PlaybackState {state=NONE(0), position=0, buffered position=0, speed=0.0, updated=148945, actions=7339653, custom actions=[], active item id=0, error=null}
05-01 18:24:35.897 I/GoogleInputMethodService( 1514): GoogleInputMethodService.onStartInput():1986 onStartInput(EditorInfo{EditorInfo{packageName=com.streamfr.app, inputType=0, inputTypeString=NULL, enableLearning=false, autoCorrection=false, autoComplete=false, imeOptions=0, privateImeOptions=null, actionName=UNSPECIFIED, actionLabel=null, initialSelStart=-1, initialSelEnd=-1, initialCapsMode=0, label=null, fieldId=0, fieldName=null, extras=null, hintText=null, hintLocales=[]}}, true)
05-01 18:24:35.909 W/PackageConfigPersister(  610): App-specific configuration not found for packageName: com.streamfr.app and userId: 0
05-01 18:24:36.068 I/WindowManager(  610): finishDrawing of orientation change: Window{2bb1b8a u0 com.streamfr.app/com.streamflixreborn.streamflix.activities.main.MainMobileActivity} 338ms
05-01 18:24:36.079 V/WindowManager(  610):         {WCT{RemoteToken{ec5570d Task{d151652 #8 type=standard A=10209:com.streamfr.app}}} m=CHANGE f=NONE p=WCT{RemoteToken{77b28bd DefaultTaskDisplayArea@110430805}} leash=Surface(name=Task=8)/@0x8dc05e sb=Rect(0, 0 - 1080, 2400) eb=Rect(0, 0 - 2400, 1080) d=0 r=0->1:0 taskParent=-1},
05-01 18:24:36.257 I/ImeTracker(  610): com.streamfr.app:804f9101: onRequestHide at ORIGIN_SERVER reason HIDE_SAME_WINDOW_FOCUSED_WITHOUT_EDITOR fromUser false
05-01 18:24:36.273 W/om.streamfr.app( 4621): Accessing hidden method Ljava/security/spec/ECParameterSpec;->setCurveName(Ljava/lang/String;)V (unsupported, reflection, allowed)
05-01 18:24:36.277 I/GoogleInputMethodService( 1514): GoogleInputMethodService.onStartInput():1986 onStartInput(EditorInfo{EditorInfo{packageName=com.streamfr.app, inputType=0, inputTypeString=NULL, enableLearning=false, autoCorrection=false, autoComplete=false, imeOptions=0, privateImeOptions=null, actionName=UNSPECIFIED, actionLabel=null, initialSelStart=-1, initialSelEnd=-1, initialCapsMode=0, label=null, fieldId=0, fieldName=null, extras=null, hintText=null, hintLocales=[]}}, false)
05-01 18:24:36.279 W/PackageConfigPersister(  610): App-specific configuration not found for packageName: com.streamfr.app and userId: 0
05-01 18:24:36.288 I/ImeTracker( 4621): com.streamfr.app:804f9101: onCancelled at PHASE_CLIENT_APPLY_ANIMATION
05-01 18:24:36.299 I/om.streamfr.app( 4621): NativeAlloc concurrent mark compact GC freed 8205KB AllocSpace bytes, 6(120KB) LOS objects, 50% free, 14MB/29MB, paused 1.327ms,8.855ms total 337.439ms
05-01 18:24:36.971 D/MediaSessionService(  610): onSessionPlaybackStateChanged: record=com.streamfr.app/androidx.media3.session.id.player_mobile_148555624754/7 (userId=0) playbackState=PlaybackState {state=NONE(0), position=0, buffered position=0, speed=0.0, updated=150092, actions=7339669, custom actions=[], active item id=0, error=null}
05-01 18:24:36.971 D/MediaSessionService(  610): onSessionPlaybackStateChanged: record=com.streamfr.app/androidx.media3.session.id.player_mobile_148555624754/7 (userId=0) playbackState=PlaybackState {state=NONE(0), position=0, buffered position=0, speed=0.0, updated=150093, actions=7339669, custom actions=[], active item id=0, error=null}
05-01 18:24:36.973 I/MediaSessionStack(  610): onPlaybackStateChanged - Pushing session to top | record: com.streamfr.app/androidx.media3.session.id.player_mobile_148555624754/7 (userId=0)
05-01 18:24:36.973 D/MediaSessionService(  610): onSessionPlaybackStateChanged: record=com.streamfr.app/androidx.media3.session.id.player_mobile_148555624754/7 (userId=0) playbackState=PlaybackState {state=BUFFERING(6), position=0, buffered position=0, speed=0.0, updated=150095, actions=7339667, custom actions=[], active item id=0, error=null}
05-01 18:24:36.975 I/MediaFocusControl(  610): requestAudioFocus() from uid/pid 10209/4621 AA=USAGE_MEDIA/CONTENT_TYPE_MOVIE clientId=android.media.AudioManager@843c68candroidx.media3.exoplayer.AudioFocusManager$$ExternalSyntheticLambda0@dbec2f9 callingPack=com.streamfr.app req=1 flags=0x0 sdk=35
05-01 18:24:36.992 D/MediaSessionService(  610): onSessionPlaybackStateChanged: record=com.streamfr.app/androidx.media3.session.id.player_mobile_148555624754/7 (userId=0) playbackState=PlaybackState {state=BUFFERING(6), position=0, buffered position=0, speed=0.0, updated=150113, actions=7339667, custom actions=[], active item id=0, error=null}
05-01 18:24:38.417 I/ImeTracker(  610): com.streamfr.app:15e23221: onRequestHide at ORIGIN_SERVER reason HIDE_UNSPECIFIED_WINDOW fromUser false
05-01 18:24:38.418 I/ImeTracker(  610): com.streamfr.app:15e23221: onCancelled at PHASE_SERVER_SHOULD_HIDE
05-01 18:24:38.424 I/GoogleInputMethodService( 1514): GoogleInputMethodService.onStartInput():1986 onStartInput(EditorInfo{EditorInfo{packageName=com.streamfr.app, inputType=0, inputTypeString=NULL, enableLearning=false, autoCorrection=false, autoComplete=false, imeOptions=0, privateImeOptions=null, actionName=UNSPECIFIED, actionLabel=null, initialSelStart=-1, initialSelEnd=-1, initialCapsMode=0, label=null, fieldId=0, fieldName=null, extras=null, hintText=null, hintLocales=[]}}, false)
05-01 18:24:38.427 W/PackageConfigPersister(  610): App-specific configuration not found for packageName: com.streamfr.app and userId: 0
05-01 18:24:39.990 D/MediaSessionService(  610): onSessionPlaybackStateChanged: record=com.streamfr.app/androidx.media3.session.id.player_mobile_148555624754/7 (userId=0) playbackState=PlaybackState {state=BUFFERING(6), position=0, buffered position=0, speed=0.0, updated=153111, actions=7339667, custom actions=[], active item id=0, error=null}
05-01 18:24:41.639 I/om.streamfr.app( 4621): NativeAlloc concurrent mark compact GC freed 13MB AllocSpace bytes, 72(1416KB) LOS objects, 49% free, 14MB/28MB, paused 362us,5.980ms total 61.783ms
05-01 18:24:42.711 D/MediaSessionService(  610): onSessionPlaybackStateChanged: record=com.streamfr.app/androidx.media3.session.id.player_mobile_148555624754/7 (userId=0) playbackState=PlaybackState {state=ERROR(7), position=0, buffered position=0, speed=0.0, updated=155832, actions=7339669, custom actions=[], active item id=0, error=Source error}
05-01 18:24:42.713 D/MediaSessionService(  610): onSessionPlaybackStateChanged: record=com.streamfr.app/androidx.media3.session.id.player_mobile_148555624754/7 (userId=0) playbackState=PlaybackState {state=ERROR(7), position=0, buffered position=0, speed=0.0, updated=155834, actions=7339669, custom actions=[], active item id=0, error=Source error}
05-01 18:24:42.722 D/MediaSessionService(  610): onSessionPlaybackStateChanged: record=com.streamfr.app/androidx.media3.session.id.player_mobile_148555624754/7 (userId=0) playbackState=PlaybackState {state=ERROR(7), position=0, buffered position=0, speed=0.0, updated=155844, actions=7339669, custom actions=[], active item id=0, error=Source error}
05-01 18:24:42.723 D/MediaSessionService(  610): onSessionPlaybackStateChanged: record=com.streamfr.app/androidx.media3.session.id.player_mobile_148555624754/7 (userId=0) playbackState=PlaybackState {state=ERROR(7), position=0, buffered position=0, speed=0.0, updated=155845, actions=7339669, custom actions=[], active item id=0, error=Source error}
05-01 18:24:42.725 I/MediaSessionStack(  610): onPlaybackStateChanged - Pushing session to top | record: com.streamfr.app/androidx.media3.session.id.player_mobile_148555624754/7 (userId=0)
05-01 18:24:42.725 D/MediaSessionService(  610): onSessionPlaybackStateChanged: record=com.streamfr.app/androidx.media3.session.id.player_mobile_148555624754/7 (userId=0) playbackState=PlaybackState {state=BUFFERING(6), position=0, buffered position=0, speed=0.0, updated=155846, actions=7339667, custom actions=[], active item id=0, error=null}
05-01 18:24:42.727 I/MediaFocusControl(  610): requestAudioFocus() from uid/pid 10209/4621 AA=USAGE_MEDIA/CONTENT_TYPE_MOVIE clientId=android.media.AudioManager@843c68candroidx.media3.exoplayer.AudioFocusManager$$ExternalSyntheticLambda0@dbec2f9 callingPack=com.streamfr.app req=1 flags=0x0 sdk=35
05-01 18:24:42.737 D/MediaSessionService(  610): onSessionPlaybackStateChanged: record=com.streamfr.app/androidx.media3.session.id.player_mobile_148555624754/7 (userId=0) playbackState=PlaybackState {state=BUFFERING(6), position=0, buffered position=0, speed=0.0, updated=155858, actions=7339667, custom actions=[], active item id=0, error=null}
05-01 18:24:45.754 D/MediaSessionService(  610): onSessionPlaybackStateChanged: record=com.streamfr.app/androidx.media3.session.id.player_mobile_148555624754/7 (userId=0) playbackState=PlaybackState {state=BUFFERING(6), position=0, buffered position=0, speed=0.0, updated=158875, actions=7339667, custom actions=[], active item id=0, error=null}
05-01 18:24:48.472 D/MediaSessionService(  610): onSessionPlaybackStateChanged: record=com.streamfr.app/androidx.media3.session.id.player_mobile_148555624754/7 (userId=0) playbackState=PlaybackState {state=ERROR(7), position=0, buffered position=0, speed=0.0, updated=161594, actions=7339669, custom actions=[], active item id=0, error=Source error}
05-01 18:24:48.476 D/MediaSessionService(  610): onSessionPlaybackStateChanged: record=com.streamfr.app/androidx.media3.session.id.player_mobile_148555624754/7 (userId=0) playbackState=PlaybackState {state=ERROR(7), position=0, buffered position=0, speed=0.0, updated=161598, actions=7339669, custom actions=[], active item id=0, error=Source error}
05-01 18:24:48.499 D/MediaSessionService(  610): onSessionPlaybackStateChanged: record=com.streamfr.app/androidx.media3.session.id.player_mobile_148555624754/7 (userId=0) playbackState=PlaybackState {state=ERROR(7), position=0, buffered position=0, speed=0.0, updated=161620, actions=7339669, custom actions=[], active item id=0, error=Source error}
05-01 18:24:48.502 D/MediaSessionService(  610): onSessionPlaybackStateChanged: record=com.streamfr.app/androidx.media3.session.id.player_mobile_148555624754/7 (userId=0) playbackState=PlaybackState {state=ERROR(7), position=0, buffered position=0, speed=0.0, updated=161624, actions=7339669, custom actions=[], active item id=0, error=Source error}
05-01 18:24:48.506 I/MediaFocusControl(  610): requestAudioFocus() from uid/pid 10209/4621 AA=USAGE_MEDIA/CONTENT_TYPE_MOVIE clientId=android.media.AudioManager@843c68candroidx.media3.exoplayer.AudioFocusManager$$ExternalSyntheticLambda0@dbec2f9 callingPack=com.streamfr.app req=1 flags=0x0 sdk=35
05-01 18:24:48.506 I/MediaSessionStack(  610): onPlaybackStateChanged - Pushing session to top | record: com.streamfr.app/androidx.media3.session.id.player_mobile_148555624754/7 (userId=0)
05-01 18:24:48.506 D/MediaSessionService(  610): onSessionPlaybackStateChanged: record=com.streamfr.app/androidx.media3.session.id.player_mobile_148555624754/7 (userId=0) playbackState=PlaybackState {state=BUFFERING(6), position=0, buffered position=0, speed=0.0, updated=161626, actions=7339667, custom actions=[], active item id=0, error=null}
05-01 18:24:48.531 D/MediaSessionService(  610): onSessionPlaybackStateChanged: record=com.streamfr.app/androidx.media3.session.id.player_mobile_148555624754/7 (userId=0) playbackState=PlaybackState {state=BUFFERING(6), position=0, buffered position=0, speed=0.0, updated=161651, actions=7339667, custom actions=[], active item id=0, error=null}
05-01 18:24:51.543 D/MediaSessionService(  610): onSessionPlaybackStateChanged: record=com.streamfr.app/androidx.media3.session.id.player_mobile_148555624754/7 (userId=0) playbackState=PlaybackState {state=BUFFERING(6), position=0, buffered position=0, speed=0.0, updated=164665, actions=7339667, custom actions=[], active item id=0, error=null}
05-01 18:24:54.042 W/system_server(  610): ApkAssets: Deleting an ApkAssets object '<empty> and /data/app/~~57S_fR0TvGVzg9B8YsgPeA==/com.streamfr.app-LEPjIGdb4bUAAiOsv1E6gA==/base.apk' with 1 weak references
05-01 18:24:54.255 D/MediaSessionService(  610): onSessionPlaybackStateChanged: record=com.streamfr.app/androidx.media3.session.id.player_mobile_148555624754/7 (userId=0) playbackState=PlaybackState {state=ERROR(7), position=0, buffered position=0, speed=0.0, updated=167377, actions=7339669, custom actions=[], active item id=0, error=Source error}
05-01 18:24:54.258 D/MediaSessionService(  610): onSessionPlaybackStateChanged: record=com.streamfr.app/androidx.media3.session.id.player_mobile_148555624754/7 (userId=0) playbackState=PlaybackState {state=ERROR(7), position=0, buffered position=0, speed=0.0, updated=167379, actions=7339669, custom actions=[], active item id=0, error=Source error}
05-01 18:24:55.217 D/MediaSessionService(  610): onSessionPlaybackStateChanged: record=com.streamfr.app/androidx.media3.session.id.player_mobile_148555624754/7 (userId=0) playbackState=PlaybackState {state=ERROR(7), position=0, buffered position=0, speed=0.0, updated=168338, actions=7339669, custom actions=[], active item id=0, error=Source error}
05-01 18:24:55.218 D/MediaSessionService(  610): onSessionPlaybackStateChanged: record=com.streamfr.app/androidx.media3.session.id.player_mobile_148555624754/7 (userId=0) playbackState=PlaybackState {state=ERROR(7), position=0, buffered position=0, speed=0.0, updated=168339, actions=7339669, custom actions=[], active item id=0, error=Source error}
05-01 18:24:55.220 I/MediaFocusControl(  610): requestAudioFocus() from uid/pid 10209/4621 AA=USAGE_MEDIA/CONTENT_TYPE_MOVIE clientId=android.media.AudioManager@843c68candroidx.media3.exoplayer.AudioFocusManager$$ExternalSyntheticLambda0@dbec2f9 callingPack=com.streamfr.app req=1 flags=0x0 sdk=35
05-01 18:24:55.221 I/MediaSessionStack(  610): onPlaybackStateChanged - Pushing session to top | record: com.streamfr.app/androidx.media3.session.id.player_mobile_148555624754/7 (userId=0)
05-01 18:24:55.221 D/MediaSessionService(  610): onSessionPlaybackStateChanged: record=com.streamfr.app/androidx.media3.session.id.player_mobile_148555624754/7 (userId=0) playbackState=PlaybackState {state=BUFFERING(6), position=0, buffered position=0, speed=0.0, updated=168340, actions=7339667, custom actions=[], active item id=0, error=null}
05-01 18:24:55.236 D/MediaSessionService(  610): onSessionPlaybackStateChanged: record=com.streamfr.app/androidx.media3.session.id.player_mobile_148555624754/7 (userId=0) playbackState=PlaybackState {state=BUFFERING(6), position=0, buffered position=0, speed=0.0, updated=168357, actions=7339667, custom actions=[], active item id=0, error=null}
05-01 18:24:55.669 D/MediaSessionService(  610): onSessionPlaybackStateChanged: record=com.streamfr.app/androidx.media3.session.id.player_mobile_148555624754/7 (userId=0) playbackState=PlaybackState {state=ERROR(7), position=0, buffered position=0, speed=0.0, updated=168790, actions=7339669, custom actions=[], active item id=0, error=Source error}
05-01 18:24:55.673 D/MediaSessionService(  610): onSessionPlaybackStateChanged: record=com.streamfr.app/androidx.media3.session.id.player_mobile_148555624754/7 (userId=0) playbackState=PlaybackState {state=ERROR(7), position=0, buffered position=0, speed=0.0, updated=168792, actions=7339669, custom actions=[], active item id=0, error=Source error}
05-01 18:24:55.678 D/MediaSessionService(  610): onSessionPlaybackStateChanged: record=com.streamfr.app/androidx.media3.session.id.player_mobile_148555624754/7 (userId=0) playbackState=PlaybackState {state=ERROR(7), position=0, buffered position=0, speed=0.0, updated=168799, actions=7339669, custom actions=[], active item id=0, error=Source error}
