05-01 19:46:45.341   767   767 I artd    : unable to open vdex file /data/dalvik-cache/x86_64/data@user_de@0@com.google.android.gms@app_chimera@m@00000008@dl-TfliteDynamiteDynamite.integ_252130102100800.apk@classes.vdex: File /data/dalvik-cache/x86_64/data@user_de@0@com.google.android.gms@app_chimera@m@00000008@dl-TfliteDynamiteDynamite.integ_252130102100800.apk@classes.vdex does not exist.
05-01 19:46:45.341   767   767 I artd    : OatFileAssistant test for existing oat file /data/dalvik-cache/x86_64/data@user_de@0@com.google.android.gms@app_chimera@m@00000008@dl-TfliteDynamiteDynamite.integ_252130102100800.apk@classes.vdex: File /data/dalvik-cache/x86_64/data@user_de@0@com.google.android.gms@app_chimera@m@00000008@dl-TfliteDynamiteDynamite.integ_252130102100800.apk@classes.vdex does not exist.
05-01 19:46:45.341   767   767 I artd    : GetBestInfo checking vdex next to the dex file (/data/user_de/0/com.google.android.gms/app_chimera/m/00000008/oat/x86_64/dl-TfliteDynamiteDynamite.integ_252130102100800.vdex)
05-01 19:46:45.341   767   767 I artd    : unable to open vdex file /data/user_de/0/com.google.android.gms/app_chimera/m/00000008/oat/x86_64/dl-TfliteDynamiteDynamite.integ_252130102100800.vdex: File /data/user_de/0/com.google.android.gms/app_chimera/m/00000008/oat/x86_64/dl-TfliteDynamiteDynamite.integ_252130102100800.vdex does not exist.
05-01 19:46:45.341   767   767 I artd    : OatFileAssistant test for existing oat file /data/user_de/0/com.google.android.gms/app_chimera/m/00000008/oat/x86_64/dl-TfliteDynamiteDynamite.integ_252130102100800.vdex: File /data/user_de/0/com.google.android.gms/app_chimera/m/00000008/oat/x86_64/dl-TfliteDynamiteDynamite.integ_252130102100800.vdex does not exist.
05-01 19:46:45.341   767   767 I artd    : GetBestInfo checking dm (/data/user_de/0/com.google.android.gms/app_chimera/m/00000008/dl-TfliteDynamiteDynamite.integ_252130102100800.dm)
05-01 19:46:45.341   767   767 W ziparchive: Unable to open '/data/user_de/0/com.google.android.gms/app_chimera/m/00000008/dl-TfliteDynamiteDynamite.integ_252130102100800.dm': No such file or directory
05-01 19:46:45.341   767   767 I artd    : OatFileAssistant test for existing oat file /data/user_de/0/com.google.android.gms/app_chimera/m/00000008/dl-TfliteDynamiteDynamite.integ_252130102100800.dm: I/O error
05-01 19:46:45.341   767   767 I artd    : GetBestInfo checking dm (/data/user_de/0/com.google.android.gms/app_chimera/m/00000008/dl-TfliteDynamiteDynamite.integ_252130102100800.dm)
05-01 19:46:45.341   767   767 W ziparchive: Unable to open '/data/user_de/0/com.google.android.gms/app_chimera/m/00000008/dl-TfliteDynamiteDynamite.integ_252130102100800.dm': No such file or directory
05-01 19:46:45.341   767   767 I artd    : OatFileAssistant test for existing oat file /data/user_de/0/com.google.android.gms/app_chimera/m/00000008/dl-TfliteDynamiteDynamite.integ_252130102100800.dm: I/O error
05-01 19:46:45.341   767   767 I artd    : GetBestInfo no usable artifacts
05-01 19:46:45.343   767   767 I artd    : Dex parent of /data/user_de/0/com.google.android.gms/app_chimera/m/00000007/MeasurementDynamite.apk is not writable: No such file or directory
05-01 19:46:45.344   767   767 I artd    : GetBestInfo checking odex in dalvik-cache (/data/dalvik-cache/x86_64/data@user_de@0@com.google.android.gms@app_chimera@m@00000007@MeasurementDynamite.apk@classes.dex)
05-01 19:46:45.344   767   767 I artd    : Loading /data/dalvik-cache/x86_64/data@user_de@0@com.google.android.gms@app_chimera@m@00000007@MeasurementDynamite.apk@classes.dex with executable: 0
05-01 19:46:45.344   767   767 I artd    : OatFileAssistant test for existing oat file /data/dalvik-cache/x86_64/data@user_de@0@com.google.android.gms@app_chimera@m@00000007@MeasurementDynamite.apk@classes.dex: File /data/dalvik-cache/x86_64/data@user_de@0@com.google.android.gms@app_chimera@m@00000007@MeasurementDynamite.apk@classes.vdex does not exist.
05-01 19:46:45.344   767   767 I artd    : GetBestInfo checking odex next to the dex file (/data/user_de/0/com.google.android.gms/app_chimera/m/00000007/oat/x86_64/MeasurementDynamite.odex)
05-01 19:46:45.344   767   767 I artd    : Loading /data/user_de/0/com.google.android.gms/app_chimera/m/00000007/oat/x86_64/MeasurementDynamite.odex with executable: 0
05-01 19:46:45.344   767   767 I artd    : OatFileAssistant test for existing oat file /data/user_de/0/com.google.android.gms/app_chimera/m/00000007/oat/x86_64/MeasurementDynamite.odex: File /data/user_de/0/com.google.android.gms/app_chimera/m/00000007/oat/x86_64/MeasurementDynamite.vdex does not exist.
05-01 19:46:45.344   767   767 I artd    : GetBestInfo checking vdex in dalvik-cache (/data/dalvik-cache/x86_64/data@user_de@0@com.google.android.gms@app_chimera@m@00000007@MeasurementDynamite.apk@classes.vdex)
05-01 19:46:45.344   767   767 I artd    : unable to open vdex file /data/dalvik-cache/x86_64/data@user_de@0@com.google.android.gms@app_chimera@m@00000007@MeasurementDynamite.apk@classes.vdex: File /data/dalvik-cache/x86_64/data@user_de@0@com.google.android.gms@app_chimera@m@00000007@MeasurementDynamite.apk@classes.vdex does not exist.
05-01 19:46:45.344   767   767 I artd    : OatFileAssistant test for existing oat file /data/dalvik-cache/x86_64/data@user_de@0@com.google.android.gms@app_chimera@m@00000007@MeasurementDynamite.apk@classes.vdex: File /data/dalvik-cache/x86_64/data@user_de@0@com.google.android.gms@app_chimera@m@00000007@MeasurementDynamite.apk@classes.vdex does not exist.
05-01 19:46:45.344   767   767 I artd    : GetBestInfo checking vdex next to the dex file (/data/user_de/0/com.google.android.gms/app_chimera/m/00000007/oat/x86_64/MeasurementDynamite.vdex)
05-01 19:46:45.344   767   767 I artd    : unable to open vdex file /data/user_de/0/com.google.android.gms/app_chimera/m/00000007/oat/x86_64/MeasurementDynamite.vdex: File /data/user_de/0/com.google.android.gms/app_chimera/m/00000007/oat/x86_64/MeasurementDynamite.vdex does not exist.
05-01 19:46:45.344   767   767 I artd    : OatFileAssistant test for existing oat file /data/user_de/0/com.google.android.gms/app_chimera/m/00000007/oat/x86_64/MeasurementDynamite.vdex: File /data/user_de/0/com.google.android.gms/app_chimera/m/00000007/oat/x86_64/MeasurementDynamite.vdex does not exist.
05-01 19:46:45.344   767   767 I artd    : GetBestInfo checking dm (/data/user_de/0/com.google.android.gms/app_chimera/m/00000007/MeasurementDynamite.dm)
05-01 19:46:45.344   767   767 W ziparchive: Unable to open '/data/user_de/0/com.google.android.gms/app_chimera/m/00000007/MeasurementDynamite.dm': No such file or directory
05-01 19:46:45.344   767   767 I artd    : OatFileAssistant test for existing oat file /data/user_de/0/com.google.android.gms/app_chimera/m/00000007/MeasurementDynamite.dm: I/O error
05-01 19:46:45.344   767   767 I artd    : GetBestInfo checking dm (/data/user_de/0/com.google.android.gms/app_chimera/m/00000007/MeasurementDynamite.dm)
05-01 19:46:45.344   767   767 W ziparchive: Unable to open '/data/user_de/0/com.google.android.gms/app_chimera/m/00000007/MeasurementDynamite.dm': No such file or directory
05-01 19:46:45.344   767   767 I artd    : OatFileAssistant test for existing oat file /data/user_de/0/com.google.android.gms/app_chimera/m/00000007/MeasurementDynamite.dm: I/O error
05-01 19:46:45.344   767   767 I artd    : GetBestInfo no usable artifacts
05-01 19:46:45.937 12985 13217 W PesReader: Unexpected start code prefix: 3211923
05-01 19:46:45.937 12985 13217 W PesReader: Unexpected start code prefix: 2163347
05-01 19:46:45.937 12985 13217 W PesReader: Unexpected start code prefix: 0
05-01 19:46:46.165 12985 13049 D EGL_emulation: app_time_stats: avg=999.13ms min=998.91ms max=999.34ms count=2
05-01 19:46:46.912  1776  1776 I wpa_supplicant: wlan0: CTRL-EVENT-BEACON-LOSS 
05-01 19:46:47.168 12985 13049 D EGL_emulation: app_time_stats: avg=1002.82ms min=1002.82ms max=1002.82ms count=1
05-01 19:46:49.164 12985 13049 D EGL_emulation: app_time_stats: avg=998.06ms min=997.22ms max=998.90ms count=2
05-01 19:46:50.147   407 13226 W C2BqBuffer: last successful dequeue was 14583714 us ago, 1306 consecutive failures
05-01 19:46:50.168 12985 13049 D EGL_emulation: app_time_stats: avg=1003.70ms min=1003.70ms max=1003.70ms count=1
05-01 19:46:50.527  1028  1028 I ClipboardListener: Clipboard overlay suppressed.
05-01 19:46:50.527  1608  1828 I AiAiTranslate: C2T - not in a conversation
05-01 19:46:50.957  1608  1828 I AiAiTranslate: C2T - not in a conversation
05-01 19:46:50.957  1028  1028 I ClipboardListener: Clipboard overlay suppressed.
05-01 19:46:51.182 12985 13049 D EGL_emulation: app_time_stats: avg=1013.84ms min=1013.84ms max=1013.84ms count=1
05-01 19:46:52.184 12985 13049 D EGL_emulation: app_time_stats: avg=1002.01ms min=1002.01ms max=1002.01ms count=1
05-01 19:46:53.186 12985 13049 D EGL_emulation: app_time_stats: avg=1002.60ms min=1002.60ms max=1002.60ms count=1
05-01 19:46:54.847  1776  1776 I wpa_supplicant: wlan0: CTRL-EVENT-BEACON-LOSS 
05-01 19:46:55.149   407 13226 W C2BqBuffer: last successful dequeue was 19585873 us ago, 1747 consecutive failures
05-01 19:46:55.181 12985 13049 D EGL_emulation: app_time_stats: avg=997.27ms min=994.56ms max=999.97ms count=2
05-01 19:46:55.233   767   767 I artd    : Dex parent of /data/app/~~2lK9jcDK3yWLFp943EZxqQ==/com.google.android.gms-us3Y_ikr7H5W-4gGc6z7iQ==/base.apk is not writable: Permission denied
05-01 19:46:55.233   767   767 I artd    : GetBestInfo checking odex in dalvik-cache (/data/dalvik-cache/x86_64/data@app@~~2lK9jcDK3yWLFp943EZxqQ==@com.google.android.gms-us3Y_ikr7H5W-4gGc6z7iQ==@base.apk@classes.dex)
05-01 19:46:55.233   767   767 I artd    : Loading /data/dalvik-cache/x86_64/data@app@~~2lK9jcDK3yWLFp943EZxqQ==@com.google.android.gms-us3Y_ikr7H5W-4gGc6z7iQ==@base.apk@classes.dex with executable: 0
05-01 19:46:55.233   767   767 I artd    : OatFileAssistant test for existing oat file /data/dalvik-cache/x86_64/data@app@~~2lK9jcDK3yWLFp943EZxqQ==@com.google.android.gms-us3Y_ikr7H5W-4gGc6z7iQ==@base.apk@classes.dex: File /data/dalvik-cache/x86_64/data@app@~~2lK9jcDK3yWLFp943EZxqQ==@com.google.android.gms-us3Y_ikr7H5W-4gGc6z7iQ==@base.apk@classes.vdex does not exist.
05-01 19:46:55.233   767   767 I artd    : GetBestInfo checking odex next to the dex file (/data/app/~~2lK9jcDK3yWLFp943EZxqQ==/com.google.android.gms-us3Y_ikr7H5W-4gGc6z7iQ==/oat/x86_64/base.odex)
05-01 19:46:55.233   767   767 I artd    : Loading /data/app/~~2lK9jcDK3yWLFp943EZxqQ==/com.google.android.gms-us3Y_ikr7H5W-4gGc6z7iQ==/oat/x86_64/base.odex with executable: 0
05-01 19:46:55.235   767   767 I artd    : Successfully loaded /data/app/~~2lK9jcDK3yWLFp943EZxqQ==/com.google.android.gms-us3Y_ikr7H5W-4gGc6z7iQ==/oat/x86_64/base.odex with executable: 0
05-01 19:46:55.235   767   767 I artd    : /data/app/~~2lK9jcDK3yWLFp943EZxqQ==/com.google.android.gms-us3Y_ikr7H5W-4gGc6z7iQ==/oat/x86_64/base.odex is kOatUpToDate with filter speed-profile
05-01 19:46:55.236   767   780 I artd    : Dex parent of /data/app/~~2lK9jcDK3yWLFp943EZxqQ==/com.google.android.gms-us3Y_ikr7H5W-4gGc6z7iQ==/split_AdsDynamite_installtime.apk is not writable: Permission denied
05-01 19:46:55.236   767   780 I artd    : GetBestInfo checking odex in dalvik-cache (/data/dalvik-cache/x86_64/data@app@~~2lK9jcDK3yWLFp943EZxqQ==@com.google.android.gms-us3Y_ikr7H5W-4gGc6z7iQ==@split_AdsDynamite_installtime.apk@classes.dex)
05-01 19:46:55.236   767   780 I artd    : Loading /data/dalvik-cache/x86_64/data@app@~~2lK9jcDK3yWLFp943EZxqQ==@com.google.android.gms-us3Y_ikr7H5W-4gGc6z7iQ==@split_AdsDynamite_installtime.apk@classes.dex with executable: 0
05-01 19:46:55.236   767   780 I artd    : OatFileAssistant test for existing oat file /data/dalvik-cache/x86_64/data@app@~~2lK9jcDK3yWLFp943EZxqQ==@com.google.android.gms-us3Y_ikr7H5W-4gGc6z7iQ==@split_AdsDynamite_installtime.apk@classes.dex: File /data/dalvik-cache/x86_64/data@app@~~2lK9jcDK3yWLFp943EZxqQ==@com.google.android.gms-us3Y_ikr7H5W-4gGc6z7iQ==@split_AdsDynamite_installtime.apk@classes.vdex does not exist.
05-01 19:46:55.236   767   780 I artd    : GetBestInfo checking odex next to the dex file (/data/app/~~2lK9jcDK3yWLFp943EZxqQ==/com.google.android.gms-us3Y_ikr7H5W-4gGc6z7iQ==/oat/x86_64/split_AdsDynamite_installtime.odex)
05-01 19:46:55.236   767   780 I artd    : Loading /data/app/~~2lK9jcDK3yWLFp943EZxqQ==/com.google.android.gms-us3Y_ikr7H5W-4gGc6z7iQ==/oat/x86_64/split_AdsDynamite_installtime.odex with executable: 0
05-01 19:46:55.236   767   780 I artd    : Successfully loaded /data/app/~~2lK9jcDK3yWLFp943EZxqQ==/com.google.android.gms-us3Y_ikr7H5W-4gGc6z7iQ==/oat/x86_64/split_AdsDynamite_installtime.odex with executable: 0
05-01 19:46:55.236   767   780 I artd    : /data/app/~~2lK9jcDK3yWLFp943EZxqQ==/com.google.android.gms-us3Y_ikr7H5W-4gGc6z7iQ==/oat/x86_64/split_AdsDynamite_installtime.odex is kOatUpToDate with filter speed
05-01 19:46:55.238   767   767 I artd    : Dex parent of /data/app/~~2lK9jcDK3yWLFp943EZxqQ==/com.google.android.gms-us3Y_ikr7H5W-4gGc6z7iQ==/split_CronetDynamite_installtime.apk is not writable: Permission denied
05-01 19:46:55.238   767   767 I artd    : GetBestInfo checking odex in dalvik-cache (/data/dalvik-cache/x86_64/data@app@~~2lK9jcDK3yWLFp943EZxqQ==@com.google.android.gms-us3Y_ikr7H5W-4gGc6z7iQ==@split_CronetDynamite_installtime.apk@classes.dex)
05-01 19:46:55.238   767   767 I artd    : Loading /data/dalvik-cache/x86_64/data@app@~~2lK9jcDK3yWLFp943EZxqQ==@com.google.android.gms-us3Y_ikr7H5W-4gGc6z7iQ==@split_CronetDynamite_installtime.apk@classes.dex with executable: 0
05-01 19:46:55.238   767   767 I artd    : OatFileAssistant test for existing oat file /data/dalvik-cache/x86_64/data@app@~~2lK9jcDK3yWLFp943EZxqQ==@com.google.android.gms-us3Y_ikr7H5W-4gGc6z7iQ==@split_CronetDynamite_installtime.apk@classes.dex: File /data/dalvik-cache/x86_64/data@app@~~2lK9jcDK3yWLFp943EZxqQ==@com.google.android.gms-us3Y_ikr7H5W-4gGc6z7iQ==@split_CronetDynamite_installtime.apk@classes.vdex does not exist.
05-01 19:46:55.238   767   767 I artd    : GetBestInfo checking odex next to the dex file (/data/app/~~2lK9jcDK3yWLFp943EZxqQ==/com.google.android.gms-us3Y_ikr7H5W-4gGc6z7iQ==/oat/x86_64/split_CronetDynamite_installtime.odex)
05-01 19:46:55.238   767   767 I artd    : Loading /data/app/~~2lK9jcDK3yWLFp943EZxqQ==/com.google.android.gms-us3Y_ikr7H5W-4gGc6z7iQ==/oat/x86_64/split_CronetDynamite_installtime.odex with executable: 0
05-01 19:46:55.238   767   767 I artd    : Successfully loaded /data/app/~~2lK9jcDK3yWLFp943EZxqQ==/com.google.android.gms-us3Y_ikr7H5W-4gGc6z7iQ==/oat/x86_64/split_CronetDynamite_installtime.odex with executable: 0
05-01 19:46:55.238   767   767 I artd    : /data/app/~~2lK9jcDK3yWLFp943EZxqQ==/com.google.android.gms-us3Y_ikr7H5W-4gGc6z7iQ==/oat/x86_64/split_CronetDynamite_installtime.odex is kOatUpToDate with filter speed
05-01 19:46:55.239   767   780 I artd    : Dex parent of /data/app/~~2lK9jcDK3yWLFp943EZxqQ==/com.google.android.gms-us3Y_ikr7H5W-4gGc6z7iQ==/split_DynamiteLoader_installtime.apk is not writable: Permission denied
05-01 19:46:55.239   767   780 I artd    : GetBestInfo checking odex in dalvik-cache (/data/dalvik-cache/x86_64/data@app@~~2lK9jcDK3yWLFp943EZxqQ==@com.google.android.gms-us3Y_ikr7H5W-4gGc6z7iQ==@split_DynamiteLoader_installtime.apk@classes.dex)
05-01 19:46:55.239   767   780 I artd    : Loading /data/dalvik-cache/x86_64/data@app@~~2lK9jcDK3yWLFp943EZxqQ==@com.google.android.gms-us3Y_ikr7H5W-4gGc6z7iQ==@split_DynamiteLoader_installtime.apk@classes.dex with executable: 0
05-01 19:46:55.239   767   780 I artd    : OatFileAssistant test for existing oat file /data/dalvik-cache/x86_64/data@app@~~2lK9jcDK3yWLFp943EZxqQ==@com.google.android.gms-us3Y_ikr7H5W-4gGc6z7iQ==@split_DynamiteLoader_installtime.apk@classes.dex: File /data/dalvik-cache/x86_64/data@app@~~2lK9jcDK3yWLFp943EZxqQ==@com.google.android.gms-us3Y_ikr7H5W-4gGc6z7iQ==@split_DynamiteLoader_installtime.apk@classes.vdex does not exist.
05-01 19:46:55.239   767   780 I artd    : GetBestInfo checking odex next to the dex file (/data/app/~~2lK9jcDK3yWLFp943EZxqQ==/com.google.android.gms-us3Y_ikr7H5W-4gGc6z7iQ==/oat/x86_64/split_DynamiteLoader_installtime.odex)
05-01 19:46:55.239   767   780 I artd    : Loading /data/app/~~2lK9jcDK3yWLFp943EZxqQ==/com.google.android.gms-us3Y_ikr7H5W-4gGc6z7iQ==/oat/x86_64/split_DynamiteLoader_installtime.odex with executable: 0
05-01 19:46:55.239   767   780 I artd    : Successfully loaded /data/app/~~2lK9jcDK3yWLFp943EZxqQ==/com.google.android.gms-us3Y_ikr7H5W-4gGc6z7iQ==/oat/x86_64/split_DynamiteLoader_installtime.odex with executable: 0
05-01 19:46:55.239   767   780 I artd    : /data/app/~~2lK9jcDK3yWLFp943EZxqQ==/com.google.android.gms-us3Y_ikr7H5W-4gGc6z7iQ==/oat/x86_64/split_DynamiteLoader_installtime.odex is kOatUpToDate with filter speed
05-01 19:46:55.240   767   780 I artd    : Dex parent of /data/app/~~2lK9jcDK3yWLFp943EZxqQ==/com.google.android.gms-us3Y_ikr7H5W-4gGc6z7iQ==/split_DynamiteModulesA_installtime.apk is not writable: Permission denied
05-01 19:46:55.240   767   780 I artd    : GetBestInfo checking odex in dalvik-cache (/data/dalvik-cache/x86_64/data@app@~~2lK9jcDK3yWLFp943EZxqQ==@com.google.android.gms-us3Y_ikr7H5W-4gGc6z7iQ==@split_DynamiteModulesA_installtime.apk@classes.dex)
05-01 19:46:55.240   767   780 I artd    : Loading /data/dalvik-cache/x86_64/data@app@~~2lK9jcDK3yWLFp943EZxqQ==@com.google.android.gms-us3Y_ikr7H5W-4gGc6z7iQ==@split_DynamiteModulesA_installtime.apk@classes.dex with executable: 0
05-01 19:46:55.240   767   780 I artd    : OatFileAssistant test for existing oat file /data/dalvik-cache/x86_64/data@app@~~2lK9jcDK3yWLFp943EZxqQ==@com.google.android.gms-us3Y_ikr7H5W-4gGc6z7iQ==@split_DynamiteModulesA_installtime.apk@classes.dex: File /data/dalvik-cache/x86_64/data@app@~~2lK9jcDK3yWLFp943EZxqQ==@com.google.android.gms-us3Y_ikr7H5W-4gGc6z7iQ==@split_DynamiteModulesA_installtime.apk@classes.vdex does not exist.
05-01 19:46:55.240   767   780 I artd    : GetBestInfo checking odex next to the dex file (/data/app/~~2lK9jcDK3yWLFp943EZxqQ==/com.google.android.gms-us3Y_ikr7H5W-4gGc6z7iQ==/oat/x86_64/split_DynamiteModulesA_installtime.odex)
05-01 19:46:55.240   767   780 I artd    : Loading /data/app/~~2lK9jcDK3yWLFp943EZxqQ==/com.google.android.gms-us3Y_ikr7H5W-4gGc6z7iQ==/oat/x86_64/split_DynamiteModulesA_installtime.odex with executable: 0
05-01 19:46:55.240   767   780 I artd    : Successfully loaded /data/app/~~2lK9jcDK3yWLFp943EZxqQ==/com.google.android.gms-us3Y_ikr7H5W-4gGc6z7iQ==/oat/x86_64/split_DynamiteModulesA_installtime.odex with executable: 0
05-01 19:46:55.240   767   780 I artd    : /data/app/~~2lK9jcDK3yWLFp943EZxqQ==/com.google.android.gms-us3Y_ikr7H5W-4gGc6z7iQ==/oat/x86_64/split_DynamiteModulesA_installtime.odex is kOatUpToDate with filter speed
05-01 19:46:55.242   767   767 I artd    : Dex parent of /data/app/~~2lK9jcDK3yWLFp943EZxqQ==/com.google.android.gms-us3Y_ikr7H5W-4gGc6z7iQ==/split_DynamiteModulesC_installtime.apk is not writable: Permission denied
05-01 19:46:55.242   767   767 I artd    : GetBestInfo checking odex in dalvik-cache (/data/dalvik-cache/x86_64/data@app@~~2lK9jcDK3yWLFp943EZxqQ==@com.google.android.gms-us3Y_ikr7H5W-4gGc6z7iQ==@split_DynamiteModulesC_installtime.apk@classes.dex)
05-01 19:46:55.242   767   767 I artd    : Loading /data/dalvik-cache/x86_64/data@app@~~2lK9jcDK3yWLFp943EZxqQ==@com.google.android.gms-us3Y_ikr7H5W-4gGc6z7iQ==@split_DynamiteModulesC_installtime.apk@classes.dex with executable: 0
05-01 19:46:55.242   767   767 I artd    : OatFileAssistant test for existing oat file /data/dalvik-cache/x86_64/data@app@~~2lK9jcDK3yWLFp943EZxqQ==@com.google.android.gms-us3Y_ikr7H5W-4gGc6z7iQ==@split_DynamiteModulesC_installtime.apk@classes.dex: File /data/dalvik-cache/x86_64/data@app@~~2lK9jcDK3yWLFp943EZxqQ==@com.google.android.gms-us3Y_ikr7H5W-4gGc6z7iQ==@split_DynamiteModulesC_installtime.apk@classes.vdex does not exist.
05-01 19:46:55.242   767   767 I artd    : GetBestInfo checking odex next to the dex file (/data/app/~~2lK9jcDK3yWLFp943EZxqQ==/com.google.android.gms-us3Y_ikr7H5W-4gGc6z7iQ==/oat/x86_64/split_DynamiteModulesC_installtime.odex)
05-01 19:46:55.242   767   767 I artd    : Loading /data/app/~~2lK9jcDK3yWLFp943EZxqQ==/com.google.android.gms-us3Y_ikr7H5W-4gGc6z7iQ==/oat/x86_64/split_DynamiteModulesC_installtime.odex with executable: 0
05-01 19:46:55.242   767   767 I artd    : Successfully loaded /data/app/~~2lK9jcDK3yWLFp943EZxqQ==/com.google.android.gms-us3Y_ikr7H5W-4gGc6z7iQ==/oat/x86_64/split_DynamiteModulesC_installtime.odex with executable: 0
05-01 19:46:55.242   767   767 I artd    : /data/app/~~2lK9jcDK3yWLFp943EZxqQ==/com.google.android.gms-us3Y_ikr7H5W-4gGc6z7iQ==/oat/x86_64/split_DynamiteModulesC_installtime.odex is kOatUpToDate with filter speed
05-01 19:46:55.243   767   780 I artd    : Dex parent of /data/app/~~2lK9jcDK3yWLFp943EZxqQ==/com.google.android.gms-us3Y_ikr7H5W-4gGc6z7iQ==/split_GoogleCertificates_installtime.apk is not writable: Permission denied
05-01 19:46:55.243   767   780 I artd    : GetBestInfo checking odex in dalvik-cache (/data/dalvik-cache/x86_64/data@app@~~2lK9jcDK3yWLFp943EZxqQ==@com.google.android.gms-us3Y_ikr7H5W-4gGc6z7iQ==@split_GoogleCertificates_installtime.apk@classes.dex)
05-01 19:46:55.243   767   780 I artd    : Loading /data/dalvik-cache/x86_64/data@app@~~2lK9jcDK3yWLFp943EZxqQ==@com.google.android.gms-us3Y_ikr7H5W-4gGc6z7iQ==@split_GoogleCertificates_installtime.apk@classes.dex with executable: 0
05-01 19:46:55.243   767   780 I artd    : OatFileAssistant test for existing oat file /data/dalvik-cache/x86_64/data@app@~~2lK9jcDK3yWLFp943EZxqQ==@com.google.android.gms-us3Y_ikr7H5W-4gGc6z7iQ==@split_GoogleCertificates_installtime.apk@classes.dex: File /data/dalvik-cache/x86_64/data@app@~~2lK9jcDK3yWLFp943EZxqQ==@com.google.android.gms-us3Y_ikr7H5W-4gGc6z7iQ==@split_GoogleCertificates_installtime.apk@classes.vdex does not exist.
05-01 19:46:55.243   767   780 I artd    : GetBestInfo checking odex next to the dex file (/data/app/~~2lK9jcDK3yWLFp943EZxqQ==/com.google.android.gms-us3Y_ikr7H5W-4gGc6z7iQ==/oat/x86_64/split_GoogleCertificates_installtime.odex)
05-01 19:46:55.243   767   780 I artd    : Loading /data/app/~~2lK9jcDK3yWLFp943EZxqQ==/com.google.android.gms-us3Y_ikr7H5W-4gGc6z7iQ==/oat/x86_64/split_GoogleCertificates_installtime.odex with executable: 0
05-01 19:46:55.243   767   780 I artd    : Successfully loaded /data/app/~~2lK9jcDK3yWLFp943EZxqQ==/com.google.android.gms-us3Y_ikr7H5W-4gGc6z7iQ==/oat/x86_64/split_GoogleCertificates_installtime.odex with executable: 0
05-01 19:46:55.243   767   780 I artd    : /data/app/~~2lK9jcDK3yWLFp943EZxqQ==/com.google.android.gms-us3Y_ikr7H5W-4gGc6z7iQ==/oat/x86_64/split_GoogleCertificates_installtime.odex is kOatUpToDate with filter speed
05-01 19:46:55.244   767   780 I artd    : Dex parent of /data/app/~~2lK9jcDK3yWLFp943EZxqQ==/com.google.android.gms-us3Y_ikr7H5W-4gGc6z7iQ==/split_MapsDynamite_installtime.apk is not writable: Permission denied
05-01 19:46:55.244   767   780 I artd    : GetBestInfo checking odex in dalvik-cache (/data/dalvik-cache/x86_64/data@app@~~2lK9jcDK3yWLFp943EZxqQ==@com.google.android.gms-us3Y_ikr7H5W-4gGc6z7iQ==@split_MapsDynamite_installtime.apk@classes.dex)
05-01 19:46:55.244   767   780 I artd    : Loading /data/dalvik-cache/x86_64/data@app@~~2lK9jcDK3yWLFp943EZxqQ==@com.google.android.gms-us3Y_ikr7H5W-4gGc6z7iQ==@split_MapsDynamite_installtime.apk@classes.dex with executable: 0
05-01 19:46:55.244   767   780 I artd    : OatFileAssistant test for existing oat file /data/dalvik-cache/x86_64/data@app@~~2lK9jcDK3yWLFp943EZxqQ==@com.google.android.gms-us3Y_ikr7H5W-4gGc6z7iQ==@split_MapsDynamite_installtime.apk@classes.dex: File /data/dalvik-cache/x86_64/data@app@~~2lK9jcDK3yWLFp943EZxqQ==@com.google.android.gms-us3Y_ikr7H5W-4gGc6z7iQ==@split_MapsDynamite_installtime.apk@classes.vdex does not exist.
05-01 19:46:55.244   767   780 I artd    : GetBestInfo checking odex next to the dex file (/data/app/~~2lK9jcDK3yWLFp943EZxqQ==/com.google.android.gms-us3Y_ikr7H5W-4gGc6z7iQ==/oat/x86_64/split_MapsDynamite_installtime.odex)
05-01 19:46:55.244   767   780 I artd    : Loading /data/app/~~2lK9jcDK3yWLFp943EZxqQ==/com.google.android.gms-us3Y_ikr7H5W-4gGc6z7iQ==/oat/x86_64/split_MapsDynamite_installtime.odex with executable: 0
05-01 19:46:55.245   767   780 I artd    : Successfully loaded /data/app/~~2lK9jcDK3yWLFp943EZxqQ==/com.google.android.gms-us3Y_ikr7H5W-4gGc6z7iQ==/oat/x86_64/split_MapsDynamite_installtime.odex with executable: 0
05-01 19:46:55.245   767   780 I artd    : /data/app/~~2lK9jcDK3yWLFp943EZxqQ==/com.google.android.gms-us3Y_ikr7H5W-4gGc6z7iQ==/oat/x86_64/split_MapsDynamite_installtime.odex is kOatUpToDate with filter speed
05-01 19:46:55.246   767   767 I artd    : Dex parent of /data/app/~~2lK9jcDK3yWLFp943EZxqQ==/com.google.android.gms-us3Y_ikr7H5W-4gGc6z7iQ==/split_MeasurementDynamite_installtime.apk is not writable: Permission denied
05-01 19:46:55.246   767   767 I artd    : GetBestInfo checking odex in dalvik-cache (/data/dalvik-cache/x86_64/data@app@~~2lK9jcDK3yWLFp943EZxqQ==@com.google.android.gms-us3Y_ikr7H5W-4gGc6z7iQ==@split_MeasurementDynamite_installtime.apk@classes.dex)
05-01 19:46:55.246   767   767 I artd    : Loading /data/dalvik-cache/x86_64/data@app@~~2lK9jcDK3yWLFp943EZxqQ==@com.google.android.gms-us3Y_ikr7H5W-4gGc6z7iQ==@split_MeasurementDynamite_installtime.apk@classes.dex with executable: 0
05-01 19:46:55.246   767   767 I artd    : OatFileAssistant test for existing oat file /data/dalvik-cache/x86_64/data@app@~~2lK9jcDK3yWLFp943EZxqQ==@com.google.android.gms-us3Y_ikr7H5W-4gGc6z7iQ==@split_MeasurementDynamite_installtime.apk@classes.dex: File /data/dalvik-cache/x86_64/data@app@~~2lK9jcDK3yWLFp943EZxqQ==@com.google.android.gms-us3Y_ikr7H5W-4gGc6z7iQ==@split_MeasurementDynamite_installtime.apk@classes.vdex does not exist.
05-01 19:46:55.246   767   767 I artd    : GetBestInfo checking odex next to the dex file (/data/app/~~2lK9jcDK3yWLFp943EZxqQ==/com.google.android.gms-us3Y_ikr7H5W-4gGc6z7iQ==/oat/x86_64/split_MeasurementDynamite_installtime.odex)
05-01 19:46:55.246   767   767 I artd    : Loading /data/app/~~2lK9jcDK3yWLFp943EZxqQ==/com.google.android.gms-us3Y_ikr7H5W-4gGc6z7iQ==/oat/x86_64/split_MeasurementDynamite_installtime.odex with executable: 0
05-01 19:46:55.246   767   767 I artd    : Successfully loaded /data/app/~~2lK9jcDK3yWLFp943EZxqQ==/com.google.android.gms-us3Y_ikr7H5W-4gGc6z7iQ==/oat/x86_64/split_MeasurementDynamite_installtime.odex with executable: 0
05-01 19:46:55.246   767   767 I artd    : /data/app/~~2lK9jcDK3yWLFp943EZxqQ==/com.google.android.gms-us3Y_ikr7H5W-4gGc6z7iQ==/oat/x86_64/split_MeasurementDynamite_installtime.odex is kOatUpToDate with filter speed
05-01 19:46:55.247   767   780 I artd    : Dex parent of /data/app/~~2lK9jcDK3yWLFp943EZxqQ==/com.google.android.gms-us3Y_ikr7H5W-4gGc6z7iQ==/split_all_locale_splits.apk is not writable: Permission denied
05-01 19:46:55.247   767   780 I artd    : GetBestInfo checking odex in dalvik-cache (/data/dalvik-cache/x86_64/data@app@~~2lK9jcDK3yWLFp943EZxqQ==@com.google.android.gms-us3Y_ikr7H5W-4gGc6z7iQ==@split_all_locale_splits.apk@classes.dex)
05-01 19:46:55.247   767   780 I artd    : Loading /data/dalvik-cache/x86_64/data@app@~~2lK9jcDK3yWLFp943EZxqQ==@com.google.android.gms-us3Y_ikr7H5W-4gGc6z7iQ==@split_all_locale_splits.apk@classes.dex with executable: 0
05-01 19:46:55.247   767   780 I artd    : OatFileAssistant test for existing oat file /data/dalvik-cache/x86_64/data@app@~~2lK9jcDK3yWLFp943EZxqQ==@com.google.android.gms-us3Y_ikr7H5W-4gGc6z7iQ==@split_all_locale_splits.apk@classes.dex: File /data/dalvik-cache/x86_64/data@app@~~2lK9jcDK3yWLFp943EZxqQ==@com.google.android.gms-us3Y_ikr7H5W-4gGc6z7iQ==@split_all_locale_splits.apk@classes.vdex does not exist.
05-01 19:46:55.247   767   780 I artd    : GetBestInfo checking odex next to the dex file (/data/app/~~2lK9jcDK3yWLFp943EZxqQ==/com.google.android.gms-us3Y_ikr7H5W-4gGc6z7iQ==/oat/x86_64/split_all_locale_splits.odex)
05-01 19:46:55.247   767   780 I artd    : Loading /data/app/~~2lK9jcDK3yWLFp943EZxqQ==/com.google.android.gms-us3Y_ikr7H5W-4gGc6z7iQ==/oat/x86_64/split_all_locale_splits.odex with executable: 0
05-01 19:46:55.248   767   780 I artd    : Successfully loaded /data/app/~~2lK9jcDK3yWLFp943EZxqQ==/com.google.android.gms-us3Y_ikr7H5W-4gGc6z7iQ==/oat/x86_64/split_all_locale_splits.odex with executable: 0
05-01 19:46:55.248   767   780 I artd    : /data/app/~~2lK9jcDK3yWLFp943EZxqQ==/com.google.android.gms-us3Y_ikr7H5W-4gGc6z7iQ==/oat/x86_64/split_all_locale_splits.odex is kOatUpToDate with filter speed
05-01 19:46:55.249   767   767 I artd    : Dex parent of /data/user/0/com.google.android.gms/app_dg_cache/3C99312020F0F0D70782F583B896FDDF9030AAF4/the.apk is not writable: Permission denied
05-01 19:46:55.249   767   767 I artd    : GetBestInfo checking odex in dalvik-cache (/data/dalvik-cache/x86_64/data@user@0@com.google.android.gms@app_dg_cache@3C99312020F0F0D70782F583B896FDDF9030AAF4@the.apk@classes.dex)
05-01 19:46:55.249   767   767 I artd    : Loading /data/dalvik-cache/x86_64/data@user@0@com.google.android.gms@app_dg_cache@3C99312020F0F0D70782F583B896FDDF9030AAF4@the.apk@classes.dex with executable: 0
05-01 19:46:55.249   767   767 I artd    : OatFileAssistant test for existing oat file /data/dalvik-cache/x86_64/data@user@0@com.google.android.gms@app_dg_cache@3C99312020F0F0D70782F583B896FDDF9030AAF4@the.apk@classes.dex: File /data/dalvik-cache/x86_64/data@user@0@com.google.android.gms@app_dg_cache@3C99312020F0F0D70782F583B896FDDF9030AAF4@the.apk@classes.vdex does not exist.
05-01 19:46:55.249   767   767 I artd    : GetBestInfo checking odex next to the dex file (/data/user/0/com.google.android.gms/app_dg_cache/3C99312020F0F0D70782F583B896FDDF9030AAF4/oat/x86_64/the.odex)
05-01 19:46:55.249   767   767 I artd    : Loading /data/user/0/com.google.android.gms/app_dg_cache/3C99312020F0F0D70782F583B896FDDF9030AAF4/oat/x86_64/the.odex with executable: 0
05-01 19:46:55.249   767   767 I artd    : OatFileAssistant test for existing oat file /data/user/0/com.google.android.gms/app_dg_cache/3C99312020F0F0D70782F583B896FDDF9030AAF4/oat/x86_64/the.odex: Failed to open oat filename for reading: No such file or directory
05-01 19:46:55.249   767   767 I artd    : GetBestInfo checking vdex in dalvik-cache (/data/dalvik-cache/x86_64/data@user@0@com.google.android.gms@app_dg_cache@3C99312020F0F0D70782F583B896FDDF9030AAF4@the.apk@classes.vdex)
05-01 19:46:55.249   767   767 I artd    : unable to open vdex file /data/dalvik-cache/x86_64/data@user@0@com.google.android.gms@app_dg_cache@3C99312020F0F0D70782F583B896FDDF9030AAF4@the.apk@classes.vdex: File /data/dalvik-cache/x86_64/data@user@0@com.google.android.gms@app_dg_cache@3C99312020F0F0D70782F583B896FDDF9030AAF4@the.apk@classes.vdex does not exist.
05-01 19:46:55.249   767   767 I artd    : OatFileAssistant test for existing oat file /data/dalvik-cache/x86_64/data@user@0@com.google.android.gms@app_dg_cache@3C99312020F0F0D70782F583B896FDDF9030AAF4@the.apk@classes.vdex: File /data/dalvik-cache/x86_64/data@user@0@com.google.android.gms@app_dg_cache@3C99312020F0F0D70782F583B896FDDF9030AAF4@the.apk@classes.vdex does not exist.
05-01 19:46:55.249   767   767 I artd    : GetBestInfo checking vdex next to the dex file (/data/user/0/com.google.android.gms/app_dg_cache/3C99312020F0F0D70782F583B896FDDF9030AAF4/oat/x86_64/the.vdex)
05-01 19:46:55.250   767   767 I artd    : Successfully loaded /data/user/0/com.google.android.gms/app_dg_cache/3C99312020F0F0D70782F583B896FDDF9030AAF4/oat/x86_64/the.vdex with executable: 0
05-01 19:46:55.250   767   767 I artd    : Image checksum test skipped for vdex file /data/user/0/com.google.android.gms/app_dg_cache/3C99312020F0F0D70782F583B896FDDF9030AAF4/oat/x86_64/the.vdex
05-01 19:46:55.250   767   767 I artd    : /data/user/0/com.google.android.gms/app_dg_cache/3C99312020F0F0D70782F583B896FDDF9030AAF4/oat/x86_64/the.vdex is kOatUpToDate with filter verify
05-01 19:46:55.250   767   780 I artd    : Dex parent of /data/user_de/0/com.google.android.gms/app_chimera/m/00000002/DynamiteLoader.uncompressed.apk is not writable: No such file or directory
05-01 19:46:55.250   767   780 I artd    : GetBestInfo checking odex in dalvik-cache (/data/dalvik-cache/x86_64/data@user_de@0@com.google.android.gms@app_chimera@m@00000002@DynamiteLoader.uncompressed.apk@classes.dex)
05-01 19:46:55.250   767   780 I artd    : Loading /data/dalvik-cache/x86_64/data@user_de@0@com.google.android.gms@app_chimera@m@00000002@DynamiteLoader.uncompressed.apk@classes.dex with executable: 0
05-01 19:46:55.250   767   780 I artd    : OatFileAssistant test for existing oat file /data/dalvik-cache/x86_64/data@user_de@0@com.google.android.gms@app_chimera@m@00000002@DynamiteLoader.uncompressed.apk@classes.dex: File /data/dalvik-cache/x86_64/data@user_de@0@com.google.android.gms@app_chimera@m@00000002@DynamiteLoader.uncompressed.apk@classes.vdex does not exist.
05-01 19:46:55.250   767   780 I artd    : GetBestInfo checking odex next to the dex file (/data/user_de/0/com.google.android.gms/app_chimera/m/00000002/oat/x86_64/DynamiteLoader.uncompressed.odex)
05-01 19:46:55.250   767   780 I artd    : Loading /data/user_de/0/com.google.android.gms/app_chimera/m/00000002/oat/x86_64/DynamiteLoader.uncompressed.odex with executable: 0
05-01 19:46:55.251   767   780 I artd    : OatFileAssistant test for existing oat file /data/user_de/0/com.google.android.gms/app_chimera/m/00000002/oat/x86_64/DynamiteLoader.uncompressed.odex: File /data/user_de/0/com.google.android.gms/app_chimera/m/00000002/oat/x86_64/DynamiteLoader.uncompressed.vdex does not exist.
05-01 19:46:55.251   767   780 I artd    : GetBestInfo checking vdex in dalvik-cache (/data/dalvik-cache/x86_64/data@user_de@0@com.google.android.gms@app_chimera@m@00000002@DynamiteLoader.uncompressed.apk@classes.vdex)
05-01 19:46:55.251   767   780 I artd    : unable to open vdex file /data/dalvik-cache/x86_64/data@user_de@0@com.google.android.gms@app_chimera@m@00000002@DynamiteLoader.uncompressed.apk@classes.vdex: File /data/dalvik-cache/x86_64/data@user_de@0@com.google.android.gms@app_chimera@m@00000002@DynamiteLoader.uncompressed.apk@classes.vdex does not exist.
05-01 19:46:55.251   767   780 I artd    : OatFileAssistant test for existing oat file /data/dalvik-cache/x86_64/data@user_de@0@com.google.android.gms@app_chimera@m@00000002@DynamiteLoader.uncompressed.apk@classes.vdex: File /data/dalvik-cache/x86_64/data@user_de@0@com.google.android.gms@app_chimera@m@00000002@DynamiteLoader.uncompressed.apk@classes.vdex does not exist.
05-01 19:46:55.251   767   780 I artd    : GetBestInfo checking vdex next to the dex file (/data/user_de/0/com.google.android.gms/app_chimera/m/00000002/oat/x86_64/DynamiteLoader.uncompressed.vdex)
05-01 19:46:55.251   767   780 I artd    : unable to open vdex file /data/user_de/0/com.google.android.gms/app_chimera/m/00000002/oat/x86_64/DynamiteLoader.uncompressed.vdex: File /data/user_de/0/com.google.android.gms/app_chimera/m/00000002/oat/x86_64/DynamiteLoader.uncompressed.vdex does not exist.
05-01 19:46:55.251   767   780 I artd    : OatFileAssistant test for existing oat file /data/user_de/0/com.google.android.gms/app_chimera/m/00000002/oat/x86_64/DynamiteLoader.uncompressed.vdex: File /data/user_de/0/com.google.android.gms/app_chimera/m/00000002/oat/x86_64/DynamiteLoader.uncompressed.vdex does not exist.
05-01 19:46:55.251   767   780 I artd    : GetBestInfo checking dm (/data/user_de/0/com.google.android.gms/app_chimera/m/00000002/DynamiteLoader.uncompressed.dm)
05-01 19:46:55.251   767   780 W ziparchive: Unable to open '/data/user_de/0/com.google.android.gms/app_chimera/m/00000002/DynamiteLoader.uncompressed.dm': No such file or directory
05-01 19:46:55.251   767   780 I artd    : OatFileAssistant test for existing oat file /data/user_de/0/com.google.android.gms/app_chimera/m/00000002/DynamiteLoader.uncompressed.dm: I/O error
05-01 19:46:55.251   767   780 I artd    : GetBestInfo checking dm (/data/user_de/0/com.google.android.gms/app_chimera/m/00000002/DynamiteLoader.uncompressed.dm)
05-01 19:46:55.251   767   780 W ziparchive: Unable to open '/data/user_de/0/com.google.android.gms/app_chimera/m/00000002/DynamiteLoader.uncompressed.dm': No such file or directory
05-01 19:46:55.251   767   780 I artd    : OatFileAssistant test for existing oat file /data/user_de/0/com.google.android.gms/app_chimera/m/00000002/DynamiteLoader.uncompressed.dm: I/O error
05-01 19:46:55.251   767   780 I artd    : GetBestInfo no usable artifacts
05-01 19:46:55.251   767   767 I artd    : Dex parent of /data/user_de/0/com.google.android.gms/app_chimera/m/00000005/GoogleCertificates.apk is not writable: No such file or directory
05-01 19:46:55.251   767   767 I artd    : GetBestInfo checking odex in dalvik-cache (/data/dalvik-cache/x86_64/data@user_de@0@com.google.android.gms@app_chimera@m@00000005@GoogleCertificates.apk@classes.dex)
05-01 19:46:55.251   767   767 I artd    : Loading /data/dalvik-cache/x86_64/data@user_de@0@com.google.android.gms@app_chimera@m@00000005@GoogleCertificates.apk@classes.dex with executable: 0
05-01 19:46:55.251   767   767 I artd    : OatFileAssistant test for existing oat file /data/dalvik-cache/x86_64/data@user_de@0@com.google.android.gms@app_chimera@m@00000005@GoogleCertificates.apk@classes.dex: File /data/dalvik-cache/x86_64/data@user_de@0@com.google.android.gms@app_chimera@m@00000005@GoogleCertificates.apk@classes.vdex does not exist.
05-01 19:46:55.251   767   767 I artd    : GetBestInfo checking odex next to the dex file (/data/user_de/0/com.google.android.gms/app_chimera/m/00000005/oat/x86_64/GoogleCertificates.odex)
05-01 19:46:55.251   767   767 I artd    : Loading /data/user_de/0/com.google.android.gms/app_chimera/m/00000005/oat/x86_64/GoogleCertificates.odex with executable: 0
05-01 19:46:55.251   767   767 I artd    : OatFileAssistant test for existing oat file /data/user_de/0/com.google.android.gms/app_chimera/m/00000005/oat/x86_64/GoogleCertificates.odex: File /data/user_de/0/com.google.android.gms/app_chimera/m/00000005/oat/x86_64/GoogleCertificates.vdex does not exist.
05-01 19:46:55.251   767   767 I artd    : GetBestInfo checking vdex in dalvik-cache (/data/dalvik-cache/x86_64/data@user_de@0@com.google.android.gms@app_chimera@m@00000005@GoogleCertificates.apk@classes.vdex)
05-01 19:46:55.251   767   767 I artd    : unable to open vdex file /data/dalvik-cache/x86_64/data@user_de@0@com.google.android.gms@app_chimera@m@00000005@GoogleCertificates.apk@classes.vdex: File /data/dalvik-cache/x86_64/data@user_de@0@com.google.android.gms@app_chimera@m@00000005@GoogleCertificates.apk@classes.vdex does not exist.
05-01 19:46:55.251   767   767 I artd    : OatFileAssistant test for existing oat file /data/dalvik-cache/x86_64/data@user_de@0@com.google.android.gms@app_chimera@m@00000005@GoogleCertificates.apk@classes.vdex: File /data/dalvik-cache/x86_64/data@user_de@0@com.google.android.gms@app_chimera@m@00000005@GoogleCertificates.apk@classes.vdex does not exist.
05-01 19:46:55.251   767   767 I artd    : GetBestInfo checking vdex next to the dex file (/data/user_de/0/com.google.android.gms/app_chimera/m/00000005/oat/x86_64/GoogleCertificates.vdex)
05-01 19:46:55.251   767   767 I artd    : unable to open vdex file /data/user_de/0/com.google.android.gms/app_chimera/m/00000005/oat/x86_64/GoogleCertificates.vdex: File /data/user_de/0/com.google.android.gms/app_chimera/m/00000005/oat/x86_64/GoogleCertificates.vdex does not exist.
05-01 19:46:55.251   767   767 I artd    : OatFileAssistant test for existing oat file /data/user_de/0/com.google.android.gms/app_chimera/m/00000005/oat/x86_64/GoogleCertificates.vdex: File /data/user_de/0/com.google.android.gms/app_chimera/m/00000005/oat/x86_64/GoogleCertificates.vdex does not exist.
05-01 19:46:55.251   767   767 I artd    : GetBestInfo checking dm (/data/user_de/0/com.google.android.gms/app_chimera/m/00000005/GoogleCertificates.dm)
05-01 19:46:55.251   767   767 W ziparchive: Unable to open '/data/user_de/0/com.google.android.gms/app_chimera/m/00000005/GoogleCertificates.dm': No such file or directory
05-01 19:46:55.251   767   767 I artd    : OatFileAssistant test for existing oat file /data/user_de/0/com.google.android.gms/app_chimera/m/00000005/GoogleCertificates.dm: I/O error
05-01 19:46:55.251   767   767 I artd    : GetBestInfo checking dm (/data/user_de/0/com.google.android.gms/app_chimera/m/00000005/GoogleCertificates.dm)
05-01 19:46:55.251   767   767 W ziparchive: Unable to open '/data/user_de/0/com.google.android.gms/app_chimera/m/00000005/GoogleCertificates.dm': No such file or directory
05-01 19:46:55.251   767   767 I artd    : OatFileAssistant test for existing oat file /data/user_de/0/com.google.android.gms/app_chimera/m/00000005/GoogleCertificates.dm: I/O error
05-01 19:46:55.251   767   767 I artd    : GetBestInfo no usable artifacts
05-01 19:46:55.251   767   767 I artd    : Dex parent of /data/user_de/0/com.google.android.gms/app_chimera/m/00000001/CronetDynamite.uncompressed.apk is not writable: No such file or directory
05-01 19:46:55.251   767   767 I artd    : GetBestInfo checking odex in dalvik-cache (/data/dalvik-cache/x86_64/data@user_de@0@com.google.android.gms@app_chimera@m@00000001@CronetDynamite.uncompressed.apk@classes.dex)
05-01 19:46:55.251   767   767 I artd    : Loading /data/dalvik-cache/x86_64/data@user_de@0@com.google.android.gms@app_chimera@m@00000001@CronetDynamite.uncompressed.apk@classes.dex with executable: 0
05-01 19:46:55.251   767   767 I artd    : OatFileAssistant test for existing oat file /data/dalvik-cache/x86_64/data@user_de@0@com.google.android.gms@app_chimera@m@00000001@CronetDynamite.uncompressed.apk@classes.dex: File /data/dalvik-cache/x86_64/data@user_de@0@com.google.android.gms@app_chimera@m@00000001@CronetDynamite.uncompressed.apk@classes.vdex does not exist.
05-01 19:46:55.251   767   767 I artd    : GetBestInfo checking odex next to the dex file (/data/user_de/0/com.google.android.gms/app_chimera/m/00000001/oat/x86_64/CronetDynamite.uncompressed.odex)
05-01 19:46:55.251   767   767 I artd    : Loading /data/user_de/0/com.google.android.gms/app_chimera/m/00000001/oat/x86_64/CronetDynamite.uncompressed.odex with executable: 0
05-01 19:46:55.251   767   767 I artd    : OatFileAssistant test for existing oat file /data/user_de/0/com.google.android.gms/app_chimera/m/00000001/oat/x86_64/CronetDynamite.uncompressed.odex: File /data/user_de/0/com.google.android.gms/app_chimera/m/00000001/oat/x86_64/CronetDynamite.uncompressed.vdex does not exist.
05-01 19:46:55.251   767   767 I artd    : GetBestInfo checking vdex in dalvik-cache (/data/dalvik-cache/x86_64/data@user_de@0@com.google.android.gms@app_chimera@m@00000001@CronetDynamite.uncompressed.apk@classes.vdex)
05-01 19:46:55.251   767   767 I artd    : unable to open vdex file /data/dalvik-cache/x86_64/data@user_de@0@com.google.android.gms@app_chimera@m@00000001@CronetDynamite.uncompressed.apk@classes.vdex: File /data/dalvik-cache/x86_64/data@user_de@0@com.google.android.gms@app_chimera@m@00000001@CronetDynamite.uncompressed.apk@classes.vdex does not exist.
05-01 19:46:55.251   767   767 I artd    : OatFileAssistant test for existing oat file /data/dalvik-cache/x86_64/data@user_de@0@com.google.android.gms@app_chimera@m@00000001@CronetDynamite.uncompressed.apk@classes.vdex: File /data/dalvik-cache/x86_64/data@user_de@0@com.google.android.gms@app_chimera@m@00000001@CronetDynamite.uncompressed.apk@classes.vdex does not exist.
05-01 19:46:55.251   767   767 I artd    : GetBestInfo checking vdex next to the dex file (/data/user_de/0/com.google.android.gms/app_chimera/m/00000001/oat/x86_64/CronetDynamite.uncompressed.vdex)
05-01 19:46:55.251   767   767 I artd    : unable to open vdex file /data/user_de/0/com.google.android.gms/app_chimera/m/00000001/oat/x86_64/CronetDynamite.uncompressed.vdex: File /data/user_de/0/com.google.android.gms/app_chimera/m/00000001/oat/x86_64/CronetDynamite.uncompressed.vdex does not exist.
05-01 19:46:55.251   767   767 I artd    : OatFileAssistant test for existing oat file /data/user_de/0/com.google.android.gms/app_chimera/m/00000001/oat/x86_64/CronetDynamite.uncompressed.vdex: File /data/user_de/0/com.google.android.gms/app_chimera/m/00000001/oat/x86_64/CronetDynamite.uncompressed.vdex does not exist.
05-01 19:46:55.251   767   767 I artd    : GetBestInfo checking dm (/data/user_de/0/com.google.android.gms/app_chimera/m/00000001/CronetDynamite.uncompressed.dm)
05-01 19:46:55.251   767   767 W ziparchive: Unable to open '/data/user_de/0/com.google.android.gms/app_chimera/m/00000001/CronetDynamite.uncompressed.dm': No such file or directory
05-01 19:46:55.251   767   767 I artd    : OatFileAssistant test for existing oat file /data/user_de/0/com.google.android.gms/app_chimera/m/00000001/CronetDynamite.uncompressed.dm: I/O error
05-01 19:46:55.251   767   767 I artd    : GetBestInfo checking dm (/data/user_de/0/com.google.android.gms/app_chimera/m/00000001/CronetDynamite.uncompressed.dm)
05-01 19:46:55.251   767   767 W ziparchive: Unable to open '/data/user_de/0/com.google.android.gms/app_chimera/m/00000001/CronetDynamite.uncompressed.dm': No such file or directory
05-01 19:46:55.251   767   767 I artd    : OatFileAssistant test for existing oat file /data/user_de/0/com.google.android.gms/app_chimera/m/00000001/CronetDynamite.uncompressed.dm: I/O error
05-01 19:46:55.251   767   767 I artd    : GetBestInfo no usable artifacts
05-01 19:46:55.252   767   767 I artd    : Dex parent of /data/user_de/0/com.google.android.gms/app_chimera/m/0000000a/dl-MlkitBarcodeUi.optional_242335100800.apk is not writable: Permission denied
05-01 19:46:55.252   767   767 I artd    : GetBestInfo checking odex in dalvik-cache (/data/dalvik-cache/x86_64/data@user_de@0@com.google.android.gms@app_chimera@m@0000000a@dl-MlkitBarcodeUi.optional_242335100800.apk@classes.dex)
05-01 19:46:55.252   767   767 I artd    : Loading /data/dalvik-cache/x86_64/data@user_de@0@com.google.android.gms@app_chimera@m@0000000a@dl-MlkitBarcodeUi.optional_242335100800.apk@classes.dex with executable: 0
05-01 19:46:55.252   767   767 I artd    : OatFileAssistant test for existing oat file /data/dalvik-cache/x86_64/data@user_de@0@com.google.android.gms@app_chimera@m@0000000a@dl-MlkitBarcodeUi.optional_242335100800.apk@classes.dex: File /data/dalvik-cache/x86_64/data@user_de@0@com.google.android.gms@app_chimera@m@0000000a@dl-MlkitBarcodeUi.optional_242335100800.apk@classes.vdex does not exist.
05-01 19:46:55.252   767   767 I artd    : GetBestInfo checking odex next to the dex file (/data/user_de/0/com.google.android.gms/app_chimera/m/0000000a/oat/x86_64/dl-MlkitBarcodeUi.optional_242335100800.odex)
05-01 19:46:55.252   767   767 I artd    : Loading /data/user_de/0/com.google.android.gms/app_chimera/m/0000000a/oat/x86_64/dl-MlkitBarcodeUi.optional_242335100800.odex with executable: 0
05-01 19:46:55.252   767   767 I artd    : OatFileAssistant test for existing oat file /data/user_de/0/com.google.android.gms/app_chimera/m/0000000a/oat/x86_64/dl-MlkitBarcodeUi.optional_242335100800.odex: File /data/user_de/0/com.google.android.gms/app_chimera/m/0000000a/oat/x86_64/dl-MlkitBarcodeUi.optional_242335100800.vdex does not exist.
05-01 19:46:55.252   767   767 I artd    : GetBestInfo checking vdex in dalvik-cache (/data/dalvik-cache/x86_64/data@user_de@0@com.google.android.gms@app_chimera@m@0000000a@dl-MlkitBarcodeUi.optional_242335100800.apk@classes.vdex)
05-01 19:46:55.252   767   767 I artd    : unable to open vdex file /data/dalvik-cache/x86_64/data@user_de@0@com.google.android.gms@app_chimera@m@0000000a@dl-MlkitBarcodeUi.optional_242335100800.apk@classes.vdex: File /data/dalvik-cache/x86_64/data@user_de@0@com.google.android.gms@app_chimera@m@0000000a@dl-MlkitBarcodeUi.optional_242335100800.apk@classes.vdex does not exist.
05-01 19:46:55.252   767   767 I artd    : OatFileAssistant test for existing oat file /data/dalvik-cache/x86_64/data@user_de@0@com.google.android.gms@app_chimera@m@0000000a@dl-MlkitBarcodeUi.optional_242335100800.apk@classes.vdex: File /data/dalvik-cache/x86_64/data@user_de@0@com.google.android.gms@app_chimera@m@0000000a@dl-MlkitBarcodeUi.optional_242335100800.apk@classes.vdex does not exist.
05-01 19:46:55.252   767   767 I artd    : GetBestInfo checking vdex next to the dex file (/data/user_de/0/com.google.android.gms/app_chimera/m/0000000a/oat/x86_64/dl-MlkitBarcodeUi.optional_242335100800.vdex)
05-01 19:46:55.252   767   767 I artd    : unable to open vdex file /data/user_de/0/com.google.android.gms/app_chimera/m/0000000a/oat/x86_64/dl-MlkitBarcodeUi.optional_242335100800.vdex: File /data/user_de/0/com.google.android.gms/app_chimera/m/0000000a/oat/x86_64/dl-MlkitBarcodeUi.optional_242335100800.vdex does not exist.
05-01 19:46:55.252   767   767 I artd    : OatFileAssistant test for existing oat file /data/user_de/0/com.google.android.gms/app_chimera/m/0000000a/oat/x86_64/dl-MlkitBarcodeUi.optional_242335100800.vdex: File /data/user_de/0/com.google.android.gms/app_chimera/m/0000000a/oat/x86_64/dl-MlkitBarcodeUi.optional_242335100800.vdex does not exist.
05-01 19:46:55.252   767   767 I artd    : GetBestInfo checking dm (/data/user_de/0/com.google.android.gms/app_chimera/m/0000000a/dl-MlkitBarcodeUi.optional_242335100800.dm)
05-01 19:46:55.252   767   767 W ziparchive: Unable to open '/data/user_de/0/com.google.android.gms/app_chimera/m/0000000a/dl-MlkitBarcodeUi.optional_242335100800.dm': No such file or directory
05-01 19:46:55.252   767   767 I artd    : OatFileAssistant test for existing oat file /data/user_de/0/com.google.android.gms/app_chimera/m/0000000a/dl-MlkitBarcodeUi.optional_242335100800.dm: I/O error
