--------- beginning of main
05-01 19:46:39.152 12985 13049 D EGL_emulation: app_time_stats: avg=1001.19ms min=998.24ms max=1004.14ms count=2
05-01 19:46:39.307 12985 13233 W PesReader: Unexpected start code prefix: 2162963
05-01 19:46:39.307 12985 13233 W PesReader: Unexpected start code prefix: 0
--------- beginning of system
05-01 19:46:39.320   610  2873 I ActivityTaskManager: START u0 {flg=0x10000000 cmp=com.streamfr.app/com.streamflixreborn.streamflix.activities.main.MainTvActivity} with LAUNCH_MULTIPLE from uid 2000 result code=-92
05-01 19:46:39.823 12985 13217 W PesReader: Unexpected start code prefix: 3211539
05-01 19:46:39.823 12985 13217 W PesReader: Unexpected start code prefix: 2162963
05-01 19:46:39.823 12985 13217 W PesReader: Unexpected start code prefix: 0
05-01 19:46:40.044 12985 13224 D BufferPoolAccessor2.0: bufferpool2 0x70ec78a6e138 : 4(25165824 size) total buffers - 4(25165824 size) used buffers - 19/24 (recycle/alloc) - 5/24 (fetch/transfer)
05-01 19:46:40.044 12985 13224 D BufferPoolAccessor2.0: evictor expired: 1, evicted: 1
05-01 19:46:40.133   407 13226 W C2BqBuffer: last successful dequeue was 4570232 us ago, 409 consecutive failures
05-01 19:46:40.165 12985 13233 W PesReader: Unexpected start code prefix: 2163017
05-01 19:46:40.165 12985 13233 W PesReader: Unexpected start code prefix: 0
05-01 19:46:40.624 12985 13217 W PesReader: Unexpected start code prefix: 3211595
05-01 19:46:40.624 12985 13217 W PesReader: Unexpected start code prefix: 2163017
05-01 19:46:40.624 12985 13217 W PesReader: Unexpected start code prefix: 0
05-01 19:46:40.922   511  1026 D BufferPoolAccessor2.0: bufferpool2 0x7bb7f0019848 : 0(0 size) total buffers - 0(0 size) used buffers - 0/0 (recycle/alloc) - 0/0 (fetch/transfer)
05-01 19:46:40.923   511  1026 D BufferPoolAccessor2.0: evictor expired: 1, evicted: 1
05-01 19:46:40.965 12985 13233 W PesReader: Unexpected start code prefix: 2163073
05-01 19:46:40.966 12985 13233 W PesReader: Unexpected start code prefix: 0
05-01 19:46:41.150 12985 13049 D EGL_emulation: app_time_stats: avg=998.87ms min=996.78ms max=1000.96ms count=2
05-01 19:46:41.245 12985 13217 W PesReader: Unexpected start code prefix: 3211649
05-01 19:46:41.245 12985 13217 W PesReader: Unexpected start code prefix: 2163073
05-01 19:46:41.245 12985 13217 W PesReader: Unexpected start code prefix: 0
05-01 19:46:41.584 12985 13233 W PesReader: Unexpected start code prefix: 2163127
05-01 19:46:41.584 12985 13233 W PesReader: Unexpected start code prefix: 0
05-01 19:46:41.627   610  2874 D MediaSessionService: onSessionPlaybackStateChanged: record=com.streamfr.app/androidx.media3.session.id.player_mobile_5065642826588/20 (userId=0) playbackState=PlaybackState {state=PAUSED(2), position=0, buffered position=65041, speed=0.0, updated=5074748, actions=7339997, custom actions=[], active item id=0, error=null}
05-01 19:46:41.630  1196  1196 W AudioMediaPlayerWrapper: onPlaybackStateChanged(): com.streamfr.app tried to update with no new data
05-01 19:46:41.633  1196  1196 W AudioMediaPlayerWrapper: onPlaybackStateChanged(): com.streamfr.app tried to update with no new data
05-01 19:46:41.859 12985 13217 W PesReader: Unexpected start code prefix: 3211705
05-01 19:46:41.860 12985 13217 W PesReader: Unexpected start code prefix: 2163127
05-01 19:46:41.860 12985 13217 W PesReader: Unexpected start code prefix: 0
05-01 19:46:42.116   610   732 D ActivityManager: freezing 6332 com.google.android.gms
05-01 19:46:42.183 12985 13233 W PesReader: Unexpected start code prefix: 2163183
05-01 19:46:42.183 12985 13233 W PesReader: Unexpected start code prefix: 0
05-01 19:46:42.655 12985 13217 W PesReader: Unexpected start code prefix: 3211759
05-01 19:46:42.655 12985 13217 W PesReader: Unexpected start code prefix: 2163183
05-01 19:46:42.655 12985 13217 W PesReader: Unexpected start code prefix: 0
05-01 19:46:42.926   511  1026 D BufferPoolAccessor2.0: bufferpool2 0x7bb7f00177e8 : 4(16384 size) total buffers - 3(12288 size) used buffers - 20/24 (recycle/alloc) - 6/24 (fetch/transfer)
05-01 19:46:42.926   511  1026 D BufferPoolAccessor2.0: evictor expired: 1, evicted: 1
05-01 19:46:42.999 12985 13233 W PesReader: Unexpected start code prefix: 2163237
05-01 19:46:42.999 12985 13233 W PesReader: Unexpected start code prefix: 0
05-01 19:46:43.047 12985 13224 D BufferPoolAccessor2.0: bufferpool2 0x70ec78a72fd8 : 5(40960 size) total buffers - 0(0 size) used buffers - 23/28 (recycle/alloc) - 6/28 (fetch/transfer)
05-01 19:46:43.047 12985 13224 D BufferPoolAccessor2.0: evictor expired: 1, evicted: 1
05-01 19:46:43.155 12985 13049 D EGL_emulation: app_time_stats: avg=1002.66ms min=999.29ms max=1006.04ms count=2
05-01 19:46:43.541 12985 13217 W PesReader: Unexpected start code prefix: 3211815
05-01 19:46:43.541 12985 13217 W PesReader: Unexpected start code prefix: 2163237
05-01 19:46:43.541 12985 13217 W PesReader: Unexpected start code prefix: 0
05-01 19:46:43.892 12985 13233 W PesReader: Unexpected start code prefix: 2163293
05-01 19:46:43.892 12985 13233 W PesReader: Unexpected start code prefix: 0
05-01 19:46:44.167 12985 13049 D EGL_emulation: app_time_stats: avg=1011.62ms min=1011.62ms max=1011.62ms count=1
05-01 19:46:44.597 12985 13217 W PesReader: Unexpected start code prefix: 3211869
05-01 19:46:44.597 12985 13217 W PesReader: Unexpected start code prefix: 2163293
05-01 19:46:44.597 12985 13217 W PesReader: Unexpected start code prefix: 0
05-01 19:46:44.631   610  2874 D MediaSessionService: onSessionPlaybackStateChanged: record=com.streamfr.app/androidx.media3.session.id.player_mobile_5065642826588/20 (userId=0) playbackState=PlaybackState {state=PAUSED(2), position=0, buffered position=102708, speed=0.0, updated=5077752, actions=7339997, custom actions=[], active item id=0, error=null}
05-01 19:46:44.633  1196  1196 W AudioMediaPlayerWrapper: onPlaybackStateChanged(): com.streamfr.app tried to update with no new data
05-01 19:46:44.634  1196  1196 W AudioMediaPlayerWrapper: onPlaybackStateChanged(): com.streamfr.app tried to update with no new data
05-01 19:46:44.927 12985 13233 W PesReader: Unexpected start code prefix: 2163347
05-01 19:46:44.927 12985 13233 W PesReader: Unexpected start code prefix: 0
05-01 19:46:45.143   407 13226 W C2BqBuffer: last successful dequeue was 9580292 us ago, 867 consecutive failures
05-01 19:46:45.274   767   767 I artd    : Dex parent of /data/app/~~2lK9jcDK3yWLFp943EZxqQ==/com.google.android.gms-us3Y_ikr7H5W-4gGc6z7iQ==/base.apk is not writable: Permission denied
05-01 19:46:45.275   767   767 I artd    : GetBestInfo checking odex in dalvik-cache (/data/dalvik-cache/x86_64/data@app@~~2lK9jcDK3yWLFp943EZxqQ==@com.google.android.gms-us3Y_ikr7H5W-4gGc6z7iQ==@base.apk@classes.dex)
05-01 19:46:45.275   767   767 I artd    : Loading /data/dalvik-cache/x86_64/data@app@~~2lK9jcDK3yWLFp943EZxqQ==@com.google.android.gms-us3Y_ikr7H5W-4gGc6z7iQ==@base.apk@classes.dex with executable: 0
05-01 19:46:45.275   767   767 I artd    : OatFileAssistant test for existing oat file /data/dalvik-cache/x86_64/data@app@~~2lK9jcDK3yWLFp943EZxqQ==@com.google.android.gms-us3Y_ikr7H5W-4gGc6z7iQ==@base.apk@classes.dex: File /data/dalvik-cache/x86_64/data@app@~~2lK9jcDK3yWLFp943EZxqQ==@com.google.android.gms-us3Y_ikr7H5W-4gGc6z7iQ==@base.apk@classes.vdex does not exist.
05-01 19:46:45.275   767   767 I artd    : GetBestInfo checking odex next to the dex file (/data/app/~~2lK9jcDK3yWLFp943EZxqQ==/com.google.android.gms-us3Y_ikr7H5W-4gGc6z7iQ==/oat/x86_64/base.odex)
05-01 19:46:45.275   767   767 I artd    : Loading /data/app/~~2lK9jcDK3yWLFp943EZxqQ==/com.google.android.gms-us3Y_ikr7H5W-4gGc6z7iQ==/oat/x86_64/base.odex with executable: 0
05-01 19:46:45.276   767   767 I artd    : Successfully loaded /data/app/~~2lK9jcDK3yWLFp943EZxqQ==/com.google.android.gms-us3Y_ikr7H5W-4gGc6z7iQ==/oat/x86_64/base.odex with executable: 0
05-01 19:46:45.276   767   767 I artd    : /data/app/~~2lK9jcDK3yWLFp943EZxqQ==/com.google.android.gms-us3Y_ikr7H5W-4gGc6z7iQ==/oat/x86_64/base.odex is kOatUpToDate with filter speed-profile
05-01 19:46:45.280   767   767 I artd    : Dex parent of /data/app/~~2lK9jcDK3yWLFp943EZxqQ==/com.google.android.gms-us3Y_ikr7H5W-4gGc6z7iQ==/split_AdsDynamite_installtime.apk is not writable: Permission denied
05-01 19:46:45.280   767   767 I artd    : GetBestInfo checking odex in dalvik-cache (/data/dalvik-cache/x86_64/data@app@~~2lK9jcDK3yWLFp943EZxqQ==@com.google.android.gms-us3Y_ikr7H5W-4gGc6z7iQ==@split_AdsDynamite_installtime.apk@classes.dex)
05-01 19:46:45.280   767   767 I artd    : Loading /data/dalvik-cache/x86_64/data@app@~~2lK9jcDK3yWLFp943EZxqQ==@com.google.android.gms-us3Y_ikr7H5W-4gGc6z7iQ==@split_AdsDynamite_installtime.apk@classes.dex with executable: 0
05-01 19:46:45.280   767   767 I artd    : OatFileAssistant test for existing oat file /data/dalvik-cache/x86_64/data@app@~~2lK9jcDK3yWLFp943EZxqQ==@com.google.android.gms-us3Y_ikr7H5W-4gGc6z7iQ==@split_AdsDynamite_installtime.apk@classes.dex: File /data/dalvik-cache/x86_64/data@app@~~2lK9jcDK3yWLFp943EZxqQ==@com.google.android.gms-us3Y_ikr7H5W-4gGc6z7iQ==@split_AdsDynamite_installtime.apk@classes.vdex does not exist.
05-01 19:46:45.280   767   767 I artd    : GetBestInfo checking odex next to the dex file (/data/app/~~2lK9jcDK3yWLFp943EZxqQ==/com.google.android.gms-us3Y_ikr7H5W-4gGc6z7iQ==/oat/x86_64/split_AdsDynamite_installtime.odex)
05-01 19:46:45.280   767   767 I artd    : Loading /data/app/~~2lK9jcDK3yWLFp943EZxqQ==/com.google.android.gms-us3Y_ikr7H5W-4gGc6z7iQ==/oat/x86_64/split_AdsDynamite_installtime.odex with executable: 0
05-01 19:46:45.285   767   767 I artd    : Successfully loaded /data/app/~~2lK9jcDK3yWLFp943EZxqQ==/com.google.android.gms-us3Y_ikr7H5W-4gGc6z7iQ==/oat/x86_64/split_AdsDynamite_installtime.odex with executable: 0
05-01 19:46:45.286   767   767 I artd    : /data/app/~~2lK9jcDK3yWLFp943EZxqQ==/com.google.android.gms-us3Y_ikr7H5W-4gGc6z7iQ==/oat/x86_64/split_AdsDynamite_installtime.odex is kOatUpToDate with filter speed
05-01 19:46:45.290   767   767 I artd    : Dex parent of /data/app/~~2lK9jcDK3yWLFp943EZxqQ==/com.google.android.gms-us3Y_ikr7H5W-4gGc6z7iQ==/split_CronetDynamite_installtime.apk is not writable: Permission denied
05-01 19:46:45.290   767   767 I artd    : GetBestInfo checking odex in dalvik-cache (/data/dalvik-cache/x86_64/data@app@~~2lK9jcDK3yWLFp943EZxqQ==@com.google.android.gms-us3Y_ikr7H5W-4gGc6z7iQ==@split_CronetDynamite_installtime.apk@classes.dex)
05-01 19:46:45.290   767   767 I artd    : Loading /data/dalvik-cache/x86_64/data@app@~~2lK9jcDK3yWLFp943EZxqQ==@com.google.android.gms-us3Y_ikr7H5W-4gGc6z7iQ==@split_CronetDynamite_installtime.apk@classes.dex with executable: 0
05-01 19:46:45.290   767   767 I artd    : OatFileAssistant test for existing oat file /data/dalvik-cache/x86_64/data@app@~~2lK9jcDK3yWLFp943EZxqQ==@com.google.android.gms-us3Y_ikr7H5W-4gGc6z7iQ==@split_CronetDynamite_installtime.apk@classes.dex: File /data/dalvik-cache/x86_64/data@app@~~2lK9jcDK3yWLFp943EZxqQ==@com.google.android.gms-us3Y_ikr7H5W-4gGc6z7iQ==@split_CronetDynamite_installtime.apk@classes.vdex does not exist.
05-01 19:46:45.290   767   767 I artd    : GetBestInfo checking odex next to the dex file (/data/app/~~2lK9jcDK3yWLFp943EZxqQ==/com.google.android.gms-us3Y_ikr7H5W-4gGc6z7iQ==/oat/x86_64/split_CronetDynamite_installtime.odex)
05-01 19:46:45.290   767   767 I artd    : Loading /data/app/~~2lK9jcDK3yWLFp943EZxqQ==/com.google.android.gms-us3Y_ikr7H5W-4gGc6z7iQ==/oat/x86_64/split_CronetDynamite_installtime.odex with executable: 0
05-01 19:46:45.295   767   767 I artd    : Successfully loaded /data/app/~~2lK9jcDK3yWLFp943EZxqQ==/com.google.android.gms-us3Y_ikr7H5W-4gGc6z7iQ==/oat/x86_64/split_CronetDynamite_installtime.odex with executable: 0
05-01 19:46:45.296   767   767 I artd    : /data/app/~~2lK9jcDK3yWLFp943EZxqQ==/com.google.android.gms-us3Y_ikr7H5W-4gGc6z7iQ==/oat/x86_64/split_CronetDynamite_installtime.odex is kOatUpToDate with filter speed
05-01 19:46:45.298   767   767 I artd    : Dex parent of /data/app/~~2lK9jcDK3yWLFp943EZxqQ==/com.google.android.gms-us3Y_ikr7H5W-4gGc6z7iQ==/split_DynamiteLoader_installtime.apk is not writable: Permission denied
05-01 19:46:45.299   767   767 I artd    : GetBestInfo checking odex in dalvik-cache (/data/dalvik-cache/x86_64/data@app@~~2lK9jcDK3yWLFp943EZxqQ==@com.google.android.gms-us3Y_ikr7H5W-4gGc6z7iQ==@split_DynamiteLoader_installtime.apk@classes.dex)
05-01 19:46:45.299   767   767 I artd    : Loading /data/dalvik-cache/x86_64/data@app@~~2lK9jcDK3yWLFp943EZxqQ==@com.google.android.gms-us3Y_ikr7H5W-4gGc6z7iQ==@split_DynamiteLoader_installtime.apk@classes.dex with executable: 0
05-01 19:46:45.299   767   767 I artd    : OatFileAssistant test for existing oat file /data/dalvik-cache/x86_64/data@app@~~2lK9jcDK3yWLFp943EZxqQ==@com.google.android.gms-us3Y_ikr7H5W-4gGc6z7iQ==@split_DynamiteLoader_installtime.apk@classes.dex: File /data/dalvik-cache/x86_64/data@app@~~2lK9jcDK3yWLFp943EZxqQ==@com.google.android.gms-us3Y_ikr7H5W-4gGc6z7iQ==@split_DynamiteLoader_installtime.apk@classes.vdex does not exist.
05-01 19:46:45.299   767   767 I artd    : GetBestInfo checking odex next to the dex file (/data/app/~~2lK9jcDK3yWLFp943EZxqQ==/com.google.android.gms-us3Y_ikr7H5W-4gGc6z7iQ==/oat/x86_64/split_DynamiteLoader_installtime.odex)
05-01 19:46:45.299   767   767 I artd    : Loading /data/app/~~2lK9jcDK3yWLFp943EZxqQ==/com.google.android.gms-us3Y_ikr7H5W-4gGc6z7iQ==/oat/x86_64/split_DynamiteLoader_installtime.odex with executable: 0
05-01 19:46:45.303   767   767 I artd    : Successfully loaded /data/app/~~2lK9jcDK3yWLFp943EZxqQ==/com.google.android.gms-us3Y_ikr7H5W-4gGc6z7iQ==/oat/x86_64/split_DynamiteLoader_installtime.odex with executable: 0
05-01 19:46:45.304   767   767 I artd    : /data/app/~~2lK9jcDK3yWLFp943EZxqQ==/com.google.android.gms-us3Y_ikr7H5W-4gGc6z7iQ==/oat/x86_64/split_DynamiteLoader_installtime.odex is kOatUpToDate with filter speed
05-01 19:46:45.307   767   767 I artd    : Dex parent of /data/app/~~2lK9jcDK3yWLFp943EZxqQ==/com.google.android.gms-us3Y_ikr7H5W-4gGc6z7iQ==/split_DynamiteModulesA_installtime.apk is not writable: Permission denied
05-01 19:46:45.307   767   767 I artd    : GetBestInfo checking odex in dalvik-cache (/data/dalvik-cache/x86_64/data@app@~~2lK9jcDK3yWLFp943EZxqQ==@com.google.android.gms-us3Y_ikr7H5W-4gGc6z7iQ==@split_DynamiteModulesA_installtime.apk@classes.dex)
05-01 19:46:45.307   767   767 I artd    : Loading /data/dalvik-cache/x86_64/data@app@~~2lK9jcDK3yWLFp943EZxqQ==@com.google.android.gms-us3Y_ikr7H5W-4gGc6z7iQ==@split_DynamiteModulesA_installtime.apk@classes.dex with executable: 0
05-01 19:46:45.307   767   767 I artd    : OatFileAssistant test for existing oat file /data/dalvik-cache/x86_64/data@app@~~2lK9jcDK3yWLFp943EZxqQ==@com.google.android.gms-us3Y_ikr7H5W-4gGc6z7iQ==@split_DynamiteModulesA_installtime.apk@classes.dex: File /data/dalvik-cache/x86_64/data@app@~~2lK9jcDK3yWLFp943EZxqQ==@com.google.android.gms-us3Y_ikr7H5W-4gGc6z7iQ==@split_DynamiteModulesA_installtime.apk@classes.vdex does not exist.
05-01 19:46:45.307   767   767 I artd    : GetBestInfo checking odex next to the dex file (/data/app/~~2lK9jcDK3yWLFp943EZxqQ==/com.google.android.gms-us3Y_ikr7H5W-4gGc6z7iQ==/oat/x86_64/split_DynamiteModulesA_installtime.odex)
05-01 19:46:45.307   767   767 I artd    : Loading /data/app/~~2lK9jcDK3yWLFp943EZxqQ==/com.google.android.gms-us3Y_ikr7H5W-4gGc6z7iQ==/oat/x86_64/split_DynamiteModulesA_installtime.odex with executable: 0
05-01 19:46:45.313   767   767 I artd    : Successfully loaded /data/app/~~2lK9jcDK3yWLFp943EZxqQ==/com.google.android.gms-us3Y_ikr7H5W-4gGc6z7iQ==/oat/x86_64/split_DynamiteModulesA_installtime.odex with executable: 0
05-01 19:46:45.313   767   767 I artd    : /data/app/~~2lK9jcDK3yWLFp943EZxqQ==/com.google.android.gms-us3Y_ikr7H5W-4gGc6z7iQ==/oat/x86_64/split_DynamiteModulesA_installtime.odex is kOatUpToDate with filter speed
05-01 19:46:45.315   767   767 I artd    : Dex parent of /data/app/~~2lK9jcDK3yWLFp943EZxqQ==/com.google.android.gms-us3Y_ikr7H5W-4gGc6z7iQ==/split_DynamiteModulesC_installtime.apk is not writable: Permission denied
05-01 19:46:45.315   767   767 I artd    : GetBestInfo checking odex in dalvik-cache (/data/dalvik-cache/x86_64/data@app@~~2lK9jcDK3yWLFp943EZxqQ==@com.google.android.gms-us3Y_ikr7H5W-4gGc6z7iQ==@split_DynamiteModulesC_installtime.apk@classes.dex)
05-01 19:46:45.315   767   767 I artd    : Loading /data/dalvik-cache/x86_64/data@app@~~2lK9jcDK3yWLFp943EZxqQ==@com.google.android.gms-us3Y_ikr7H5W-4gGc6z7iQ==@split_DynamiteModulesC_installtime.apk@classes.dex with executable: 0
05-01 19:46:45.315   767   767 I artd    : OatFileAssistant test for existing oat file /data/dalvik-cache/x86_64/data@app@~~2lK9jcDK3yWLFp943EZxqQ==@com.google.android.gms-us3Y_ikr7H5W-4gGc6z7iQ==@split_DynamiteModulesC_installtime.apk@classes.dex: File /data/dalvik-cache/x86_64/data@app@~~2lK9jcDK3yWLFp943EZxqQ==@com.google.android.gms-us3Y_ikr7H5W-4gGc6z7iQ==@split_DynamiteModulesC_installtime.apk@classes.vdex does not exist.
05-01 19:46:45.315   767   767 I artd    : GetBestInfo checking odex next to the dex file (/data/app/~~2lK9jcDK3yWLFp943EZxqQ==/com.google.android.gms-us3Y_ikr7H5W-4gGc6z7iQ==/oat/x86_64/split_DynamiteModulesC_installtime.odex)
05-01 19:46:45.315   767   767 I artd    : Loading /data/app/~~2lK9jcDK3yWLFp943EZxqQ==/com.google.android.gms-us3Y_ikr7H5W-4gGc6z7iQ==/oat/x86_64/split_DynamiteModulesC_installtime.odex with executable: 0
05-01 19:46:45.318   767   767 I artd    : Successfully loaded /data/app/~~2lK9jcDK3yWLFp943EZxqQ==/com.google.android.gms-us3Y_ikr7H5W-4gGc6z7iQ==/oat/x86_64/split_DynamiteModulesC_installtime.odex with executable: 0
05-01 19:46:45.318   767   767 I artd    : /data/app/~~2lK9jcDK3yWLFp943EZxqQ==/com.google.android.gms-us3Y_ikr7H5W-4gGc6z7iQ==/oat/x86_64/split_DynamiteModulesC_installtime.odex is kOatUpToDate with filter speed
05-01 19:46:45.320   767   767 I artd    : Dex parent of /data/app/~~2lK9jcDK3yWLFp943EZxqQ==/com.google.android.gms-us3Y_ikr7H5W-4gGc6z7iQ==/split_GoogleCertificates_installtime.apk is not writable: Permission denied
05-01 19:46:45.320   767   767 I artd    : GetBestInfo checking odex in dalvik-cache (/data/dalvik-cache/x86_64/data@app@~~2lK9jcDK3yWLFp943EZxqQ==@com.google.android.gms-us3Y_ikr7H5W-4gGc6z7iQ==@split_GoogleCertificates_installtime.apk@classes.dex)
05-01 19:46:45.320   767   767 I artd    : Loading /data/dalvik-cache/x86_64/data@app@~~2lK9jcDK3yWLFp943EZxqQ==@com.google.android.gms-us3Y_ikr7H5W-4gGc6z7iQ==@split_GoogleCertificates_installtime.apk@classes.dex with executable: 0
05-01 19:46:45.320   767   767 I artd    : OatFileAssistant test for existing oat file /data/dalvik-cache/x86_64/data@app@~~2lK9jcDK3yWLFp943EZxqQ==@com.google.android.gms-us3Y_ikr7H5W-4gGc6z7iQ==@split_GoogleCertificates_installtime.apk@classes.dex: File /data/dalvik-cache/x86_64/data@app@~~2lK9jcDK3yWLFp943EZxqQ==@com.google.android.gms-us3Y_ikr7H5W-4gGc6z7iQ==@split_GoogleCertificates_installtime.apk@classes.vdex does not exist.
05-01 19:46:45.320   767   767 I artd    : GetBestInfo checking odex next to the dex file (/data/app/~~2lK9jcDK3yWLFp943EZxqQ==/com.google.android.gms-us3Y_ikr7H5W-4gGc6z7iQ==/oat/x86_64/split_GoogleCertificates_installtime.odex)
05-01 19:46:45.320   767   767 I artd    : Loading /data/app/~~2lK9jcDK3yWLFp943EZxqQ==/com.google.android.gms-us3Y_ikr7H5W-4gGc6z7iQ==/oat/x86_64/split_GoogleCertificates_installtime.odex with executable: 0
05-01 19:46:45.322   767   767 I artd    : Successfully loaded /data/app/~~2lK9jcDK3yWLFp943EZxqQ==/com.google.android.gms-us3Y_ikr7H5W-4gGc6z7iQ==/oat/x86_64/split_GoogleCertificates_installtime.odex with executable: 0
05-01 19:46:45.322   767   767 I artd    : /data/app/~~2lK9jcDK3yWLFp943EZxqQ==/com.google.android.gms-us3Y_ikr7H5W-4gGc6z7iQ==/oat/x86_64/split_GoogleCertificates_installtime.odex is kOatUpToDate with filter speed
05-01 19:46:45.324   767   767 I artd    : Dex parent of /data/app/~~2lK9jcDK3yWLFp943EZxqQ==/com.google.android.gms-us3Y_ikr7H5W-4gGc6z7iQ==/split_MapsDynamite_installtime.apk is not writable: Permission denied
05-01 19:46:45.324   767   767 I artd    : GetBestInfo checking odex in dalvik-cache (/data/dalvik-cache/x86_64/data@app@~~2lK9jcDK3yWLFp943EZxqQ==@com.google.android.gms-us3Y_ikr7H5W-4gGc6z7iQ==@split_MapsDynamite_installtime.apk@classes.dex)
05-01 19:46:45.324   767   767 I artd    : Loading /data/dalvik-cache/x86_64/data@app@~~2lK9jcDK3yWLFp943EZxqQ==@com.google.android.gms-us3Y_ikr7H5W-4gGc6z7iQ==@split_MapsDynamite_installtime.apk@classes.dex with executable: 0
05-01 19:46:45.324   767   767 I artd    : OatFileAssistant test for existing oat file /data/dalvik-cache/x86_64/data@app@~~2lK9jcDK3yWLFp943EZxqQ==@com.google.android.gms-us3Y_ikr7H5W-4gGc6z7iQ==@split_MapsDynamite_installtime.apk@classes.dex: File /data/dalvik-cache/x86_64/data@app@~~2lK9jcDK3yWLFp943EZxqQ==@com.google.android.gms-us3Y_ikr7H5W-4gGc6z7iQ==@split_MapsDynamite_installtime.apk@classes.vdex does not exist.
05-01 19:46:45.324   767   767 I artd    : GetBestInfo checking odex next to the dex file (/data/app/~~2lK9jcDK3yWLFp943EZxqQ==/com.google.android.gms-us3Y_ikr7H5W-4gGc6z7iQ==/oat/x86_64/split_MapsDynamite_installtime.odex)
05-01 19:46:45.324   767   767 I artd    : Loading /data/app/~~2lK9jcDK3yWLFp943EZxqQ==/com.google.android.gms-us3Y_ikr7H5W-4gGc6z7iQ==/oat/x86_64/split_MapsDynamite_installtime.odex with executable: 0
05-01 19:46:45.326   767   767 I artd    : Successfully loaded /data/app/~~2lK9jcDK3yWLFp943EZxqQ==/com.google.android.gms-us3Y_ikr7H5W-4gGc6z7iQ==/oat/x86_64/split_MapsDynamite_installtime.odex with executable: 0
05-01 19:46:45.326   767   767 I artd    : /data/app/~~2lK9jcDK3yWLFp943EZxqQ==/com.google.android.gms-us3Y_ikr7H5W-4gGc6z7iQ==/oat/x86_64/split_MapsDynamite_installtime.odex is kOatUpToDate with filter speed
05-01 19:46:45.328   767   767 I artd    : Dex parent of /data/app/~~2lK9jcDK3yWLFp943EZxqQ==/com.google.android.gms-us3Y_ikr7H5W-4gGc6z7iQ==/split_MeasurementDynamite_installtime.apk is not writable: Permission denied
05-01 19:46:45.328   767   767 I artd    : GetBestInfo checking odex in dalvik-cache (/data/dalvik-cache/x86_64/data@app@~~2lK9jcDK3yWLFp943EZxqQ==@com.google.android.gms-us3Y_ikr7H5W-4gGc6z7iQ==@split_MeasurementDynamite_installtime.apk@classes.dex)
05-01 19:46:45.328   767   767 I artd    : Loading /data/dalvik-cache/x86_64/data@app@~~2lK9jcDK3yWLFp943EZxqQ==@com.google.android.gms-us3Y_ikr7H5W-4gGc6z7iQ==@split_MeasurementDynamite_installtime.apk@classes.dex with executable: 0
05-01 19:46:45.328   767   767 I artd    : OatFileAssistant test for existing oat file /data/dalvik-cache/x86_64/data@app@~~2lK9jcDK3yWLFp943EZxqQ==@com.google.android.gms-us3Y_ikr7H5W-4gGc6z7iQ==@split_MeasurementDynamite_installtime.apk@classes.dex: File /data/dalvik-cache/x86_64/data@app@~~2lK9jcDK3yWLFp943EZxqQ==@com.google.android.gms-us3Y_ikr7H5W-4gGc6z7iQ==@split_MeasurementDynamite_installtime.apk@classes.vdex does not exist.
05-01 19:46:45.328   767   767 I artd    : GetBestInfo checking odex next to the dex file (/data/app/~~2lK9jcDK3yWLFp943EZxqQ==/com.google.android.gms-us3Y_ikr7H5W-4gGc6z7iQ==/oat/x86_64/split_MeasurementDynamite_installtime.odex)
05-01 19:46:45.329   767   767 I artd    : Loading /data/app/~~2lK9jcDK3yWLFp943EZxqQ==/com.google.android.gms-us3Y_ikr7H5W-4gGc6z7iQ==/oat/x86_64/split_MeasurementDynamite_installtime.odex with executable: 0
05-01 19:46:45.329   767   767 I artd    : Successfully loaded /data/app/~~2lK9jcDK3yWLFp943EZxqQ==/com.google.android.gms-us3Y_ikr7H5W-4gGc6z7iQ==/oat/x86_64/split_MeasurementDynamite_installtime.odex with executable: 0
05-01 19:46:45.329   767   767 I artd    : /data/app/~~2lK9jcDK3yWLFp943EZxqQ==/com.google.android.gms-us3Y_ikr7H5W-4gGc6z7iQ==/oat/x86_64/split_MeasurementDynamite_installtime.odex is kOatUpToDate with filter speed
05-01 19:46:45.331   767   767 I artd    : Dex parent of /data/app/~~2lK9jcDK3yWLFp943EZxqQ==/com.google.android.gms-us3Y_ikr7H5W-4gGc6z7iQ==/split_all_locale_splits.apk is not writable: Permission denied
05-01 19:46:45.331   767   767 I artd    : GetBestInfo checking odex in dalvik-cache (/data/dalvik-cache/x86_64/data@app@~~2lK9jcDK3yWLFp943EZxqQ==@com.google.android.gms-us3Y_ikr7H5W-4gGc6z7iQ==@split_all_locale_splits.apk@classes.dex)
05-01 19:46:45.331   767   767 I artd    : Loading /data/dalvik-cache/x86_64/data@app@~~2lK9jcDK3yWLFp943EZxqQ==@com.google.android.gms-us3Y_ikr7H5W-4gGc6z7iQ==@split_all_locale_splits.apk@classes.dex with executable: 0
05-01 19:46:45.331   767   767 I artd    : OatFileAssistant test for existing oat file /data/dalvik-cache/x86_64/data@app@~~2lK9jcDK3yWLFp943EZxqQ==@com.google.android.gms-us3Y_ikr7H5W-4gGc6z7iQ==@split_all_locale_splits.apk@classes.dex: File /data/dalvik-cache/x86_64/data@app@~~2lK9jcDK3yWLFp943EZxqQ==@com.google.android.gms-us3Y_ikr7H5W-4gGc6z7iQ==@split_all_locale_splits.apk@classes.vdex does not exist.
05-01 19:46:45.331   767   767 I artd    : GetBestInfo checking odex next to the dex file (/data/app/~~2lK9jcDK3yWLFp943EZxqQ==/com.google.android.gms-us3Y_ikr7H5W-4gGc6z7iQ==/oat/x86_64/split_all_locale_splits.odex)
05-01 19:46:45.331   767   767 I artd    : Loading /data/app/~~2lK9jcDK3yWLFp943EZxqQ==/com.google.android.gms-us3Y_ikr7H5W-4gGc6z7iQ==/oat/x86_64/split_all_locale_splits.odex with executable: 0
05-01 19:46:45.331   767   767 I artd    : Successfully loaded /data/app/~~2lK9jcDK3yWLFp943EZxqQ==/com.google.android.gms-us3Y_ikr7H5W-4gGc6z7iQ==/oat/x86_64/split_all_locale_splits.odex with executable: 0
05-01 19:46:45.331   767   767 I artd    : /data/app/~~2lK9jcDK3yWLFp943EZxqQ==/com.google.android.gms-us3Y_ikr7H5W-4gGc6z7iQ==/oat/x86_64/split_all_locale_splits.odex is kOatUpToDate with filter speed
05-01 19:46:45.332   767   767 I artd    : Dex parent of /data/user/0/com.google.android.gms/app_dg_cache/3C99312020F0F0D70782F583B896FDDF9030AAF4/the.apk is not writable: Permission denied
05-01 19:46:45.333   767   767 I artd    : GetBestInfo checking odex in dalvik-cache (/data/dalvik-cache/x86_64/data@user@0@com.google.android.gms@app_dg_cache@3C99312020F0F0D70782F583B896FDDF9030AAF4@the.apk@classes.dex)
05-01 19:46:45.333   767   767 I artd    : Loading /data/dalvik-cache/x86_64/data@user@0@com.google.android.gms@app_dg_cache@3C99312020F0F0D70782F583B896FDDF9030AAF4@the.apk@classes.dex with executable: 0
05-01 19:46:45.333   767   767 I artd    : OatFileAssistant test for existing oat file /data/dalvik-cache/x86_64/data@user@0@com.google.android.gms@app_dg_cache@3C99312020F0F0D70782F583B896FDDF9030AAF4@the.apk@classes.dex: File /data/dalvik-cache/x86_64/data@user@0@com.google.android.gms@app_dg_cache@3C99312020F0F0D70782F583B896FDDF9030AAF4@the.apk@classes.vdex does not exist.
05-01 19:46:45.333   767   767 I artd    : GetBestInfo checking odex next to the dex file (/data/user/0/com.google.android.gms/app_dg_cache/3C99312020F0F0D70782F583B896FDDF9030AAF4/oat/x86_64/the.odex)
05-01 19:46:45.333   767   767 I artd    : Loading /data/user/0/com.google.android.gms/app_dg_cache/3C99312020F0F0D70782F583B896FDDF9030AAF4/oat/x86_64/the.odex with executable: 0
05-01 19:46:45.334   767   767 I artd    : OatFileAssistant test for existing oat file /data/user/0/com.google.android.gms/app_dg_cache/3C99312020F0F0D70782F583B896FDDF9030AAF4/oat/x86_64/the.odex: Failed to open oat filename for reading: No such file or directory
05-01 19:46:45.334   767   767 I artd    : GetBestInfo checking vdex in dalvik-cache (/data/dalvik-cache/x86_64/data@user@0@com.google.android.gms@app_dg_cache@3C99312020F0F0D70782F583B896FDDF9030AAF4@the.apk@classes.vdex)
05-01 19:46:45.334   767   767 I artd    : unable to open vdex file /data/dalvik-cache/x86_64/data@user@0@com.google.android.gms@app_dg_cache@3C99312020F0F0D70782F583B896FDDF9030AAF4@the.apk@classes.vdex: File /data/dalvik-cache/x86_64/data@user@0@com.google.android.gms@app_dg_cache@3C99312020F0F0D70782F583B896FDDF9030AAF4@the.apk@classes.vdex does not exist.
05-01 19:46:45.334   767   767 I artd    : OatFileAssistant test for existing oat file /data/dalvik-cache/x86_64/data@user@0@com.google.android.gms@app_dg_cache@3C99312020F0F0D70782F583B896FDDF9030AAF4@the.apk@classes.vdex: File /data/dalvik-cache/x86_64/data@user@0@com.google.android.gms@app_dg_cache@3C99312020F0F0D70782F583B896FDDF9030AAF4@the.apk@classes.vdex does not exist.
05-01 19:46:45.334   767   767 I artd    : GetBestInfo checking vdex next to the dex file (/data/user/0/com.google.android.gms/app_dg_cache/3C99312020F0F0D70782F583B896FDDF9030AAF4/oat/x86_64/the.vdex)
05-01 19:46:45.335   767   767 I artd    : Successfully loaded /data/user/0/com.google.android.gms/app_dg_cache/3C99312020F0F0D70782F583B896FDDF9030AAF4/oat/x86_64/the.vdex with executable: 0
05-01 19:46:45.335   767   767 I artd    : Image checksum test skipped for vdex file /data/user/0/com.google.android.gms/app_dg_cache/3C99312020F0F0D70782F583B896FDDF9030AAF4/oat/x86_64/the.vdex
05-01 19:46:45.335   767   767 I artd    : /data/user/0/com.google.android.gms/app_dg_cache/3C99312020F0F0D70782F583B896FDDF9030AAF4/oat/x86_64/the.vdex is kOatUpToDate with filter verify
05-01 19:46:45.335   767   767 I artd    : Dex parent of /data/user_de/0/com.google.android.gms/app_chimera/m/00000002/DynamiteLoader.uncompressed.apk is not writable: No such file or directory
05-01 19:46:45.335   767   767 I artd    : GetBestInfo checking odex in dalvik-cache (/data/dalvik-cache/x86_64/data@user_de@0@com.google.android.gms@app_chimera@m@00000002@DynamiteLoader.uncompressed.apk@classes.dex)
05-01 19:46:45.335   767   767 I artd    : Loading /data/dalvik-cache/x86_64/data@user_de@0@com.google.android.gms@app_chimera@m@00000002@DynamiteLoader.uncompressed.apk@classes.dex with executable: 0
05-01 19:46:45.335   767   767 I artd    : OatFileAssistant test for existing oat file /data/dalvik-cache/x86_64/data@user_de@0@com.google.android.gms@app_chimera@m@00000002@DynamiteLoader.uncompressed.apk@classes.dex: File /data/dalvik-cache/x86_64/data@user_de@0@com.google.android.gms@app_chimera@m@00000002@DynamiteLoader.uncompressed.apk@classes.vdex does not exist.
05-01 19:46:45.335   767   767 I artd    : GetBestInfo checking odex next to the dex file (/data/user_de/0/com.google.android.gms/app_chimera/m/00000002/oat/x86_64/DynamiteLoader.uncompressed.odex)
05-01 19:46:45.335   767   767 I artd    : Loading /data/user_de/0/com.google.android.gms/app_chimera/m/00000002/oat/x86_64/DynamiteLoader.uncompressed.odex with executable: 0
05-01 19:46:45.335   767   767 I artd    : OatFileAssistant test for existing oat file /data/user_de/0/com.google.android.gms/app_chimera/m/00000002/oat/x86_64/DynamiteLoader.uncompressed.odex: File /data/user_de/0/com.google.android.gms/app_chimera/m/00000002/oat/x86_64/DynamiteLoader.uncompressed.vdex does not exist.
05-01 19:46:45.335   767   767 I artd    : GetBestInfo checking vdex in dalvik-cache (/data/dalvik-cache/x86_64/data@user_de@0@com.google.android.gms@app_chimera@m@00000002@DynamiteLoader.uncompressed.apk@classes.vdex)
05-01 19:46:45.335   767   767 I artd    : unable to open vdex file /data/dalvik-cache/x86_64/data@user_de@0@com.google.android.gms@app_chimera@m@00000002@DynamiteLoader.uncompressed.apk@classes.vdex: File /data/dalvik-cache/x86_64/data@user_de@0@com.google.android.gms@app_chimera@m@00000002@DynamiteLoader.uncompressed.apk@classes.vdex does not exist.
05-01 19:46:45.335   767   767 I artd    : OatFileAssistant test for existing oat file /data/dalvik-cache/x86_64/data@user_de@0@com.google.android.gms@app_chimera@m@00000002@DynamiteLoader.uncompressed.apk@classes.vdex: File /data/dalvik-cache/x86_64/data@user_de@0@com.google.android.gms@app_chimera@m@00000002@DynamiteLoader.uncompressed.apk@classes.vdex does not exist.
05-01 19:46:45.336   767   767 I artd    : GetBestInfo checking vdex next to the dex file (/data/user_de/0/com.google.android.gms/app_chimera/m/00000002/oat/x86_64/DynamiteLoader.uncompressed.vdex)
05-01 19:46:45.336   767   767 I artd    : unable to open vdex file /data/user_de/0/com.google.android.gms/app_chimera/m/00000002/oat/x86_64/DynamiteLoader.uncompressed.vdex: File /data/user_de/0/com.google.android.gms/app_chimera/m/00000002/oat/x86_64/DynamiteLoader.uncompressed.vdex does not exist.
05-01 19:46:45.336   767   767 I artd    : OatFileAssistant test for existing oat file /data/user_de/0/com.google.android.gms/app_chimera/m/00000002/oat/x86_64/DynamiteLoader.uncompressed.vdex: File /data/user_de/0/com.google.android.gms/app_chimera/m/00000002/oat/x86_64/DynamiteLoader.uncompressed.vdex does not exist.
05-01 19:46:45.336   767   767 I artd    : GetBestInfo checking dm (/data/user_de/0/com.google.android.gms/app_chimera/m/00000002/DynamiteLoader.uncompressed.dm)
05-01 19:46:45.336   767   767 W ziparchive: Unable to open '/data/user_de/0/com.google.android.gms/app_chimera/m/00000002/DynamiteLoader.uncompressed.dm': No such file or directory
05-01 19:46:45.336   767   767 I artd    : OatFileAssistant test for existing oat file /data/user_de/0/com.google.android.gms/app_chimera/m/00000002/DynamiteLoader.uncompressed.dm: I/O error
05-01 19:46:45.336   767   767 I artd    : GetBestInfo checking dm (/data/user_de/0/com.google.android.gms/app_chimera/m/00000002/DynamiteLoader.uncompressed.dm)
05-01 19:46:45.336   767   767 W ziparchive: Unable to open '/data/user_de/0/com.google.android.gms/app_chimera/m/00000002/DynamiteLoader.uncompressed.dm': No such file or directory
05-01 19:46:45.336   767   767 I artd    : OatFileAssistant test for existing oat file /data/user_de/0/com.google.android.gms/app_chimera/m/00000002/DynamiteLoader.uncompressed.dm: I/O error
05-01 19:46:45.336   767   767 I artd    : GetBestInfo no usable artifacts
05-01 19:46:45.336   767   767 I artd    : Dex parent of /data/user_de/0/com.google.android.gms/app_chimera/m/00000005/GoogleCertificates.apk is not writable: No such file or directory
05-01 19:46:45.336   767   767 I artd    : GetBestInfo checking odex in dalvik-cache (/data/dalvik-cache/x86_64/data@user_de@0@com.google.android.gms@app_chimera@m@00000005@GoogleCertificates.apk@classes.dex)
05-01 19:46:45.336   767   767 I artd    : Loading /data/dalvik-cache/x86_64/data@user_de@0@com.google.android.gms@app_chimera@m@00000005@GoogleCertificates.apk@classes.dex with executable: 0
05-01 19:46:45.336   767   767 I artd    : OatFileAssistant test for existing oat file /data/dalvik-cache/x86_64/data@user_de@0@com.google.android.gms@app_chimera@m@00000005@GoogleCertificates.apk@classes.dex: File /data/dalvik-cache/x86_64/data@user_de@0@com.google.android.gms@app_chimera@m@00000005@GoogleCertificates.apk@classes.vdex does not exist.
05-01 19:46:45.336   767   767 I artd    : GetBestInfo checking odex next to the dex file (/data/user_de/0/com.google.android.gms/app_chimera/m/00000005/oat/x86_64/GoogleCertificates.odex)
05-01 19:46:45.336   767   767 I artd    : Loading /data/user_de/0/com.google.android.gms/app_chimera/m/00000005/oat/x86_64/GoogleCertificates.odex with executable: 0
05-01 19:46:45.336   767   767 I artd    : OatFileAssistant test for existing oat file /data/user_de/0/com.google.android.gms/app_chimera/m/00000005/oat/x86_64/GoogleCertificates.odex: File /data/user_de/0/com.google.android.gms/app_chimera/m/00000005/oat/x86_64/GoogleCertificates.vdex does not exist.
05-01 19:46:45.336   767   767 I artd    : GetBestInfo checking vdex in dalvik-cache (/data/dalvik-cache/x86_64/data@user_de@0@com.google.android.gms@app_chimera@m@00000005@GoogleCertificates.apk@classes.vdex)
05-01 19:46:45.336   767   767 I artd    : unable to open vdex file /data/dalvik-cache/x86_64/data@user_de@0@com.google.android.gms@app_chimera@m@00000005@GoogleCertificates.apk@classes.vdex: File /data/dalvik-cache/x86_64/data@user_de@0@com.google.android.gms@app_chimera@m@00000005@GoogleCertificates.apk@classes.vdex does not exist.
05-01 19:46:45.336   767   767 I artd    : OatFileAssistant test for existing oat file /data/dalvik-cache/x86_64/data@user_de@0@com.google.android.gms@app_chimera@m@00000005@GoogleCertificates.apk@classes.vdex: File /data/dalvik-cache/x86_64/data@user_de@0@com.google.android.gms@app_chimera@m@00000005@GoogleCertificates.apk@classes.vdex does not exist.
05-01 19:46:45.336   767   767 I artd    : GetBestInfo checking vdex next to the dex file (/data/user_de/0/com.google.android.gms/app_chimera/m/00000005/oat/x86_64/GoogleCertificates.vdex)
05-01 19:46:45.336   767   767 I artd    : unable to open vdex file /data/user_de/0/com.google.android.gms/app_chimera/m/00000005/oat/x86_64/GoogleCertificates.vdex: File /data/user_de/0/com.google.android.gms/app_chimera/m/00000005/oat/x86_64/GoogleCertificates.vdex does not exist.
05-01 19:46:45.336   767   767 I artd    : OatFileAssistant test for existing oat file /data/user_de/0/com.google.android.gms/app_chimera/m/00000005/oat/x86_64/GoogleCertificates.vdex: File /data/user_de/0/com.google.android.gms/app_chimera/m/00000005/oat/x86_64/GoogleCertificates.vdex does not exist.
05-01 19:46:45.336   767   767 I artd    : GetBestInfo checking dm (/data/user_de/0/com.google.android.gms/app_chimera/m/00000005/GoogleCertificates.dm)
05-01 19:46:45.336   767   767 W ziparchive: Unable to open '/data/user_de/0/com.google.android.gms/app_chimera/m/00000005/GoogleCertificates.dm': No such file or directory
05-01 19:46:45.336   767   767 I artd    : OatFileAssistant test for existing oat file /data/user_de/0/com.google.android.gms/app_chimera/m/00000005/GoogleCertificates.dm: I/O error
05-01 19:46:45.336   767   767 I artd    : GetBestInfo checking dm (/data/user_de/0/com.google.android.gms/app_chimera/m/00000005/GoogleCertificates.dm)
05-01 19:46:45.336   767   767 W ziparchive: Unable to open '/data/user_de/0/com.google.android.gms/app_chimera/m/00000005/GoogleCertificates.dm': No such file or directory
05-01 19:46:45.336   767   767 I artd    : OatFileAssistant test for existing oat file /data/user_de/0/com.google.android.gms/app_chimera/m/00000005/GoogleCertificates.dm: I/O error
05-01 19:46:45.336   767   767 I artd    : GetBestInfo no usable artifacts
05-01 19:46:45.336   767   767 I artd    : Dex parent of /data/user_de/0/com.google.android.gms/app_chimera/m/00000001/CronetDynamite.uncompressed.apk is not writable: No such file or directory
05-01 19:46:45.336   767   767 I artd    : GetBestInfo checking odex in dalvik-cache (/data/dalvik-cache/x86_64/data@user_de@0@com.google.android.gms@app_chimera@m@00000001@CronetDynamite.uncompressed.apk@classes.dex)
05-01 19:46:45.336   767   767 I artd    : Loading /data/dalvik-cache/x86_64/data@user_de@0@com.google.android.gms@app_chimera@m@00000001@CronetDynamite.uncompressed.apk@classes.dex with executable: 0
05-01 19:46:45.336   767   767 I artd    : OatFileAssistant test for existing oat file /data/dalvik-cache/x86_64/data@user_de@0@com.google.android.gms@app_chimera@m@00000001@CronetDynamite.uncompressed.apk@classes.dex: File /data/dalvik-cache/x86_64/data@user_de@0@com.google.android.gms@app_chimera@m@00000001@CronetDynamite.uncompressed.apk@classes.vdex does not exist.
05-01 19:46:45.336   767   767 I artd    : GetBestInfo checking odex next to the dex file (/data/user_de/0/com.google.android.gms/app_chimera/m/00000001/oat/x86_64/CronetDynamite.uncompressed.odex)
05-01 19:46:45.336   767   767 I artd    : Loading /data/user_de/0/com.google.android.gms/app_chimera/m/00000001/oat/x86_64/CronetDynamite.uncompressed.odex with executable: 0
05-01 19:46:45.336   767   767 I artd    : OatFileAssistant test for existing oat file /data/user_de/0/com.google.android.gms/app_chimera/m/00000001/oat/x86_64/CronetDynamite.uncompressed.odex: File /data/user_de/0/com.google.android.gms/app_chimera/m/00000001/oat/x86_64/CronetDynamite.uncompressed.vdex does not exist.
05-01 19:46:45.336   767   767 I artd    : GetBestInfo checking vdex in dalvik-cache (/data/dalvik-cache/x86_64/data@user_de@0@com.google.android.gms@app_chimera@m@00000001@CronetDynamite.uncompressed.apk@classes.vdex)
05-01 19:46:45.336   767   767 I artd    : unable to open vdex file /data/dalvik-cache/x86_64/data@user_de@0@com.google.android.gms@app_chimera@m@00000001@CronetDynamite.uncompressed.apk@classes.vdex: File /data/dalvik-cache/x86_64/data@user_de@0@com.google.android.gms@app_chimera@m@00000001@CronetDynamite.uncompressed.apk@classes.vdex does not exist.
05-01 19:46:45.336   767   767 I artd    : OatFileAssistant test for existing oat file /data/dalvik-cache/x86_64/data@user_de@0@com.google.android.gms@app_chimera@m@00000001@CronetDynamite.uncompressed.apk@classes.vdex: File /data/dalvik-cache/x86_64/data@user_de@0@com.google.android.gms@app_chimera@m@00000001@CronetDynamite.uncompressed.apk@classes.vdex does not exist.
05-01 19:46:45.336   767   767 I artd    : GetBestInfo checking vdex next to the dex file (/data/user_de/0/com.google.android.gms/app_chimera/m/00000001/oat/x86_64/CronetDynamite.uncompressed.vdex)
05-01 19:46:45.336   767   767 I artd    : unable to open vdex file /data/user_de/0/com.google.android.gms/app_chimera/m/00000001/oat/x86_64/CronetDynamite.uncompressed.vdex: File /data/user_de/0/com.google.android.gms/app_chimera/m/00000001/oat/x86_64/CronetDynamite.uncompressed.vdex does not exist.
05-01 19:46:45.336   767   767 I artd    : OatFileAssistant test for existing oat file /data/user_de/0/com.google.android.gms/app_chimera/m/00000001/oat/x86_64/CronetDynamite.uncompressed.vdex: File /data/user_de/0/com.google.android.gms/app_chimera/m/00000001/oat/x86_64/CronetDynamite.uncompressed.vdex does not exist.
05-01 19:46:45.336   767   767 I artd    : GetBestInfo checking dm (/data/user_de/0/com.google.android.gms/app_chimera/m/00000001/CronetDynamite.uncompressed.dm)
05-01 19:46:45.336   767   767 W ziparchive: Unable to open '/data/user_de/0/com.google.android.gms/app_chimera/m/00000001/CronetDynamite.uncompressed.dm': No such file or directory
05-01 19:46:45.336   767   767 I artd    : OatFileAssistant test for existing oat file /data/user_de/0/com.google.android.gms/app_chimera/m/00000001/CronetDynamite.uncompressed.dm: I/O error
05-01 19:46:45.336   767   767 I artd    : GetBestInfo checking dm (/data/user_de/0/com.google.android.gms/app_chimera/m/00000001/CronetDynamite.uncompressed.dm)
05-01 19:46:45.336   767   767 W ziparchive: Unable to open '/data/user_de/0/com.google.android.gms/app_chimera/m/00000001/CronetDynamite.uncompressed.dm': No such file or directory
05-01 19:46:45.336   767   767 I artd    : OatFileAssistant test for existing oat file /data/user_de/0/com.google.android.gms/app_chimera/m/00000001/CronetDynamite.uncompressed.dm: I/O error
05-01 19:46:45.336   767   767 I artd    : GetBestInfo no usable artifacts
05-01 19:46:45.339   767   767 I artd    : Dex parent of /data/user_de/0/com.google.android.gms/app_chimera/m/0000000a/dl-MlkitBarcodeUi.optional_242335100800.apk is not writable: Permission denied
05-01 19:46:45.339   767   767 I artd    : GetBestInfo checking odex in dalvik-cache (/data/dalvik-cache/x86_64/data@user_de@0@com.google.android.gms@app_chimera@m@0000000a@dl-MlkitBarcodeUi.optional_242335100800.apk@classes.dex)
05-01 19:46:45.339   767   767 I artd    : Loading /data/dalvik-cache/x86_64/data@user_de@0@com.google.android.gms@app_chimera@m@0000000a@dl-MlkitBarcodeUi.optional_242335100800.apk@classes.dex with executable: 0
05-01 19:46:45.339   767   767 I artd    : OatFileAssistant test for existing oat file /data/dalvik-cache/x86_64/data@user_de@0@com.google.android.gms@app_chimera@m@0000000a@dl-MlkitBarcodeUi.optional_242335100800.apk@classes.dex: File /data/dalvik-cache/x86_64/data@user_de@0@com.google.android.gms@app_chimera@m@0000000a@dl-MlkitBarcodeUi.optional_242335100800.apk@classes.vdex does not exist.
05-01 19:46:45.339   767   767 I artd    : GetBestInfo checking odex next to the dex file (/data/user_de/0/com.google.android.gms/app_chimera/m/0000000a/oat/x86_64/dl-MlkitBarcodeUi.optional_242335100800.odex)
05-01 19:46:45.339   767   767 I artd    : Loading /data/user_de/0/com.google.android.gms/app_chimera/m/0000000a/oat/x86_64/dl-MlkitBarcodeUi.optional_242335100800.odex with executable: 0
05-01 19:46:45.339   767   767 I artd    : OatFileAssistant test for existing oat file /data/user_de/0/com.google.android.gms/app_chimera/m/0000000a/oat/x86_64/dl-MlkitBarcodeUi.optional_242335100800.odex: File /data/user_de/0/com.google.android.gms/app_chimera/m/0000000a/oat/x86_64/dl-MlkitBarcodeUi.optional_242335100800.vdex does not exist.
05-01 19:46:45.339   767   767 I artd    : GetBestInfo checking vdex in dalvik-cache (/data/dalvik-cache/x86_64/data@user_de@0@com.google.android.gms@app_chimera@m@0000000a@dl-MlkitBarcodeUi.optional_242335100800.apk@classes.vdex)
05-01 19:46:45.339   767   767 I artd    : unable to open vdex file /data/dalvik-cache/x86_64/data@user_de@0@com.google.android.gms@app_chimera@m@0000000a@dl-MlkitBarcodeUi.optional_242335100800.apk@classes.vdex: File /data/dalvik-cache/x86_64/data@user_de@0@com.google.android.gms@app_chimera@m@0000000a@dl-MlkitBarcodeUi.optional_242335100800.apk@classes.vdex does not exist.
05-01 19:46:45.339   767   767 I artd    : OatFileAssistant test for existing oat file /data/dalvik-cache/x86_64/data@user_de@0@com.google.android.gms@app_chimera@m@0000000a@dl-MlkitBarcodeUi.optional_242335100800.apk@classes.vdex: File /data/dalvik-cache/x86_64/data@user_de@0@com.google.android.gms@app_chimera@m@0000000a@dl-MlkitBarcodeUi.optional_242335100800.apk@classes.vdex does not exist.
05-01 19:46:45.339   767   767 I artd    : GetBestInfo checking vdex next to the dex file (/data/user_de/0/com.google.android.gms/app_chimera/m/0000000a/oat/x86_64/dl-MlkitBarcodeUi.optional_242335100800.vdex)
05-01 19:46:45.339   767   767 I artd    : unable to open vdex file /data/user_de/0/com.google.android.gms/app_chimera/m/0000000a/oat/x86_64/dl-MlkitBarcodeUi.optional_242335100800.vdex: File /data/user_de/0/com.google.android.gms/app_chimera/m/0000000a/oat/x86_64/dl-MlkitBarcodeUi.optional_242335100800.vdex does not exist.
05-01 19:46:45.339   767   767 I artd    : OatFileAssistant test for existing oat file /data/user_de/0/com.google.android.gms/app_chimera/m/0000000a/oat/x86_64/dl-MlkitBarcodeUi.optional_242335100800.vdex: File /data/user_de/0/com.google.android.gms/app_chimera/m/0000000a/oat/x86_64/dl-MlkitBarcodeUi.optional_242335100800.vdex does not exist.
05-01 19:46:45.339   767   767 I artd    : GetBestInfo checking dm (/data/user_de/0/com.google.android.gms/app_chimera/m/0000000a/dl-MlkitBarcodeUi.optional_242335100800.dm)
05-01 19:46:45.339   767   767 W ziparchive: Unable to open '/data/user_de/0/com.google.android.gms/app_chimera/m/0000000a/dl-MlkitBarcodeUi.optional_242335100800.dm': No such file or directory
05-01 19:46:45.339   767   767 I artd    : OatFileAssistant test for existing oat file /data/user_de/0/com.google.android.gms/app_chimera/m/0000000a/dl-MlkitBarcodeUi.optional_242335100800.dm: I/O error
05-01 19:46:45.339   767   767 I artd    : GetBestInfo checking dm (/data/user_de/0/com.google.android.gms/app_chimera/m/0000000a/dl-MlkitBarcodeUi.optional_242335100800.dm)
05-01 19:46:45.339   767   767 W ziparchive: Unable to open '/data/user_de/0/com.google.android.gms/app_chimera/m/0000000a/dl-MlkitBarcodeUi.optional_242335100800.dm': No such file or directory
05-01 19:46:45.339   767   767 I artd    : OatFileAssistant test for existing oat file /data/user_de/0/com.google.android.gms/app_chimera/m/0000000a/dl-MlkitBarcodeUi.optional_242335100800.dm: I/O error
05-01 19:46:45.339   767   767 I artd    : GetBestInfo no usable artifacts
05-01 19:46:45.341   767   767 I artd    : Dex parent of /data/user_de/0/com.google.android.gms/app_chimera/m/00000008/dl-TfliteDynamiteDynamite.integ_252130102100800.apk is not writable: Permission denied
05-01 19:46:45.341   767   767 I artd    : GetBestInfo checking odex in dalvik-cache (/data/dalvik-cache/x86_64/data@user_de@0@com.google.android.gms@app_chimera@m@00000008@dl-TfliteDynamiteDynamite.integ_252130102100800.apk@classes.dex)
05-01 19:46:45.341   767   767 I artd    : Loading /data/dalvik-cache/x86_64/data@user_de@0@com.google.android.gms@app_chimera@m@00000008@dl-TfliteDynamiteDynamite.integ_252130102100800.apk@classes.dex with executable: 0
05-01 19:46:45.341   767   767 I artd    : OatFileAssistant test for existing oat file /data/dalvik-cache/x86_64/data@user_de@0@com.google.android.gms@app_chimera@m@00000008@dl-TfliteDynamiteDynamite.integ_252130102100800.apk@classes.dex: File /data/dalvik-cache/x86_64/data@user_de@0@com.google.android.gms@app_chimera@m@00000008@dl-TfliteDynamiteDynamite.integ_252130102100800.apk@classes.vdex does not exist.
05-01 19:46:45.341   767   767 I artd    : GetBestInfo checking odex next to the dex file (/data/user_de/0/com.google.android.gms/app_chimera/m/00000008/oat/x86_64/dl-TfliteDynamiteDynamite.integ_252130102100800.odex)
05-01 19:46:45.341   767   767 I artd    : Loading /data/user_de/0/com.google.android.gms/app_chimera/m/00000008/oat/x86_64/dl-TfliteDynamiteDynamite.integ_252130102100800.odex with executable: 0
05-01 19:46:45.341   767   767 I artd    : OatFileAssistant test for existing oat file /data/user_de/0/com.google.android.gms/app_chimera/m/00000008/oat/x86_64/dl-TfliteDynamiteDynamite.integ_252130102100800.odex: File /data/user_de/0/com.google.android.gms/app_chimera/m/00000008/oat/x86_64/dl-TfliteDynamiteDynamite.integ_252130102100800.vdex does not exist.
05-01 19:46:45.341   767   767 I artd    : GetBestInfo checking vdex in dalvik-cache (/data/dalvik-cache/x86_64/data@user_de@0@com.google.android.gms@app_chimera@m@00000008@dl-TfliteDynamiteDynamite.integ_252130102100800.apk@classes.vdex)
