04-16 22:49:55.022   664   798 I am_pss  : [9496,10120,com.spocky.projengmenu,97465344,92639232,733184,149000192,0,5,10]
04-16 22:49:55.046   664   799 I am_uid_idle: 10098
04-16 22:49:55.117   664   664 I service_manager_slow: [18,phone]
04-16 22:49:55.144   664   799 I am_wtf  : [0,664,system_server,-1,PowerManagerService,Event cannot be newer than the current time (now=264078342, eventTime=264078344, displayId=0, event=other, flags=0)]
04-16 22:49:57.394   664   799 I am_wtf  : [0,664,system_server,-1,PowerManagerService,Event cannot be newer than the current time (now=264080592, eventTime=264080594, displayId=0, event=other, flags=0)]
04-16 22:49:58.377   664   664 I service_manager_stats: [222,350,5008]
04-16 22:49:58.620   664   799 I am_uid_idle: 10129
04-16 22:49:58.631   664   799 I am_wtf  : [0,664,system_server,-1,PowerManagerService,Event cannot be newer than the current time (now=264081830, eventTime=264081831, displayId=0, event=other, flags=0)]
04-16 22:49:59.991   664   799 I am_wtf  : [0,664,system_server,-1,PowerManagerService,Event cannot be newer than the current time (now=264083190, eventTime=264083192, displayId=0, event=other, flags=0)]
04-16 22:50:00.385   664   799 I am_wtf  : [0,664,system_server,-1,PowerManagerService,Event cannot be newer than the current time (now=264083584, eventTime=264083586, displayId=0, event=other, flags=0)]
04-16 22:50:00.419   664   799 I am_wtf  : [0,664,system_server,-1,PowerManagerService,Event cannot be newer than the current time (now=264083617, eventTime=264083620, displayId=0, event=other, flags=0)]
04-16 22:50:00.757   664   799 I am_wtf  : [0,664,system_server,-1,PowerManagerService,Event cannot be newer than the current time (now=264083956, eventTime=264083958, displayId=0, event=other, flags=0)]
04-16 22:50:01.806   664   799 I am_wtf  : [0,664,system_server,-1,PowerManagerService,Event cannot be newer than the current time (now=264085003, eventTime=264085004, displayId=0, event=other, flags=0)]
04-16 22:50:02.178   664   799 I am_wtf  : [0,664,system_server,-1,PowerManagerService,Event cannot be newer than the current time (now=264085375, eventTime=264085376, displayId=0, event=other, flags=0)]
04-16 22:50:02.276   664   799 I am_wtf  : [0,664,system_server,-1,PowerManagerService,Event cannot be newer than the current time (now=264085474, eventTime=264085476, displayId=0, event=other, flags=0)]
04-16 22:50:02.434   664   799 I am_wtf  : [0,664,system_server,-1,PowerManagerService,Event cannot be newer than the current time (now=264085632, eventTime=264085634, displayId=0, event=other, flags=0)]
04-16 22:50:02.796   664   799 I am_wtf  : [0,664,system_server,-1,PowerManagerService,Event cannot be newer than the current time (now=264085993, eventTime=264085994, displayId=0, event=other, flags=0)]
04-16 22:50:02.797   664   858 I input_cancel: [98ef500 com.brave.browser/com.google.android.apps.chrome.Main (server),reason=conflicting pointer actions]
04-16 22:50:02.797   664   858 I input_cancel: [PointerEventDispatcher0 (server),reason=conflicting pointer actions]
04-16 22:50:03.402   664   664 I service_manager_stats: [262,351,5025]
04-16 22:50:03.514   664   799 I am_wtf  : [0,664,system_server,-1,PowerManagerService,Event cannot be newer than the current time (now=264086712, eventTime=264086715, displayId=0, event=other, flags=0)]
04-16 22:50:04.133   664   799 I am_wtf  : [0,664,system_server,-1,PowerManagerService,Event cannot be newer than the current time (now=264087331, eventTime=264087333, displayId=0, event=other, flags=0)]
04-16 22:50:04.520   664   799 I am_uid_idle: 10022
04-16 22:50:05.055   664   799 I am_wtf  : [0,664,system_server,-1,PowerManagerService,Event cannot be newer than the current time (now=264088253, eventTime=264088255, displayId=0, event=other, flags=0)]
04-16 22:50:05.461   664   799 I am_wtf  : [0,664,system_server,-1,PowerManagerService,Event cannot be newer than the current time (now=264088659, eventTime=264088660, displayId=0, event=other, flags=0)]
04-16 22:50:05.481   664   799 I am_wtf  : [0,664,system_server,-1,PowerManagerService,Event cannot be newer than the current time (now=264088680, eventTime=264088682, displayId=0, event=other, flags=0)]
04-16 22:50:05.594   664   858 I input_cancel: [98ef500 com.brave.browser/com.google.android.apps.chrome.Main (server),reason=conflicting pointer actions]
04-16 22:50:05.594   664   858 I input_cancel: [PointerEventDispatcher0 (server),reason=conflicting pointer actions]
04-16 22:50:08.733   664   664 I service_manager_stats: [176,247,5331]
04-16 22:50:09.432   664   799 I am_wtf  : [0,664,system_server,-1,PowerManagerService,Event cannot be newer than the current time (now=264092630, eventTime=264092632, displayId=0, event=other, flags=0)]
04-16 22:50:10.693   664   799 I am_wtf  : [0,664,system_server,-1,PowerManagerService,Event cannot be newer than the current time (now=264093891, eventTime=264093892, displayId=0, event=other, flags=0)]
04-16 22:50:10.961   664   799 I am_wtf  : [0,664,system_server,-1,PowerManagerService,Event cannot be newer than the current time (now=264094160, eventTime=264094161, displayId=0, event=other, flags=0)]
04-16 22:50:11.072   664   799 I am_wtf  : [0,664,system_server,-1,PowerManagerService,Event cannot be newer than the current time (now=264094261, eventTime=264094263, displayId=0, event=other, flags=0)]
04-16 22:50:11.122   664   664 I service_manager_slow: [11,phone]
04-16 22:50:12.391   664   799 I am_wtf  : [0,664,system_server,-1,PowerManagerService,Event cannot be newer than the current time (now=264095589, eventTime=264095590, displayId=0, event=other, flags=0)]
04-16 22:50:12.570   664   799 I am_wtf  : [0,664,system_server,-1,PowerManagerService,Event cannot be newer than the current time (now=264095768, eventTime=264095771, displayId=0, event=other, flags=0)]
04-16 22:50:12.819   664   799 I am_wtf  : [0,664,system_server,-1,PowerManagerService,Event cannot be newer than the current time (now=264096017, eventTime=264096018, displayId=0, event=other, flags=0)]
04-16 22:50:13.009   664   858 I input_cancel: [98ef500 com.brave.browser/com.google.android.apps.chrome.Main (server),reason=conflicting pointer actions]
04-16 22:50:13.009   664   858 I input_cancel: [PointerEventDispatcher0 (server),reason=conflicting pointer actions]
04-16 22:50:13.964   664   664 I service_manager_stats: [300,414,5231]
04-16 22:50:14.044   664   799 I am_wtf  : [0,664,system_server,-1,PowerManagerService,Event cannot be newer than the current time (now=264097242, eventTime=264097245, displayId=0, event=other, flags=0)]
04-16 22:50:14.337   664   799 I am_wtf  : [0,664,system_server,-1,PowerManagerService,Event cannot be newer than the current time (now=264097535, eventTime=264097536, displayId=0, event=other, flags=0)]
04-16 22:50:14.449   664   799 I am_wtf  : [0,664,system_server,-1,PowerManagerService,Event cannot be newer than the current time (now=264097648, eventTime=264097649, displayId=0, event=other, flags=0)]
04-16 22:50:17.167   664   889 I netstats_mobile_sample: [0,0,0,0,0,0,0,0,1776415817172]
04-16 22:50:17.168   664   889 I netstats_wifi_sample: [6977893015,667222228,6299128,3325853,6997040855,661840310,6519877,3303356,1776415817172]
04-16 22:50:17.178   664   664 I service_manager_slow: [25,phone]
04-16 22:50:17.345   664   798 I am_pss  : [9933,90003,com.brave.browser:sandboxed_process0:org.chromium.content.app.SandboxedProcessService0:3,136364032,115240960,1720320,200949760,0,3,15]
04-16 22:50:17.511   664   664 I notification_enqueue: [10115,8656,com.brave.browser,1000037,NULL,0,Notification(channel=downloads shortcut=null contentView=null vibrate=null sound=null defaults=0x0 flags=0x102 color=0x00000000 groupKey=Downloads actions=2 vis=PRIVATE),0]
04-16 22:50:17.573   664   664 I sysui_multi_action: [757,1501,758,1,793,24,794,0,795,24,796,1000037,806,com.brave.browser,857,downloads,858,2,946,Downloads,947,0,1500,0]
04-16 22:50:17.574   664   664 I sysui_multi_action: [757,804,799,note_interruptive,801,0,802,1]
04-16 22:50:17.724   664   664 I notification_enqueue: [10115,8656,com.brave.browser,1000037,NULL,0,Notification(channel=downloads shortcut=null contentView=null vibrate=null sound=null defaults=0x0 flags=0x102 color=0x00000000 groupKey=Downloads actions=2 vis=PRIVATE),1]
04-16 22:50:17.753   664   787 I commit_sys_config_file: [notification-policy,264081507]
04-16 22:50:17.762   664   664 I notification_enqueue: [10115,8656,com.brave.browser,1000037,NULL,0,Notification(channel=downloads shortcut=null contentView=null vibrate=null sound=null defaults=0x0 flags=0x8102 color=0x00000000 groupKey=Downloads actions=2 vis=PRIVATE),1]
04-16 22:50:17.984   664   787 I commit_sys_config_file: [notification-policy,264081737]
04-16 22:50:18.220   664   664 I notification_enqueue: [10115,8656,com.brave.browser,1000037,NULL,0,Notification(channel=completed_downloads shortcut=null contentView=null vibrate=null sound=null defaults=0x0 flags=0x110 color=0x00000000 groupKey=Downloads vis=PRIVATE),1]
04-16 22:50:18.459   664   889 I netstats_mobile_sample: [0,0,0,0,0,0,0,0,1776415818464]
04-16 22:50:18.460   664   889 I netstats_wifi_sample: [6992397047,667300712,6308940,3327229,7011796979,661921730,6529860,3304782,1776415818464]
04-16 22:50:18.468   664   787 I commit_sys_config_file: [notification-policy,264082222]
04-16 22:50:19.312   664   787 I commit_sys_config_file: [jobs,17]
04-16 22:50:21.713   664   799 I am_uid_idle: 90002
04-16 22:50:22.301   664   799 I am_wtf  : [0,664,system_server,-1,PowerManagerService,Event cannot be newer than the current time (now=264105499, eventTime=264105501, displayId=0, event=other, flags=0)]
04-16 22:50:22.302   664   664 I service_manager_stats: [150,255,8337]
04-16 22:50:22.889 12652  9973 I c2dm    : [-1,,6,5]
04-16 22:50:23.604   664   858 I input_cancel: [98ef500 com.brave.browser/com.google.android.apps.chrome.Main (server),reason=conflicting pointer actions]
04-16 22:50:23.604   664   858 I input_cancel: [PointerEventDispatcher0 (server),reason=conflicting pointer actions]
04-16 22:50:23.731   664   664 I sysui_multi_action: [757,128,758,5,759,8,793,6242,794,0,795,5514,796,1000037,806,com.brave.browser,857,completed_downloads,858,2,946,Downloads,947,0,1500,5514,1688,1]
04-16 22:50:23.758   664   664 I notification_canceled: [0|com.brave.browser|1000037|null|10115,8,6242,5514,0,-1,-1,NULL]
04-16 22:50:23.855   664   782 I wm_task_created: 1383
04-16 22:50:23.874   664   782 I wm_task_moved: [1383,1383,0,1,4]
04-16 22:50:23.874   664   782 I wm_task_to_front: [0,1383,0]
04-16 22:50:23.886   664   782 I wm_create_task: [0,1383,1383,0]
04-16 22:50:23.886   664   782 I wm_create_activity: [0,199422006,1383,com.google.android.packageinstaller/com.android.packageinstaller.InstallStart,android.intent.action.VIEW,application/vnd.android.package-archive,content://media/...,276824067]
04-16 22:50:23.887   664   782 I wm_task_moved: [1383,1383,0,1,4]
04-16 22:50:23.888   664   782 I wm_pause_activity: [0,246124168,com.brave.browser/com.google.android.apps.chrome.Main,userLeaving=true,pauseBackTasks]
04-16 22:50:23.919  8656  8656 I wm_on_top_resumed_lost_called: [246124168,com.google.android.apps.chrome.Main,topStateChangedWhenResumed]
04-16 22:50:24.013  8656  8656 I wm_on_paused_called: [246124168,com.google.android.apps.chrome.Main,performPause,80]
04-16 22:50:24.018   664  3858 I wm_restart_activity: [0,199422006,1383,com.google.android.packageinstaller/com.android.packageinstaller.InstallStart]
04-16 22:50:24.020   664  3858 I wm_set_resumed_activity: [0,com.google.android.packageinstaller/com.android.packageinstaller.InstallStart,minimalResumeActivityLocked - onActivityStateChanged]
04-16 22:50:24.022   664   785 I sysui_multi_action: [757,803,799,window_time_0,802,79]
04-16 22:50:24.024   664   789 I input_focus: [Requesting to set focus to null window,reason=UpdateInputWindows]
04-16 22:50:24.026   664   788 I am_uid_active: 10027
04-16 22:50:24.070   664   858 I input_focus: [Focus leaving 98ef500 com.brave.browser/com.google.android.apps.chrome.Main (server),reason=Waiting for window because NO_WINDOW]
04-16 22:50:24.185   664   782 I wm_task_moved: [1383,1383,0,1,4]
04-16 22:50:24.185   664   782 I wm_create_activity: [0,222023694,1383,com.google.android.packageinstaller/com.android.packageinstaller.InstallStaging,android.intent.action.VIEW,application/vnd.android.package-archive,content://media/...,33554433]
04-16 22:50:24.186   664   782 I wm_pause_activity: [0,199422006,com.google.android.packageinstaller/com.android.packageinstaller.InstallStart,userLeaving=true,resumeTopActivity]
04-16 22:50:24.190   664   782 I wm_finish_activity: [0,199422006,1383,com.google.android.packageinstaller/com.android.packageinstaller.InstallStart,app-request]
04-16 22:50:24.191 24157 24157 I wm_on_create_called: [199422006,com.android.packageinstaller.InstallStart,performCreate,86]
04-16 22:50:24.213   664  1323 I wm_add_to_stopping: [0,199422006,com.google.android.packageinstaller/com.android.packageinstaller.InstallStart,completeFinishing]
04-16 22:50:24.216   664  1323 I wm_restart_activity: [0,222023694,1383,com.google.android.packageinstaller/com.android.packageinstaller.InstallStaging]
04-16 22:50:24.219   664  1323 I wm_set_resumed_activity: [0,com.google.android.packageinstaller/com.android.packageinstaller.InstallStaging,minimalResumeActivityLocked - onActivityStateChanged]
04-16 22:50:24.221   664   785 I sysui_multi_action: [757,803,799,window_time_0,802,0]
04-16 22:50:24.319 24157 24157 I wm_on_create_called: [222023694,com.android.packageinstaller.InstallStaging,performCreate,93]
04-16 22:50:24.321 24157 24157 I wm_on_start_called: [222023694,com.android.packageinstaller.InstallStaging,handleStartActivity,0]
04-16 22:50:24.401 24157 24157 I wm_on_resume_called: [222023694,com.android.packageinstaller.InstallStaging,RESUME_ACTIVITY,77]
04-16 22:50:24.421   664   787 I commit_sys_config_file: [package-session,264087335]
04-16 22:50:24.441 24157 24157 I wm_on_top_resumed_gained_called: [222023694,com.android.packageinstaller.InstallStaging,topStateChangedWhenResumed]
04-16 22:50:24.459   664   787 I commit_sys_config_file: [package-session,264087373]
04-16 22:50:24.460   664   789 I input_focus: [Focus request b093c28 com.google.android.packageinstaller/com.android.packageinstaller.InstallStaging,reason=UpdateInputWindows]
04-16 22:50:24.503   664   664 I service_manager_slow: [10,phone]
04-16 22:50:24.538   664   664 I service_manager_slow: [15,phone]
04-16 22:50:24.605   664   858 I input_cancel: [PointerEventDispatcher0 (server),reason=input event injection failed]
04-16 22:50:24.617   664   798 I am_pss  : [9905,90002,com.brave.browser:sandboxed_process0:org.chromium.content.app.SandboxedProcessService0:2,38487040,18882560,1755136,100597760,0,17,9]
04-16 22:50:24.621   664   664 I service_manager_slow: [19,phone]
04-16 22:50:24.626   664   798 I am_pss  : [9850,99155,com.google.android.webview:sandboxed_process0:org.chromium.content.app.SandboxedProcessService0:0,4983808,2572288,984064,36020224,0,15,5]
04-16 22:50:24.632   664   858 I input_focus: [Focus entering b093c28 com.google.android.packageinstaller/com.android.packageinstaller.InstallStaging (server),reason=Window became focusable. Previous reason: NOT_VISIBLE]
04-16 22:50:24.640   664   858 I input_interaction: Interaction with: b093c28 com.google.android.packageinstaller/com.android.packageinstaller.InstallStaging (server), PointerEventDispatcher0 (server), 
04-16 22:50:24.657   664   785 I sysui_multi_action: [319,793,322,778,325,264106,757,761,758,8,759,2,806,com.google.android.packageinstaller,871,com.android.packageinstaller.InstallStaging,904,com.google.android.packageinstaller,905,0,1320,4,1321,23]
04-16 22:50:24.670   664   785 I wm_activity_launch_time: [0,222023694,com.google.android.packageinstaller/com.android.packageinstaller.InstallStaging,778]
04-16 22:50:24.725   664   798 I am_pss  : [9255,1000,com.android.tv.settings,41513984,35692544,2379776,88797184,0,16,8]
04-16 22:50:24.809   664   788 I wm_destroy_activity: [0,199422006,1383,com.google.android.packageinstaller/com.android.packageinstaller.InstallStart,finish-imm:idle]
04-16 22:50:24.817 24157 24157 I wm_on_destroy_called: [199422006,com.android.packageinstaller.InstallStart,performDestroy,0]
04-16 22:50:25.182   664   799 I am_wtf  : [0,664,system_server,-1,PowerManagerService,Event cannot be newer than the current time (now=264108380, eventTime=264108383, displayId=0, event=other, flags=0)]
04-16 22:50:25.735   664   782 I wm_task_moved: [1383,1383,0,1,4]
04-16 22:50:25.735   664   782 I wm_create_activity: [0,91802857,1383,com.google.android.packageinstaller/com.android.packageinstaller.DeleteStagedFileOnResult,android.intent.action.VIEW,NULL,file:///...,33619969]
04-16 22:50:25.739   664   782 I wm_pause_activity: [0,222023694,com.google.android.packageinstaller/com.android.packageinstaller.InstallStaging,userLeaving=true,resumeTopActivity]
04-16 22:50:25.759   664   782 I wm_finish_activity: [0,222023694,1383,com.google.android.packageinstaller/com.android.packageinstaller.InstallStaging,app-request]
04-16 22:50:25.760 24157 24157 I wm_on_top_resumed_lost_called: [222023694,com.android.packageinstaller.InstallStaging,topStateChangedWhenResumed]
04-16 22:50:25.770 24157 24157 I wm_on_paused_called: [222023694,com.android.packageinstaller.InstallStaging,performPause,0]
04-16 22:50:25.770   664  3858 I wm_add_to_stopping: [0,222023694,com.google.android.packageinstaller/com.android.packageinstaller.InstallStaging,completeFinishing]
04-16 22:50:25.772   664  3858 I wm_add_to_stopping: [0,246124168,com.brave.browser/com.google.android.apps.chrome.Main,makeInvisible]
04-16 22:50:25.773   664  3858 I wm_restart_activity: [0,91802857,1383,com.google.android.packageinstaller/com.android.packageinstaller.DeleteStagedFileOnResult]
04-16 22:50:25.776   664  3858 I wm_set_resumed_activity: [0,com.google.android.packageinstaller/com.android.packageinstaller.DeleteStagedFileOnResult,minimalResumeActivityLocked - onActivityStateChanged]
04-16 22:50:25.778   664   785 I sysui_multi_action: [757,803,799,window_time_0,802,1]
04-16 22:50:25.792   664   789 I input_focus: [Requesting to set focus to null window,reason=UpdateInputWindows]
04-16 22:50:25.802   664   858 I input_focus: [Focus leaving b093c28 com.google.android.packageinstaller/com.android.packageinstaller.InstallStaging (server),reason=NO_WINDOW]
04-16 22:50:25.810   664   858 I input_cancel: [PointerEventDispatcher0 (server),reason=input event injection failed]
04-16 22:50:25.838   664  1323 I wm_task_moved: [1383,1383,0,1,4]
04-16 22:50:25.838   664  1323 I wm_create_activity: [0,61211525,1383,com.google.android.packageinstaller/com.android.packageinstaller.PackageInstallerActivity,android.intent.action.VIEW,NULL,file:///...,65536]
04-16 22:50:25.839   664  1323 I wm_pause_activity: [0,91802857,com.google.android.packageinstaller/com.android.packageinstaller.DeleteStagedFileOnResult,userLeaving=true,resumeTopActivity]
04-16 22:50:25.843 24157 24157 I wm_on_create_called: [91802857,com.android.packageinstaller.DeleteStagedFileOnResult,performCreate,27]
04-16 22:50:25.883 24157 24157 I wm_on_start_called: [91802857,com.android.packageinstaller.DeleteStagedFileOnResult,handleStartActivity,1]
04-16 22:50:25.888 24157 24157 I wm_on_resume_called: [91802857,com.android.packageinstaller.DeleteStagedFileOnResult,RESUME_ACTIVITY,0]
04-16 22:50:25.897 24157 24157 I wm_on_top_resumed_gained_called: [91802857,com.android.packageinstaller.DeleteStagedFileOnResult,topStateChangedWhenResumed]
04-16 22:50:25.897 24157 24157 I wm_on_top_resumed_lost_called: [91802857,com.android.packageinstaller.DeleteStagedFileOnResult,topStateChangedWhenResumed]
04-16 22:50:25.901 24157 24157 I wm_on_paused_called: [91802857,com.android.packageinstaller.DeleteStagedFileOnResult,performPause,0]
04-16 22:50:25.904   664   782 I wm_restart_activity: [0,61211525,1383,com.google.android.packageinstaller/com.android.packageinstaller.PackageInstallerActivity]
04-16 22:50:25.906   664   782 I wm_set_resumed_activity: [0,com.google.android.packageinstaller/com.android.packageinstaller.PackageInstallerActivity,minimalResumeActivityLocked - onActivityStateChanged]
04-16 22:50:25.909   664   785 I sysui_multi_action: [757,803,799,window_time_0,802,1]
04-16 22:50:25.960   664   664 I service_manager_slow: [21,phone]
04-16 22:50:26.082 24157 24157 I wm_on_create_called: [61211525,com.android.packageinstaller.PackageInstallerActivity,performCreate,108]
04-16 22:50:26.087 24157 24157 I wm_on_start_called: [61211525,com.android.packageinstaller.PackageInstallerActivity,handleStartActivity,0]
04-16 22:50:26.114 24157 24157 I wm_on_resume_called: [61211525,com.android.packageinstaller.PackageInstallerActivity,RESUME_ACTIVITY,26]
04-16 22:50:26.121 24157 24157 I wm_on_top_resumed_gained_called: [61211525,com.android.packageinstaller.PackageInstallerActivity,topStateChangedWhenResumed]
04-16 22:50:26.140   664   789 I input_focus: [Focus request 7892f83 com.google.android.packageinstaller/com.android.packageinstaller.PackageInstallerActivity,reason=UpdateInputWindows]
04-16 22:50:26.178   664   785 I wm_activity_launch_time: [0,61211525,com.google.android.packageinstaller/com.android.packageinstaller.PackageInstallerActivity,466]
04-16 22:50:26.202   664   858 I input_focus: [Focus entering 7892f83 com.google.android.packageinstaller/com.android.packageinstaller.PackageInstallerActivity (server),reason=Window became focusable. Previous reason: NOT_VISIBLE]
04-16 22:50:26.240   664   788 I wm_destroy_activity: [0,222023694,1383,com.google.android.packageinstaller/com.android.packageinstaller.InstallStaging,finish-imm:transit]
04-16 22:50:26.240   664   788 I wm_stop_activity: [0,246124168,com.brave.browser/com.google.android.apps.chrome.Main]
04-16 22:50:26.259 24157 24157 I wm_on_stop_called: [222023694,com.android.packageinstaller.InstallStaging,LIFECYCLER_STOP_ACTIVITY,0]
04-16 22:50:26.260 24157 24157 I wm_on_destroy_called: [222023694,com.android.packageinstaller.InstallStaging,performDestroy,0]
04-16 22:50:26.536  8656  8656 I wm_on_stop_called: [246124168,com.google.android.apps.chrome.Main,STOP_ACTIVITY_ITEM,143]
04-16 22:50:26.653   664   858 I input_interaction: Interaction with: 7892f83 com.google.android.packageinstaller/com.android.packageinstaller.PackageInstallerActivity (server), PointerEventDispatcher0 (server), 
04-16 22:50:27.171   664   858 I input_cancel: [7892f83 com.google.android.packageinstaller/com.android.packageinstaller.PackageInstallerActivity (server),reason=conflicting pointer actions]
04-16 22:50:27.171   664   858 I input_cancel: [PointerEventDispatcher0 (server),reason=conflicting pointer actions]
04-16 22:50:27.320   664   664 I service_manager_stats: [311,582,5018]
04-16 22:50:27.325   664  1323 I wm_task_moved: [1383,1383,0,1,4]
04-16 22:50:27.325   664  1323 I wm_create_activity: [0,156102681,1383,com.google.android.packageinstaller/com.android.packageinstaller.InstallInstalling,NULL,NULL,file:///...,33554432]
04-16 22:50:27.326   664  1323 I wm_pause_activity: [0,61211525,com.google.android.packageinstaller/com.android.packageinstaller.PackageInstallerActivity,userLeaving=true,resumeTopActivity]
04-16 22:50:27.332   664  1323 I wm_finish_activity: [0,61211525,1383,com.google.android.packageinstaller/com.android.packageinstaller.PackageInstallerActivity,app-request]
04-16 22:50:27.333 24157 24157 I wm_on_top_resumed_lost_called: [61211525,com.android.packageinstaller.PackageInstallerActivity,topStateChangedWhenResumed]
04-16 22:50:27.336 24157 24157 I wm_on_paused_called: [61211525,com.android.packageinstaller.PackageInstallerActivity,performPause,1]
04-16 22:50:27.337   664  1323 I wm_add_to_stopping: [0,61211525,com.google.android.packageinstaller/com.android.packageinstaller.PackageInstallerActivity,completeFinishing]
04-16 22:50:27.339   664  1323 I wm_add_to_stopping: [0,91802857,com.google.android.packageinstaller/com.android.packageinstaller.DeleteStagedFileOnResult,makeInvisible]
04-16 22:50:27.339   664  1323 I wm_restart_activity: [0,156102681,1383,com.google.android.packageinstaller/com.android.packageinstaller.InstallInstalling]
04-16 22:50:27.341   664  1323 I wm_set_resumed_activity: [0,com.google.android.packageinstaller/com.android.packageinstaller.InstallInstalling,minimalResumeActivityLocked - onActivityStateChanged]
04-16 22:50:27.343   664   785 I sysui_multi_action: [757,803,799,window_time_0,802,1]
04-16 22:50:27.346   664   789 I input_focus: [Requesting to set focus to null window,reason=UpdateInputWindows]
04-16 22:50:27.366   664  1323 I input_cancel: [7892f83 com.google.android.packageinstaller/com.android.packageinstaller.PackageInstallerActivity (server),reason=touched window was removed]
04-16 22:50:27.368   664   858 I input_focus: [Focus leaving 7892f83 com.google.android.packageinstaller/com.android.packageinstaller.PackageInstallerActivity (server),reason=NO_WINDOW]
04-16 22:50:27.388 24157 24157 I wm_on_create_called: [156102681,com.android.packageinstaller.InstallInstalling,performCreate,33]
04-16 22:50:27.388   664   858 I input_cancel: [PointerEventDispatcher0 (server),reason=input event injection failed]
04-16 22:50:27.389 24157 24157 I wm_on_start_called: [156102681,com.android.packageinstaller.InstallInstalling,handleStartActivity,0]
04-16 22:50:27.391 24157 24157 I wm_on_resume_called: [156102681,com.android.packageinstaller.InstallInstalling,RESUME_ACTIVITY,1]
04-16 22:50:27.407 24157 24157 I wm_on_top_resumed_gained_called: [156102681,com.android.packageinstaller.InstallInstalling,topStateChangedWhenResumed]
04-16 22:50:27.422   664   789 I input_focus: [Focus request 37cd4ea com.google.android.packageinstaller/com.android.packageinstaller.InstallInstalling,reason=UpdateInputWindows]
04-16 22:50:27.456   664   785 I wm_activity_launch_time: [0,156102681,com.google.android.packageinstaller/com.android.packageinstaller.InstallInstalling,131]
04-16 22:50:27.507   664   829 I commit_sys_config_file: [package-session,264090421]
04-16 22:50:27.520   664   858 I input_focus: [Focus entering 37cd4ea com.google.android.packageinstaller/com.android.packageinstaller.InstallInstalling (server),reason=Window became focusable. Previous reason: NOT_VISIBLE]
04-16 22:50:27.538   664   858 I input_interaction: Interaction with: 37cd4ea com.google.android.packageinstaller/com.android.packageinstaller.InstallInstalling (server), PointerEventDispatcher0 (server), 
04-16 22:50:27.706   664   788 I wm_destroy_activity: [0,61211525,1383,com.google.android.packageinstaller/com.android.packageinstaller.PackageInstallerActivity,finish-imm:idle]
04-16 22:50:27.707   664   788 I wm_stop_activity: [0,91802857,com.google.android.packageinstaller/com.android.packageinstaller.DeleteStagedFileOnResult]
04-16 22:50:27.767 24157 24157 I wm_on_stop_called: [61211525,com.android.packageinstaller.PackageInstallerActivity,LIFECYCLER_STOP_ACTIVITY,0]
04-16 22:50:27.768 24157 24157 I wm_on_destroy_called: [61211525,com.android.packageinstaller.PackageInstallerActivity,performDestroy,0]
04-16 22:50:27.799 24157 24157 I wm_on_stop_called: [91802857,com.android.packageinstaller.DeleteStagedFileOnResult,STOP_ACTIVITY_ITEM,0]
04-16 22:50:29.461   664   799 I am_wtf  : [0,664,system_server,-1,PowerManagerService,Event cannot be newer than the current time (now=264112658, eventTime=264112659, displayId=0, event=other, flags=0)]
04-16 22:50:30.514   664   787 I commit_sys_config_file: [package-session,264093428]
04-16 22:50:30.978   664   822 I commit_sys_config_file: [package,124]
04-16 22:50:31.029   664   819 I commit_sys_config_file: [package-user-0,56]
04-16 22:50:31.062   664   819 I commit_sys_config_file: [package-user-10,89]
04-16 22:50:32.327   664   664 I service_manager_stats: [149,201,5007]
04-16 22:50:33.395   664   799 I am_wtf  : [0,664,system_server,-1,PowerManagerService,Event cannot be newer than the current time (now=264116592, eventTime=264116593, displayId=0, event=other, flags=0)]
04-16 22:50:34.500   664   799 I am_wtf  : [0,664,system_server,-1,PowerManagerService,Event cannot be newer than the current time (now=264117696, eventTime=264117698, displayId=0, event=other, flags=0)]
04-16 22:50:34.568   664   799 I am_wtf  : [0,664,system_server,-1,PowerManagerService,Event cannot be newer than the current time (now=264117765, eventTime=264117766, displayId=0, event=other, flags=0)]
04-16 22:50:34.584   664   847 I am_freeze: [9717,com.streamfr.app]
04-16 22:50:34.586   664   847 I am_freeze: [9850,com.google.android.webview:sandboxed_process0:org.chromium.content.app.SandboxedProcessService0:0]
04-16 22:50:34.592   664   847 I am_freeze: [23987,com.android.providers.tv]
04-16 22:50:34.895   664   909 I storage_state: [41217664-9172-527a-b3d5-edabb50a7d69,0,0,1257279488,4286226432]
04-16 22:50:39.556   664   822 I unknown_sources_enabled: 1
04-16 22:50:39.607   664   782 I wm_task_moved: [1383,1383,0,1,4]
04-16 22:50:39.607   664   782 I wm_create_activity: [0,153478729,1383,com.google.android.packageinstaller/com.android.packageinstaller.InstallSuccess,NULL,NULL,file:///...,33554432]
04-16 22:50:39.608   664   782 I wm_pause_activity: [0,156102681,com.google.android.packageinstaller/com.android.packageinstaller.InstallInstalling,userLeaving=true,resumeTopActivity]
04-16 22:50:39.624   664   782 I wm_finish_activity: [0,156102681,1383,com.google.android.packageinstaller/com.android.packageinstaller.InstallInstalling,app-request]
04-16 22:50:39.625 24157 24157 I wm_on_top_resumed_lost_called: [156102681,com.android.packageinstaller.InstallInstalling,topStateChangedWhenResumed]
04-16 22:50:39.642 24157 24157 I wm_on_paused_called: [156102681,com.android.packageinstaller.InstallInstalling,performPause,0]
04-16 22:50:39.643   664  3858 I wm_add_to_stopping: [0,156102681,com.google.android.packageinstaller/com.android.packageinstaller.InstallInstalling,completeFinishing]
04-16 22:50:39.648   664  3858 I wm_restart_activity: [0,153478729,1383,com.google.android.packageinstaller/com.android.packageinstaller.InstallSuccess]
04-16 22:50:39.651   664  3858 I wm_set_resumed_activity: [0,com.google.android.packageinstaller/com.android.packageinstaller.InstallSuccess,minimalResumeActivityLocked - onActivityStateChanged]
04-16 22:50:39.654   664   906 I service_manager_stats: [135,178,7328]
04-16 22:50:39.656   664   789 I input_focus: [Requesting to set focus to null window,reason=UpdateInputWindows]
04-16 22:50:39.678   664 12147 I input_cancel: [37cd4ea com.google.android.packageinstaller/com.android.packageinstaller.InstallInstalling (server),reason=touched window was removed]
04-16 22:50:39.679   664   858 I input_focus: [Focus leaving 37cd4ea com.google.android.packageinstaller/com.android.packageinstaller.InstallInstalling (server),reason=NO_WINDOW]
04-16 22:50:39.858   664   787 I commit_sys_config_file: [package-session,264102773]
04-16 22:50:39.870   664   785 I sysui_multi_action: [757,803,799,window_time_0,802,12]
04-16 22:50:40.085   664   833 I commit_sys_config_file: [overlays,264105211]
04-16 22:50:40.301   664   829 I commit_sys_config_file: [package-session,264103215]
04-16 22:50:40.340   664   848 I am_uid_active: 10098
04-16 22:50:40.350   664   847 I am_unfreeze: [18754,com.google.android.permissioncontroller,6]
04-16 22:50:40.418 24157 24157 I wm_on_create_called: [153478729,com.android.packageinstaller.InstallSuccess,performCreate,760]
04-16 22:50:40.420 24157 24157 I wm_on_start_called: [153478729,com.android.packageinstaller.InstallSuccess,handleStartActivity,0]
04-16 22:50:40.439 24157 24157 I wm_on_resume_called: [153478729,com.android.packageinstaller.InstallSuccess,RESUME_ACTIVITY,17]
04-16 22:50:40.476 24157 24157 I wm_on_top_resumed_gained_called: [153478729,com.android.packageinstaller.InstallSuccess,topStateChangedWhenResumed]
04-16 22:50:40.488   664   789 I input_focus: [Focus request 40c0110 com.google.android.packageinstaller/com.android.packageinstaller.InstallSuccess,reason=UpdateInputWindows]
04-16 22:50:40.534   664   785 I wm_activity_launch_time: [0,153478729,com.google.android.packageinstaller/com.android.packageinstaller.InstallSuccess,940]
04-16 22:50:40.584   664   858 I input_focus: [Focus entering 40c0110 com.google.android.packageinstaller/com.android.packageinstaller.InstallSuccess (server),reason=Window became focusable. Previous reason: NOT_VISIBLE]
04-16 22:50:40.778   664   664 I notification_cancel_all: [1000,664,com.streamflixreborn.streamflix,0,0,0,5,NULL]
04-16 22:50:40.793   664   788 I wm_destroy_activity: [0,156102681,1383,com.google.android.packageinstaller/com.android.packageinstaller.InstallInstalling,finish-imm:idle]
04-16 22:50:40.798 24157 24157 I wm_on_stop_called: [156102681,com.android.packageinstaller.InstallInstalling,LIFECYCLER_STOP_ACTIVITY,0]
04-16 22:50:40.798 24157 24157 I wm_on_destroy_called: [156102681,com.android.packageinstaller.InstallInstalling,performDestroy,0]
04-16 22:50:40.873   664   954 I service_manager_slow: [13,user]
04-16 22:50:41.511   664   858 I input_interaction: Interaction with: 40c0110 com.google.android.packageinstaller/com.android.packageinstaller.InstallSuccess (server), PointerEventDispatcher0 (server), 
04-16 22:50:41.575   664   847 I am_unfreeze: [23987,com.android.providers.tv,3]
04-16 22:50:41.624   664   664 I service_manager_slow: [81,phone]
04-16 22:50:41.864   664  9002 I commit_sys_config_file: [appops_accesses,264094509]
04-16 22:50:41.976   664   858 I input_cancel: [40c0110 com.google.android.packageinstaller/com.android.packageinstaller.InstallSuccess (server),reason=conflicting pointer actions]
04-16 22:50:41.977   664   858 I input_cancel: [PointerEventDispatcher0 (server),reason=conflicting pointer actions]
04-16 22:50:42.176   664   858 I input_cancel: [40c0110 com.google.android.packageinstaller/com.android.packageinstaller.InstallSuccess (server),reason=conflicting pointer actions]
04-16 22:50:42.176   664   858 I input_cancel: [PointerEventDispatcher0 (server),reason=conflicting pointer actions]
04-16 22:50:42.180   664  3858 I wm_finish_activity: [0,153478729,1383,com.google.android.packageinstaller/com.android.packageinstaller.InstallSuccess,app-request]
04-16 22:50:42.216   664  3858 I wm_pause_activity: [0,153478729,com.google.android.packageinstaller/com.android.packageinstaller.InstallSuccess,userLeaving=false,finish]
04-16 22:50:42.239 24157 24157 I wm_on_top_resumed_lost_called: [153478729,com.android.packageinstaller.InstallSuccess,topStateChangedWhenResumed]
04-16 22:50:42.241 24157 24157 I wm_on_paused_called: [153478729,com.android.packageinstaller.InstallSuccess,performPause,0]
04-16 22:50:42.242   664 12147 I wm_add_to_stopping: [0,153478729,com.google.android.packageinstaller/com.android.packageinstaller.InstallSuccess,completeFinishing]
04-16 22:50:42.248   664   960 I input_cancel: [40c0110 com.google.android.packageinstaller/com.android.packageinstaller.InstallSuccess (server),reason=touched window was removed]
04-16 22:50:42.250   664   858 I input_focus: [Focus leaving 40c0110 com.google.android.packageinstaller/com.android.packageinstaller.InstallSuccess (server),reason=NO_WINDOW]
04-16 22:50:42.253   664 12147 I wm_set_resumed_activity: [0,com.google.android.packageinstaller/com.android.packageinstaller.DeleteStagedFileOnResult,resumeTopActivity - onActivityStateChanged]
04-16 22:50:42.254   664 12147 I wm_resume_activity: [0,91802857,1383,com.google.android.packageinstaller/com.android.packageinstaller.DeleteStagedFileOnResult]
04-16 22:50:42.255   664   785 I sysui_multi_action: [757,803,799,window_time_0,802,3]
04-16 22:50:42.257 24157 24157 I view_enqueue_input_event: [Motion - Cancel,com.google.android.packageinstaller/com.android.packageinstaller.InstallSuccess]
04-16 22:50:42.335 24157 24157 I wm_on_restart_called: [91802857,com.android.packageinstaller.DeleteStagedFileOnResult,performRestart,0]
04-16 22:50:42.335 24157 24157 I wm_on_start_called: [91802857,com.android.packageinstaller.DeleteStagedFileOnResult,handleStartActivity,0]
04-16 22:50:42.349   664  1836 I wm_finish_activity: [0,91802857,1383,com.google.android.packageinstaller/com.android.packageinstaller.DeleteStagedFileOnResult,app-request]
04-16 22:50:42.349   664  1836 I wm_task_moved: [1372,1372,0,1,4]
04-16 22:50:42.349   664  1836 I wm_task_to_front: [0,1372,0]
04-16 22:50:42.465   664  1836 I wm_focused_root_task: [0,0,1372,1383,finish-top adjustFocusToNextFocusableTask]
04-16 22:50:42.466   664  1836 I wm_pause_activity: [0,91802857,com.google.android.packageinstaller/com.android.packageinstaller.DeleteStagedFileOnResult,userLeaving=false,finish]
04-16 22:50:42.471   664   858 I input_cancel: [PointerEventDispatcher0 (server),reason=input event injection failed]
04-16 22:50:42.477 24157 24157 I wm_on_activity_result_called: [91802857,com.android.packageinstaller.DeleteStagedFileOnResult,ACTIVITY_RESULT]
04-16 22:50:42.555   664  1806 I wm_add_to_stopping: [0,91802857,com.google.android.packageinstaller/com.android.packageinstaller.DeleteStagedFileOnResult,completeFinishing]
04-16 22:50:42.560   664  1806 I wm_set_resumed_activity: [0,com.brave.browser/com.google.android.apps.chrome.Main,resumeTopActivity - onActivityStateChanged]
04-16 22:50:42.570   664  1806 I wm_resume_activity: [0,246124168,1372,com.brave.browser/com.google.android.apps.chrome.Main]
04-16 22:50:42.571  8656  8656 I wm_on_restart_called: [246124168,com.google.android.apps.chrome.Main,performRestart,0]
04-16 22:50:42.574   664   785 I sysui_multi_action: [757,803,799,window_time_0,802,0]
04-16 22:50:42.839   664   847 I am_unfreeze: [22462,com.google.android.katniss:search,6]
04-16 22:50:43.383  8656  8656 I wm_on_start_called: [246124168,com.google.android.apps.chrome.Main,handleStartActivity,812]
04-16 22:50:43.518  8656  8656 I wm_on_resume_called: [246124168,com.google.android.apps.chrome.Main,RESUME_ACTIVITY,134]
04-16 22:50:43.531  8656  8656 I wm_on_top_resumed_gained_called: [246124168,com.google.android.apps.chrome.Main,topWhenResuming]
04-16 22:50:43.604   664   789 I input_focus: [Focus request 98ef500 com.brave.browser/com.google.android.apps.chrome.Main,reason=UpdateInputWindows]
04-16 22:50:44.091   664   858 I input_focus: [Focus entering 98ef500 com.brave.browser/com.google.android.apps.chrome.Main (server),reason=Window became focusable. Previous reason: NOT_VISIBLE]
04-16 22:50:44.237   200   200 I killinfo: [4269,10057,955,201,24752,3,29744,423840,2960,2424,7368,18644,495744,0,370944,186732,316400,88096,53656,139428,38592,48836,0,0,7264,752,12,63,0,29980,141500,17,24,16.170000,6.470000,34.750000,14.010000,32.709999]
04-16 22:50:44.293   664   858 I input_interaction: Interaction with: 98ef500 com.brave.browser/com.google.android.apps.chrome.Main (server), PointerEventDispatcher0 (server), 
04-16 22:50:44.303   664  1323 I am_proc_died: [0,4269,com.google.process.gservices,955,19]
04-16 22:50:44.315   664   788 I wm_destroy_activity: [0,153478729,1383,com.google.android.packageinstaller/com.android.packageinstaller.InstallSuccess,finish-imm:idle]
04-16 22:50:44.316   664   788 I wm_destroy_activity: [0,91802857,1383,com.google.android.packageinstaller/com.android.packageinstaller.DeleteStagedFileOnResult,finish-imm:idle]
04-16 22:50:44.339   200   200 I killinfo: [25955,10047,955,201,26436,3,41676,423780,2960,2248,7368,18644,495744,0,383468,170672,339668,64512,53656,139428,38240,48132,0,0,24528,852,100,64,0,28232,169428,0,0,16.170000,6.470000,34.750000,14.010000,32.709999]
04-16 22:50:44.370 24157 24157 I wm_on_stop_called: [153478729,com.android.packageinstaller.InstallSuccess,LIFECYCLER_STOP_ACTIVITY,0]
04-16 22:50:44.370 24157 24157 I wm_on_destroy_called: [153478729,com.android.packageinstaller.InstallSuccess,performDestroy,0]
04-16 22:50:44.414 24157 24157 I wm_on_stop_called: [91802857,com.android.packageinstaller.DeleteStagedFileOnResult,LIFECYCLER_STOP_ACTIVITY,0]
04-16 22:50:44.429   664   799 I am_wtf  : [0,664,system_server,-1,PowerManagerService,Event cannot be newer than the current time (now=264127627, eventTime=264127630, displayId=0, event=other, flags=0)]
04-16 22:50:44.463   664 12147 I am_proc_died: [0,25955,com.google.android.partnersetup,955,19]
04-16 22:50:44.463   664 12147 I am_uid_stopped: 10047
04-16 22:50:44.492 24157 24157 I wm_on_destroy_called: [91802857,com.android.packageinstaller.DeleteStagedFileOnResult,performDestroy,78]
04-16 22:50:44.541   664  1855 I wm_task_removed: [1383,1383,0,removeChild, last child = ActivityRecord{578cce9 u0 com.google.android.packageinstaller/com.android.packageinstaller.DeleteStagedFileOnResult t-1 f}} in Task{494eb37 #1383 type=standard A=10027:com.google.android.packageinstaller}]
04-16 22:50:44.937   664   664 I service_manager_stats: [100,463,5282]
04-16 22:50:44.980   664   799 I am_wtf  : [0,664,system_server,-1,PowerManagerService,Event cannot be newer than the current time (now=264128179, eventTime=264128181, displayId=0, event=other, flags=0)]
04-16 22:50:45.108   664   798 I am_pss  : [9905,90002,com.brave.browser:sandboxed_process0:org.chromium.content.app.SandboxedProcessService0:2,27597824,14573568,5493760,65294336,0,17,9]
04-16 22:50:45.646   664   799 I am_wtf  : [0,664,system_server,-1,PowerManagerService,Event cannot be newer than the current time (now=264128843, eventTime=264128846, displayId=0, event=other, flags=0)]
04-16 22:50:45.647   664   858 I input_cancel: [98ef500 com.brave.browser/com.google.android.apps.chrome.Main (server),reason=conflicting pointer actions]
04-16 22:50:45.647   664   858 I input_cancel: [PointerEventDispatcher0 (server),reason=conflicting pointer actions]
04-16 22:50:45.988   664   789 I input_focus: [Focus request e639cfa PopupWindow:cc02e4a,reason=UpdateInputWindows]
04-16 22:50:46.019   664   858 I input_focus: [Focus leaving 98ef500 com.brave.browser/com.google.android.apps.chrome.Main (server),reason=Waiting for window because NOT_VISIBLE]
04-16 22:50:46.186   664   858 I input_focus: [Focus entering e639cfa PopupWindow:cc02e4a (server),reason=Window became focusable. Previous reason: NOT_VISIBLE]
04-16 22:50:46.375   664   858 I input_interaction: Interaction with: 98ef500 com.brave.browser/com.google.android.apps.chrome.Main (server), e639cfa PopupWindow:cc02e4a (server), PointerEventDispatcher0 (server), 
04-16 22:50:46.376   664   799 I am_wtf  : [0,664,system_server,-1,PowerManagerService,Event cannot be newer than the current time (now=264129574, eventTime=264129576, displayId=0, event=other, flags=0)]
04-16 22:50:46.376   664   858 I input_interaction: Interaction with: e639cfa PopupWindow:cc02e4a (server), PointerEventDispatcher0 (server), 
04-16 22:50:47.321   664   799 I am_wtf  : [0,664,system_server,-1,PowerManagerService,Event cannot be newer than the current time (now=264130519, eventTime=264130522, displayId=0, event=other, flags=0)]
04-16 22:50:47.828   664   799 I am_wtf  : [0,664,system_server,-1,PowerManagerService,Event cannot be newer than the current time (now=264131025, eventTime=264131028, displayId=0, event=other, flags=0)]
04-16 22:50:47.828   664   858 I input_cancel: [e639cfa PopupWindow:cc02e4a (server),reason=conflicting pointer actions]
04-16 22:50:47.828   664   799 I am_wtf  : [0,664,system_server,-1,PowerManagerService,Event cannot be newer than the current time (now=264131026, eventTime=264131028, displayId=0, event=other, flags=0)]
04-16 22:50:47.828   664   858 I input_cancel: [PointerEventDispatcher0 (server),reason=conflicting pointer actions]
04-16 22:50:47.953   664   789 I input_focus: [Focus request 98ef500 com.brave.browser/com.google.android.apps.chrome.Main,reason=UpdateInputWindows]
04-16 22:50:47.976   664   858 I input_focus: [Focus entering 98ef500 com.brave.browser/com.google.android.apps.chrome.Main (server),reason=setFocusedWindow]
04-16 22:50:47.976   664   858 I input_interaction: Interaction with: 98ef500 com.brave.browser/com.google.android.apps.chrome.Main (server), PointerEventDispatcher0 (server), 
04-16 22:50:47.996   664  6606 I wm_task_moved: [1372,1372,0,1,3]
04-16 22:50:47.996   664  6606 I wm_create_activity: [0,247633976,1372,com.brave.browser/org.chromium.chrome.browser.app.download.home.DownloadActivity,NULL,NULL,NULL,671088640]
04-16 22:50:47.997   664  6606 I wm_pause_activity: [0,246124168,com.brave.browser/com.google.android.apps.chrome.Main,userLeaving=true,resumeTopActivity]
04-16 22:50:48.062  8656  8656 I wm_on_top_resumed_lost_called: [246124168,com.google.android.apps.chrome.Main,topStateChangedWhenResumed]
04-16 22:50:48.100  8656  8656 I wm_on_paused_called: [246124168,com.google.android.apps.chrome.Main,performPause,37]
04-16 22:50:48.103   664  1855 I wm_add_to_stopping: [0,246124168,com.brave.browser/com.google.android.apps.chrome.Main,makeInvisible]
04-16 22:50:48.104   664  1855 I wm_restart_activity: [0,247633976,1372,com.brave.browser/org.chromium.chrome.browser.app.download.home.DownloadActivity]
04-16 22:50:48.111   664  1855 I wm_set_resumed_activity: [0,com.brave.browser/org.chromium.chrome.browser.app.download.home.DownloadActivity,minimalResumeActivityLocked - onActivityStateChanged]
04-16 22:50:48.113   664   785 I sysui_multi_action: [757,803,799,window_time_0,802,6]
04-16 22:50:48.115   664   789 I input_focus: [Requesting to set focus to null window,reason=UpdateInputWindows]
04-16 22:50:48.127   664   858 I input_cancel: [PointerEventDispatcher0 (server),reason=input event injection failed]
04-16 22:50:48.138   664   858 I input_focus: [Focus leaving 98ef500 com.brave.browser/com.google.android.apps.chrome.Main (server),reason=NO_WINDOW]
04-16 22:50:48.404  8656  8656 I wm_on_create_called: [247633976,org.chromium.chrome.browser.app.download.home.DownloadActivity,performCreate,220]
04-16 22:50:48.406  8656  8656 I wm_on_start_called: [247633976,org.chromium.chrome.browser.app.download.home.DownloadActivity,handleStartActivity,0]
04-16 22:50:48.410  8656  8656 I wm_on_resume_called: [247633976,org.chromium.chrome.browser.app.download.home.DownloadActivity,RESUME_ACTIVITY,4]
04-16 22:50:48.430  8656  8656 I wm_on_top_resumed_gained_called: [247633976,org.chromium.chrome.browser.app.download.home.DownloadActivity,topStateChangedWhenResumed]
04-16 22:50:48.483   664   789 I input_focus: [Focus request 9027d4e com.brave.browser/org.chromium.chrome.browser.app.download.home.DownloadActivity,reason=UpdateInputWindows]
04-16 22:50:48.545   664   785 I wm_activity_launch_time: [0,247633976,com.brave.browser/org.chromium.chrome.browser.app.download.home.DownloadActivity,570]
04-16 22:50:48.562   664   664 I service_manager_slow: [10,phone]
04-16 22:50:48.580   664   799 I am_wtf  : [0,664,system_server,-1,PowerManagerService,Event cannot be newer than the current time (now=264131779, eventTime=264131781, displayId=0, event=other, flags=0)]
04-16 22:50:48.609   664   858 I input_focus: [Focus entering 9027d4e com.brave.browser/org.chromium.chrome.browser.app.download.home.DownloadActivity (server),reason=Window became focusable. Previous reason: NOT_VISIBLE]
04-16 22:50:48.610   664   858 I input_interaction: Interaction with: 9027d4e com.brave.browser/org.chromium.chrome.browser.app.download.home.DownloadActivity (server), PointerEventDispatcher0 (server), 
04-16 22:50:48.782   664   788 I wm_stop_activity: [0,246124168,com.brave.browser/com.google.android.apps.chrome.Main]
04-16 22:50:48.861  8656  8656 I wm_on_stop_called: [246124168,com.google.android.apps.chrome.Main,STOP_ACTIVITY_ITEM,26]
04-16 22:50:49.617   664   799 I am_wtf  : [0,664,system_server,-1,PowerManagerService,Event cannot be newer than the current time (now=264132815, eventTime=264132818, displayId=0, event=other, flags=0)]
04-16 22:50:50.021   664   858 I input_cancel: [9027d4e com.brave.browser/org.chromium.chrome.browser.app.download.home.DownloadActivity (server),reason=conflicting pointer actions]
04-16 22:50:50.021   664   858 I input_cancel: [PointerEventDispatcher0 (server),reason=conflicting pointer actions]
04-16 22:50:50.024   664   664 I service_manager_stats: [348,457,5088]
04-16 22:50:50.198   664   789 I input_focus: [Focus request f703db9 PopupWindow:94a4bcd,reason=UpdateInputWindows]
04-16 22:50:50.225   664   858 I input_focus: [Focus leaving 9027d4e com.brave.browser/org.chromium.chrome.browser.app.download.home.DownloadActivity (server),reason=Waiting for window because NOT_VISIBLE]
04-16 22:50:50.276   664   858 I input_focus: [Focus entering f703db9 PopupWindow:94a4bcd (server),reason=Window became focusable. Previous reason: NOT_VISIBLE]
04-16 22:50:50.383   664   858 I input_interaction: Interaction with: 9027d4e com.brave.browser/org.chromium.chrome.browser.app.download.home.DownloadActivity (server), f703db9 PopupWindow:94a4bcd (server), PointerEventDispatcher0 (server), 
04-16 22:50:50.384   664   858 I input_interaction: Interaction with: f703db9 PopupWindow:94a4bcd (server), PointerEventDispatcher0 (server), 
04-16 22:50:50.763   664   799 I am_wtf  : [0,664,system_server,-1,PowerManagerService,Event cannot be newer than the current time (now=264133962, eventTime=264133964, displayId=0, event=other, flags=0)]
04-16 22:50:51.258   664   799 I am_wtf  : [0,664,system_server,-1,PowerManagerService,Event cannot be newer than the current time (now=264134457, eventTime=264134459, displayId=0, event=other, flags=0)]
04-16 22:50:51.260   664   799 I am_wtf  : [0,664,system_server,-1,PowerManagerService,Event cannot be newer than the current time (now=264134458, eventTime=264134459, displayId=0, event=other, flags=0)]
04-16 22:50:51.260   664   858 I input_cancel: [f703db9 PopupWindow:94a4bcd (server),reason=conflicting pointer actions]
04-16 22:50:51.260   664   858 I input_cancel: [PointerEventDispatcher0 (server),reason=conflicting pointer actions]
