04-16 22:50:51.456   664   789 I input_focus: [Focus request 9027d4e com.brave.browser/org.chromium.chrome.browser.app.download.home.DownloadActivity,reason=UpdateInputWindows]
04-16 22:50:51.469   664   858 I input_interaction: Interaction with: 9027d4e com.brave.browser/org.chromium.chrome.browser.app.download.home.DownloadActivity (server), PointerEventDispatcher0 (server), 
04-16 22:50:51.484   664   858 I input_focus: [Focus entering 9027d4e com.brave.browser/org.chromium.chrome.browser.app.download.home.DownloadActivity (server),reason=setFocusedWindow]
04-16 22:50:51.487   664   664 I service_manager_slow: [18,phone]
04-16 22:50:51.586   664   799 I am_wtf  : [0,664,system_server,-1,PowerManagerService,Event cannot be newer than the current time (now=264134784, eventTime=264134786, displayId=0, event=other, flags=0)]
04-16 22:50:51.666   664   847 I am_freeze: [23987,com.android.providers.tv]
04-16 22:50:51.687   664   799 I am_wtf  : [0,664,system_server,-1,PowerManagerService,Event cannot be newer than the current time (now=264134885, eventTime=264134887, displayId=0, event=other, flags=0)]
04-16 22:50:51.843   664   799 I am_wtf  : [0,664,system_server,-1,PowerManagerService,Event cannot be newer than the current time (now=264135042, eventTime=264135044, displayId=0, event=other, flags=0)]
04-16 22:50:52.549   664   799 I am_wtf  : [0,664,system_server,-1,PowerManagerService,Event cannot be newer than the current time (now=264135747, eventTime=264135749, displayId=0, event=other, flags=0)]
04-16 22:50:54.699   664 17524 I wm_task_moved: [1380,1380,0,1,3]
04-16 22:50:54.700   664 17524 I wm_task_moved: [1381,1380,0,1,2147483647]
04-16 22:50:54.700   664 17524 I wm_task_to_front: [0,1381,0]
04-16 22:50:54.700  8656  8656 I wm_on_top_resumed_lost_called: [247633976,org.chromium.chrome.browser.app.download.home.DownloadActivity,topStateChangedWhenResumed]
04-16 22:50:54.700   664 17524 I wm_focused_root_task: [0,0,1380,1372,bringingFoundTaskToFront]
04-16 22:50:54.700   664 17524 I wm_new_intent: [0,178419801,1381,com.spocky.projengmenu/.ui.home.MainActivity,android.intent.action.MAIN,NULL,NULL,276824320]
04-16 22:50:54.701   664 17524 I wm_pause_activity: [0,247633976,com.brave.browser/org.chromium.chrome.browser.app.download.home.DownloadActivity,userLeaving=true,pauseBackTasks]
04-16 22:50:54.703   664 17524 I wm_add_to_stopping: [0,247633976,com.brave.browser/org.chromium.chrome.browser.app.download.home.DownloadActivity,makeInvisible]
04-16 22:50:54.703   664   785 I sysui_multi_action: [757,803,799,window_time_0,802,6]
04-16 22:50:54.704   664 17524 I wm_set_resumed_activity: [0,com.spocky.projengmenu/.ui.home.MainActivity,resumeTopActivity - onActivityStateChanged]
04-16 22:50:54.706   664 17524 I wm_resume_activity: [0,178419801,1381,com.spocky.projengmenu/.ui.home.MainActivity]
04-16 22:50:54.711   664   789 I input_focus: [Requesting to set focus to null window,reason=UpdateInputWindows]
04-16 22:50:54.712  9496  9496 I wm_on_restart_called: [178419801,com.spocky.projengmenu.ui.home.MainActivity,performRestart,0]
04-16 22:50:54.728   664  6606 I input_cancel: [9027d4e com.brave.browser/org.chromium.chrome.browser.app.download.home.DownloadActivity (server),reason=touched window was removed]
04-16 22:50:54.729  8656  8656 I wm_on_paused_called: [247633976,org.chromium.chrome.browser.app.download.home.DownloadActivity,performPause,16]
04-16 22:50:54.729   664   858 I input_focus: [Focus leaving 9027d4e com.brave.browser/org.chromium.chrome.browser.app.download.home.DownloadActivity (server),reason=NO_WINDOW]
04-16 22:50:54.821  9496  9496 I wm_on_start_called: [178419801,com.spocky.projengmenu.ui.home.MainActivity,handleStartActivity,108]
04-16 22:50:54.837   664   847 I am_freeze: [22462,com.google.android.katniss:search]
04-16 22:50:54.878  9496  9496 I wm_on_resume_called: [178419801,com.spocky.projengmenu.ui.home.MainActivity,RESUME_ACTIVITY,6]
04-16 22:50:54.886  9496  9496 I wm_on_top_resumed_gained_called: [178419801,com.spocky.projengmenu.ui.home.MainActivity,topStateChangedWhenResumed]
04-16 22:50:54.916   664   789 I input_focus: [Focus request ed4100b com.spocky.projengmenu/com.spocky.projengmenu.ui.home.MainActivity,reason=UpdateInputWindows]
04-16 22:50:54.996   664   858 I input_focus: [Focus entering ed4100b com.spocky.projengmenu/com.spocky.projengmenu.ui.home.MainActivity (server),reason=Window became focusable. Previous reason: NOT_VISIBLE]
04-16 22:50:54.998   664   782 I am_uid_active: 10022
04-16 22:50:55.001   664   847 I am_unfreeze: [23987,com.android.providers.tv,7]
04-16 22:50:55.012   664   858 I input_focus: [Focus leaving ed4100b com.spocky.projengmenu/com.spocky.projengmenu.ui.home.MainActivity (server),reason=NOT_VISIBLE]
04-16 22:50:55.035   664   858 I input_focus: [Focus entering ed4100b com.spocky.projengmenu/com.spocky.projengmenu.ui.home.MainActivity (server),reason=Window became focusable. Previous reason: NOT_VISIBLE]
04-16 22:50:55.098   664   785 I sysui_multi_action: [319,278,322,273,325,264137,757,761,758,9,759,2,806,com.spocky.projengmenu,871,com.spocky.projengmenu.ui.home.MainActivity,905,0,1320,8,1321,5]
04-16 22:50:55.210   664   788 I wm_stop_activity: [0,247633976,com.brave.browser/org.chromium.chrome.browser.app.download.home.DownloadActivity]
04-16 22:50:55.364  8656  8656 I wm_on_stop_called: [247633976,org.chromium.chrome.browser.app.download.home.DownloadActivity,STOP_ACTIVITY_ITEM,114]
04-16 22:50:55.538   664  6606 I am_uid_active: 10023
04-16 22:50:55.542   664   847 I am_unfreeze: [26276,android.process.media,7]
04-16 22:50:55.974   664   858 I input_interaction: Interaction with: ed4100b com.spocky.projengmenu/com.spocky.projengmenu.ui.home.MainActivity (server), PointerEventDispatcher0 (server), 
04-16 22:50:55.975   664   664 I service_manager_stats: [164,227,5951]
04-16 22:50:58.542   664 17524 I wm_task_created: 1384
04-16 22:50:58.553   664 17524 I wm_task_moved: [1384,1384,0,1,4]
04-16 22:50:58.553   664 17524 I wm_task_to_front: [0,1384,0]
04-16 22:50:58.554   664 17524 I wm_create_task: [0,1384,1384,0]
04-16 22:50:58.554   664 17524 I wm_create_activity: [0,122496059,1384,com.spocky.projengmenu/.ui.settings.SettingsActivity,NULL,NULL,NULL,276856832]
04-16 22:50:58.554   664 17524 I wm_task_moved: [1384,1384,0,1,4]
04-16 22:50:58.556   664 17524 I wm_pause_activity: [0,178419801,com.spocky.projengmenu/.ui.home.MainActivity,userLeaving=true,pauseBackTasks]
04-16 22:50:58.578  9496  9496 I wm_on_top_resumed_lost_called: [178419801,com.spocky.projengmenu.ui.home.MainActivity,topStateChangedWhenResumed]
04-16 22:50:58.594  9496  9496 I wm_on_paused_called: [178419801,com.spocky.projengmenu.ui.home.MainActivity,performPause,6]
04-16 22:50:58.603   664 17524 I wm_restart_activity: [0,122496059,1384,com.spocky.projengmenu/.ui.settings.SettingsActivity]
04-16 22:50:58.606   664 17524 I wm_set_resumed_activity: [0,com.spocky.projengmenu/.ui.settings.SettingsActivity,minimalResumeActivityLocked - onActivityStateChanged]
04-16 22:50:58.608   664   785 I sysui_multi_action: [757,803,799,window_time_0,802,4]
04-16 22:50:58.611   664   789 I input_focus: [Requesting to set focus to null window,reason=UpdateInputWindows]
04-16 22:50:58.632   664  1836 I input_cancel: [ed4100b com.spocky.projengmenu/com.spocky.projengmenu.ui.home.MainActivity (server),reason=focus left window]
04-16 22:50:58.635   664   858 I input_focus: [Focus leaving ed4100b com.spocky.projengmenu/com.spocky.projengmenu.ui.home.MainActivity (server),reason=Waiting for window because NO_WINDOW]
04-16 22:50:58.658  9496  9496 I wm_on_create_called: [122496059,com.spocky.projengmenu.ui.settings.SettingsActivity,performCreate,26]
04-16 22:50:58.690  9496  9496 I wm_on_start_called: [122496059,com.spocky.projengmenu.ui.settings.SettingsActivity,handleStartActivity,30]
04-16 22:50:58.691  9496  9496 I wm_on_resume_called: [122496059,com.spocky.projengmenu.ui.settings.SettingsActivity,RESUME_ACTIVITY,1]
04-16 22:50:58.741  9496  9496 I view_enqueue_input_event: [Key - Cancel,com.spocky.projengmenu/com.spocky.projengmenu.ui.home.MainActivity]
04-16 22:50:58.741  9496  9496 I wm_on_top_resumed_gained_called: [122496059,com.spocky.projengmenu.ui.settings.SettingsActivity,topStateChangedWhenResumed]
04-16 22:50:58.756   664   789 I input_focus: [Focus request c8ddfb3 com.spocky.projengmenu/com.spocky.projengmenu.ui.settings.SettingsActivity,reason=UpdateInputWindows]
04-16 22:50:58.922   664   785 I wm_activity_launch_time: [0,122496059,com.spocky.projengmenu/.ui.settings.SettingsActivity,379]
04-16 22:50:58.965   664   858 I input_focus: [Focus entering c8ddfb3 com.spocky.projengmenu/com.spocky.projengmenu.ui.settings.SettingsActivity (server),reason=Window became focusable. Previous reason: NOT_VISIBLE]
04-16 22:50:58.979   664   858 I input_interaction: Interaction with: c8ddfb3 com.spocky.projengmenu/com.spocky.projengmenu.ui.settings.SettingsActivity (server), PointerEventDispatcher0 (server), 
04-16 22:51:02.373   664 17524 I wm_task_moved: [1384,1384,0,1,4]
04-16 22:51:02.373   664 17524 I wm_create_activity: [0,185599180,1384,com.spocky.projengmenu/.ui.launcherActivities.SettingsIntentActivity,NULL,NULL,NULL,1342177280]
04-16 22:51:02.374   664 17524 I wm_pause_activity: [0,122496059,com.spocky.projengmenu/.ui.settings.SettingsActivity,userLeaving=true,resumeTopActivity]
04-16 22:51:02.382  9496  9496 I wm_on_top_resumed_lost_called: [122496059,com.spocky.projengmenu.ui.settings.SettingsActivity,topStateChangedWhenResumed]
04-16 22:51:02.390  9496  9496 I wm_on_paused_called: [122496059,com.spocky.projengmenu.ui.settings.SettingsActivity,performPause,1]
04-16 22:51:02.392   664 17524 I wm_add_to_stopping: [0,122496059,com.spocky.projengmenu/.ui.settings.SettingsActivity,makeInvisible]
04-16 22:51:02.393   664 17524 I wm_add_to_stopping: [0,178419801,com.spocky.projengmenu/.ui.home.MainActivity,makeInvisible]
04-16 22:51:02.394   664 17524 I wm_restart_activity: [0,185599180,1384,com.spocky.projengmenu/.ui.launcherActivities.SettingsIntentActivity]
04-16 22:51:02.397   664 17524 I wm_set_resumed_activity: [0,com.spocky.projengmenu/.ui.launcherActivities.SettingsIntentActivity,minimalResumeActivityLocked - onActivityStateChanged]
04-16 22:51:02.411   664   785 I sysui_multi_action: [757,803,799,window_time_0,802,4]
04-16 22:51:02.415   664   789 I input_focus: [Requesting to set focus to null window,reason=UpdateInputWindows]
04-16 22:51:02.435   664   858 I input_focus: [Focus leaving c8ddfb3 com.spocky.projengmenu/com.spocky.projengmenu.ui.settings.SettingsActivity (server),reason=Waiting for window because NO_WINDOW]
04-16 22:51:02.440   664  6606 I wm_finish_activity: [0,185599180,1384,com.spocky.projengmenu/.ui.launcherActivities.SettingsIntentActivity,app-request]
04-16 22:51:02.442   664  6606 I wm_pause_activity: [0,185599180,com.spocky.projengmenu/.ui.launcherActivities.SettingsIntentActivity,userLeaving=false,finish]
04-16 22:51:02.446  9496  9496 I wm_on_create_called: [185599180,com.spocky.projengmenu.ui.launcherActivities.SettingsIntentActivity,performCreate,19]
04-16 22:51:02.457   664   788 I sysui_multi_action: [757,1144,758,8,806,com.spocky.projengmenu,871,com.spocky.projengmenu.ui.launcherActivities.SettingsIntentActivity]
04-16 22:51:02.488   664  1836 I wm_task_moved: [1215,1215,0,1,4]
04-16 22:51:02.489   664  1836 I wm_task_to_front: [0,1215,0]
04-16 22:51:02.489   664  1836 I wm_focused_root_task: [0,0,1215,1384,bringingFoundTaskToFront]
04-16 22:51:02.492   664  1836 I wm_task_moved: [1215,1215,0,1,4]
04-16 22:51:02.492   664  1836 I wm_create_activity: [0,222818256,1215,com.android.tv.settings/.device.apps.AppManagementActivity,android.settings.APPLICATION_DETAILS_SETTINGS,NULL,package:,281018368]
04-16 22:51:02.506   664  1836 I wm_add_to_stopping: [0,185599180,com.spocky.projengmenu/.ui.launcherActivities.SettingsIntentActivity,completeFinishing]
04-16 22:51:02.507   664  1836 I wm_restart_activity: [0,222818256,1215,com.android.tv.settings/.device.apps.AppManagementActivity]
04-16 22:51:02.509   664  1836 I wm_set_resumed_activity: [0,com.android.tv.settings/.device.apps.AppManagementActivity,minimalResumeActivityLocked - onActivityStateChanged]
04-16 22:51:02.520   664   785 I sysui_multi_action: [757,803,799,window_time_0,802,0]
04-16 22:51:02.522   664   847 I am_unfreeze: [9255,com.android.tv.settings,1]
04-16 22:51:02.610  9255  9255 I wm_on_create_called: [222818256,com.android.tv.settings.device.apps.AppManagementActivity,performCreate,39]
04-16 22:51:02.730   664   664 I notification_cancel_all: [1000,664,com.streamfr.app,0,0,0,5,NULL]
04-16 22:51:02.789  9255  9255 I wm_on_start_called: [222818256,com.android.tv.settings.device.apps.AppManagementActivity,handleStartActivity,164]
04-16 22:51:02.791  9255  9255 I wm_on_resume_called: [222818256,com.android.tv.settings.device.apps.AppManagementActivity,RESUME_ACTIVITY,0]
04-16 22:51:02.829  9255  9255 I wm_on_top_resumed_gained_called: [222818256,com.android.tv.settings.device.apps.AppManagementActivity,topStateChangedWhenResumed]
04-16 22:51:02.848   664   789 I input_focus: [Focus request 65eed00 com.android.tv.settings/com.android.tv.settings.device.apps.AppManagementActivity,reason=UpdateInputWindows]
04-16 22:51:02.881   664   782 I wm_finish_activity: [0,122496059,1384,com.spocky.projengmenu/.ui.settings.SettingsActivity,app-request]
04-16 22:51:03.015   664   785 I sysui_multi_action: [319,527,322,519,325,264145,757,761,758,8,759,2,806,com.android.tv.settings,871,com.android.tv.settings.device.apps.AppManagementActivity,904,com.spocky.projengmenu,905,0,1320,8,1321,5]
04-16 22:51:03.025   664   785 I wm_activity_launch_time: [0,222818256,com.android.tv.settings/.device.apps.AppManagementActivity,519]
04-16 22:51:03.036   664   858 I input_focus: [Focus entering 65eed00 com.android.tv.settings/com.android.tv.settings.device.apps.AppManagementActivity (server),reason=Window became focusable. Previous reason: NOT_VISIBLE]
04-16 22:51:03.218   664   788 I wm_destroy_activity: [0,122496059,1384,com.spocky.projengmenu/.ui.settings.SettingsActivity,finish-imm:idle]
04-16 22:51:03.219   664   788 I wm_stop_activity: [0,178419801,com.spocky.projengmenu/.ui.home.MainActivity]
04-16 22:51:03.219   664   788 I wm_destroy_activity: [0,185599180,1384,com.spocky.projengmenu/.ui.launcherActivities.SettingsIntentActivity,finish-imm:idle]
04-16 22:51:03.278  9496  9496 I wm_on_stop_called: [122496059,com.spocky.projengmenu.ui.settings.SettingsActivity,LIFECYCLER_STOP_ACTIVITY,3]
04-16 22:51:03.292  9496  9496 I wm_on_destroy_called: [122496059,com.spocky.projengmenu.ui.settings.SettingsActivity,performDestroy,10]
04-16 22:51:03.320  9496  9496 I wm_on_stop_called: [178419801,com.spocky.projengmenu.ui.home.MainActivity,STOP_ACTIVITY_ITEM,11]
04-16 22:51:03.325  9496  9496 I wm_on_destroy_called: [185599180,com.spocky.projengmenu.ui.launcherActivities.SettingsIntentActivity,performDestroy,0]
04-16 22:51:03.326   664  6606 I wm_task_removed: [1384,1384,0,removeChild, last child = ActivityRecord{b1004cc u0 com.spocky.projengmenu/.ui.launcherActivities.SettingsIntentActivity t-1 f}} in Task{d849758 #1384 type=standard A=10120:com.spocky.projengmenu}]
04-16 22:51:04.411   664   782 I wm_task_moved: [1380,1380,0,1,3]
04-16 22:51:04.412   664   782 I wm_task_moved: [1381,1380,0,1,2147483647]
04-16 22:51:04.412   664   782 I wm_task_to_front: [0,1381,0]
04-16 22:51:04.412  9255  9255 I wm_on_top_resumed_lost_called: [222818256,com.android.tv.settings.device.apps.AppManagementActivity,topStateChangedWhenResumed]
04-16 22:51:04.412   664   782 I wm_focused_root_task: [0,0,1380,1215,bringingFoundTaskToFront]
04-16 22:51:04.412   664   782 I wm_new_intent: [0,178419801,1381,com.spocky.projengmenu/.ui.home.MainActivity,android.intent.action.MAIN,NULL,NULL,276824320]
04-16 22:51:04.413   664   782 I wm_pause_activity: [0,222818256,com.android.tv.settings/.device.apps.AppManagementActivity,userLeaving=true,pauseBackTasks]
04-16 22:51:04.415   664   782 I wm_add_to_stopping: [0,222818256,com.android.tv.settings/.device.apps.AppManagementActivity,makeInvisible]
04-16 22:51:04.416   664   785 I sysui_multi_action: [757,803,799,window_time_0,802,2]
04-16 22:51:04.418   664   782 I wm_set_resumed_activity: [0,com.spocky.projengmenu/.ui.home.MainActivity,resumeTopActivity - onActivityStateChanged]
04-16 22:51:04.420   664   782 I wm_resume_activity: [0,178419801,1381,com.spocky.projengmenu/.ui.home.MainActivity]
04-16 22:51:04.426   664   789 I input_focus: [Requesting to set focus to null window,reason=UpdateInputWindows]
04-16 22:51:04.429  9496  9496 I wm_on_restart_called: [178419801,com.spocky.projengmenu.ui.home.MainActivity,performRestart,0]
04-16 22:51:04.437   664   858 I input_focus: [Focus leaving 65eed00 com.android.tv.settings/com.android.tv.settings.device.apps.AppManagementActivity (server),reason=Waiting for window because NO_WINDOW]
04-16 22:51:04.441  9496  9496 I wm_on_start_called: [178419801,com.spocky.projengmenu.ui.home.MainActivity,handleStartActivity,11]
04-16 22:51:04.441  9255  9255 I wm_on_paused_called: [222818256,com.android.tv.settings.device.apps.AppManagementActivity,performPause,14]
04-16 22:51:04.450  9496  9496 I wm_on_resume_called: [178419801,com.spocky.projengmenu.ui.home.MainActivity,RESUME_ACTIVITY,4]
04-16 22:51:04.454  9496  9496 I wm_on_top_resumed_gained_called: [178419801,com.spocky.projengmenu.ui.home.MainActivity,topStateChangedWhenResumed]
04-16 22:51:04.461   664   789 I input_focus: [Focus request ed4100b com.spocky.projengmenu/com.spocky.projengmenu.ui.home.MainActivity,reason=UpdateInputWindows]
04-16 22:51:04.522   664   785 I sysui_multi_action: [319,92,322,84,325,264147,757,761,758,9,759,2,806,com.spocky.projengmenu,871,com.spocky.projengmenu.ui.home.MainActivity,905,0,1320,8,1321,5]
04-16 22:51:04.571   664   858 I input_focus: [Focus entering ed4100b com.spocky.projengmenu/com.spocky.projengmenu.ui.home.MainActivity (server),reason=Window became focusable. Previous reason: NOT_VISIBLE]
04-16 22:51:04.748   664   788 I wm_stop_activity: [0,222818256,com.android.tv.settings/.device.apps.AppManagementActivity]
04-16 22:51:04.775  9255  9255 I wm_on_stop_called: [222818256,com.android.tv.settings.device.apps.AppManagementActivity,STOP_ACTIVITY_ITEM,6]
04-16 22:51:05.916   664   858 I input_interaction: Interaction with: ed4100b com.spocky.projengmenu/com.spocky.projengmenu.ui.home.MainActivity (server), PointerEventDispatcher0 (server), 
04-16 22:51:06.510   664   929 I ntp_success: [time.android.com/216.239.35.8,130,885]
04-16 22:51:07.244   664  1836 I wm_task_created: 1385
04-16 22:51:07.248   664  1836 I wm_task_moved: [1385,1385,0,1,4]
04-16 22:51:07.248   664  1836 I wm_task_to_front: [0,1385,0]
04-16 22:51:07.248   664  1836 I wm_create_task: [0,1385,1385,0]
04-16 22:51:07.248   664  1836 I wm_create_activity: [0,253790516,1385,com.spocky.projengmenu/.ui.settings.SettingsActivity,NULL,NULL,NULL,276856832]
04-16 22:51:07.248   664  1836 I wm_task_moved: [1385,1385,0,1,4]
04-16 22:51:07.249   664  1836 I wm_pause_activity: [0,178419801,com.spocky.projengmenu/.ui.home.MainActivity,userLeaving=true,pauseBackTasks]
04-16 22:51:07.268  9496  9496 I wm_on_top_resumed_lost_called: [178419801,com.spocky.projengmenu.ui.home.MainActivity,topStateChangedWhenResumed]
04-16 22:51:07.278  9496  9496 I wm_on_paused_called: [178419801,com.spocky.projengmenu.ui.home.MainActivity,performPause,8]
04-16 22:51:07.280   664  1836 I wm_restart_activity: [0,253790516,1385,com.spocky.projengmenu/.ui.settings.SettingsActivity]
04-16 22:51:07.282   664  1836 I wm_set_resumed_activity: [0,com.spocky.projengmenu/.ui.settings.SettingsActivity,minimalResumeActivityLocked - onActivityStateChanged]
04-16 22:51:07.283   664   785 I sysui_multi_action: [757,803,799,window_time_0,802,3]
04-16 22:51:07.286   664   789 I input_focus: [Requesting to set focus to null window,reason=UpdateInputWindows]
04-16 22:51:07.307   664 17524 I input_cancel: [ed4100b com.spocky.projengmenu/com.spocky.projengmenu.ui.home.MainActivity (server),reason=focus left window]
04-16 22:51:07.308   664   858 I input_focus: [Focus leaving ed4100b com.spocky.projengmenu/com.spocky.projengmenu.ui.home.MainActivity (server),reason=Waiting for window because NO_WINDOW]
04-16 22:51:07.317  9496  9496 I wm_on_create_called: [253790516,com.spocky.projengmenu.ui.settings.SettingsActivity,performCreate,8]
04-16 22:51:07.335  9496  9496 I wm_on_start_called: [253790516,com.spocky.projengmenu.ui.settings.SettingsActivity,handleStartActivity,16]
04-16 22:51:07.337  9496  9496 I wm_on_resume_called: [253790516,com.spocky.projengmenu.ui.settings.SettingsActivity,RESUME_ACTIVITY,1]
04-16 22:51:07.349  9496  9496 I view_enqueue_input_event: [Key - Cancel,com.spocky.projengmenu/com.spocky.projengmenu.ui.home.MainActivity]
04-16 22:51:07.349  9496  9496 I wm_on_top_resumed_gained_called: [253790516,com.spocky.projengmenu.ui.settings.SettingsActivity,topStateChangedWhenResumed]
04-16 22:51:07.364   664   789 I input_focus: [Focus request ad704a0 com.spocky.projengmenu/com.spocky.projengmenu.ui.settings.SettingsActivity,reason=UpdateInputWindows]
04-16 22:51:07.464   664   785 I wm_activity_launch_time: [0,253790516,com.spocky.projengmenu/.ui.settings.SettingsActivity,219]
04-16 22:51:07.524   664   858 I input_focus: [Focus entering ad704a0 com.spocky.projengmenu/com.spocky.projengmenu.ui.settings.SettingsActivity (server),reason=Window became focusable. Previous reason: NOT_VISIBLE]
04-16 22:51:07.528   664   858 I input_interaction: Interaction with: ad704a0 com.spocky.projengmenu/com.spocky.projengmenu.ui.settings.SettingsActivity (server), PointerEventDispatcher0 (server), 
04-16 22:51:08.853   664   847 I am_freeze: [18754,com.google.android.permissioncontroller]
04-16 22:51:14.489   664   859 I sysui_multi_action: [757,803,799,key_back_press,802,1]
04-16 22:51:14.834   664   847 I am_freeze: [8656,com.brave.browser]
04-16 22:51:14.837   664   847 I am_freeze: [9933,com.brave.browser:sandboxed_process0:org.chromium.content.app.SandboxedProcessService0:3]
04-16 22:51:14.838   664   847 I am_freeze: [8751,com.brave.browser:privileged_process0]
04-16 22:51:14.839   664   847 I am_freeze: [9905,com.brave.browser:sandboxed_process0:org.chromium.content.app.SandboxedProcessService0:2]
04-16 22:51:17.174   664  1855 I wm_finish_activity: [0,253790516,1385,com.spocky.projengmenu/.ui.settings.SettingsActivity,app-request]
04-16 22:51:17.175   664  1855 I wm_task_moved: [1380,1380,0,1,4]
04-16 22:51:17.175   664  1855 I wm_task_moved: [1381,1380,0,1,2147483647]
04-16 22:51:17.176   664  1855 I wm_task_to_front: [0,1381,0]
04-16 22:51:17.176   664  1855 I wm_focused_root_task: [0,0,1380,-1,finish-top adjustFocusToNextFocusableTask]
04-16 22:51:17.179   664  1855 I wm_pause_activity: [0,253790516,com.spocky.projengmenu/.ui.settings.SettingsActivity,userLeaving=false,finish]
04-16 22:51:17.188  9496  9496 I wm_on_top_resumed_lost_called: [253790516,com.spocky.projengmenu.ui.settings.SettingsActivity,topStateChangedWhenResumed]
04-16 22:51:17.191  9496  9496 I wm_on_paused_called: [253790516,com.spocky.projengmenu.ui.settings.SettingsActivity,performPause,2]
04-16 22:51:17.194   664  1855 I wm_set_resumed_activity: [0,com.spocky.projengmenu/.ui.home.MainActivity,resumeTopActivity - onActivityStateChanged]
04-16 22:51:17.202   664  1855 I wm_resume_activity: [0,178419801,1381,com.spocky.projengmenu/.ui.home.MainActivity]
04-16 22:51:17.209   664   785 I sysui_multi_action: [757,803,799,window_time_0,802,10]
04-16 22:51:17.220   664   858 I input_focus: [Focus leaving ad704a0 com.spocky.projengmenu/com.spocky.projengmenu.ui.settings.SettingsActivity (server),reason=NO_WINDOW]
04-16 22:51:17.223   664   789 I input_focus: [Focus request ed4100b com.spocky.projengmenu/com.spocky.projengmenu.ui.home.MainActivity,reason=UpdateInputWindows]
04-16 22:51:17.238   664   858 I input_focus: [Focus entering ed4100b com.spocky.projengmenu/com.spocky.projengmenu.ui.home.MainActivity (server),reason=setFocusedWindow]
04-16 22:51:17.241  9496  9496 I wm_on_resume_called: [178419801,com.spocky.projengmenu.ui.home.MainActivity,RESUME_ACTIVITY,14]
04-16 22:51:17.243  9496  9496 I wm_on_top_resumed_gained_called: [178419801,com.spocky.projengmenu.ui.home.MainActivity,topWhenResuming]
04-16 22:51:17.287   664  6606 I wm_destroy_activity: [0,253790516,1385,com.spocky.projengmenu/.ui.settings.SettingsActivity,finish-idle]
04-16 22:51:17.299  9496  9496 I wm_on_stop_called: [253790516,com.spocky.projengmenu.ui.settings.SettingsActivity,LIFECYCLER_STOP_ACTIVITY,1]
04-16 22:51:17.316  9496  9496 I wm_on_destroy_called: [253790516,com.spocky.projengmenu.ui.settings.SettingsActivity,performDestroy,16]
04-16 22:51:17.340   664   798 I am_pss  : [9933,90003,com.brave.browser:sandboxed_process0:org.chromium.content.app.SandboxedProcessService0:3,100665344,81391616,4860928,148066304,0,17,13]
04-16 22:51:17.388   664   858 I input_interaction: Interaction with: ed4100b com.spocky.projengmenu/com.spocky.projengmenu.ui.home.MainActivity (server), PointerEventDispatcher0 (server), 
04-16 22:51:17.459   664   782 I wm_task_removed: [1385,1385,0,removeChild, last child = ActivityRecord{f208934 u0 com.spocky.projengmenu/.ui.settings.SettingsActivity t-1 f} isExiting} in Task{ce0735d #1385 type=standard A=10120:com.spocky.projengmenu}]
04-16 22:51:19.205   664  6606 I wm_new_intent: [0,178419801,1381,com.spocky.projengmenu/.ui.home.MainActivity,android.intent.action.MAIN,NULL,NULL,276824320]
04-16 22:51:19.206   664  6606 I wm_task_moved: [1380,1380,0,1,3]
04-16 22:51:19.213  9496  9496 I wm_on_top_resumed_lost_called: [178419801,com.spocky.projengmenu.ui.home.MainActivity,pausing]
04-16 22:51:19.228  9496  9496 I wm_on_paused_called: [178419801,com.spocky.projengmenu.ui.home.MainActivity,performPause,13]
04-16 22:51:19.238  9496  9496 I wm_on_resume_called: [178419801,com.spocky.projengmenu.ui.home.MainActivity,LIFECYCLER_RESUME_ACTIVITY,10]
04-16 22:51:19.241  9496  9496 I wm_on_top_resumed_gained_called: [178419801,com.spocky.projengmenu.ui.home.MainActivity,topWhenResuming]
04-16 22:51:21.139   664   782 I wm_task_created: 1386
04-16 22:51:21.145   664   782 I wm_task_moved: [1386,1386,0,1,4]
04-16 22:51:21.145   664   782 I wm_task_to_front: [0,1386,0]
04-16 22:51:21.146   664   782 I wm_create_task: [0,1386,1386,0]
04-16 22:51:21.146   664   782 I wm_create_activity: [0,96272891,1386,com.streamflixreborn.streamflix/.activities.main.MainTvActivity,android.intent.action.MAIN,NULL,NULL,268435456]
04-16 22:51:21.146   664   782 I wm_task_moved: [1386,1386,0,1,4]
04-16 22:51:21.148   664   782 I wm_pause_activity: [0,178419801,com.spocky.projengmenu/.ui.home.MainActivity,userLeaving=true,pauseBackTasks]
04-16 22:51:21.165   664   788 I am_uid_running: 10130
04-16 22:51:21.166  9496  9496 I wm_on_top_resumed_lost_called: [178419801,com.spocky.projengmenu.ui.home.MainActivity,topStateChangedWhenResumed]
04-16 22:51:21.174  9496  9496 I wm_on_paused_called: [178419801,com.spocky.projengmenu.ui.home.MainActivity,performPause,7]
04-16 22:51:21.190   664  1855 I wm_add_to_stopping: [0,178419801,com.spocky.projengmenu/.ui.home.MainActivity,makeInvisible]
04-16 22:51:21.193   664   785 I sysui_multi_action: [757,803,799,window_time_0,802,4]
04-16 22:51:21.220   664   858 I input_focus: [Focus leaving ed4100b com.spocky.projengmenu/com.spocky.projengmenu.ui.home.MainActivity (server),reason=NO_WINDOW]
04-16 22:51:21.239   664   800 I am_proc_start: [0,10153,10130,com.streamflixreborn.streamflix,next-top-activity,{com.streamflixreborn.streamflix/com.streamflixreborn.streamflix.activities.main.MainTvActivity}]
04-16 22:51:21.413   664  1855 I am_proc_bound: [0,10153,com.streamflixreborn.streamflix]
04-16 22:51:21.418   664  1855 I wm_restart_activity: [0,96272891,1386,com.streamflixreborn.streamflix/.activities.main.MainTvActivity]
04-16 22:51:21.420   664  1855 I wm_set_resumed_activity: [0,com.streamflixreborn.streamflix/.activities.main.MainTvActivity,minimalResumeActivityLocked - onActivityStateChanged]
04-16 22:51:21.423   664   788 I am_uid_active: 10130
04-16 22:51:22.515 10153 10153 I wm_on_create_called: [96272891,com.streamflixreborn.streamflix.activities.main.MainTvActivity,performCreate,217]
04-16 22:51:22.601 10153 10153 I wm_on_start_called: [96272891,com.streamflixreborn.streamflix.activities.main.MainTvActivity,handleStartActivity,83]
04-16 22:51:22.609 10153 10153 I wm_on_resume_called: [96272891,com.streamflixreborn.streamflix.activities.main.MainTvActivity,RESUME_ACTIVITY,1]
04-16 22:51:22.652 10153 10153 I wm_on_top_resumed_gained_called: [96272891,com.streamflixreborn.streamflix.activities.main.MainTvActivity,topStateChangedWhenResumed]
04-16 22:51:22.784   664   789 I input_focus: [Focus request fe22fcb com.streamflixreborn.streamflix/com.streamflixreborn.streamflix.activities.main.MainTvActivity,reason=UpdateInputWindows]
04-16 22:51:23.051   664   847 I am_unfreeze: [18754,com.google.android.permissioncontroller,6]
04-16 22:51:23.464   664   785 I sysui_multi_action: [319,2339,322,2331,325,264164,757,761,758,7,759,2,806,com.streamflixreborn.streamflix,871,com.streamflixreborn.streamflix.activities.main.MainTvActivity,904,com.spocky.projengmenu,905,0,945,309,1320,4,1321,4]
04-16 22:51:23.468   664   785 I wm_activity_launch_time: [0,96272891,com.streamflixreborn.streamflix/.activities.main.MainTvActivity,2331]
04-16 22:51:23.474   664   858 I input_focus: [Focus entering fe22fcb com.streamflixreborn.streamflix/com.streamflixreborn.streamflix.activities.main.MainTvActivity (server),reason=Window became focusable. Previous reason: NOT_VISIBLE]
04-16 22:51:23.659   200   200 I killinfo: [7273,10109,960,201,34012,3,25508,422728,8008,12096,6964,18644,495744,26744,332760,272940,235820,177636,53248,139344,38880,48240,0,0,0,500,12,42,0,45796,120068,8,8,1.370000,0.850000,2.910000,1.150000,12.140000]
04-16 22:51:23.683   664   788 I wm_stop_activity: [0,178419801,com.spocky.projengmenu/.ui.home.MainActivity]
04-16 22:51:23.730  9496  9496 I wm_on_stop_called: [178419801,com.spocky.projengmenu.ui.home.MainActivity,STOP_ACTIVITY_ITEM,6]
04-16 22:51:23.760   200   200 I killinfo: [24572,10046,955,201,24840,3,41004,423360,8008,12132,6948,18644,495744,46628,335680,269980,236508,177652,53248,139304,38368,48004,0,0,16328,600,100,43,0,29840,103520,0,0,1.370000,0.850000,2.910000,1.150000,12.140000]
04-16 22:51:23.805   664   858 I input_interaction: Interaction with: fe22fcb com.streamflixreborn.streamflix/com.streamflixreborn.streamflix.activities.main.MainTvActivity (server), PointerEventDispatcher0 (server), 
04-16 22:51:23.815   664   664 I service_manager_slow: [10,phone]
04-16 22:51:23.819   664 17524 I am_proc_died: [0,24572,com.google.android.tv.dfuservice,999,19]
04-16 22:51:23.824   664 17524 I am_uid_stopped: 10046
04-16 22:51:23.855   664 17524 I am_proc_died: [0,7273,org.liskovsoft.androidtv.rukeyboard,960,16]
04-16 22:51:23.855   664 17524 I am_uid_stopped: 10109
04-16 22:51:23.925   200   200 I killinfo: [31924,10028,995,201,27820,3,41748,424464,8028,12520,6932,18644,495744,47972,342212,261716,237500,178188,53264,139224,38048,46744,0,0,23580,764,100,45,0,29528,113572,0,0,1.370000,0.850000,2.910000,1.150000,12.140000]
04-16 22:51:23.983   664  6606 I am_proc_died: [0,31924,android.process.acore,995,19]
04-16 22:51:23.984   664  6606 I am_uid_stopped: 10028
04-16 22:51:24.198   200   200 I killinfo: [29392,10057,985,201,30852,3,51768,425120,7952,12552,6924,18644,495744,45068,352460,243624,238048,178356,53264,139164,37776,46020,0,0,25588,1040,100,48,0,37840,120944,0,0,4.020000,1.600000,5.100000,2.030000,18.090000]
04-16 22:51:24.263   664   782 I am_proc_died: [0,29392,com.google.android.gms.unstable,985,19]
04-16 22:51:28.402   664   798 I commit_sys_config_file: [procstats,41]
04-16 22:51:31.281   664   819 I commit_sys_config_file: [package-user-0,32]
04-16 22:51:33.812   664   847 I am_freeze: [26276,android.process.media]
04-16 22:51:38.049   664   789 I input_focus: [Focus request ded723d PopupWindow:75d339c,reason=UpdateInputWindows]
04-16 22:51:38.070   664   858 I input_focus: [Focus leaving fe22fcb com.streamflixreborn.streamflix/com.streamflixreborn.streamflix.activities.main.MainTvActivity (server),reason=Waiting for window because NO_WINDOW]
04-16 22:51:38.142   664   858 I input_focus: [Focus entering ded723d PopupWindow:75d339c (server),reason=Window became focusable. Previous reason: NOT_VISIBLE]
04-16 22:51:38.728   664   858 I input_interaction: Interaction with: ded723d PopupWindow:75d339c (server), PointerEventDispatcher0 (server), 
04-16 22:51:39.960   664   664 I service_manager_stats: [100,97,43984]
04-16 22:51:39.996   664   789 I input_focus: [Focus request fe22fcb com.streamflixreborn.streamflix/com.streamflixreborn.streamflix.activities.main.MainTvActivity,reason=UpdateInputWindows]
04-16 22:51:40.026   664   858 I input_focus: [Focus leaving ded723d PopupWindow:75d339c (server),reason=NOT_FOCUSABLE]
04-16 22:51:40.026   664   858 I input_focus: [Focus entering fe22fcb com.streamflixreborn.streamflix/com.streamflixreborn.streamflix.activities.main.MainTvActivity (server),reason=setFocusedWindow]
04-16 22:51:41.915   664   858 I input_interaction: Interaction with: fe22fcb com.streamflixreborn.streamflix/com.streamflixreborn.streamflix.activities.main.MainTvActivity (server), PointerEventDispatcher0 (server), 
04-16 22:51:43.981   664   799 I am_uid_idle: 10027
04-16 22:51:45.015   664 17524 I wm_task_moved: [1380,1380,0,1,4]
04-16 22:51:45.016   664 17524 I wm_task_moved: [1381,1380,0,1,2147483647]
04-16 22:51:45.017   664 17524 I wm_task_to_front: [0,1381,0]
04-16 22:51:45.017 10153 10153 I wm_on_top_resumed_lost_called: [96272891,com.streamflixreborn.streamflix.activities.main.MainTvActivity,topStateChangedWhenResumed]
04-16 22:51:45.017   664 17524 I wm_focused_root_task: [0,0,1380,1386,bringingFoundTaskToFront]
04-16 22:51:45.018   664 17524 I wm_new_intent: [0,178419801,1381,com.spocky.projengmenu/.ui.home.MainActivity,android.intent.action.MAIN,NULL,NULL,276824320]
04-16 22:51:45.019   664 17524 I wm_pause_activity: [0,96272891,com.streamflixreborn.streamflix/.activities.main.MainTvActivity,userLeaving=true,pauseBackTasks]
04-16 22:51:45.022   664 17524 I wm_add_to_stopping: [0,96272891,com.streamflixreborn.streamflix/.activities.main.MainTvActivity,makeInvisible]
04-16 22:51:45.023   664   785 I sysui_multi_action: [757,803,799,window_time_0,802,24]
04-16 22:51:45.025   664 17524 I wm_set_resumed_activity: [0,com.spocky.projengmenu/.ui.home.MainActivity,resumeTopActivity - onActivityStateChanged]
04-16 22:51:45.026   664 17524 I wm_resume_activity: [0,178419801,1381,com.spocky.projengmenu/.ui.home.MainActivity]
04-16 22:51:45.036   664   789 I input_focus: [Requesting to set focus to null window,reason=UpdateInputWindows]
04-16 22:51:45.037  9496  9496 I wm_on_restart_called: [178419801,com.spocky.projengmenu.ui.home.MainActivity,performRestart,0]
04-16 22:51:45.044 10153 10153 I wm_on_paused_called: [96272891,com.streamflixreborn.streamflix.activities.main.MainTvActivity,performPause,4]
04-16 22:51:45.045   664   858 I input_focus: [Focus leaving fe22fcb com.streamflixreborn.streamflix/com.streamflixreborn.streamflix.activities.main.MainTvActivity (server),reason=Waiting for window because NO_WINDOW]
04-16 22:51:45.054   664 17524 I input_cancel: [fe22fcb com.streamflixreborn.streamflix/com.streamflixreborn.streamflix.activities.main.MainTvActivity (server),reason=touched window was removed]
04-16 22:51:45.063  9496  9496 I wm_on_start_called: [178419801,com.spocky.projengmenu.ui.home.MainActivity,handleStartActivity,26]
04-16 22:51:45.076  9496  9496 I wm_on_resume_called: [178419801,com.spocky.projengmenu.ui.home.MainActivity,RESUME_ACTIVITY,7]
04-16 22:51:45.079  9496  9496 I wm_on_top_resumed_gained_called: [178419801,com.spocky.projengmenu.ui.home.MainActivity,topStateChangedWhenResumed]
04-16 22:51:45.087   664   789 I input_focus: [Focus request ed4100b com.spocky.projengmenu/com.spocky.projengmenu.ui.home.MainActivity,reason=UpdateInputWindows]
04-16 22:51:45.189   664   798 I am_pss  : [10153,10130,com.streamflixreborn.streamflix,117130240,101392384,512000,181133312,0,2,14]
04-16 22:51:45.198   664   785 I sysui_multi_action: [319,168,322,154,325,264188,757,761,758,9,759,2,806,com.spocky.projengmenu,871,com.spocky.projengmenu.ui.home.MainActivity,905,0,1320,8,1321,5]
04-16 22:51:45.232   664   858 I input_focus: [Focus entering ed4100b com.spocky.projengmenu/com.spocky.projengmenu.ui.home.MainActivity (server),reason=Window became focusable. Previous reason: NOT_VISIBLE]
04-16 22:51:45.401   664   788 I wm_stop_activity: [0,96272891,com.streamflixreborn.streamflix/.activities.main.MainTvActivity]
04-16 22:51:45.443 10153 10153 I wm_on_stop_called: [96272891,com.streamflixreborn.streamflix.activities.main.MainTvActivity,STOP_ACTIVITY_ITEM,4]
04-16 22:51:45.972   664  1852 I am_uid_running: 99156
04-16 22:51:46.007   664   800 I am_proc_start: [0,10286,99156,com.google.android.webview:sandboxed_process0:org.chromium.content.app.SandboxedProcessService0:0,,{com.streamflixreborn.streamflix/org.chromium.content.app.SandboxedProcessService0:0}]
04-16 22:51:46.053   664 17524 I am_proc_bound: [0,10286,com.google.android.webview:sandboxed_process0:org.chromium.content.app.SandboxedProcessService0:0]
04-16 22:51:46.158   201   201 I auditd  : avc:  denied  { find } for pid=10286 uid=99156 name=content_capture scontext=u:r:isolated_app:s0:c512,c768 tcontext=u:object_r:content_capture_service:s0 tclass=service_manager permissive=0
04-16 22:51:48.608   664   847 I am_unfreeze: [25221,com.google.android.webview:webview_service,6]
04-16 22:51:50.243   664   847 I am_freeze: [18754,com.google.android.permissioncontroller]
04-16 22:51:55.213   664   799 I am_uid_idle: 90003
04-16 22:51:55.213   664   799 I am_uid_idle: 10115
04-16 22:51:55.493   664   847 I am_freeze: [9255,com.android.tv.settings]
04-16 22:51:56.609   664   858 I input_interaction: Interaction with: ed4100b com.spocky.projengmenu/com.spocky.projengmenu.ui.home.MainActivity (server), PointerEventDispatcher0 (server), 
04-16 22:51:58.655   664   847 I am_freeze: [25221,com.google.android.webview:webview_service]
04-16 22:52:01.570   664   799 I am_uid_idle: 10023
04-16 22:52:12.020   664   847 I am_freeze: [12459,com.google.android.gms]
04-16 22:52:12.021   664   847 I am_freeze: [12582,com.google.android.adservices.api]
04-16 22:52:20.401   664   798 I am_pss  : [10153,10130,com.streamflixreborn.streamflix,130748416,111607808,490496,200724480,0,15,19]
04-16 22:52:40.234   664   799 I am_uid_idle: 10098
04-16 22:52:45.466   664   799 I am_uid_idle: 10130
04-16 22:52:55.208   664   799 I am_uid_idle: 10078
04-16 22:55:37.080   664   664 I service_manager_slow: [14,phone]
04-16 22:55:37.099   664   782 I wm_task_moved: [1382,1382,0,1,4]
04-16 22:55:37.099   664   782 I wm_task_to_front: [0,1382,0]
04-16 22:55:37.100   664   782 I wm_focused_root_task: [0,0,1382,1380,bringingFoundTaskToFront]
04-16 22:55:37.104   664   782 I wm_pause_activity: [0,178419801,com.spocky.projengmenu/.ui.home.MainActivity,userLeaving=true,pauseBackTasks]
04-16 22:55:37.120  9496  9496 I wm_on_top_resumed_lost_called: [178419801,com.spocky.projengmenu.ui.home.MainActivity,topStateChangedWhenResumed]
04-16 22:55:37.128  9496  9496 I wm_on_paused_called: [178419801,com.spocky.projengmenu.ui.home.MainActivity,performPause,5]
04-16 22:55:37.135   664  1848 I wm_set_resumed_activity: [0,com.streamfr.app/com.streamflixreborn.streamflix.activities.main.MainTvActivity,resumeTopActivity - onActivityStateChanged]
04-16 22:55:37.141   664  1848 I wm_add_to_stopping: [0,178419801,com.spocky.projengmenu/.ui.home.MainActivity,makeInvisible]
04-16 22:55:37.146   664  1848 I wm_resume_activity: [0,20407991,1382,com.streamfr.app/com.streamflixreborn.streamflix.activities.main.MainTvActivity]
04-16 22:55:37.147   664   785 I sysui_multi_action: [757,803,799,window_time_0,802,232]
04-16 22:55:37.149   664   789 I input_focus: [Requesting to set focus to null window,reason=UpdateInputWindows]
04-16 22:55:37.153   664   788 I am_uid_active: 10129
04-16 22:55:37.155   664   788 I am_uid_active: 99155
04-16 22:55:37.155   664   847 I am_unfreeze: [9717,com.streamfr.app,1]
04-16 22:55:37.155   664   847 I am_unfreeze: [9850,com.google.android.webview:sandboxed_process0:org.chromium.content.app.SandboxedProcessService0:0,1]
04-16 22:55:37.159   664   858 I input_focus: [Focus leaving ed4100b com.spocky.projengmenu/com.spocky.projengmenu.ui.home.MainActivity (server),reason=Waiting for window because NO_WINDOW]
04-16 22:55:37.160   664  1848 I input_cancel: [ed4100b com.spocky.projengmenu/com.spocky.projengmenu.ui.home.MainActivity (server),reason=touched window was removed]
04-16 22:55:37.331   664   798 I am_pss  : [9496,10120,com.spocky.projengmenu,122509312,111386624,2304000,176222208,0,2,13]
04-16 22:55:37.338  9717  9717 I wm_on_restart_called: [20407991,com.streamflixreborn.streamflix.activities.main.MainTvActivity,performRestart,0]
04-16 22:55:37.351   664   782 I am_uid_active: 10078
04-16 22:55:37.352   664   847 I am_unfreeze: [12459,com.google.android.gms,6]
04-16 22:55:37.352   664   847 I am_unfreeze: [12582,com.google.android.adservices.api,6]
04-16 22:55:37.396   664   798 I am_pss  : [10153,10130,com.streamflixreborn.streamflix,118867968,91877376,490496,197873664,0,15,13]
04-16 22:55:37.415   664   798 I am_pss  : [10286,99156,com.google.android.webview:sandboxed_process0:org.chromium.content.app.SandboxedProcessService0:0,11401216,3629056,866304,51671040,0,15,7]
04-16 22:55:37.515  9717  9717 I wm_on_start_called: [20407991,com.streamflixreborn.streamflix.activities.main.MainTvActivity,handleStartActivity,178]
04-16 22:55:37.529  9717  9717 I wm_on_resume_called: [20407991,com.streamflixreborn.streamflix.activities.main.MainTvActivity,RESUME_ACTIVITY,0]
04-16 22:55:37.539  9717  9717 I wm_on_top_resumed_gained_called: [20407991,com.streamflixreborn.streamflix.activities.main.MainTvActivity,topWhenResuming]
04-16 22:55:37.562   664   789 I input_focus: [Focus request 885c852 com.streamfr.app/com.streamflixreborn.streamflix.activities.main.MainTvActivity,reason=UpdateInputWindows]
04-16 22:55:37.661   664   858 I input_focus: [Focus entering 885c852 com.streamfr.app/com.streamflixreborn.streamflix.activities.main.MainTvActivity (server),reason=Window became focusable. Previous reason: NOT_VISIBLE]
04-16 22:55:37.705   664   785 I sysui_multi_action: [319,578,322,269,325,264420,757,761,758,9,759,2,806,com.streamfr.app,871,com.streamflixreborn.streamflix.activities.main.MainTvActivity,904,com.android.tv.settings,905,0,1320,4,1321,4]
04-16 22:55:37.870   664   788 I wm_stop_activity: [0,178419801,com.spocky.projengmenu/.ui.home.MainActivity]
04-16 22:55:37.890   664   789 I input_focus: [Focus request e524168 PopupWindow:655613d,reason=UpdateInputWindows]
04-16 22:55:37.901  9496  9496 I wm_on_stop_called: [178419801,com.spocky.projengmenu.ui.home.MainActivity,STOP_ACTIVITY_ITEM,2]
04-16 22:55:37.911   664   858 I input_focus: [Focus leaving 885c852 com.streamfr.app/com.streamflixreborn.streamflix.activities.main.MainTvActivity (server),reason=setFocusedWindow]
04-16 22:55:37.911   664   858 I input_focus: [Focus entering e524168 PopupWindow:655613d (server),reason=setFocusedWindow]
04-16 22:55:39.970   664   858 I input_interaction: Interaction with: e524168 PopupWindow:655613d (server), PointerEventDispatcher0 (server), 
04-16 22:55:40.107   664   859 I sysui_multi_action: [757,803,799,key_back_press,802,1]
04-16 22:55:40.139   664   789 I input_focus: [Focus request 885c852 com.streamfr.app/com.streamflixreborn.streamflix.activities.main.MainTvActivity,reason=UpdateInputWindows]
04-16 22:55:40.167   664   858 I input_focus: [Focus leaving e524168 PopupWindow:655613d (server),reason=NOT_FOCUSABLE]
04-16 22:55:40.168   664   858 I input_focus: [Focus entering 885c852 com.streamfr.app/com.streamflixreborn.streamflix.activities.main.MainTvActivity (server),reason=setFocusedWindow]
04-16 22:55:41.156   664   858 I input_interaction: Interaction with: 885c852 com.streamfr.app/com.streamflixreborn.streamflix.activities.main.MainTvActivity (server), PointerEventDispatcher0 (server), 
04-16 22:55:44.530   664  1848 I wm_task_moved: [1380,1380,0,1,4]
04-16 22:55:44.532   664  1848 I wm_task_moved: [1381,1380,0,1,2147483647]
04-16 22:55:44.532   664  1848 I wm_task_to_front: [0,1381,0]
04-16 22:55:44.532  9717  9717 I wm_on_top_resumed_lost_called: [20407991,com.streamflixreborn.streamflix.activities.main.MainTvActivity,topStateChangedWhenResumed]
04-16 22:55:44.533   664  1848 I wm_focused_root_task: [0,0,1380,1382,bringingFoundTaskToFront]
04-16 22:55:44.534   664  1848 I wm_new_intent: [0,178419801,1381,com.spocky.projengmenu/.ui.home.MainActivity,android.intent.action.MAIN,NULL,NULL,276824320]
04-16 22:55:44.536   664  1848 I wm_pause_activity: [0,20407991,com.streamfr.app/com.streamflixreborn.streamflix.activities.main.MainTvActivity,userLeaving=true,pauseBackTasks]
04-16 22:55:44.543   664  1848 I wm_add_to_stopping: [0,20407991,com.streamfr.app/com.streamflixreborn.streamflix.activities.main.MainTvActivity,makeInvisible]
04-16 22:55:44.546   664   785 I sysui_multi_action: [757,803,799,window_time_0,802,7]
04-16 22:55:44.549   664  1848 I wm_set_resumed_activity: [0,com.spocky.projengmenu/.ui.home.MainActivity,resumeTopActivity - onActivityStateChanged]
04-16 22:55:44.552   664  1848 I wm_resume_activity: [0,178419801,1381,com.spocky.projengmenu/.ui.home.MainActivity]
04-16 22:55:44.561   664   789 I input_focus: [Requesting to set focus to null window,reason=UpdateInputWindows]
04-16 22:55:44.562  9496  9496 I wm_on_restart_called: [178419801,com.spocky.projengmenu.ui.home.MainActivity,performRestart,0]
04-16 22:55:44.565  9717  9717 I wm_on_paused_called: [20407991,com.streamflixreborn.streamflix.activities.main.MainTvActivity,performPause,2]
04-16 22:55:44.578  9496  9496 I wm_on_start_called: [178419801,com.spocky.projengmenu.ui.home.MainActivity,handleStartActivity,16]
04-16 22:55:44.583   664   858 I input_focus: [Focus leaving 885c852 com.streamfr.app/com.streamflixreborn.streamflix.activities.main.MainTvActivity (server),reason=Waiting for window because NO_WINDOW]
04-16 22:55:44.588  9496  9496 I wm_on_resume_called: [178419801,com.spocky.projengmenu.ui.home.MainActivity,RESUME_ACTIVITY,5]
04-16 22:55:44.604   664   789 I input_focus: [Focus request ed4100b com.spocky.projengmenu/com.spocky.projengmenu.ui.home.MainActivity,reason=UpdateInputWindows]
04-16 22:55:44.633  9496  9496 I wm_on_top_resumed_gained_called: [178419801,com.spocky.projengmenu.ui.home.MainActivity,topStateChangedWhenResumed]
04-16 22:55:44.654   664   858 I input_focus: [Focus entering ed4100b com.spocky.projengmenu/com.spocky.p