--------- beginning of main
04-17 18:02:47.844 11015 11015 I artd    : GetBestInfo: odex next to the dex file (/data/app/~~48cEr4byYH3R-9QT5iFVtA==/com.google.android.gms-i2guM4qPU0t7p7dUqYHUig==/oat/x86_64/base.odex) is kOatUpToDate with filter 'speed-profile' executable 'false'
04-17 18:02:47.846 11015 11015 I artd    : GetBestInfo: dm (/data/app/~~48cEr4byYH3R-9QT5iFVtA==/com.google.android.gms-i2guM4qPU0t7p7dUqYHUig==/split_AdsDynamite_installtime.dm) is kOatUpToDate with filter 'verify' executable 'false'
04-17 18:02:47.848 11015 11015 I artd    : GetBestInfo: dm (/data/app/~~48cEr4byYH3R-9QT5iFVtA==/com.google.android.gms-i2guM4qPU0t7p7dUqYHUig==/split_CronetDynamite_installtime.dm) is kOatUpToDate with filter 'verify' executable 'false'
04-17 18:02:47.850 11015 11015 I artd    : GetBestInfo: dm (/data/app/~~48cEr4byYH3R-9QT5iFVtA==/com.google.android.gms-i2guM4qPU0t7p7dUqYHUig==/split_DynamiteLoader_installtime.dm) is kOatUpToDate with filter 'verify' executable 'false'
04-17 18:02:47.853 11015 11015 I artd    : GetBestInfo: dm (/data/app/~~48cEr4byYH3R-9QT5iFVtA==/com.google.android.gms-i2guM4qPU0t7p7dUqYHUig==/split_DynamiteModulesA_installtime.dm) is kOatUpToDate with filter 'verify' executable 'false'
04-17 18:02:47.857 11015 11015 I artd    : GetBestInfo: dm (/data/app/~~48cEr4byYH3R-9QT5iFVtA==/com.google.android.gms-i2guM4qPU0t7p7dUqYHUig==/split_DynamiteModulesC_installtime.dm) is kOatUpToDate with filter 'verify' executable 'false'
04-17 18:02:47.859 11015 13941 I artd    : GetBestInfo: dm (/data/app/~~48cEr4byYH3R-9QT5iFVtA==/com.google.android.gms-i2guM4qPU0t7p7dUqYHUig==/split_GoogleCertificates_installtime.dm) is kOatUpToDate with filter 'verify' executable 'false'
04-17 18:02:47.862 11015 13941 I artd    : GetBestInfo: dm (/data/app/~~48cEr4byYH3R-9QT5iFVtA==/com.google.android.gms-i2guM4qPU0t7p7dUqYHUig==/split_MapsDynamite_installtime.dm) is kOatUpToDate with filter 'verify' executable 'false'
04-17 18:02:47.864 11015 11015 I artd    : GetBestInfo: dm (/data/app/~~48cEr4byYH3R-9QT5iFVtA==/com.google.android.gms-i2guM4qPU0t7p7dUqYHUig==/split_MeasurementDynamite_installtime.dm) is kOatUpToDate with filter 'verify' executable 'false'
04-17 18:02:47.866 11015 11015 I artd    : GetBestInfo: dm (/data/app/~~48cEr4byYH3R-9QT5iFVtA==/com.google.android.gms-i2guM4qPU0t7p7dUqYHUig==/split_all_locale_splits.dm) is kOatUpToDate with filter 'verify' executable 'false'
04-17 18:02:47.869 11015 13941 I artd    : GetBestInfo: /data/user_de/0/com.google.android.gms/app_chimera/m/00000001/CronetDynamite.apk has no usable artifacts
04-17 18:02:47.872 11015 13941 I artd    : GetBestInfo: /data/user_de/0/com.google.android.gms/app_chimera/m/00000016/dl-MlkitOcrCommon.optional_261332100800.apk has no usable artifacts
04-17 18:02:47.874 11015 13941 I artd    : GetBestInfo: /data/user_de/0/com.google.android.gms/app_chimera/m/0000000b/dl-TfliteDynamiteDynamite.integ_252130102100800.apk has no usable artifacts
04-17 18:02:47.874 11015 13941 I artd    : GetBestInfo: /data/user_de/0/com.google.android.gms/app_chimera/m/00000002/DynamiteLoader.apk has no usable artifacts
04-17 18:02:47.876 11015 13941 I artd    : GetBestInfo: /data/user_de/0/com.google.android.gms/app_chimera/m/00000012/dl-Appsearch.optional_261332100800.apk has no usable artifacts
04-17 18:02:47.878 11015 13941 I artd    : GetBestInfo: /data/user_de/0/com.google.android.gms/app_chimera/m/00000013/dl-PlayCloudSearch.optional_261332100000.apk has no usable artifacts
04-17 18:02:47.878 11015 13941 I artd    : GetBestInfo: /data/user_de/0/com.google.android.gms/app_chimera/m/00000005/GoogleCertificates.apk has no usable artifacts
04-17 18:02:47.881 11015 13941 I artd    : GetBestInfo: /data/user_de/0/com.google.android.gms/app_chimera/m/0000000f/dl-MlkitBarcodeUi.optional_260235100800.apk has no usable artifacts
04-17 18:02:47.882 11015 13941 I artd    : GetBestInfo: /data/user_de/0/com.google.android.gms/app_chimera/m/00000014/dl-MlkitBarcodeUi.optional_261332100800.apk has no usable artifacts
04-17 18:02:47.886 11015 13941 I artd    : GetBestInfo: /data/user_de/0/com.google.android.gms/app_chimera/m/00000010/dl-PlayCloudSearch.optional_260235100000.apk has no usable artifacts
04-17 18:02:47.889 11015 13941 I artd    : GetBestInfo: /data/user_de/0/com.google.android.gms/app_chimera/m/00000008/dl-VisionOcr.optional_260235100000.apk has no usable artifacts
04-17 18:02:47.897 11015 13941 I artd    : GetBestInfo: /data/user_de/0/com.google.android.gms/app_chimera/m/0000000c/dl-Appsearch.optional_260235100800.apk has no usable artifacts
04-17 18:02:47.899 11015 13941 I artd    : GetBestInfo: vdex next to the dex file (/data/user/0/com.google.android.gms/app_dg_cache/BB2AE5A47BB198AF36C19CFD2B6407061A1BAF30/oat/x86_64/the.vdex) is kOatUpToDate with filter 'verify' executable 'false'
04-17 18:02:47.901 11015 13941 I artd    : GetBestInfo: /data/user_de/0/com.google.android.gms/app_chimera/m/00000011/dl-VisionOcr.optional_261332100000.apk has no usable artifacts
04-17 18:02:47.904 11015 13941 I artd    : GetBestInfo: /data/user_de/0/com.google.android.gms/app_chimera/m/00000009/dl-MlkitOcrCommon.optional_260235100800.apk has no usable artifacts
04-17 18:02:47.906 11015 13941 I artd    : GetBestInfo: vdex next to the dex file (/data/user/0/com.google.android.gms/app_dg_cache/CE973E4DE823F0AA69070767A9FABB590DDD455C/oat/x86_64/the.vdex) is kOatUpToDate with filter 'verify' executable 'false'
04-17 18:02:47.908 11015 13941 I artd    : GetBestInfo: /data/user_de/0/com.google.android.gms/app_chimera/m/00000007/MeasurementDynamite.apk has no usable artifacts
--------- beginning of system
04-17 18:02:48.791 10277 10510 I AdbWifiNetworkMonitor: Wi-Fi network available
04-17 18:02:48.793 10277 10510 I AdbWifiNetworkMonitor: Received the same Wi-Fi SSID. Ignoring.
04-17 18:02:48.797 10277 10481 I HalDevMgr: bestIfaceCreationProposal is null, requestIface=STA, existingIface=[name=wlan0 type=STA]
04-17 18:02:48.799 10277 10487 W libbinder.IPCThreadState: Sending oneway calls to frozen process.
04-17 18:02:48.799 10277 10487 W libbinder.IPCThreadState: Sending oneway calls to frozen process.
04-17 18:02:48.799 10277 10487 W libbinder.IPCThreadState: Sending oneway calls to frozen process.
04-17 18:02:48.799 10277 10487 W libbinder.IPCThreadState: Sending oneway calls to frozen process.
04-17 18:02:48.804 10871 13355 I NullBinder: NullBinder for android.net.action.RECOMMEND_NETWORKS triggering remote TransactionTooLargeException due to Service without Chimera impl, calling uid: 1000, calling pid: 0
04-17 18:02:48.804 10871 13355 W libbinder.Binder: Large reply transaction of 1056768 bytes, interface descriptor , function: UNKNOWN_FUNCTION_NAME, code: 1, flags: 17
04-17 18:02:49.104   591 27282 D AidlBufferPool: bufferpool2 0x7df4cec22de8 : 11(45056 size) total buffers - 6(24576 size) used buffers - 6179/6203 (recycle/alloc) - 54/6202 (fetch/transfer)
04-17 18:02:49.786 10277 11933 D MediaSessionService: onSessionPlaybackStateChanged: record=com.streamfr.app/androidx.media3.session.id./84 (userId=0) playbackState=PlaybackState {state=PLAYING(3), position=133553, buffered position=190041, speed=1.0, updated=191250330, actions=7339995, custom actions=[], active item id=0, error=null}
04-17 18:02:49.789 13623 13623 E MediaControlProfile: onCurrentPlayerStateUpdated: base actions not supported, player actions= 6fffdb, expected at least= 7f
04-17 18:02:49.789 13623 13623 W MediaControlGattService: Feature PLAYBACK_SPEED support: true
04-17 18:02:49.790 13623 13623 W MediaControlGattService: Feature PLAYBACK_SPEED support: true
04-17 18:02:49.790 13623 13623 W MediaControlGattService: Feature PLAYBACK_SPEED support: true
04-17 18:02:49.790 13623 13623 W MediaControlGattService: Feature TRACK_POSITION support: true
04-17 18:02:49.790 13623 13623 W MediaControlGattService: Feature TRACK_POSITION_NOTIFY support: true
04-17 18:02:49.790 13623 13623 W MediaControlGattService: Feature MEDIA_STATE support: true
04-17 18:02:49.790 13623 13623 W MediaControlGattService: Feature MEDIA_STATE support: true
04-17 18:02:49.792 13623 13759 I BluetoothAdapterProperties: getBondedDevices: length=0
04-17 18:02:49.792 13623 13623 W MediaControlGattService: Feature PLAYER_NAME support: true
04-17 18:02:49.792 13623 13623 W MediaControlGattService: Feature MEDIA_CONTROL_POINT_OPCODES_SUPPORTED support: true
04-17 18:02:49.792 13623 13623 W MediaControlGattService: Feature MEDIA_STATE support: true
04-17 18:02:49.792 13623 13623 W MediaControlGattService: Feature MEDIA_STATE support: true
04-17 18:02:49.793 13623 13623 W MediaControlGattService: Feature SEEKING_SPEED support: true
04-17 18:02:49.793 13623 13623 W MediaControlGattService: Feature SEEKING_SPEED support: true
04-17 18:02:49.793 13623 13623 W MediaControlGattService: Feature SEEKING_SPEED support: true
04-17 18:02:49.796 13623 13623 I bluetooth: system/btif/avrcp/avrcp_service.cc:533 SendMediaUpdate: track_changed=false :  play_state=true :  queue=false
04-17 18:02:50.243 26417 27280 D AidlBufferPool: bufferpool2 0x76a31a1ef268 : 5(40960 size) total buffers - 1(8192 size) used buffers - 6253/6264 (recycle/alloc) - 15/6257 (fetch/transfer)
04-17 18:02:50.780 26417 26787 D AidlBufferPool: bufferpool2 0x76a31a1e69f8 : 5(31457280 size) total buffers - 5(31457280 size) used buffers - 3723/3729 (recycle/alloc) - 11/3727 (fetch/transfer)
04-17 18:02:51.008 10277 11590 W AppOps  : Noting op not finished: uid 10218 pkg com.google.android.gms code 113 startTime of in progress event=1776444175975
04-17 18:02:51.021 10277 11946 W AppOps  : Noting op not finished: uid 10218 pkg com.google.android.gms code 79 startTime of in progress event=1776444175973
04-17 18:02:51.028 10871 12016 I ActivityScheduler: nextTriggerTime: 191489673, in 238100ms, detectorType: 39, FULL_TYPE alarmWindowMillis: 80000
04-17 18:02:51.807 10277 10481 I HalDevMgr: bestIfaceCreationProposal is null, requestIface=STA, existingIface=[name=wlan0 type=STA]
04-17 18:02:52.009 10277 11749 W AppOps  : Noting op not finished: uid 10218 pkg com.google.android.gms code 113 startTime of in progress event=1776444175975
04-17 18:02:52.787 10277 11749 D MediaSessionService: onSessionPlaybackStateChanged: record=com.streamfr.app/androidx.media3.session.id./84 (userId=0) playbackState=PlaybackState {state=PLAYING(3), position=136554, buffered position=190041, speed=1.0, updated=191253331, actions=7339995, custom actions=[], active item id=0, error=null}
04-17 18:02:52.791 13623 13623 I bluetooth: system/btif/avrcp/avrcp_service.cc:533 SendMediaUpdate: track_changed=false :  play_state=true :  queue=false
04-17 18:02:52.793 13623 13623 E MediaControlProfile: onCurrentPlayerStateUpdated: base actions not supported, player actions= 6fffdb, expected at least= 7f
04-17 18:02:52.794 13623 13623 W MediaControlGattService: Feature PLAYBACK_SPEED support: true
04-17 18:02:52.794 13623 13623 W MediaControlGattService: Feature PLAYBACK_SPEED support: true
04-17 18:02:52.794 13623 13623 W MediaControlGattService: Feature PLAYBACK_SPEED support: true
04-17 18:02:52.794 13623 13623 W MediaControlGattService: Feature TRACK_POSITION support: true
04-17 18:02:52.794 13623 13623 W MediaControlGattService: Feature TRACK_POSITION_NOTIFY support: true
04-17 18:02:52.794 13623 13623 W MediaControlGattService: Feature MEDIA_STATE support: true
04-17 18:02:52.794 13623 13623 W MediaControlGattService: Feature MEDIA_STATE support: true
04-17 18:02:52.796 13623 13759 I BluetoothAdapterProperties: getBondedDevices: length=0
04-17 18:02:52.796 13623 13623 W MediaControlGattService: Feature PLAYER_NAME support: true
04-17 18:02:52.797 13623 13623 W MediaControlGattService: Feature MEDIA_CONTROL_POINT_OPCODES_SUPPORTED support: true
04-17 18:02:52.797 13623 13623 W MediaControlGattService: Feature MEDIA_STATE support: true
04-17 18:02:52.797 13623 13623 W MediaControlGattService: Feature MEDIA_STATE support: true
04-17 18:02:52.797 13623 13623 W MediaControlGattService: Feature SEEKING_SPEED support: true
04-17 18:02:52.797 13623 13623 W MediaControlGattService: Feature SEEKING_SPEED support: true
04-17 18:02:52.797 13623 13623 W MediaControlGattService: Feature SEEKING_SPEED support: true
04-17 18:02:53.437 10569 10569 I wpa_supplicant: wlan0: CTRL-EVENT-BEACON-LOSS 
04-17 18:02:53.670 10740 10889 D SatelliteController: isInCarrierRoamingNbIotNtn: satellite is disabled
04-17 18:02:53.670 10740 10889 D SatelliteController: getCarrierRoamingNtnConnectType: Checking connect type from PLMN config for subId: 1
04-17 18:02:53.670 10740 10889 D SatelliteController: getSatellitePerPlmnConfiguration: invalid subId or not supported via carrier.
04-17 18:02:53.670 10740 10889 D SatelliteController: getCarrierRoamingNtnConnectType: config: null
04-17 18:02:53.671 10740 10889 D SatelliteController: getCarrierRoamingNtnConnectType: Falling back to global carrier config connect type: 0
04-17 18:02:53.671 10740 10889 D SatelliteController: updateLastNotifiedCarrierRoamingNtnSignalStrengthAndNotify(1)
04-17 18:02:53.671 10740 10889 D SatelliteController: updateLastNotifiedCarrierRoamingNtnSignalStrengthAndNotify(1) lastNotifiedSignalStrength level: 0
04-17 18:02:53.671 10740 10889 D SatelliteController: updateLastNotifiedCarrierRoamingNtnSignalStrengthAndNotify(1) currSignalStrength level: 0
04-17 18:02:54.267   591 27282 D AidlBufferPool: bufferpool2 0x7df4cec22de8 : 11(45056 size) total buffers - 6(24576 size) used buffers - 6401/6425 (recycle/alloc) - 55/6424 (fetch/transfer)
04-17 18:02:54.812 10277 10510 I AdbWifiNetworkMonitor: Wi-Fi network available
04-17 18:02:54.812 10277 10510 I AdbWifiNetworkMonitor: Received the same Wi-Fi SSID. Ignoring.
04-17 18:02:54.816 10277 10481 I HalDevMgr: bestIfaceCreationProposal is null, requestIface=STA, existingIface=[name=wlan0 type=STA]
04-17 18:02:54.819 10871 12807 I NullBinder: NullBinder for android.net.action.RECOMMEND_NETWORKS triggering remote TransactionTooLargeException due to Service without Chimera impl, calling uid: 1000, calling pid: 0
04-17 18:02:54.819 10871 12807 W libbinder.Binder: Large reply transaction of 1056768 bytes, interface descriptor , function: UNKNOWN_FUNCTION_NAME, code: 1, flags: 17
04-17 18:02:54.821 10277 10487 W libbinder.IPCThreadState: Sending oneway calls to frozen process.
04-17 18:02:54.821 10277 10487 W libbinder.IPCThreadState: Sending oneway calls to frozen process.
04-17 18:02:54.821 10277 10487 W libbinder.IPCThreadState: Sending oneway calls to frozen process.
04-17 18:02:54.821 10277 10487 W libbinder.IPCThreadState: Sending oneway calls to frozen process.
04-17 18:02:54.823 10695 10880 D IpClient/wlan0: interfaceLinkStateChanged: ifindex 16 up
04-17 18:02:54.831 10695 10880 D IpClient/wlan0: interfaceLinkStateChanged: ifindex 16 up
04-17 18:02:55.407 10277 10434 D ActivityManager: freezing 17524 com.android.settings
04-17 18:02:55.408 10277 10434 D ActivityManager: freezing 11557 com.android.keychain
04-17 18:02:55.410 10277 10434 D ActivityManager: freezing 12307 com.android.dynsystem:dynsystem
04-17 18:02:55.413 10277 10434 D ActivityManager: freezing 12279 com.android.dynsystem
04-17 18:02:55.414 10277 10434 D ActivityManager: freezing 11819 com.android.localtransport
04-17 18:02:55.660 26417 27280 D AidlBufferPool: bufferpool2 0x76a31a1ef268 : 5(40960 size) total buffers - 1(8192 size) used buffers - 6487/6498 (recycle/alloc) - 15/6491 (fetch/transfer)
04-17 18:02:55.790 10277 11933 D MediaSessionService: onSessionPlaybackStateChanged: record=com.streamfr.app/androidx.media3.session.id./84 (userId=0) playbackState=PlaybackState {state=PLAYING(3), position=139552, buffered position=190041, speed=1.0, updated=191256334, actions=7339995, custom actions=[], active item id=0, error=null}
04-17 18:02:55.793 13623 13623 E MediaControlProfile: onCurrentPlayerStateUpdated: base actions not supported, player actions= 6fffdb, expected at least= 7f
04-17 18:02:55.793 13623 13623 W MediaControlGattService: Feature PLAYBACK_SPEED support: true
04-17 18:02:55.794 13623 13623 W MediaControlGattService: Feature PLAYBACK_SPEED support: true
04-17 18:02:55.794 13623 13623 W MediaControlGattService: Feature PLAYBACK_SPEED support: true
04-17 18:02:55.794 13623 13623 W MediaControlGattService: Feature TRACK_POSITION support: true
04-17 18:02:55.794 13623 13623 W MediaControlGattService: Feature TRACK_POSITION_NOTIFY support: true
04-17 18:02:55.794 13623 13623 W MediaControlGattService: Feature MEDIA_STATE support: true
04-17 18:02:55.794 13623 13623 W MediaControlGattService: Feature MEDIA_STATE support: true
04-17 18:02:55.796 13623 13759 I BluetoothAdapterProperties: getBondedDevices: length=0
04-17 18:02:55.796 13623 13623 W MediaControlGattService: Feature PLAYER_NAME support: true
04-17 18:02:55.796 13623 13623 W MediaControlGattService: Feature MEDIA_CONTROL_POINT_OPCODES_SUPPORTED support: true
04-17 18:02:55.796 13623 13623 W MediaControlGattService: Feature MEDIA_STATE support: true
04-17 18:02:55.796 13623 13623 W MediaControlGattService: Feature MEDIA_STATE support: true
04-17 18:02:55.796 13623 13623 W MediaControlGattService: Feature SEEKING_SPEED support: true
04-17 18:02:55.796 13623 13623 W MediaControlGattService: Feature SEEKING_SPEED support: true
04-17 18:02:55.797 13623 13623 W MediaControlGattService: Feature SEEKING_SPEED support: true
04-17 18:02:55.800 13623 13623 I bluetooth: system/btif/avrcp/avrcp_service.cc:533 SendMediaUpdate: track_changed=false :  play_state=true :  queue=false
04-17 18:02:55.896 26417 26725 D AidlBufferPool: bufferpool2 0x76a31a1e69f8 : 5(31457280 size) total buffers - 5(31457280 size) used buffers - 3846/3852 (recycle/alloc) - 11/3850 (fetch/transfer)
04-17 18:02:56.244 26417 27266 D Cine24hBypass: [OkHttp] --> GET https://v6.vidzy.live/hls2/04/00044/zwgy2v81l1t3_n/seg-20-v1-a1.ts?t=w7G5fJWSzNkNvLms2X8czdrBXpktChlfiXuenX8SAD0&s=1776448886&e=172800&f=223898&i=0.0&sp=0
04-17 18:02:56.244 26417 27266 D Cine24hBypass: [OkHttp] User-Agent: okhttp/4.12.0
04-17 18:02:56.244 26417 27266 D Cine24hBypass: [OkHttp] Referer: https://vidzy.org
04-17 18:02:56.244 26417 27266 D Cine24hBypass: [OkHttp] Accept-Encoding: identity
04-17 18:02:56.244 26417 27266 D Cine24hBypass: [OkHttp] Accept: text/html,application/xhtml+xml,application/xml;q=0.9,image/avif,image/webp,image/apng,*/*;q=0.8
04-17 18:02:56.244 26417 27266 D Cine24hBypass: [OkHttp] Accept-Language: it-IT,it;q=0.9,en-US;q=0.8,en;q=0.7
04-17 18:02:56.244 26417 27266 D Cine24hBypass: [OkHttp] Sec-Fetch-Dest: document
04-17 18:02:56.244 26417 27266 D Cine24hBypass: [OkHttp] Sec-Fetch-Mode: navigate
04-17 18:02:56.244 26417 27266 D Cine24hBypass: [OkHttp] Sec-Fetch-Site: none
04-17 18:02:56.244 26417 27266 D Cine24hBypass: [OkHttp] Upgrade-Insecure-Requests: 1
04-17 18:02:56.244 26417 27266 D Cine24hBypass: [OkHttp] --> END GET
04-17 18:02:56.253 10695 10880 D IpClient/wlan0: addressUpdated: fec0::97dc:50b7:df5d:546e/64 on ifindex 16 flags 0x00000900 scope 200
04-17 18:02:56.255 10695 10880 D IpClient/wlan0: addressUpdated: fec0::6c88:d6b4:7722:6058/64 on ifindex 16 flags 0x00000001 scope 200
04-17 18:02:56.256 10695 10880 W AlarmManager: Unrecognized alarm listener com.android.networkstack.android.net.ip.IpClientLinkObserver$Dhcp6PdPreferredPrefixAlarmListener@56116ef
04-17 18:02:56.257 10695 10880 D ApfFilter: (wlan0): Ignoring RA RA fe80::2 -> ff02::1 1800s fec0::/64 86400s/14400s DNS 1200000s fec0::3  which matches RA fe80::2 -> ff02::1 1800s fec0::/64 86400s/14400s DNS 1200000s fec0::3 
04-17 18:02:56.511 26417 27266 D Cine24hBypass: [OkHttp] <-- 200 OK https://v6.vidzy.live/hls2/04/00044/zwgy2v81l1t3_n/seg-20-v1-a1.ts?t=w7G5fJWSzNkNvLms2X8czdrBXpktChlfiXuenX8SAD0&s=1776448886&e=172800&f=223898&i=0.0&sp=0 (266ms)
04-17 18:02:56.512 26417 27266 D Cine24hBypass: [OkHttp] Server: nginx
04-17 18:02:56.512 26417 27266 D Cine24hBypass: [OkHttp] Date: Fri, 17 Apr 2026 18:02:55 GMT
04-17 18:02:56.512 26417 27266 D Cine24hBypass: [OkHttp] Content-Type: video/MP2T
04-17 18:02:56.512 26417 27266 D Cine24hBypass: [OkHttp] Content-Length: 791480
04-17 18:02:56.512 26417 27266 D Cine24hBypass: [OkHttp] Connection: keep-alive
04-17 18:02:56.512 26417 27266 D Cine24hBypass: [OkHttp] ETag: "-1-c13b8"
04-17 18:02:56.512 26417 27266 D Cine24hBypass: [OkHttp] Last-Modified: Sun, 19 Nov 2000 08:52:00 GMT
04-17 18:02:56.512 26417 27266 D Cine24hBypass: [OkHttp] Expires: Sun, 26 Jul 2026 18:02:55 GMT
04-17 18:02:56.512 26417 27266 D Cine24hBypass: [OkHttp] Cache-Control: max-age=8640000
04-17 18:02:56.512 26417 27266 D Cine24hBypass: [OkHttp] Cache-Control: public, no-transform
04-17 18:02:56.512 26417 27266 D Cine24hBypass: [OkHttp] Access-Control-Allow-Origin: *
04-17 18:02:56.512 26417 27266 D Cine24hBypass: [OkHttp] Accept-Ranges: bytes
04-17 18:02:56.513 26417 27266 D Cine24hBypass: [OkHttp] <-- END HTTP
04-17 18:02:56.638 26417 27361 W PesReader: Unexpected start code prefix: 3212363
04-17 18:02:56.638 26417 27361 W PesReader: Unexpected start code prefix: 2163787
04-17 18:02:56.639 26417 27361 W PesReader: Unexpected start code prefix: 0
04-17 18:02:57.744 11015 11015 I artd    : GetBestInfo: odex next to the dex file (/data/app/~~48cEr4byYH3R-9QT5iFVtA==/com.google.android.gms-i2guM4qPU0t7p7dUqYHUig==/oat/x86_64/base.odex) is kOatUpToDate with filter 'speed-profile' executable 'false'
04-17 18:02:57.747 11015 11015 I artd    : GetBestInfo: dm (/data/app/~~48cEr4byYH3R-9QT5iFVtA==/com.google.android.gms-i2guM4qPU0t7p7dUqYHUig==/split_AdsDynamite_installtime.dm) is kOatUpToDate with filter 'verify' executable 'false'
04-17 18:02:57.749 11015 13941 I artd    : GetBestInfo: dm (/data/app/~~48cEr4byYH3R-9QT5iFVtA==/com.google.android.gms-i2guM4qPU0t7p7dUqYHUig==/split_CronetDynamite_installtime.dm) is kOatUpToDate with filter 'verify' executable 'false'
04-17 18:02:57.751 11015 13941 I artd    : GetBestInfo: dm (/data/app/~~48cEr4byYH3R-9QT5iFVtA==/com.google.android.gms-i2guM4qPU0t7p7dUqYHUig==/split_DynamiteLoader_installtime.dm) is kOatUpToDate with filter 'verify' executable 'false'
04-17 18:02:57.754 11015 13941 I artd    : GetBestInfo: dm (/data/app/~~48cEr4byYH3R-9QT5iFVtA==/com.google.android.gms-i2guM4qPU0t7p7dUqYHUig==/split_DynamiteModulesA_installtime.dm) is kOatUpToDate with filter 'verify' executable 'false'
04-17 18:02:57.756 11015 13941 I artd    : GetBestInfo: dm (/data/app/~~48cEr4byYH3R-9QT5iFVtA==/com.google.android.gms-i2guM4qPU0t7p7dUqYHUig==/split_DynamiteModulesC_installtime.dm) is kOatUpToDate with filter 'verify' executable 'false'
04-17 18:02:57.757 11015 13941 I artd    : GetBestInfo: dm (/data/app/~~48cEr4byYH3R-9QT5iFVtA==/com.google.android.gms-i2guM4qPU0t7p7dUqYHUig==/split_GoogleCertificates_installtime.dm) is kOatUpToDate with filter 'verify' executable 'false'
04-17 18:02:57.758 11015 13941 I artd    : GetBestInfo: dm (/data/app/~~48cEr4byYH3R-9QT5iFVtA==/com.google.android.gms-i2guM4qPU0t7p7dUqYHUig==/split_MapsDynamite_installtime.dm) is kOatUpToDate with filter 'verify' executable 'false'
04-17 18:02:57.759 11015 11015 I artd    : GetBestInfo: dm (/data/app/~~48cEr4byYH3R-9QT5iFVtA==/com.google.android.gms-i2guM4qPU0t7p7dUqYHUig==/split_MeasurementDynamite_installtime.dm) is kOatUpToDate with filter 'verify' executable 'false'
04-17 18:02:57.760 11015 11015 I artd    : GetBestInfo: dm (/data/app/~~48cEr4byYH3R-9QT5iFVtA==/com.google.android.gms-i2guM4qPU0t7p7dUqYHUig==/split_all_locale_splits.dm) is kOatUpToDate with filter 'verify' executable 'false'
04-17 18:02:57.762 11015 11015 I artd    : GetBestInfo: /data/user_de/0/com.google.android.gms/app_chimera/m/00000001/CronetDynamite.apk has no usable artifacts
04-17 18:02:57.764 11015 11015 I artd    : GetBestInfo: /data/user_de/0/com.google.android.gms/app_chimera/m/00000016/dl-MlkitOcrCommon.optional_261332100800.apk has no usable artifacts
04-17 18:02:57.766 11015 11015 I artd    : GetBestInfo: /data/user_de/0/com.google.android.gms/app_chimera/m/0000000b/dl-TfliteDynamiteDynamite.integ_252130102100800.apk has no usable artifacts
04-17 18:02:57.769 11015 11015 I artd    : GetBestInfo: /data/user_de/0/com.google.android.gms/app_chimera/m/00000002/DynamiteLoader.apk has no usable artifacts
04-17 18:02:57.770 11015 11015 I artd    : GetBestInfo: /data/user_de/0/com.google.android.gms/app_chimera/m/00000012/dl-Appsearch.optional_261332100800.apk has no usable artifacts
04-17 18:02:57.773 11015 11015 I artd    : GetBestInfo: /data/user_de/0/com.google.android.gms/app_chimera/m/00000013/dl-PlayCloudSearch.optional_261332100000.apk has no usable artifacts
04-17 18:02:57.776 11015 11015 I artd    : GetBestInfo: /data/user_de/0/com.google.android.gms/app_chimera/m/00000005/GoogleCertificates.apk has no usable artifacts
04-17 18:02:57.778 11015 11015 I artd    : GetBestInfo: /data/user_de/0/com.google.android.gms/app_chimera/m/0000000f/dl-MlkitBarcodeUi.optional_260235100800.apk has no usable artifacts
04-17 18:02:57.780 11015 11015 I artd    : GetBestInfo: /data/user_de/0/com.google.android.gms/app_chimera/m/00000014/dl-MlkitBarcodeUi.optional_261332100800.apk has no usable artifacts
04-17 18:02:57.781 11015 11015 I artd    : GetBestInfo: /data/user_de/0/com.google.android.gms/app_chimera/m/00000010/dl-PlayCloudSearch.optional_260235100000.apk has no usable artifacts
04-17 18:02:57.784 11015 11015 I artd    : GetBestInfo: /data/user_de/0/com.google.android.gms/app_chimera/m/00000008/dl-VisionOcr.optional_260235100000.apk has no usable artifacts
04-17 18:02:57.786 11015 11015 I artd    : GetBestInfo: /data/user_de/0/com.google.android.gms/app_chimera/m/0000000c/dl-Appsearch.optional_260235100800.apk has no usable artifacts
04-17 18:02:57.791 11015 11015 I artd    : GetBestInfo: vdex next to the dex file (/data/user/0/com.google.android.gms/app_dg_cache/BB2AE5A47BB198AF36C19CFD2B6407061A1BAF30/oat/x86_64/the.vdex) is kOatUpToDate with filter 'verify' executable 'false'
04-17 18:02:57.798 11015 11015 I artd    : GetBestInfo: /data/user_de/0/com.google.android.gms/app_chimera/m/00000011/dl-VisionOcr.optional_261332100000.apk has no usable artifacts
04-17 18:02:57.802 11015 11015 I artd    : GetBestInfo: /data/user_de/0/com.google.android.gms/app_chimera/m/00000009/dl-MlkitOcrCommon.optional_260235100800.apk has no usable artifacts
04-17 18:02:57.804 11015 11015 I artd    : GetBestInfo: vdex next to the dex file (/data/user/0/com.google.android.gms/app_dg_cache/CE973E4DE823F0AA69070767A9FABB590DDD455C/oat/x86_64/the.vdex) is kOatUpToDate with filter 'verify' executable 'false'
04-17 18:02:57.806 11015 11015 I artd    : GetBestInfo: /data/user_de/0/com.google.android.gms/app_chimera/m/00000007/MeasurementDynamite.apk has no usable artifacts
04-17 18:02:57.818 10277 10510 I AdbWifiNetworkMonitor: Wi-Fi network available
04-17 18:02:57.818 10277 10510 I AdbWifiNetworkMonitor: Received the same Wi-Fi SSID. Ignoring.
04-17 18:02:57.824 10277 10487 W libbinder.IPCThreadState: Sending oneway calls to frozen process.
04-17 18:02:57.825 10277 10487 W libbinder.IPCThreadState: Sending oneway calls to frozen process.
04-17 18:02:57.825 10277 10487 W libbinder.IPCThreadState: Sending oneway calls to frozen process.
04-17 18:02:57.825 10277 10487 W libbinder.IPCThreadState: Sending oneway calls to frozen process.
04-17 18:02:57.828 10277 10481 I HalDevMgr: bestIfaceCreationProposal is null, requestIface=STA, existingIface=[name=wlan0 type=STA]
04-17 18:02:57.833 10871 12158 I NullBinder: NullBinder for android.net.action.RECOMMEND_NETWORKS triggering remote TransactionTooLargeException due to Service without Chimera impl, calling uid: 1000, calling pid: 0
04-17 18:02:57.834 10871 12158 W libbinder.Binder: Large reply transaction of 1056768 bytes, interface descriptor , function: UNKNOWN_FUNCTION_NAME, code: 1, flags: 17
04-17 18:02:59.278   591 27282 D AidlBufferPool: bufferpool2 0x7df4cec22de8 : 11(45056 size) total buffers - 6(24576 size) used buffers - 6617/6641 (recycle/alloc) - 57/6640 (fetch/transfer)
04-17 18:02:59.645 10277 11598 D MediaSessionService: onSessionPlaybackStateChanged: record=com.streamfr.app/androidx.media3.session.id./84 (userId=0) playbackState=PlaybackState {state=PLAYING(3), position=143414, buffered position=200041, speed=1.0, updated=191260189, actions=7339995, custom actions=[], active item id=0, error=null}
04-17 18:02:59.647 13623 13623 I bluetooth: system/btif/avrcp/avrcp_service.cc:533 SendMediaUpdate: track_changed=false :  play_state=true :  queue=false
04-17 18:02:59.648 13623 13623 E MediaControlProfile: onCurrentPlayerStateUpdated: base actions not supported, player actions= 6fffdb, expected at least= 7f
04-17 18:02:59.650 13623 13623 W MediaControlGattService: Feature PLAYBACK_SPEED support: true
04-17 18:02:59.650 13623 13623 W MediaControlGattService: Feature PLAYBACK_SPEED support: true
04-17 18:02:59.650 13623 13623 W MediaControlGattService: Feature PLAYBACK_SPEED support: true
04-17 18:02:59.650 13623 13623 W MediaControlGattService: Feature TRACK_POSITION support: true
04-17 18:02:59.650 13623 13623 W MediaControlGattService: Feature TRACK_POSITION_NOTIFY support: true
04-17 18:02:59.650 13623 13623 W MediaControlGattService: Feature MEDIA_STATE support: true
04-17 18:02:59.652 13623 13623 W MediaControlGattService: Feature MEDIA_STATE support: true
04-17 18:02:59.653 13623 13759 I BluetoothAdapterProperties: getBondedDevices: length=0
04-17 18:02:59.654 13623 13623 W MediaControlGattService: Feature PLAYER_NAME support: true
04-17 18:02:59.654 13623 13623 W MediaControlGattService: Feature MEDIA_CONTROL_POINT_OPCODES_SUPPORTED support: true
04-17 18:02:59.654 13623 13623 W MediaControlGattService: Feature MEDIA_STATE support: true
04-17 18:02:59.654 13623 13623 W MediaControlGattService: Feature MEDIA_STATE support: true
04-17 18:02:59.654 13623 13623 W MediaControlGattService: Feature SEEKING_SPEED support: true
04-17 18:02:59.654 13623 13623 W MediaControlGattService: Feature SEEKING_SPEED support: true
04-17 18:02:59.654 13623 13623 W MediaControlGattService: Feature SEEKING_SPEED support: true
04-17 18:03:00.057 10210 10253 D AF::Track: interceptBuffer: took 1152us to intercept 0 tracks
04-17 18:03:00.823   482 27277 E C2IgbaBuffer: Waiting a sync fence failed 110 aidl(0: 1)
04-17 18:03:00.838 10277 10481 I HalDevMgr: bestIfaceCreationProposal is null, requestIface=STA, existingIface=[name=wlan0 type=STA]
04-17 18:03:00.855 10695 10880 D IpClient/wlan0: interfaceLinkStateChanged: ifindex 16 up
04-17 18:03:00.869 10695 10880 D IpClient/wlan0: interfaceLinkStateChanged: ifindex 16 up
04-17 18:03:00.869 10695 10880 D IpClient/wlan0: interfaceLinkStateChanged: ifindex 16 up
04-17 18:03:00.882   482 27277 E C2IgbaBuffer: Waiting a sync fence failed 110 aidl(0: 1)
04-17 18:03:01.001 26417 27275 D AidlBufferPool: bufferpool2 0x76a31a1e69f8 : 5(31457280 size) total buffers - 4(25165824 size) used buffers - 3968/3974 (recycle/alloc) - 11/3973 (fetch/transfer)
04-17 18:03:01.194 26417 27280 D AidlBufferPool: bufferpool2 0x76a31a1ef268 : 5(40960 size) total buffers - 1(8192 size) used buffers - 6725/6736 (recycle/alloc) - 15/6729 (fetch/transfer)
04-17 18:03:01.203   482 27277 E C2IgbaBuffer: Waiting a sync fence failed 110 aidl(0: 1)
04-17 18:03:01.253   482 27277 E C2IgbaBuffer: Waiting a sync fence failed 110 aidl(0: 1)
04-17 18:03:01.371 10569 10569 I wpa_supplicant: wlan0: CTRL-EVENT-BEACON-LOSS 
04-17 18:03:01.790 10277 10299 I DisplayDeviceRepository: Display device changed render timings: "Built-in Screen", renderFrameRate=60.000004, presentationDeadlineNanos=16666666, appVsyncOffsetNanos=1000000, frameRateOverrides=[]
04-17 18:03:01.894 10277 11749 W AS.PlaybackActivityMon: No piid assigned for invalid/internal port id 36
04-17 18:03:01.896 10277 11946 W AS.PlaybackActivityMon: No piid assigned for invalid/internal port id 36
04-17 18:03:02.649 10277 11946 D MediaSessionService: onSessionPlaybackStateChanged: record=com.streamfr.app/androidx.media3.session.id./84 (userId=0) playbackState=PlaybackState {state=PLAYING(3), position=146410, buffered position=200041, speed=1.0, updated=191263193, actions=7339995, custom actions=[], active item id=0, error=null}
04-17 18:03:02.654 13623 13623 E MediaControlProfile: onCurrentPlayerStateUpdated: base actions not supported, player actions= 6fffdb, expected at least= 7f
04-17 18:03:02.654 13623 13623 W MediaControlGattService: Feature PLAYBACK_SPEED support: true
04-17 18:03:02.654 13623 13623 W MediaControlGattService: Feature PLAYBACK_SPEED support: true
04-17 18:03:02.654 13623 13623 W MediaControlGattService: Feature PLAYBACK_SPEED support: true
04-17 18:03:02.654 13623 13623 W MediaControlGattService: Feature TRACK_POSITION support: true
04-17 18:03:02.654 13623 13623 W MediaControlGattService: Feature TRACK_POSITION_NOTIFY support: true
04-17 18:03:02.654 13623 13623 W MediaControlGattService: Feature MEDIA_STATE support: true
04-17 18:03:02.654 13623 13623 W MediaControlGattService: Feature MEDIA_STATE support: true
04-17 18:03:02.656 13623 13759 I BluetoothAdapterProperties: getBondedDevices: length=0
04-17 18:03:02.657 13623 13623 W MediaControlGattService: Feature PLAYER_NAME support: true
04-17 18:03:02.658 13623 13623 W MediaControlGattService: Feature MEDIA_CONTROL_POINT_OPCODES_SUPPORTED support: true
04-17 18:03:02.658 13623 13623 W MediaControlGattService: Feature MEDIA_STATE support: true
04-17 18:03:02.658 13623 13623 W MediaControlGattService: Feature MEDIA_STATE support: true
04-17 18:03:02.658 13623 13623 W MediaControlGattService: Feature SEEKING_SPEED support: true
04-17 18:03:02.658 13623 13623 W MediaControlGattService: Feature SEEKING_SPEED support: true
04-17 18:03:02.658 13623 13623 W MediaControlGattService: Feature SEEKING_SPEED support: true
04-17 18:03:02.660 13623 13623 I bluetooth: system/btif/avrcp/avrcp_service.cc:533 SendMediaUpdate: track_changed=false :  play_state=true :  queue=false
04-17 18:03:03.252 10210 10253 D AF::Track: interceptBuffer: took 1921us to intercept 0 tracks
04-17 18:03:03.673 10740 10889 D SatelliteController: isInCarrierRoamingNbIotNtn: satellite is disabled
04-17 18:03:03.673 10740 10889 D SatelliteController: getCarrierRoamingNtnConnectType: Checking connect type from PLMN config for subId: 1
04-17 18:03:03.681 10740 10889 D SatelliteController: getSatellitePerPlmnConfiguration: invalid subId or not supported via carrier.
04-17 18:03:03.681 10740 10889 D SatelliteController: getCarrierRoamingNtnConnectType: config: null
04-17 18:03:03.682 10740 10889 D SatelliteController: getCarrierRoamingNtnConnectType: Falling back to global carrier config connect type: 0
04-17 18:03:03.684 10740 10889 D SatelliteController: updateLastNotifiedCarrierRoamingNtnSignalStrengthAndNotify(1)
04-17 18:03:03.687 10740 10889 D SatelliteController: updateLastNotifiedCarrierRoamingNtnSignalStrengthAndNotify(1) lastNotifiedSignalStrength level: 0
04-17 18:03:03.687 10740 10889 D SatelliteController: updateLastNotifiedCarrierRoamingNtnSignalStrengthAndNotify(1) currSignalStrength level: 0
04-17 18:03:03.854 10277 10481 I HalDevMgr: bestIfaceCreationProposal is null, requestIface=STA, existingIface=[name=wlan0 type=STA]
04-17 18:03:03.884 10210 10253 D AudioFlinger: mixer(0x76f86a063790) throttle end: throttle time(4)
04-17 18:03:04.309   591 27282 D AidlBufferPool: bufferpool2 0x7df4cec22de8 : 12(49152 size) total buffers - 6(24576 size) used buffers - 6833/6858 (recycle/alloc) - 59/6857 (fetch/transfer)
04-17 18:03:04.708 10277 11590 W AS.PlaybackActivityMon: No piid assigned for invalid/internal port id 36
04-17 18:03:04.710 10277 11598 W AS.PlaybackActivityMon: No piid assigned for invalid/internal port id 36
04-17 18:03:04.711 10277 11598 E AppOps  : attributionTag  not declared in manifest of com.streamfr.app
04-17 18:03:04.712 10277 11590 D MediaSessionService: onSessionPlaybackStateChanged: record=com.streamfr.app/androidx.media3.session.id./84 (userId=0) playbackState=PlaybackState {state=PAUSED(2), position=148474, buffered position=200041, speed=0.0, updated=191265254, actions=7339997, custom actions=[], active item id=0, error=null}
04-17 18:03:04.713 10277 11598 E AppOps  : attributionTag  not declared in manifest of com.streamfr.app
04-17 18:03:04.715 10277 11590 D MediaSessionService: onSessionPlaybackStateChanged: record=com.streamfr.app/androidx.media3.session.id./84 (userId=0) playbackState=PlaybackState {state=PAUSED(2), position=148474, buffered position=200041, speed=0.0, updated=191265258, actions=7339997, custom actions=[], active item id=0, error=null}
04-17 18:03:04.724 13623 13623 W MediaPlayerWrapper: onPlaybackStateChanged(): com.streamfr.app tried to update with no new data
04-17 18:03:04.727 26417 26417 D CACHE_PATH: /data/user/0/com.streamfr.app/files/user-data-cache/TMDb_fr_.json
04-17 18:03:04.729 13623 13623 I bluetooth: system/btif/avrcp/avrcp_service.cc:533 SendMediaUpdate: track_changed=false :  play_state=true :  queue=false
04-17 18:03:04.733 26417 26417 D CACHE_PATH: /data/user/0/com.streamfr.app/files/user-data-cache/TMDb_fr_.json
04-17 18:03:04.736 13623 13623 E MediaControlProfile: onCurrentPlayerStateUpdated: base actions not supported, player actions= 6fffdd, expected at least= 7f
04-17 18:03:04.737 13623 13623 W MediaControlGattService: Feature PLAYBACK_SPEED support: true
04-17 18:03:04.737 13623 13623 W MediaControlGattService: Feature PLAYBACK_SPEED support: true
04-17 18:03:04.737 13623 13623 W MediaControlGattService: Feature PLAYBACK_SPEED support: true
04-17 18:03:04.737 13623 13623 W MediaControlGattService: Feature PLAYBACK_SPEED_NOTIFY support: true
04-17 18:03:04.740 13623 13759 I BluetoothAdapterProperties: getBondedDevices: length=0
04-17 18:03:04.741 13623 13623 W MediaControlGattService: Feature TRACK_POSITION support: true
04-17 18:03:04.741 13623 13623 W MediaControlGattService: Feature TRACK_POSITION_NOTIFY support: true
04-17 18:03:04.742 13623 13623 W MediaControlGattService: Feature MEDIA_STATE support: true
04-17 18:03:04.743 13623 13623 W MediaControlGattService: Feature MEDIA_STATE support: true
04-17 18:03:04.745 13623 13759 I BluetoothAdapterProperties: getBondedDevices: length=0
04-17 18:03:04.746 13623 13623 W MediaControlGattService: Feature PLAYER_NAME support: true
04-17 18:03:04.746 13623 13623 W MediaControlGattService: Feature MEDIA_CONTROL_POINT_OPCODES_SUPPORTED support: true
04-17 18:03:04.746 13623 13623 W MediaControlGattService: Feature MEDIA_STATE support: true
04-17 18:03:04.746 13623 13623 W MediaControlGattService: Feature MEDIA_STATE support: true
04-17 18:03:04.748 26417 27275 I Surface : Creating surface for consumer unnamed-26417-7 with slotExpansion=0 for 64 slots
04-17 18:03:04.748 26417 27275 D SurfaceUtils: connecting to surface 0x76a25a1de960, reason connectToSurface
04-17 18:03:04.748 26417 27275 I MediaCodec: [c2.goldfish.h264.decoder] setting surface generation to 27051012
04-17 18:03:04.748 26417 27275 D SurfaceUtils: disconnecting from surface 0x76a25a1de960, reason connectToSurface(reconnect)
04-17 18:03:04.748 26417 27275 D SurfaceUtils: connecting to surface 0x76a25a1de950, reason connectToSurface(reconnect-with-listener)
04-17 18:03:04.748 13623 13759 I BluetoothAdapterProperties: getBondedDevices: length=0
04-17 18:03:04.749 26417 27275 D Codec2Client: setOutputSurface -- failed to set consumer usage (6/BAD_INDEX)
04-17 18:03:04.750 26417 27275 D LegacyGraphicsTracker: new surface in configuration: maxDequeueRequested(0), maxDequeueCommitted(12)
04-17 18:03:04.750 26417 27275 D LegacyGraphicsTracker: new surface configured with id:113460151058439 gen:27051012 maxDequeue:12
04-17 18:03:04.750 26417 27275 D LegacyGraphicsTracker: maxDequeueCount is already 12
04-17 18:03:04.750 26417 27275 D Codec2Client: setOutputSurface -- generation=27051012 consumer usage=0x900
04-17 18:03:04.750 26417 27275 D SurfaceUtils: disconnecting from surface 0x76a25a07d540, reason disconnectFromSurface
04-17 18:03:04.751 13623 13623 W MediaControlGattService: Feature MEDIA_STATE support: true
04-17 18:03:04.753 13623 13623 W MediaControlGattService: Feature SEEKING_SPEED support: true
04-17 18:03:04.754 13623 13623 W MediaControlGattService: Feature SEEKING_SPEED support: true
04-17 18:03:04.754 13623 13623 W MediaControlGattService: Feature SEEKING_SPEED support: true
04-17 18:03:04.754 13623 13623 W MediaPlayerWrapper: onPlaybackStateChanged(): com.streamfr.app tried to update with no new data
04-17 18:03:04.761 26417 26417 D InsetsController: Setting requestedVisibleTypes to 503 (was 496)
04-17 18:03:04.763 10277 11590 I ImeTracker: system_server:1dc736a8: onRequestHide at ORIGIN_SERVER reason IME_REQUESTED_CHANGED_LISTENER fromUser false displayId 0
04-17 18:03:04.766 10277 10299 I ImeTracker: system_server:1dc736a8: onCancelled at PHASE_SERVER_SHOULD_HIDE
04-17 18:03:04.769 26417 26417 I ExoPlayerImpl: Release b6ddd09 [AndroidXMedia3/1.8.0] [emu64xa16k, sdk_gphone16k_x86_64, Google, 37] [media3.common, media3.ui, media3.exoplayer, media3.decoder, media3.session, media3.exoplayer.hls, media3.datasource, media3.datasource.okhttp, media3.extractor]
04-17 18:03:04.779 26417 27241 D MediaCodec: keep callback message for reclaim
04-17 18:03:04.782   482 27277 W SimpleC2Component: unknown frame index: 4053
04-17 18:03:04.782 26417 27275 I CCodecConfig: query failed after returning 14 values (BAD_INDEX)
04-17 18:03:04.782   482 27277 D SimpleC2Component: work form old generation: was 3 now 2
04-17 18:03:04.783 26417 27276 D CCodecBufferChannel: [c2.goldfish.h264.decoder#502] flushed work; ignored.
04-17 18:03:04.785 26417 27276 D CCodecBufferChannel: [c2.goldfish.h264.decoder#502] Discard frames from previous generation.
04-17 18:03:04.790 26417 27241 D MediaCodec: keep callback message for reclaim
04-17 18:03:04.790 26417 27280 I CCodecConfig: query failed after returning 21 values (BAD_INDEX)
04-17 18:03:04.795 26417 27275 I MediaCodec: [c2.goldfish.h264.decoder] connecting to the same surface. Nothing to do.
04-17 18:03:04.795 26417 27275 D CCodecBufferChannel: [c2.goldfish.h264.decoder#502] MediaCodec discarded an unknown buffer
04-17 18:03:04.795 26417 27275 D CCodecBufferChannel: [c2.goldfish.h264.decoder#502] MediaCodec discarded an unknown buffer
04-17 18:03:04.795 26417 27275 D CCodecBufferChannel: [c2.goldfish.h264.decoder#502] MediaCodec discarded an unknown buffer
04-17 18:03:04.795 26417 27275 D CCodecBufferChannel: [c2.goldfish.h264.decoder#502] MediaCodec discarded an unknown buffer
04-17 18:03:04.796 26417 27434 D CCodec  : hold CodecLooper(1) until release
04-17 18:03:04.798 26417 27275 D SurfaceUtils: disconnecting from surface 0x76a25a1de960, reason disconnectFromSurface
04-17 18:03:04.803 26417 27280 D CCodecBufferChannel: [c2.android.aac.decoder#871] MediaCodec discarded an unknown buffer
04-17 18:03:04.804 26417 27280 D CCodecBufferChannel: [c2.android.aac.decoder#871] MediaCodec discarded an unknown buffer
04-17 18:03:04.804 26417 27280 D CCodecBufferChannel: [c2.android.aac.decoder#871] MediaCodec discarded an unknown buffer
04-17 18:03:04.804 26417 27280 D CCodecBufferChannel: [c2.android.aac.decoder#871] MediaCodec discarded an unknown buffer
04-17 18:03:04.804 26417 27435 D CCodec  : hold CodecLooper(1) until release
04-17 18:03:04.807   591 18689 I libbinder.BpBinder: onLastStrongRef automatically unlinking death recipients for binder (0x7df4eec0e520) with descriptor: 'android.hardware.media.bufferpool2.IClientManager'
04-17 18:03:04.808   591 18689 D AidlBufferPool: bufferpool2 0x7df4cec24758 : 0(0 size) total buffers - 0(0 size) used buffers - 0/0 (recycle/alloc) - 0/0 (fetch/transfer)
04-17 18:03:04.808   591 18689 D AidlBufferPool: Destruction - bufferpool2 0x7df4cec24758 cached: 0/0M, 0/0% in use; allocs: 0, 0% recycled; transfers: 0, 0% unfetched
04-17 18:03:04.814 10277 11749 I MediaFocusControl: abandonAudioFocus() from uid/pid 10241/26417 clientId=android.media.AudioManager@23789f8androidx.media3.exoplayer.AudioFocusManager$$ExternalSyntheticLambda0@d55df65 callingPack=com.streamfr.app
04-17 18:03:04.818 26417 26417 I MediaSessionImpl: Release 5160b0e [AndroidXMedia3/1.8.0] [emu64xa16k, sdk_gphone16k_x86_64, Google, 37] [media3.common, media3.ui, media3.exoplayer, media3.decoder, media3.session, media3.exoplayer.hls, media3.datasource, media3.datasource.okhttp, media3.extractor]
04-17 18:03:04.820 10277 11749 I MediaSessionStack: removeSession | record: com.streamfr.app/androidx.media3.session.id./84 (userId=0)
04-17 18:03:04.820 10277 11749 D MediaSessionService: Media button session is changed to null
04-17 18:03:04.821 10277 11749 D MediaSessionService: destroySessionLocked: record=com.streamfr.app/androidx.media3.session.id./84 (userId=0)
04-17 18:03:04.825 13623 13623 I PlayerSettingsManager: activePlayerChanged - current active app uid=10241 isNotFrozen=true
04-17 18:03:04.825 13623 13623 I PlayerSettingsManager: activePlayerChanged - New player is null, removed active player
04-17 18:03:04.825 13623 13623 I PlayerSettingsManager: getPlayerRepeatMode - no active player
04-17 18:03:04.825 13623 13623 I PlayerSettingsManager: getPlayerShuffleMode - no active player
04-17 18:03:04.825 10277 11590 W MediaSessionRecord: Ignoring call to destroyed session
04-17 18:03:04.825 13623 13623 I PlayerSettingsManager: updateRemoteDevice: repeat (STATE_REPEAT_OFF -> STATE_REPEAT_OFF), shuffle (STATE_SHUFFLE_OFF -> STATE_SHUFFLE_OFF)
04-17 18:03:04.827 10277 10524 D MediaSessionService: setFgsIfNoSessionIsLinkedToNotification: record=com.streamfr.app/androidx.media3.session.id./84 (userId=0)
04-17 18:03:04.829 13623 13623 I PlayerSettingsManager: activePlayerChanged - New player is null, removed active player
04-17 18:03:04.829 13623 13623 I PlayerSettingsManager: getPlayerRepeatMode - no active player
04-17 18:03:04.829 13623 13623 I PlayerSettingsManager: getPlayerShuffleMode - no active player
04-17 18:03:04.829 13623 13623 I PlayerSettingsManager: updateRemoteDevice: repeat (STATE_REPEAT_OFF -> STATE_REPEAT_OFF), shuffle (STATE_SHUFFLE_OFF -> STATE_SHUFFLE_OFF)
04-17 18:03:04.830 26417 26417 D VRI[MainMobileActivity]: WindowInsets changed: statusBars:[0,156,0,0] navigationBars:[0,0,144,0] 
04-17 18:03:04.833 13623 13623 W MediaPlayerWrapper: The session was destroyed com.streamfr.app
04-17 18:03:04.833 10277 11598 W MediaSessionRecord: Ignoring call to destroyed session
04-17 18:03:04.837 13623 13623 I bluetooth: system/btif/avrcp/avrcp_service.cc:533 SendMediaUpdate: track_changed=true :  play_state=true :  queue=false
04-17 18:03:04.841 13623 13623 W MediaPlayerWrapper: The session was destroyed com.streamfr.app
04-17 18:03:04.841 10277 11946 W MediaSessionRecord: Ignoring call to destroyed session
04-17 18:03:04.844 13623 13623 W MediaControlGattService: Feature MEDIA_STATE support: true
04-17 18:03:04.847 13623 13759 I BluetoothAdapterProperties: getBondedDevices: length=0
04-17 18:03:04.847 13623 13623 W MediaControlGattService: Feature PLAYER_NAME support: true
04-17 18:03:04.849 13623 13623 W MediaControlGattService: Feature PLAYER_ICON_URL support: false
04-17 18:03:04.849 13623 13623 W MediaControlGattService: Feature PLAYER_ICON_OBJ_ID support: false
04-17 18:03:04.849 13623 13623 W MediaControlGattService: Feature CURRENT_TRACK_SEGMENT_OBJ_ID support: false
04-17 18:03:04.850 13623 13623 W MediaControlGattService: Feature CURRENT_TRACK_OBJ_ID support: false
04-17 18:03:04.850 13623 13623 W MediaControlGattService: Feature NEXT_TRACK_OBJ_ID support: false
04-17 18:03:04.850 13623 13623 W MediaControlGattService: Feature CURRENT_GROUP_OBJ_ID support: false
04-17 18:03:04.850 13623 13623 W MediaControlGattService: Feature PARENT_GROUP_OBJ_ID support: false
04-17 18:03:04.850 13623 13623 W MediaControlGattService: Feature SEARCH_RESULT_OBJ_ID support: false
04-17 18:03:04.850 13623 13623 W MediaControlGattService: Feature TRACK_TITLE support: true
04-17 18:03:04.852 13623 13623 W MediaControlGattService: Feature TRACK_DURATION support: true
04-17 18:03:04.852 13623 13623 W MediaControlGattService: Feature TRACK_POSITION support: true
04-17 18:03:04.852 13623 13623 W MediaControlGattService: Feature TRACK_POSITION_NOTIFY support: true
04-17 18:03:04.852 13623 13623 W MediaControlGattService: Feature MEDIA_STATE support: true
04-17 18:03:04.854 13623 13759 I BluetoothAdapterProperties: getBondedDevices: length=0
04-17 18:03:04.855 13623 13623 W MediaControlGattService: Feature PLAYBACK_SPEED support: true
04-17 18:03:04.855 13623 13623 W MediaControlGattService: Feature PLAYBACK_SPEED support: true
04-17 18:03:04.855 13623 13623 W MediaControlGattService: Feature PLAYBACK_SPEED support: true
04-17 18:03:04.855 13623 13623 W MediaControlGattService: Feature SEEKING_SPEED support: true
04-17 18:03:04.855 13623 13623 W MediaControlGattService: Feature SEEKING_SPEED support: true
04-17 18:03:04.855 13623 13623 W MediaControlGattService: Feature SEEKING_SPEED support: true
04-17 18:03:04.855 13623 13623 W MediaControlGattService: Feature PLAYING_ORDER_SUPPORTED support: true
04-17 18:03:04.855 13623 13623 W MediaControlGattService: Feature PLAYING_ORDER support: true
04-17 18:03:04.855 13623 13623 W MediaControlGattService: Feature MEDIA_CONTROL_POINT_OPCODES_SUPPORTED support: true
04-17 18:03:04.855 13623 13623 W MediaControlGattService: Feature TRACK_POSITION support: true
04-17 18:03:04.855 13623 13623 W MediaControlGattService: Feature TRACK_POSITION_NOTIFY support: true
04-17 18:03:04.855 13623 13623 W MediaControlGattService: Feature MEDIA_STATE support: true
04-17 18:03:04.858 13623 13759 I BluetoothAdapterProperties: getBondedDevices: length=0
04-17 18:03:04.858 13623 13623 W MediaControlGattService: Feature TRACK_TITLE support: true
04-17 18:03:04.858 13623 13623 W MediaControlGattService: Feature TRACK_TITLE support: true
04-17 18:03:04.858 13623 13623 W MediaControlGattService: Feature TRACK_TITLE_NOTIFY support: true
04-17 18:03:04.860 13623 13759 I BluetoothAdapterProperties: getBondedDevices: length=0
