04-16 22:43:59.439   664   799 I am_wtf  : [0,664,system_server,-1,PowerManagerService,Event cannot be newer than the current time (now=263722638, eventTime=263722641, displayId=0, event=other, flags=0)]
04-16 22:43:59.632   664   858 I input_cancel: [656e8d0 com.brave.browser/org.chromium.chrome.browser.app.download.home.DownloadActivity (server),reason=conflicting pointer actions]
04-16 22:43:59.633   664   858 I input_cancel: [PointerEventDispatcher0 (server),reason=conflicting pointer actions]
04-16 22:43:59.776   664  1833 I wm_task_created: 1376
04-16 22:43:59.780   664  1833 I wm_task_moved: [1376,1376,0,1,4]
04-16 22:43:59.780   664  1833 I wm_task_to_front: [0,1376,0]
04-16 22:43:59.784   664  1833 I wm_create_task: [0,1376,1376,0]
04-16 22:43:59.784   664  1833 I wm_create_activity: [0,211135614,1376,com.google.android.packageinstaller/com.android.packageinstaller.InstallStart,android.intent.action.VIEW,application/vnd.android.package-archive,content://media/...,276824067]
04-16 22:43:59.784   664  1833 I wm_task_moved: [1376,1376,0,1,4]
04-16 22:43:59.785   664  1833 I wm_pause_activity: [0,160923793,com.brave.browser/org.chromium.chrome.browser.app.download.home.DownloadActivity,userLeaving=true,pauseBackTasks]
04-16 22:43:59.792  8656  8656 I wm_on_top_resumed_lost_called: [160923793,org.chromium.chrome.browser.app.download.home.DownloadActivity,topStateChangedWhenResumed]
04-16 22:43:59.800  8656  8656 I wm_on_paused_called: [160923793,org.chromium.chrome.browser.app.download.home.DownloadActivity,performPause,5]
04-16 22:43:59.803   664  1851 I wm_restart_activity: [0,211135614,1376,com.google.android.packageinstaller/com.android.packageinstaller.InstallStart]
04-16 22:43:59.806   664  1851 I wm_set_resumed_activity: [0,com.google.android.packageinstaller/com.android.packageinstaller.InstallStart,minimalResumeActivityLocked - onActivityStateChanged]
04-16 22:43:59.808   664   785 I sysui_multi_action: [757,803,799,window_time_0,802,2]
04-16 22:43:59.814   664   789 I input_focus: [Requesting to set focus to null window,reason=UpdateInputWindows]
04-16 22:43:59.832   664   858 I input_focus: [Focus leaving 656e8d0 com.brave.browser/org.chromium.chrome.browser.app.download.home.DownloadActivity (server),reason=Waiting for window because NO_WINDOW]
04-16 22:43:59.859   664  1833 I wm_task_moved: [1376,1376,0,1,4]
04-16 22:43:59.859   664  1833 I wm_create_activity: [0,141610326,1376,com.google.android.packageinstaller/com.android.packageinstaller.InstallStaging,android.intent.action.VIEW,application/vnd.android.package-archive,content://media/...,33554433]
04-16 22:43:59.867   664  1833 I wm_pause_activity: [0,211135614,com.google.android.packageinstaller/com.android.packageinstaller.InstallStart,userLeaving=true,resumeTopActivity]
04-16 22:43:59.871   664  1848 I wm_finish_activity: [0,211135614,1376,com.google.android.packageinstaller/com.android.packageinstaller.InstallStart,app-request]
04-16 22:43:59.871 24157 24157 I wm_on_create_called: [211135614,com.android.packageinstaller.InstallStart,performCreate,49]
04-16 22:43:59.881   664  1833 I wm_add_to_stopping: [0,211135614,com.google.android.packageinstaller/com.android.packageinstaller.InstallStart,completeFinishing]
04-16 22:43:59.883   664  1833 I wm_restart_activity: [0,141610326,1376,com.google.android.packageinstaller/com.android.packageinstaller.InstallStaging]
04-16 22:43:59.884   664  1833 I wm_set_resumed_activity: [0,com.google.android.packageinstaller/com.android.packageinstaller.InstallStaging,minimalResumeActivityLocked - onActivityStateChanged]
04-16 22:43:59.886   664   785 I sysui_multi_action: [757,803,799,window_time_0,802,0]
04-16 22:43:59.927 24157 24157 I wm_on_create_called: [141610326,com.android.packageinstaller.InstallStaging,performCreate,38]
04-16 22:43:59.929 24157 24157 I wm_on_start_called: [141610326,com.android.packageinstaller.InstallStaging,handleStartActivity,0]
04-16 22:44:00.012 24157 24157 I wm_on_resume_called: [141610326,com.android.packageinstaller.InstallStaging,RESUME_ACTIVITY,81]
04-16 22:44:00.014   664   787 I commit_sys_config_file: [package-session,263702929]
04-16 22:44:00.021 24157 24157 I wm_on_top_resumed_gained_called: [141610326,com.android.packageinstaller.InstallStaging,topStateChangedWhenResumed]
04-16 22:44:00.037   664   787 I commit_sys_config_file: [package-session,263702952]
04-16 22:44:00.039   664   789 I input_focus: [Focus request 4247a9 com.google.android.packageinstaller/com.android.packageinstaller.InstallStaging,reason=UpdateInputWindows]
04-16 22:44:00.124   664   785 I sysui_multi_action: [319,371,322,366,325,263722,757,761,758,8,759,2,806,com.google.android.packageinstaller,871,com.android.packageinstaller.InstallStaging,904,com.google.android.packageinstaller,905,0,1320,4,1321,23]
04-16 22:44:00.125   664   785 I wm_activity_launch_time: [0,141610326,com.google.android.packageinstaller/com.android.packageinstaller.InstallStaging,366]
04-16 22:44:00.132   664   858 I input_focus: [Focus entering 4247a9 com.google.android.packageinstaller/com.android.packageinstaller.InstallStaging (server),reason=Window became focusable. Previous reason: NOT_VISIBLE]
04-16 22:44:00.138   664   858 I input_interaction: Interaction with: 4247a9 com.google.android.packageinstaller/com.android.packageinstaller.InstallStaging (server), PointerEventDispatcher0 (server), 
04-16 22:44:00.305   664   788 I wm_destroy_activity: [0,211135614,1376,com.google.android.packageinstaller/com.android.packageinstaller.InstallStart,finish-imm:idle]
04-16 22:44:00.306 24157 24157 I wm_on_destroy_called: [211135614,com.android.packageinstaller.InstallStart,performDestroy,0]
04-16 22:44:01.024   664  1707 I wm_task_moved: [1376,1376,0,1,4]
04-16 22:44:01.024   664  1707 I wm_create_activity: [0,184531163,1376,com.google.android.packageinstaller/com.android.packageinstaller.DeleteStagedFileOnResult,android.intent.action.VIEW,NULL,file:///...,33619969]
04-16 22:44:01.025   664  1707 I wm_pause_activity: [0,141610326,com.google.android.packageinstaller/com.android.packageinstaller.InstallStaging,userLeaving=true,resumeTopActivity]
04-16 22:44:01.043   664  1707 I wm_finish_activity: [0,141610326,1376,com.google.android.packageinstaller/com.android.packageinstaller.InstallStaging,app-request]
04-16 22:44:01.045 24157 24157 I wm_on_top_resumed_lost_called: [141610326,com.android.packageinstaller.InstallStaging,topStateChangedWhenResumed]
04-16 22:44:01.051 24157 24157 I wm_on_paused_called: [141610326,com.android.packageinstaller.InstallStaging,performPause,1]
04-16 22:44:01.052   664 12029 I wm_add_to_stopping: [0,141610326,com.google.android.packageinstaller/com.android.packageinstaller.InstallStaging,completeFinishing]
04-16 22:44:01.054   664 12029 I wm_add_to_stopping: [0,160923793,com.brave.browser/org.chromium.chrome.browser.app.download.home.DownloadActivity,makeInvisible]
04-16 22:44:01.055   664 12029 I wm_restart_activity: [0,184531163,1376,com.google.android.packageinstaller/com.android.packageinstaller.DeleteStagedFileOnResult]
04-16 22:44:01.068   664 12029 I wm_set_resumed_activity: [0,com.google.android.packageinstaller/com.android.packageinstaller.DeleteStagedFileOnResult,minimalResumeActivityLocked - onActivityStateChanged]
04-16 22:44:01.071   664   785 I sysui_multi_action: [757,803,799,window_time_0,802,1]
04-16 22:44:01.071   664   664 I service_manager_slow: [11,phone]
04-16 22:44:01.075   664   789 I input_focus: [Requesting to set focus to null window,reason=UpdateInputWindows]
04-16 22:44:01.090   664 12029 I wm_task_moved: [1376,1376,0,1,4]
04-16 22:44:01.091   664 12029 I wm_create_activity: [0,109629065,1376,com.google.android.packageinstaller/com.android.packageinstaller.PackageInstallerActivity,android.intent.action.VIEW,NULL,file:///...,65536]
04-16 22:44:01.092   664 12029 I wm_pause_activity: [0,184531163,com.google.android.packageinstaller/com.android.packageinstaller.DeleteStagedFileOnResult,userLeaving=true,resumeTopActivity]
04-16 22:44:01.097   664  1851 I input_cancel: [4247a9 com.google.android.packageinstaller/com.android.packageinstaller.InstallStaging (server),reason=touched window was removed]
04-16 22:44:01.101   664   858 I input_focus: [Focus leaving 4247a9 com.google.android.packageinstaller/com.android.packageinstaller.InstallStaging (server),reason=NO_WINDOW]
04-16 22:44:01.101 24157 24157 I wm_on_create_called: [184531163,com.android.packageinstaller.DeleteStagedFileOnResult,performCreate,17]
04-16 22:44:01.109 24157 24157 I wm_on_start_called: [184531163,com.android.packageinstaller.DeleteStagedFileOnResult,handleStartActivity,0]
04-16 22:44:01.109 24157 24157 I wm_on_resume_called: [184531163,com.android.packageinstaller.DeleteStagedFileOnResult,RESUME_ACTIVITY,0]
04-16 22:44:01.133   664   789 I input_focus: [Focus request 926ca45 com.google.android.packageinstaller/com.android.packageinstaller.DeleteStagedFileOnResult,reason=UpdateInputWindows]
04-16 22:44:01.137   664   858 I input_cancel: [PointerEventDispatcher0 (server),reason=input event injection failed]
04-16 22:44:01.150 24157 24157 I wm_on_top_resumed_gained_called: [184531163,com.android.packageinstaller.DeleteStagedFileOnResult,topStateChangedWhenResumed]
04-16 22:44:01.150 24157 24157 I wm_on_top_resumed_lost_called: [184531163,com.android.packageinstaller.DeleteStagedFileOnResult,topStateChangedWhenResumed]
04-16 22:44:01.160 24157 24157 I wm_on_paused_called: [184531163,com.android.packageinstaller.DeleteStagedFileOnResult,performPause,0]
04-16 22:44:01.174   664  1707 I wm_restart_activity: [0,109629065,1376,com.google.android.packageinstaller/com.android.packageinstaller.PackageInstallerActivity]
04-16 22:44:01.176   664  1707 I wm_set_resumed_activity: [0,com.google.android.packageinstaller/com.android.packageinstaller.PackageInstallerActivity,minimalResumeActivityLocked - onActivityStateChanged]
04-16 22:44:01.185   664   785 I sysui_multi_action: [757,803,799,window_time_0,802,0]
04-16 22:44:01.188   664   789 I input_focus: [Requesting to set focus to null window,reason=UpdateInputWindows]
04-16 22:44:01.216 24157 24157 I wm_on_create_called: [109629065,com.android.packageinstaller.PackageInstallerActivity,performCreate,25]
04-16 22:44:01.221 24157 24157 I wm_on_start_called: [109629065,com.android.packageinstaller.PackageInstallerActivity,handleStartActivity,0]
04-16 22:44:01.242 24157 24157 I wm_on_resume_called: [109629065,com.android.packageinstaller.PackageInstallerActivity,RESUME_ACTIVITY,20]
04-16 22:44:01.254 24157 24157 I wm_on_top_resumed_gained_called: [109629065,com.android.packageinstaller.PackageInstallerActivity,topStateChangedWhenResumed]
04-16 22:44:01.274   664   789 I input_focus: [Focus request 9e34ca7 com.google.android.packageinstaller/com.android.packageinstaller.PackageInstallerActivity,reason=UpdateInputWindows]
04-16 22:44:01.322   664   785 I wm_activity_launch_time: [0,109629065,com.google.android.packageinstaller/com.android.packageinstaller.PackageInstallerActivity,295]
04-16 22:44:01.358   664   858 I input_focus: [Focus entering 9e34ca7 com.google.android.packageinstaller/com.android.packageinstaller.PackageInstallerActivity (server),reason=Window became focusable. Previous reason: NOT_VISIBLE]
04-16 22:44:01.360   664   788 I wm_destroy_activity: [0,141610326,1376,com.google.android.packageinstaller/com.android.packageinstaller.InstallStaging,finish-imm:idle]
04-16 22:44:01.361   664   788 I wm_stop_activity: [0,160923793,com.brave.browser/org.chromium.chrome.browser.app.download.home.DownloadActivity]
04-16 22:44:01.381 24157 24157 I wm_on_stop_called: [141610326,com.android.packageinstaller.InstallStaging,LIFECYCLER_STOP_ACTIVITY,0]
04-16 22:44:01.381 24157 24157 I wm_on_destroy_called: [141610326,com.android.packageinstaller.InstallStaging,performDestroy,0]
04-16 22:44:01.407   664   858 I input_interaction: Interaction with: 9e34ca7 com.google.android.packageinstaller/com.android.packageinstaller.PackageInstallerActivity (server), PointerEventDispatcher0 (server), 
04-16 22:44:01.441   664   799 I am_wtf  : [0,664,system_server,-1,PowerManagerService,Event cannot be newer than the current time (now=263724624, eventTime=263724627, displayId=0, event=other, flags=0)]
04-16 22:44:01.456   664   664 I service_manager_slow: [18,phone]
04-16 22:44:01.478   664   799 I am_wtf  : [0,664,system_server,-1,PowerManagerService,Event cannot be newer than the current time (now=263724676, eventTime=263724678, displayId=0, event=other, flags=0)]
04-16 22:44:01.590  8656  8656 I wm_on_stop_called: [160923793,org.chromium.chrome.browser.app.download.home.DownloadActivity,STOP_ACTIVITY_ITEM,103]
04-16 22:44:01.758   664   799 I am_wtf  : [0,664,system_server,-1,PowerManagerService,Event cannot be newer than the current time (now=263724956, eventTime=263724957, displayId=0, event=other, flags=0)]
04-16 22:44:02.127   664   858 I input_cancel: [9e34ca7 com.google.android.packageinstaller/com.android.packageinstaller.PackageInstallerActivity (server),reason=conflicting pointer actions]
04-16 22:44:02.127   664   858 I input_cancel: [PointerEventDispatcher0 (server),reason=conflicting pointer actions]
04-16 22:44:02.271   664  1851 I wm_task_moved: [1376,1376,0,1,4]
04-16 22:44:02.271   664  1851 I wm_create_activity: [0,156419077,1376,com.google.android.packageinstaller/com.android.packageinstaller.InstallInstalling,NULL,NULL,file:///...,33554432]
04-16 22:44:02.272   664  1851 I wm_pause_activity: [0,109629065,com.google.android.packageinstaller/com.android.packageinstaller.PackageInstallerActivity,userLeaving=true,resumeTopActivity]
04-16 22:44:02.286   664  1851 I wm_finish_activity: [0,109629065,1376,com.google.android.packageinstaller/com.android.packageinstaller.PackageInstallerActivity,app-request]
04-16 22:44:02.289 24157 24157 I wm_on_top_resumed_lost_called: [109629065,com.android.packageinstaller.PackageInstallerActivity,topStateChangedWhenResumed]
04-16 22:44:02.293 24157 24157 I wm_on_paused_called: [109629065,com.android.packageinstaller.PackageInstallerActivity,performPause,1]
04-16 22:44:02.294   664  1851 I wm_add_to_stopping: [0,109629065,com.google.android.packageinstaller/com.android.packageinstaller.PackageInstallerActivity,completeFinishing]
04-16 22:44:02.296   664  1851 I wm_add_to_stopping: [0,184531163,com.google.android.packageinstaller/com.android.packageinstaller.DeleteStagedFileOnResult,makeInvisible]
04-16 22:44:02.301   664  1851 I wm_restart_activity: [0,156419077,1376,com.google.android.packageinstaller/com.android.packageinstaller.InstallInstalling]
04-16 22:44:02.308   664  1851 I wm_set_resumed_activity: [0,com.google.android.packageinstaller/com.android.packageinstaller.InstallInstalling,minimalResumeActivityLocked - onActivityStateChanged]
04-16 22:44:02.311   664   785 I sysui_multi_action: [757,803,799,window_time_0,802,1]
04-16 22:44:02.319   664   789 I input_focus: [Requesting to set focus to null window,reason=UpdateInputWindows]
04-16 22:44:02.332   664   858 I input_focus: [Focus leaving 9e34ca7 com.google.android.packageinstaller/com.android.packageinstaller.PackageInstallerActivity (server),reason=Waiting for window because NO_WINDOW]
04-16 22:44:02.376 24157 24157 I wm_on_create_called: [156419077,com.android.packageinstaller.InstallInstalling,performCreate,50]
04-16 22:44:02.379 24157 24157 I wm_on_start_called: [156419077,com.android.packageinstaller.InstallInstalling,handleStartActivity,0]
04-16 22:44:02.384 24157 24157 I wm_on_resume_called: [156419077,com.android.packageinstaller.InstallInstalling,RESUME_ACTIVITY,1]
04-16 22:44:02.395 24157 24157 I wm_on_top_resumed_gained_called: [156419077,com.android.packageinstaller.InstallInstalling,topStateChangedWhenResumed]
04-16 22:44:02.409   664   789 I input_focus: [Focus request ba9b426 com.google.android.packageinstaller/com.android.packageinstaller.InstallInstalling,reason=UpdateInputWindows]
04-16 22:44:02.444   664   858 I input_cancel: [PointerEventDispatcher0 (server),reason=input event injection failed]
04-16 22:44:02.454   664   785 I wm_activity_launch_time: [0,156419077,com.google.android.packageinstaller/com.android.packageinstaller.InstallInstalling,179]
04-16 22:44:02.477   664   829 I commit_sys_config_file: [package-session,263705392]
04-16 22:44:02.499   664   858 I input_focus: [Focus entering ba9b426 com.google.android.packageinstaller/com.android.packageinstaller.InstallInstalling (server),reason=Window became focusable. Previous reason: NOT_VISIBLE]
04-16 22:44:02.569   664   858 I input_interaction: Interaction with: ba9b426 com.google.android.packageinstaller/com.android.packageinstaller.InstallInstalling (server), PointerEventDispatcher0 (server), 
04-16 22:44:02.683   664   788 I wm_destroy_activity: [0,109629065,1376,com.google.android.packageinstaller/com.android.packageinstaller.PackageInstallerActivity,finish-imm:idle]
04-16 22:44:02.684   664   788 I wm_stop_activity: [0,184531163,com.google.android.packageinstaller/com.android.packageinstaller.DeleteStagedFileOnResult]
04-16 22:44:02.749 24157 24157 I wm_on_stop_called: [109629065,com.android.packageinstaller.PackageInstallerActivity,LIFECYCLER_STOP_ACTIVITY,0]
04-16 22:44:02.749 24157 24157 I wm_on_destroy_called: [109629065,com.android.packageinstaller.PackageInstallerActivity,performDestroy,0]
04-16 22:44:02.780 24157 24157 I wm_on_stop_called: [184531163,com.android.packageinstaller.DeleteStagedFileOnResult,STOP_ACTIVITY_ITEM,0]
04-16 22:44:02.892   664   799 I am_wtf  : [0,664,system_server,-1,PowerManagerService,Event cannot be newer than the current time (now=263726091, eventTime=263726094, displayId=0, event=other, flags=0)]
04-16 22:44:04.038   664   787 I commit_sys_config_file: [package-session,263706953]
04-16 22:44:04.070   664   822 I service_manager_stats: [305,495,6015]
04-16 22:44:04.475   664   822 I commit_sys_config_file: [package,122]
04-16 22:44:04.675   664   819 I commit_sys_config_file: [package-user-0,202]
04-16 22:44:04.725   664   819 I commit_sys_config_file: [package-user-10,252]
04-16 22:44:10.143   664   847 I am_freeze: [23987,com.android.providers.tv]
04-16 22:44:11.676   664   847 I am_freeze: [7798,com.android.tv.settings]
04-16 22:44:12.334   664   822 I unknown_sources_enabled: 1
04-16 22:44:12.349   664   787 I commit_sys_config_file: [package-session,263715263]
04-16 22:44:12.364   664   829 I commit_sys_config_file: [package-session,263715278]
04-16 22:44:12.365   664 15657 I wm_task_moved: [1376,1376,0,1,4]
04-16 22:44:12.365   664 15657 I wm_create_activity: [0,93185917,1376,com.google.android.packageinstaller/com.android.packageinstaller.InstallSuccess,NULL,NULL,file:///...,33554432]
04-16 22:44:12.366   664 15657 I wm_pause_activity: [0,156419077,com.google.android.packageinstaller/com.android.packageinstaller.InstallInstalling,userLeaving=true,resumeTopActivity]
04-16 22:44:12.371   664 15657 I wm_finish_activity: [0,156419077,1376,com.google.android.packageinstaller/com.android.packageinstaller.InstallInstalling,app-request]
04-16 22:44:12.371 24157 24157 I wm_on_top_resumed_lost_called: [156419077,com.android.packageinstaller.InstallInstalling,topStateChangedWhenResumed]
04-16 22:44:12.372 24157 24157 I wm_on_paused_called: [156419077,com.android.packageinstaller.InstallInstalling,performPause,0]
04-16 22:44:12.375   664  1707 I wm_add_to_stopping: [0,156419077,com.google.android.packageinstaller/com.android.packageinstaller.InstallInstalling,completeFinishing]
04-16 22:44:12.380   664  1707 I wm_restart_activity: [0,93185917,1376,com.google.android.packageinstaller/com.android.packageinstaller.InstallSuccess]
04-16 22:44:12.382   664  1707 I wm_set_resumed_activity: [0,com.google.android.packageinstaller/com.android.packageinstaller.InstallSuccess,minimalResumeActivityLocked - onActivityStateChanged]
04-16 22:44:12.384   664   785 I sysui_multi_action: [757,803,799,window_time_0,802,10]
04-16 22:44:12.386   664   789 I input_focus: [Requesting to set focus to null window,reason=UpdateInputWindows]
04-16 22:44:12.407   664  1707 I input_cancel: [ba9b426 com.google.android.packageinstaller/com.android.packageinstaller.InstallInstalling (server),reason=touched window was removed]
04-16 22:44:12.408   664   858 I input_focus: [Focus leaving ba9b426 com.google.android.packageinstaller/com.android.packageinstaller.InstallInstalling (server),reason=NO_WINDOW]
04-16 22:44:12.436   664   833 I commit_sys_config_file: [overlays,263717561]
04-16 22:44:12.450   664   954 I service_manager_slow: [27,user]
04-16 22:44:12.478 24157 24157 I wm_on_create_called: [93185917,com.android.packageinstaller.InstallSuccess,performCreate,88]
04-16 22:44:12.480 24157 24157 I wm_on_start_called: [93185917,com.android.packageinstaller.InstallSuccess,handleStartActivity,0]
04-16 22:44:12.489   664   847 I am_unfreeze: [18754,com.google.android.permissioncontroller,6]
04-16 22:44:12.497 24157 24157 I wm_on_resume_called: [93185917,com.android.packageinstaller.InstallSuccess,RESUME_ACTIVITY,16]
04-16 22:44:12.536 24157 24157 I wm_on_top_resumed_gained_called: [93185917,com.android.packageinstaller.InstallSuccess,topStateChangedWhenResumed]
04-16 22:44:12.554   664   664 I notification_cancel_all: [1000,664,com.streamfr.app,0,0,0,5,NULL]
04-16 22:44:12.561   664   789 I input_focus: [Focus request 49bced0 com.google.android.packageinstaller/com.android.packageinstaller.InstallSuccess,reason=UpdateInputWindows]
04-16 22:44:12.618   664   954 I service_manager_slow: [32,user]
04-16 22:44:12.635   664   847 I am_unfreeze: [23987,com.android.providers.tv,3]
04-16 22:44:12.669   664   785 I wm_activity_launch_time: [0,93185917,com.google.android.packageinstaller/com.android.packageinstaller.InstallSuccess,268]
04-16 22:44:12.679   664   858 I input_focus: [Focus entering 49bced0 com.google.android.packageinstaller/com.android.packageinstaller.InstallSuccess (server),reason=Window became focusable. Previous reason: NOT_VISIBLE]
04-16 22:44:12.852   664   788 I wm_destroy_activity: [0,156419077,1376,com.google.android.packageinstaller/com.android.packageinstaller.InstallInstalling,finish-imm:idle]
04-16 22:44:12.867 24157 24157 I wm_on_stop_called: [156419077,com.android.packageinstaller.InstallInstalling,LIFECYCLER_STOP_ACTIVITY,0]
04-16 22:44:12.867 24157 24157 I wm_on_destroy_called: [156419077,com.android.packageinstaller.InstallInstalling,performDestroy,0]
04-16 22:44:13.559   664   858 I input_interaction: Interaction with: 49bced0 com.google.android.packageinstaller/com.android.packageinstaller.InstallSuccess (server), PointerEventDispatcher0 (server), 
04-16 22:44:13.836   664   847 I am_unfreeze: [22462,com.google.android.katniss:search,6]
04-16 22:44:14.504   664  9002 I commit_sys_config_file: [appops_accesses,263707149]
04-16 22:44:14.572   664   799 I am_wtf  : [0,664,system_server,-1,PowerManagerService,Event cannot be newer than the current time (now=263737770, eventTime=263737771, displayId=0, event=other, flags=0)]
04-16 22:44:14.730   664   664 I service_manager_stats: [100,275,10660]
04-16 22:44:14.794   664   858 I input_cancel: [49bced0 com.google.android.packageinstaller/com.android.packageinstaller.InstallSuccess (server),reason=conflicting pointer actions]
04-16 22:44:14.794   664   858 I input_cancel: [PointerEventDispatcher0 (server),reason=conflicting pointer actions]
04-16 22:44:14.896   664  1852 I wm_finish_activity: [0,93185917,1376,com.google.android.packageinstaller/com.android.packageinstaller.InstallSuccess,app-request]
04-16 22:44:14.900   664  1852 I wm_pause_activity: [0,93185917,com.google.android.packageinstaller/com.android.packageinstaller.InstallSuccess,userLeaving=false,finish]
04-16 22:44:14.902 24157 24157 I wm_on_top_resumed_lost_called: [93185917,com.android.packageinstaller.InstallSuccess,topStateChangedWhenResumed]
04-16 22:44:14.905 24157 24157 I wm_on_paused_called: [93185917,com.android.packageinstaller.InstallSuccess,performPause,0]
04-16 22:44:14.905   664  1836 I wm_add_to_stopping: [0,93185917,com.google.android.packageinstaller/com.android.packageinstaller.InstallSuccess,completeFinishing]
04-16 22:44:14.907   664  1836 I wm_set_resumed_activity: [0,com.google.android.packageinstaller/com.android.packageinstaller.DeleteStagedFileOnResult,resumeTopActivity - onActivityStateChanged]
04-16 22:44:14.911   664  1836 I wm_resume_activity: [0,184531163,1376,com.google.android.packageinstaller/com.android.packageinstaller.DeleteStagedFileOnResult]
04-16 22:44:14.914   664   785 I sysui_multi_action: [757,803,799,window_time_0,802,3]
04-16 22:44:14.917 24157 24157 I wm_on_restart_called: [184531163,com.android.packageinstaller.DeleteStagedFileOnResult,performRestart,0]
04-16 22:44:14.917 24157 24157 I wm_on_start_called: [184531163,com.android.packageinstaller.DeleteStagedFileOnResult,handleStartActivity,0]
04-16 22:44:14.918   664 12029 I wm_finish_activity: [0,184531163,1376,com.google.android.packageinstaller/com.android.packageinstaller.DeleteStagedFileOnResult,app-request]
04-16 22:44:14.918   664 12029 I wm_task_moved: [1372,1372,0,1,4]
04-16 22:44:14.918   664 12029 I wm_task_to_front: [0,1372,0]
04-16 22:44:14.919   664 12029 I wm_focused_root_task: [0,0,1372,1376,finish-top adjustFocusToNextFocusableTask]
04-16 22:44:14.919   664 12029 I wm_pause_activity: [0,184531163,com.google.android.packageinstaller/com.android.packageinstaller.DeleteStagedFileOnResult,userLeaving=false,finish]
04-16 22:44:14.921 24157 24157 I wm_on_activity_result_called: [184531163,com.android.packageinstaller.DeleteStagedFileOnResult,ACTIVITY_RESULT]
04-16 22:44:14.927   664 12029 I input_cancel: [49bced0 com.google.android.packageinstaller/com.android.packageinstaller.InstallSuccess (server),reason=touched window was removed]
04-16 22:44:14.929   664   858 I input_focus: [Focus leaving 49bced0 com.google.android.packageinstaller/com.android.packageinstaller.InstallSuccess (server),reason=NO_WINDOW]
04-16 22:44:14.953   664  1848 I wm_add_to_stopping: [0,184531163,com.google.android.packageinstaller/com.android.packageinstaller.DeleteStagedFileOnResult,completeFinishing]
04-16 22:44:14.954   664  1848 I wm_set_resumed_activity: [0,com.brave.browser/org.chromium.chrome.browser.app.download.home.DownloadActivity,resumeTopActivity - onActivityStateChanged]
04-16 22:44:14.973   664  1848 I wm_resume_activity: [0,160923793,1372,com.brave.browser/org.chromium.chrome.browser.app.download.home.DownloadActivity]
04-16 22:44:14.974  8656  8656 I wm_on_restart_called: [160923793,org.chromium.chrome.browser.app.download.home.DownloadActivity,performRestart,0]
04-16 22:44:14.974   664   785 I sysui_multi_action: [757,803,799,window_time_0,802,0]
04-16 22:44:15.006  8656  8656 I wm_on_start_called: [160923793,org.chromium.chrome.browser.app.download.home.DownloadActivity,handleStartActivity,33]
04-16 22:44:15.017  8656  8656 I wm_on_resume_called: [160923793,org.chromium.chrome.browser.app.download.home.DownloadActivity,RESUME_ACTIVITY,10]
04-16 22:44:15.018  8656  8656 I wm_on_top_resumed_gained_called: [160923793,org.chromium.chrome.browser.app.download.home.DownloadActivity,topWhenResuming]
04-16 22:44:15.030   664   789 I input_focus: [Focus request 656e8d0 com.brave.browser/org.chromium.chrome.browser.app.download.home.DownloadActivity,reason=UpdateInputWindows]
04-16 22:44:15.097   664   858 I input_focus: [Focus entering 656e8d0 com.brave.browser/org.chromium.chrome.browser.app.download.home.DownloadActivity (server),reason=Window became focusable. Previous reason: NOT_VISIBLE]
04-16 22:44:15.267   664   858 I input_interaction: Interaction with: 656e8d0 com.brave.browser/org.chromium.chrome.browser.app.download.home.DownloadActivity (server), PointerEventDispatcher0 (server), 
04-16 22:44:15.306   664   788 I wm_destroy_activity: [0,93185917,1376,com.google.android.packageinstaller/com.android.packageinstaller.InstallSuccess,finish-imm:idle]
04-16 22:44:15.307   664   788 I wm_destroy_activity: [0,184531163,1376,com.google.android.packageinstaller/com.android.packageinstaller.DeleteStagedFileOnResult,finish-imm:idle]
04-16 22:44:15.323 24157 24157 I wm_on_stop_called: [93185917,com.android.packageinstaller.InstallSuccess,LIFECYCLER_STOP_ACTIVITY,0]
04-16 22:44:15.323 24157 24157 I wm_on_destroy_called: [93185917,com.android.packageinstaller.InstallSuccess,performDestroy,0]
04-16 22:44:15.335 24157 24157 I wm_on_stop_called: [184531163,com.android.packageinstaller.DeleteStagedFileOnResult,LIFECYCLER_STOP_ACTIVITY,1]
04-16 22:44:15.342 24157 24157 I wm_on_destroy_called: [184531163,com.android.packageinstaller.DeleteStagedFileOnResult,performDestroy,7]
04-16 22:44:15.357   664  1848 I wm_task_removed: [1376,1376,0,removeChild, last child = ActivityRecord{affb8db u0 com.google.android.packageinstaller/com.android.packageinstaller.DeleteStagedFileOnResult t-1 f}} in Task{dbd05df #1376 type=standard A=10027:com.google.android.packageinstaller}]
04-16 22:44:15.652   664   799 I am_wtf  : [0,664,system_server,-1,PowerManagerService,Event cannot be newer than the current time (now=263738850, eventTime=263738852, displayId=0, event=other, flags=0)]
04-16 22:44:15.815   664   799 I am_wtf  : [0,664,system_server,-1,PowerManagerService,Event cannot be newer than the current time (now=263739007, eventTime=263739009, displayId=0, event=other, flags=0)]
04-16 22:44:16.081   664   799 I am_wtf  : [0,664,system_server,-1,PowerManagerService,Event cannot be newer than the current time (now=263739278, eventTime=263739279, displayId=0, event=other, flags=0)]
04-16 22:44:16.171   664   799 I am_wtf  : [0,664,system_server,-1,PowerManagerService,Event cannot be newer than the current time (now=263739368, eventTime=263739370, displayId=0, event=other, flags=0)]
04-16 22:44:16.553   664   799 I am_wtf  : [0,664,system_server,-1,PowerManagerService,Event cannot be newer than the current time (now=263739751, eventTime=263739752, displayId=0, event=other, flags=0)]
04-16 22:44:16.732   664   799 I am_wtf  : [0,664,system_server,-1,PowerManagerService,Event cannot be newer than the current time (now=263739930, eventTime=263739932, displayId=0, event=other, flags=0)]
04-16 22:44:16.733   664   858 I input_cancel: [656e8d0 com.brave.browser/org.chromium.chrome.browser.app.download.home.DownloadActivity (server),reason=conflicting pointer actions]
04-16 22:44:16.733   664   858 I input_cancel: [PointerEventDispatcher0 (server),reason=conflicting pointer actions]
04-16 22:44:16.733   664   799 I am_wtf  : [0,664,system_server,-1,PowerManagerService,Event cannot be newer than the current time (now=263739931, eventTime=263739932, displayId=0, event=other, flags=0)]
04-16 22:44:17.194   664   799 I am_wtf  : [0,664,system_server,-1,PowerManagerService,Event cannot be newer than the current time (now=263740392, eventTime=263740393, displayId=0, event=other, flags=0)]
04-16 22:44:17.272   664   789 I input_focus: [Focus request ca74f8a PopupWindow:ef4e40c,reason=UpdateInputWindows]
04-16 22:44:17.303   664   858 I input_focus: [Focus leaving 656e8d0 com.brave.browser/org.chromium.chrome.browser.app.download.home.DownloadActivity (server),reason=Waiting for window because NOT_VISIBLE]
04-16 22:44:17.418   664   858 I input_focus: [Focus entering ca74f8a PopupWindow:ef4e40c (server),reason=Window became focusable. Previous reason: NOT_VISIBLE]
04-16 22:44:17.438   664   858 I input_interaction: Interaction with: 656e8d0 com.brave.browser/org.chromium.chrome.browser.app.download.home.DownloadActivity (server), ca74f8a PopupWindow:ef4e40c (server), PointerEventDispatcher0 (server), 
04-16 22:44:17.473   664   799 I am_wtf  : [0,664,system_server,-1,PowerManagerService,Event cannot be newer than the current time (now=263740672, eventTime=263740674, displayId=0, event=other, flags=0)]
04-16 22:44:17.474   664   858 I input_interaction: Interaction with: ca74f8a PopupWindow:ef4e40c (server), PointerEventDispatcher0 (server), 
04-16 22:44:17.733   664   799 I am_wtf  : [0,664,system_server,-1,PowerManagerService,Event cannot be newer than the current time (now=263740931, eventTime=263740933, displayId=0, event=other, flags=0)]
04-16 22:44:18.631   664   858 I input_cancel: [ca74f8a PopupWindow:ef4e40c (server),reason=conflicting pointer actions]
04-16 22:44:18.631   664   858 I input_cancel: [PointerEventDispatcher0 (server),reason=conflicting pointer actions]
04-16 22:44:18.943   664   789 I input_focus: [Focus request 656e8d0 com.brave.browser/org.chromium.chrome.browser.app.download.home.DownloadActivity,reason=UpdateInputWindows]
04-16 22:44:18.966   664   858 I input_focus: [Focus entering 656e8d0 com.brave.browser/org.chromium.chrome.browser.app.download.home.DownloadActivity (server),reason=setFocusedWindow]
04-16 22:44:20.954   664   858 I input_interaction: Interaction with: 656e8d0 com.brave.browser/org.chromium.chrome.browser.app.download.home.DownloadActivity (server), PointerEventDispatcher0 (server), 
04-16 22:44:20.954   664   664 I service_manager_stats: [226,348,6224]
04-16 22:44:21.142   664   859 I sysui_multi_action: [757,803,799,key_back_press,802,1]
04-16 22:44:21.154   664  1852 I wm_finish_activity: [0,160923793,1372,com.brave.browser/org.chromium.chrome.browser.app.download.home.DownloadActivity,app-request]
04-16 22:44:21.158   664  1852 I wm_pause_activity: [0,160923793,com.brave.browser/org.chromium.chrome.browser.app.download.home.DownloadActivity,userLeaving=false,finish]
04-16 22:44:21.166  8656  8656 I wm_on_top_resumed_lost_called: [160923793,org.chromium.chrome.browser.app.download.home.DownloadActivity,topStateChangedWhenResumed]
04-16 22:44:21.173  8656  8656 I wm_on_paused_called: [160923793,org.chromium.chrome.browser.app.download.home.DownloadActivity,performPause,4]
04-16 22:44:21.173   664  1852 I wm_add_to_stopping: [0,160923793,com.brave.browser/org.chromium.chrome.browser.app.download.home.DownloadActivity,completeFinishing]
04-16 22:44:21.175   664  1852 I wm_set_resumed_activity: [0,com.brave.browser/com.google.android.apps.chrome.Main,resumeTopActivity - onActivityStateChanged]
04-16 22:44:21.177   664  1852 I wm_resume_activity: [0,246124168,1372,com.brave.browser/com.google.android.apps.chrome.Main]
04-16 22:44:21.179   664   785 I sysui_multi_action: [757,803,799,window_time_0,802,6]
04-16 22:44:21.189  8656  8656 I wm_on_restart_called: [246124168,com.google.android.apps.chrome.Main,performRestart,0]
04-16 22:44:21.203   664   858 I input_focus: [Focus leaving 656e8d0 com.brave.browser/org.chromium.chrome.browser.app.download.home.DownloadActivity (server),reason=NO_WINDOW]
04-16 22:44:21.224  8656  8656 I wm_on_start_called: [246124168,com.google.android.apps.chrome.Main,handleStartActivity,35]
04-16 22:44:21.259  8656  8656 I wm_on_resume_called: [246124168,com.google.android.apps.chrome.Main,RESUME_ACTIVITY,34]
04-16 22:44:21.261  8656  8656 I wm_on_top_resumed_gained_called: [246124168,com.google.android.apps.chrome.Main,topWhenResuming]
04-16 22:44:21.275   664   789 I input_focus: [Focus request 98ef500 com.brave.browser/com.google.android.apps.chrome.Main,reason=UpdateInputWindows]
04-16 22:44:21.386   664   858 I input_focus: [Focus entering 98ef500 com.brave.browser/com.google.android.apps.chrome.Main (server),reason=Window became focusable. Previous reason: NOT_VISIBLE]
04-16 22:44:21.611   664   788 I wm_destroy_activity: [0,160923793,1372,com.brave.browser/org.chromium.chrome.browser.app.download.home.DownloadActivity,finish-imm:idle]
04-16 22:44:21.644  8656  8656 I wm_on_stop_called: [160923793,org.chromium.chrome.browser.app.download.home.DownloadActivity,LIFECYCLER_STOP_ACTIVITY,14]
04-16 22:44:21.647  8656  8656 I wm_on_destroy_called: [160923793,org.chromium.chrome.browser.app.download.home.DownloadActivity,performDestroy,2]
04-16 22:44:21.738   664  1852 I am_uid_active: 10023
04-16 22:44:21.740   664   847 I am_unfreeze: [26276,android.process.media,7]
04-16 22:44:22.249   664   786 I wm_task_moved: [1369,1369,0,1,3]
04-16 22:44:22.249   664   786 I wm_task_moved: [1370,1369,0,1,2147483647]
04-16 22:44:22.250   664   786 I wm_task_to_front: [0,1370,0]
04-16 22:44:22.250   664   786 I wm_focused_root_task: [0,0,1369,1372,bringingFoundTaskToFront]
04-16 22:44:22.250   664   786 I wm_new_intent: [0,175490657,1370,com.spocky.projengmenu/.ui.home.MainActivity,android.intent.action.MAIN,NULL,NULL,276824320]
04-16 22:44:22.250  8656  8656 I wm_on_top_resumed_lost_called: [246124168,com.google.android.apps.chrome.Main,topStateChangedWhenResumed]
04-16 22:44:22.251   664   786 I wm_pause_activity: [0,246124168,com.brave.browser/com.google.android.apps.chrome.Main,userLeaving=true,pauseBackTasks]
04-16 22:44:22.253   664   786 I wm_add_to_stopping: [0,246124168,com.brave.browser/com.google.android.apps.chrome.Main,makeInvisible]
04-16 22:44:22.254   664   785 I sysui_multi_action: [757,803,799,window_time_0,802,1]
04-16 22:44:22.256   664   786 I wm_set_resumed_activity: [0,com.spocky.projengmenu/.ui.home.MainActivity,resumeTopActivity - onActivityStateChanged]
04-16 22:44:22.257   664   786 I wm_resume_activity: [0,175490657,1370,com.spocky.projengmenu/.ui.home.MainActivity]
04-16 22:44:22.259  8204  8204 I wm_on_restart_called: [175490657,com.spocky.projengmenu.ui.home.MainActivity,performRestart,0]
04-16 22:44:22.266   664   789 I input_focus: [Requesting to set focus to null window,reason=UpdateInputWindows]
04-16 22:44:22.287   664   858 I input_focus: [Focus leaving 98ef500 com.brave.browser/com.google.android.apps.chrome.Main (server),reason=NO_WINDOW]
04-16 22:44:22.288  8204  8204 I wm_on_start_called: [175490657,com.spocky.projengmenu.ui.home.MainActivity,handleStartActivity,28]
04-16 22:44:22.309  8204  8204 I wm_on_resume_called: [175490657,com.spocky.projengmenu.ui.home.MainActivity,RESUME_ACTIVITY,5]
04-16 22:44:22.337   664   789 I input_focus: [Focus request 6ecf828 com.spocky.projengmenu/com.spocky.projengmenu.ui.home.MainActivity,reason=UpdateInputWindows]
04-16 22:44:22.363  8204  8204 I wm_on_top_resumed_gained_called: [175490657,com.spocky.projengmenu.ui.home.MainActivity,topStateChangedWhenResumed]
04-16 22:44:22.354  8656  8656 I wm_on_paused_called: [246124168,com.google.android.apps.chrome.Main,performPause,83]
04-16 22:44:22.448   664   785 I sysui_multi_action: [319,143,322,138,325,263745,757,761,758,9,759,2,806,com.spocky.projengmenu,871,com.spocky.projengmenu.ui.home.MainActivity,905,0,1320,8,1321,5]
04-16 22:44:22.452   664   858 I input_focus: [Focus entering 6ecf828 com.spocky.projengmenu/com.spocky.projengmenu.ui.home.MainActivity (server),reason=Window became focusable. Previous reason: NOT_VISIBLE]
04-16 22:44:22.453   962  1204 I jank_cuj_events_end_request: [55,1776415462449920000,263745649443803,263745649444136]
04-16 22:44:22.631   664   788 I wm_stop_activity: [0,246124168,com.brave.browser/com.google.android.apps.chrome.Main]
04-16 22:44:22.925  8656  8656 I wm_on_stop_called: [246124168,com.google.android.apps.chrome.Main,STOP_ACTIVITY_ITEM,146]
04-16 22:44:23.430   664   858 I input_interaction: Interaction with: 6ecf828 com.spocky.projengmenu/com.spocky.projengmenu.ui.home.MainActivity (server), PointerEventDispatcher0 (server), 
04-16 22:44:25.738   664   847 I am_freeze: [22462,com.google.android.katniss:search]
04-16 22:44:33.373   664   799 I am_uid_idle: 10050
04-16 22:44:37.612   664 12029 I wm_task_moved: [1375,1375,0,1,3]
04-16 22:44:37.613   664 12029 I wm_task_to_front: [0,1375,0]
04-16 22:44:37.615   664 12029 I wm_focused_root_task: [0,0,1375,1369,bringingFoundTaskToFront]
04-16 22:44:37.616   664 12029 I wm_destroy_activity: [0,246056685,1375,com.spocky.projengmenu/.ui.settings.SettingsActivity,finish-imm:clear-task-all]
04-16 22:44:37.618   664 12029 I wm_destroy_activity: [0,217304009,1375,com.android.tv.settings/.MainSettings,finish-imm:clear-task-all]
04-16 22:44:37.621   664 12029 I wm_task_moved: [1375,1375,0,1,3]
04-16 22:44:37.622   664 12029 I wm_create_activity: [0,251462058,1375,com.spocky.projengmenu/.ui.settings.SettingsActivity,NULL,NULL,NULL,281051136]
04-16 22:44:37.623   664 12029 I wm_pause_activity: [0,175490657,com.spocky.projengmenu/.ui.home.MainActivity,userLeaving=true,pauseBackTasks]
04-16 22:44:37.641  8204  8204 I wm_on_top_resumed_lost_called: [175490657,com.spocky.projengmenu.ui.home.MainActivity,topStateChangedWhenResumed]
04-16 22:44:37.648  8204  8204 I wm_on_destroy_called: [246056685,com.spocky.projengmenu.ui.settings.SettingsActivity,performDestroy,5]
04-16 22:44:37.699  8204  8204 I wm_on_paused_called: [175490657,com.spocky.projengmenu.ui.home.MainActivity,performPause,8]
04-16 22:44:37.707   664  1836 I wm_restart_activity: [0,251462058,1375,com.spocky.projengmenu/.ui.settings.SettingsActivity]
04-16 22:44:37.709   664  1836 I wm_set_resumed_activity: [0,com.spocky.projengmenu/.ui.settings.SettingsActivity,minimalResumeActivityLocked - onActivityStateChanged]
04-16 22:44:37.712   664   785 I sysui_multi_action: [757,803,799,window_time_0,802,15]
04-16 22:44:37.722   664   789 I input_focus: [Requesting to set focus to null window,reason=UpdateInputWindows]
04-16 22:44:37.750  8204  8204 I wm_on_create_called: [251462058,com.spocky.projengmenu.ui.settings.SettingsActivity,performCreate,16]
04-16 22:44:37.751   664   858 I input_focus: [Focus leaving 6ecf828 com.spocky.projengmenu/com.spocky.projengmenu.ui.home.MainActivity (server),reason=Waiting for window because NO_WINDOW]
04-16 22:44:37.764  8204  8204 I auditd  : type=1400 audit(0.0:35168): avc:  denied  { search } for  comm="cky.projengmenu" name="video" dev="sysfs" ino=318806 scontext=u:r:untrusted_app:s0:c120,c256,c512,c768 tcontext=u:object_r:sysfs_video:s0 tclass=dir permissive=0 app=com.spocky.projengmenu
04-16 22:44:37.784  8204  8204 I wm_on_start_called: [251462058,com.spocky.projengmenu.ui.settings.SettingsActivity,handleStartActivity,33]
04-16 22:44:37.787  8204  8204 I wm_on_resume_called: [251462058,com.spocky.projengmenu.ui.settings.SettingsActivity,RESUME_ACTIVITY,1]
04-16 22:44:37.812  8204  8204 I wm_on_top_resumed_gained_called: [251462058,com.spocky.projengmenu.ui.settings.SettingsActivity,topStateChangedWhenResumed]
04-16 22:44:37.826   664   789 I input_focus: [Focus request dde80e4 com.spocky.projengmenu/com.spocky.projengmenu.ui.settings.SettingsActivity,reason=UpdateInputWindows]
04-16 22:44:37.904   664   785 I wm_activity_launch_time: [0,251462058,com.spocky.projengmenu/.ui.settings.SettingsActivity,304]
04-16 22:44:37.970   664   858 I input_focus: [Focus entering dde80e4 com.spocky.projengmenu/com.spocky.projengmenu.ui.settings.SettingsActivity (server),reason=Window became focusable. Previous reason: NOT_VISIBLE]
04-16 22:44:38.523   664   858 I input_interaction: Interaction with: dde80e4 com.spocky.projengmenu/com.spocky.projengmenu.ui.settings.SettingsActivity (server), PointerEventDispatcher0 (server), 
04-16 22:44:40.043   664   847 I am_freeze: [18754,com.google.android.permissioncontroller]
04-16 22:44:40.217   664  1836 I wm_task_moved: [1375,1375,0,1,3]
04-16 22:44:40.217   664  1836 I wm_create_activity: [0,59012777,1375,com.spocky.projengmenu/.ui.guidedActions.activities.settings.SettingsAndroidActivity,NULL,NULL,NULL,268435456]
04-16 22:44:40.221   664  1836 I wm_pause_activity: [0,251462058,com.spocky.projengmenu/.ui.settings.SettingsActivity,userLeaving=true,resumeTopActivity]
04-16 22:44:40.241  8204  8204 I wm_on_top_resumed_lost_called: [251462058,com.spocky.projengmenu.ui.settings.SettingsActivity,topStateChangedWhenResumed]
04-16 22:44:40.246  8204  8204 I wm_on_paused_called: [251462058,com.spocky.projengmenu.ui.settings.SettingsActivity,performPause,1]
04-16 22:44:40.248   664 12029 I wm_add_to_stopping: [0,251462058,com.spocky.projengmenu/.ui.settings.SettingsActivity,makeInvisible]
04-16 22:44:40.248   664 12029 I wm_add_to_stopping: [0,175490657,com.spocky.projengmenu/.ui.home.MainActivity,makeInvisible]
04-16 22:44:40.252   664 12029 I wm_restart_activity: [0,59012777,1375,com.spocky.projengmenu/.ui.guidedActions.activities.settings.SettingsAndroidActivity]
04-16 22:44:40.259   664 12029 I wm_set_resumed_activity: [0,com.spocky.projengmenu/.ui.guidedActions.activities.settings.SettingsAndroidActivity,minimalResumeActivityLocked - onActivityStateChanged]
04-16 22:44:40.262   664   785 I sysui_multi_action: [757,803,799,window_time_0,802,3]
04-16 22:44:40.272   664   789 I input_focus: [Requesting to set focus to null window,reason=UpdateInputWindows]
04-16 22:44:40.303   664   858 I input_focus: [Focus leaving dde80e4 com.spocky.projengmenu/com.spocky.projengmenu.ui.settings.SettingsActivity (server),reason=Waiting for window because NO_WINDOW]
04-16 22:44:40.324   664  2312 I wm_task_moved: [1375,1375,0,1,3]
04-16 22:44:40.325   664  2312 I wm_create_activity: [0,133311261,1375,com.android.tv.settings/.MainSettings,android.settings.SETTINGS,NULL,NULL,8388608]
04-16 22:44:40.326   664  2312 I wm_pause_activity: [0,59012777,com.spocky.projengmenu/.ui.guidedActions.activities.settings.SettingsAndroidActivity,userLeaving=true,resumeTopActivity]
04-16 22:44:40.333   664  2312 I wm_finish_activity: [0,59012777,1375,com.spocky.projengmenu/.ui.guidedActions.activities.settings.SettingsAndroidActivity,app-request]
04-16 22:44:40.333  8204  8204 I wm_on_create_called: [59012777,com.spocky.projengmenu.ui.guidedActions.activities.settings.SettingsAndroidActivity,performCreate,38]
04-16 22:44:40.356   664  1836 I wm_add_to_stopping: [0,59012777,com.spocky.projengmenu/.ui.guidedActions.activities.settings.SettingsAndroidActivity,completeFinishing]
04-16 22:44:40.359   664  1836 I wm_restart_activity: [0,133311261,1375,com.android.tv.settings/.MainSettings]
04-16 22:44:40.361   664  1836 I wm_set_resumed_activity: [0,com.android.tv.settings/.MainSettings,minimalResumeActivityLocked - onActivityStateChanged]
04-16 22:44:40.364   664   847 I am_unfreeze: [7798,com.android.tv.settings,1]
04-16 22:44:40.374   664   785 I sysui_multi_action: [757,803,799,window_time_0,802,0]
04-16 22:44:40.414  7798  7798 I wm_on_destroy_called: [217304009,com.android.tv.settings.MainSettings,performDestroy,50]
04-16 22:44:40.440  7798  7798 I wm_on_create_called: [133311261,com.android.tv.settings.MainSettings,performCreate,9]
04-16 22:44:40.538   664  1836 I am_uid_active: 10050
04-16 22:44:40.544   664   847 I am_unfreeze: [8069,com.android.settings.intelligence,6]
04-16 22:44:40.581  7798  7798 I wm_on_start_called: [133311261,com.android.tv.settings.MainSettings,handleStartActivity,127]
04-16 22:44:40.581  7798  7798 I wm_on_resume_called: [133311261,com.android.tv.settings.MainSettings,RESUME_ACTIVITY,0]
04-16 22:44:40.597  7798  7798 I wm_on_top_resumed_gained_called: [133311261,com.android.tv.settings.MainSettings,topStateChangedWhenResumed]
04-16 22:44:40.608   664   789 I input_focus: [Focus request fd1d054 com.android.tv.settings/com.android.tv.settings.MainSettings,reason=UpdateInputWindows]
04-16 22:44:40.860   664   785 I wm_activity_launch_time: [0,133311261,com.android.tv.settings/.MainSettings,634]
04-16 22:44:40.925   664   858 I input_focus: [Focus entering fd1d054 com.android.tv.settings/com.android.tv.settings.MainSettings (server),reason=Window became focusable. Previous reason: NOT_VISIBLE]
04-16 22:44:41.109   664   788 I wm_stop_activity: [0,251462058,com.spocky.projengmenu/.ui.settings.SettingsActivity]
04-16 22:44:41.109   664   788 I wm_stop_activity: [0,175490657,com.spocky.projengmenu/.ui.home.MainActivity]
04-16 22:44:41.109   664   788 I wm_destroy_activity: [0,59012777,1375,com.spocky.projengmenu/.ui.guidedActions.activities.settings.SettingsAndroidActivity,finish-imm:idle]
04-16 22:44:41.123  8204  8204 I wm_on_stop_called: [251462058,com.spocky.projengmenu.ui.settings.SettingsActivity,STOP_ACTIVITY_ITEM,1]
04-16 22:44:41.140  8204  8204 I wm_on_stop_called: [175490657,com.spocky.projengmenu.ui.home.MainActivity,STOP_ACTIVITY_ITEM,13]
04-16 22:44:41.144  8204  8204 I wm_on_destroy_called: [59012777,com.spocky.projengmenu.ui.guidedActions.activities.settings.SettingsAndroidActivity,performDestroy,1]
04-16 22:44:41.542   664   858 I input_interaction: Interaction with: fd1d054 com.android.tv.settings/com.android.tv.settings.MainSettings (server), PointerEventDispatcher0 (server), 
04-16 22:44:41.988  7798  7798 I auditd  : type=1400 audit(0.0:35169): avc:  denied  { search } for  comm="oid.tv.settings" name="com.google.android.gms" dev="mmcblk0p17" ino=161728 scontext=u:r:system_app:s0 tcontext=u:object_r:privapp_data_file:s0:c512,c768 tclass=dir permissive=0
04-16 22:44:42.276  7798  7862 I jank_cuj_events_begin_request: [28,1776415482276143000,263765475672979,263765475674479,com.android.tv.settings.MainFragment]
04-16 22:44:42.523  7798  7862 I jank_cuj_events_end_request: [28,1776415482522878000,263765722405812,263765722407562]
04-16 22:44:42.862  7798  7862 I jank_cuj_events_begin_request: [28,1776415482861991000,263766061516354,263766061517312,com.android.tv.settings.MainFragment]
04-16 22:44:43.157  7798  7862 I jank_cuj_events_end_request: [28,1776415483157211000,263766356736021,263766356736563]
04-16 22:44:44.899   664   664 I notification_cancel_all: [1000,664,com.tduk.cacheclean,0,0,0,5,NULL]
04-16 22:44:45.164   664   664 I notification_cancel_all: [1000,664,com.tduk.cacheclean,0,0,0,5,NULL]
04-16 22:44:45.212   664   664 I notification_cancel_all: [1000,664,com.tduk.cacheclean,0,0,0,5,NULL]
04-16 22:44:45.337  7798  7862 I jank_cuj_events_begin_request: [28,1776415485337088000,263768536613605,263768536614522,com.android.tv.settings.device.apps.AppsFragment]
04-16 22:44:45.586  7798  7862 I jank_cuj_events_end_request: [28,1776415485586270000,263768785793355,263768785793814]
04-16 22:44:45.884   664  2312 I sysui_multi_action: [757,1245,758,4,806,com.spotify.tv.android,1241,android.permission.POST_NOTIFICATIONS]
04-16 22:44:45.884   664   664 I notification_cancel_all: [1000,664,com.spotify.tv.android,0,0,0,5,NULL]
