04-16 22:45:37.901   664   799 I am_wtf  : [0,664,system_server,-1,PowerManagerService,Event cannot be newer than the current time (now=263821099, eventTime=263821100, displayId=0, event=other, flags=0)]
04-16 22:45:38.037   664  1836 I wm_task_moved: [1378,1378,0,1,3]
04-16 22:45:38.037   664  1836 I wm_task_moved: [1379,1378,0,1,2147483647]
04-16 22:45:38.037   664  1836 I wm_create_activity: [0,254069411,1379,com.spocky.projengmenu/.ui.guidedActions.activities.system.AccessibilityServiceActivity,NULL,NULL,NULL,0]
04-16 22:45:38.038   664  1836 I wm_pause_activity: [0,139596516,com.spocky.projengmenu/.ui.home.MainActivity,userLeaving=true,resumeTopActivity]
04-16 22:45:38.057  9336  9336 I wm_on_top_resumed_lost_called: [139596516,com.spocky.projengmenu.ui.home.MainActivity,topStateChangedWhenResumed]
04-16 22:45:38.060   664   799 I am_wtf  : [0,664,system_server,-1,PowerManagerService,Event cannot be newer than the current time (now=263821256, eventTime=263821258, displayId=0, event=other, flags=0)]
04-16 22:45:38.086  9336  9336 I wm_on_paused_called: [139596516,com.spocky.projengmenu.ui.home.MainActivity,performPause,25]
04-16 22:45:38.088   664  1806 I wm_add_to_stopping: [0,139596516,com.spocky.projengmenu/.ui.home.MainActivity,makeInvisible]
04-16 22:45:38.090   664  1806 I wm_restart_activity: [0,254069411,1379,com.spocky.projengmenu/.ui.guidedActions.activities.system.AccessibilityServiceActivity]
04-16 22:45:38.093   664  1806 I wm_set_resumed_activity: [0,com.spocky.projengmenu/.ui.guidedActions.activities.system.AccessibilityServiceActivity,minimalResumeActivityLocked - onActivityStateChanged]
04-16 22:45:38.098   664   785 I sysui_multi_action: [757,803,799,window_time_0,802,10]
04-16 22:45:38.100   664   789 I input_focus: [Requesting to set focus to null window,reason=UpdateInputWindows]
04-16 22:45:38.123   664   798 I am_pss  : [9281,10050,com.android.settings.intelligence,10901504,4403200,718848,55713792,0,19,6]
04-16 22:45:38.127   664   858 I input_focus: [Focus leaving af8d05f com.spocky.projengmenu/com.spocky.projengmenu.ui.home.MainActivity (server),reason=NO_WINDOW]
04-16 22:45:38.160  9336  9336 I wm_on_create_called: [254069411,com.spocky.projengmenu.ui.guidedActions.activities.system.AccessibilityServiceActivity,performCreate,26]
04-16 22:45:38.210  9336  9336 I wm_on_start_called: [254069411,com.spocky.projengmenu.ui.guidedActions.activities.system.AccessibilityServiceActivity,handleStartActivity,49]
04-16 22:45:38.212  9336  9336 I wm_on_resume_called: [254069411,com.spocky.projengmenu.ui.guidedActions.activities.system.AccessibilityServiceActivity,RESUME_ACTIVITY,1]
04-16 22:45:38.233  9336  9336 I wm_on_top_resumed_gained_called: [254069411,com.spocky.projengmenu.ui.guidedActions.activities.system.AccessibilityServiceActivity,topStateChangedWhenResumed]
04-16 22:45:38.237   664   858 I input_cancel: [PointerEventDispatcher0 (server),reason=input event injection failed]
04-16 22:45:38.271   664   789 I input_focus: [Focus request 3efb7cc com.spocky.projengmenu/com.spocky.projengmenu.ui.guidedActions.activities.system.AccessibilityServiceActivity,reason=UpdateInputWindows]
04-16 22:45:38.489   664   785 I wm_activity_launch_time: [0,254069411,com.spocky.projengmenu/.ui.guidedActions.activities.system.AccessibilityServiceActivity,462]
04-16 22:45:38.548   664   858 I input_focus: [Focus entering 3efb7cc com.spocky.projengmenu/com.spocky.projengmenu.ui.guidedActions.activities.system.AccessibilityServiceActivity (server),reason=Window became focusable. Previous reason: NOT_VISIBLE]
04-16 22:45:38.574   664   858 I input_interaction: Interaction with: 3efb7cc com.spocky.projengmenu/com.spocky.projengmenu.ui.guidedActions.activities.system.AccessibilityServiceActivity (server), PointerEventDispatcher0 (server), 
04-16 22:45:38.721   664   788 I wm_stop_activity: [0,139596516,com.spocky.projengmenu/.ui.home.MainActivity]
04-16 22:45:38.749  9336  9336 I wm_on_stop_called: [139596516,com.spocky.projengmenu.ui.home.MainActivity,STOP_ACTIVITY_ITEM,2]
04-16 22:45:38.760   664   798 I am_pss  : [9336,10120,com.spocky.projengmenu,142518272,122351616,467968,221114368,0,2,15]
04-16 22:45:38.788   664   799 I am_wtf  : [0,664,system_server,-1,PowerManagerService,Event cannot be newer than the current time (now=263821987, eventTime=263821989, displayId=0, event=other, flags=0)]
04-16 22:45:38.822   664   799 I am_wtf  : [0,664,system_server,-1,PowerManagerService,Event cannot be newer than the current time (now=263822021, eventTime=263822023, displayId=0, event=other, flags=0)]
04-16 22:45:38.969   664   799 I am_wtf  : [0,664,system_server,-1,PowerManagerService,Event cannot be newer than the current time (now=263822167, eventTime=263822169, displayId=0, event=other, flags=0)]
04-16 22:45:39.982   664   799 I am_wtf  : [0,664,system_server,-1,PowerManagerService,Event cannot be newer than the current time (now=263823180, eventTime=263823182, displayId=0, event=other, flags=0)]
04-16 22:45:40.307   664   799 I am_wtf  : [0,664,system_server,-1,PowerManagerService,Event cannot be newer than the current time (now=263823506, eventTime=263823508, displayId=0, event=other, flags=0)]
04-16 22:45:41.063   664   799 I am_wtf  : [0,664,system_server,-1,PowerManagerService,Event cannot be newer than the current time (now=263824259, eventTime=263824261, displayId=0, event=other, flags=0)]
04-16 22:45:41.590   664   799 I am_wtf  : [0,664,system_server,-1,PowerManagerService,Event cannot be newer than the current time (now=263824788, eventTime=263824790, displayId=0, event=other, flags=0)]
04-16 22:45:41.714   664   858 I input_cancel: [3efb7cc com.spocky.projengmenu/com.spocky.projengmenu.ui.guidedActions.activities.system.AccessibilityServiceActivity (server),reason=conflicting pointer actions]
04-16 22:45:41.715   664   858 I input_cancel: [PointerEventDispatcher0 (server),reason=conflicting pointer actions]
04-16 22:45:41.929   664   799 I am_wtf  : [0,664,system_server,-1,PowerManagerService,Event cannot be newer than the current time (now=263825126, eventTime=263825128, displayId=0, event=other, flags=0)]
04-16 22:45:41.936   664   664 I service_manager_stats: [274,373,5002]
04-16 22:45:42.043   664   799 I am_wtf  : [0,664,system_server,-1,PowerManagerService,Event cannot be newer than the current time (now=263825239, eventTime=263825241, displayId=0, event=other, flags=0)]
04-16 22:45:43.134   664   799 I am_wtf  : [0,664,system_server,-1,PowerManagerService,Event cannot be newer than the current time (now=263826331, eventTime=263826332, displayId=0, event=other, flags=0)]
04-16 22:45:43.628   664   799 I am_wtf  : [0,664,system_server,-1,PowerManagerService,Event cannot be newer than the current time (now=263826826, eventTime=263826829, displayId=0, event=other, flags=0)]
04-16 22:45:46.691   664   859 I sysui_multi_action: [757,803,799,key_back_press,802,1]
04-16 22:45:46.701   664  1852 I wm_finish_activity: [0,254069411,1379,com.spocky.projengmenu/.ui.guidedActions.activities.system.AccessibilityServiceActivity,app-request]
04-16 22:45:46.703   664  1852 I wm_pause_activity: [0,254069411,com.spocky.projengmenu/.ui.guidedActions.activities.system.AccessibilityServiceActivity,userLeaving=false,finish]
04-16 22:45:46.707  9336  9336 I wm_on_top_resumed_lost_called: [254069411,com.spocky.projengmenu.ui.guidedActions.activities.system.AccessibilityServiceActivity,topStateChangedWhenResumed]
04-16 22:45:46.710  9336  9336 I wm_on_paused_called: [254069411,com.spocky.projengmenu.ui.guidedActions.activities.system.AccessibilityServiceActivity,performPause,2]
04-16 22:45:46.711   664  1852 I wm_add_to_stopping: [0,254069411,com.spocky.projengmenu/.ui.guidedActions.activities.system.AccessibilityServiceActivity,completeFinishing]
04-16 22:45:46.715   664  1852 I wm_set_resumed_activity: [0,com.spocky.projengmenu/.ui.home.MainActivity,resumeTopActivity - onActivityStateChanged]
04-16 22:45:46.721   664  1852 I wm_resume_activity: [0,139596516,1379,com.spocky.projengmenu/.ui.home.MainActivity]
04-16 22:45:46.724   664   785 I sysui_multi_action: [757,803,799,window_time_0,802,8]
04-16 22:45:46.726  9336  9336 I wm_on_restart_called: [139596516,com.spocky.projengmenu.ui.home.MainActivity,performRestart,0]
04-16 22:45:46.738  9336  9336 I wm_on_start_called: [139596516,com.spocky.projengmenu.ui.home.MainActivity,handleStartActivity,11]
04-16 22:45:46.738   664  1852 I input_cancel: [3efb7cc com.spocky.projengmenu/com.spocky.projengmenu.ui.guidedActions.activities.system.AccessibilityServiceActivity (server),reason=touched window was removed]
04-16 22:45:46.741   664   858 I input_focus: [Focus leaving 3efb7cc com.spocky.projengmenu/com.spocky.projengmenu.ui.guidedActions.activities.system.AccessibilityServiceActivity (server),reason=NO_WINDOW]
04-16 22:45:46.750  9336  9336 I wm_on_resume_called: [139596516,com.spocky.projengmenu.ui.home.MainActivity,RESUME_ACTIVITY,4]
04-16 22:45:46.753  9336  9336 I wm_on_top_resumed_gained_called: [139596516,com.spocky.projengmenu.ui.home.MainActivity,topWhenResuming]
04-16 22:45:46.763   664   789 I input_focus: [Focus request af8d05f com.spocky.projengmenu/com.spocky.projengmenu.ui.home.MainActivity,reason=UpdateInputWindows]
04-16 22:45:46.839   664   858 I input_focus: [Focus entering af8d05f com.spocky.projengmenu/com.spocky.projengmenu.ui.home.MainActivity (server),reason=Window became focusable. Previous reason: NOT_VISIBLE]
04-16 22:45:47.048   664   788 I wm_destroy_activity: [0,254069411,1379,com.spocky.projengmenu/.ui.guidedActions.activities.system.AccessibilityServiceActivity,finish-imm:idle]
04-16 22:45:47.121  9336  9336 I wm_on_stop_called: [254069411,com.spocky.projengmenu.ui.guidedActions.activities.system.AccessibilityServiceActivity,LIFECYCLER_STOP_ACTIVITY,1]
04-16 22:45:47.138  9336  9336 I wm_on_destroy_called: [254069411,com.spocky.projengmenu.ui.guidedActions.activities.system.AccessibilityServiceActivity,performDestroy,16]
04-16 22:45:50.011   664   858 I input_interaction: Interaction with: af8d05f com.spocky.projengmenu/com.spocky.projengmenu.ui.home.MainActivity (server), PointerEventDispatcher0 (server), 
04-16 22:45:52.291   664  1806 I wm_task_moved: [1377,1377,0,1,3]
04-16 22:45:52.291   664  1806 I wm_task_to_front: [0,1377,0]
04-16 22:45:52.294   664  1806 I wm_focused_root_task: [0,0,1377,1378,bringingFoundTaskToFront]
04-16 22:45:52.297   664  1806 I wm_destroy_activity: [0,72483097,1377,com.android.tv.settings/.MainSettings,finish-imm:clear-task-all]
04-16 22:45:52.303   664  1806 I wm_task_moved: [1377,1377,0,1,3]
04-16 22:45:52.304   664  1806 I wm_create_activity: [0,180406697,1377,com.spocky.projengmenu/.ui.settings.SettingsActivity,NULL,NULL,NULL,281051136]
04-16 22:45:52.312   664  1806 I wm_pause_activity: [0,139596516,com.spocky.projengmenu/.ui.home.MainActivity,userLeaving=true,pauseBackTasks]
04-16 22:45:52.317  9255  9255 I wm_on_destroy_called: [72483097,com.android.tv.settings.MainSettings,performDestroy,15]
04-16 22:45:52.324  9336  9336 I wm_on_top_resumed_lost_called: [139596516,com.spocky.projengmenu.ui.home.MainActivity,topStateChangedWhenResumed]
04-16 22:45:52.339  9336  9336 I wm_on_paused_called: [139596516,com.spocky.projengmenu.ui.home.MainActivity,performPause,4]
04-16 22:45:52.365   664  6606 I wm_restart_activity: [0,180406697,1377,com.spocky.projengmenu/.ui.settings.SettingsActivity]
04-16 22:45:52.367   664  6606 I wm_set_resumed_activity: [0,com.spocky.projengmenu/.ui.settings.SettingsActivity,minimalResumeActivityLocked - onActivityStateChanged]
04-16 22:45:52.370   664   785 I sysui_multi_action: [757,803,799,window_time_0,802,6]
04-16 22:45:52.380   664   789 I input_focus: [Requesting to set focus to null window,reason=UpdateInputWindows]
04-16 22:45:52.391   664   858 I input_focus: [Focus leaving af8d05f com.spocky.projengmenu/com.spocky.projengmenu.ui.home.MainActivity (server),reason=Waiting for window because NO_WINDOW]
04-16 22:45:52.411  9336  9336 I wm_on_create_called: [180406697,com.spocky.projengmenu.ui.settings.SettingsActivity,performCreate,16]
04-16 22:45:52.421   664   798 I am_pss  : [9336,10120,com.spocky.projengmenu,160493568,140255232,466944,239300608,0,2,14]
04-16 22:45:52.432  9336  9336 I auditd  : type=1400 audit(0.0:35174): avc:  denied  { search } for  comm="cky.projengmenu" name="video" dev="sysfs" ino=318806 scontext=u:r:untrusted_app:s0:c120,c256,c512,c768 tcontext=u:object_r:sysfs_video:s0 tclass=dir permissive=0 app=com.spocky.projengmenu
04-16 22:45:52.468  9336  9336 I wm_on_start_called: [180406697,com.spocky.projengmenu.ui.settings.SettingsActivity,handleStartActivity,56]
04-16 22:45:52.471  9336  9336 I wm_on_resume_called: [180406697,com.spocky.projengmenu.ui.settings.SettingsActivity,RESUME_ACTIVITY,1]
04-16 22:45:52.485  9336  9336 I wm_on_top_resumed_gained_called: [180406697,com.spocky.projengmenu.ui.settings.SettingsActivity,topStateChangedWhenResumed]
04-16 22:45:52.497   664   789 I input_focus: [Focus request 9335765 com.spocky.projengmenu/com.spocky.projengmenu.ui.settings.SettingsActivity,reason=UpdateInputWindows]
04-16 22:45:52.627   664   785 I wm_activity_launch_time: [0,180406697,com.spocky.projengmenu/.ui.settings.SettingsActivity,334]
04-16 22:45:52.676   664   858 I input_focus: [Focus entering 9335765 com.spocky.projengmenu/com.spocky.projengmenu.ui.settings.SettingsActivity (server),reason=Window became focusable. Previous reason: NOT_VISIBLE]
04-16 22:45:53.323   664   858 I input_interaction: Interaction with: 9335765 com.spocky.projengmenu/com.spocky.projengmenu.ui.settings.SettingsActivity (server), PointerEventDispatcher0 (server), 
04-16 22:45:54.731   664  1836 I wm_task_moved: [1377,1377,0,1,3]
04-16 22:45:54.731   664  1836 I wm_create_activity: [0,235040537,1377,com.spocky.projengmenu/.ui.guidedActions.activities.settings.SettingsAndroidActivity,NULL,NULL,NULL,268435456]
04-16 22:45:54.732   664  1836 I wm_pause_activity: [0,180406697,com.spocky.projengmenu/.ui.settings.SettingsActivity,userLeaving=true,resumeTopActivity]
04-16 22:45:54.776  9336  9336 I wm_on_top_resumed_lost_called: [180406697,com.spocky.projengmenu.ui.settings.SettingsActivity,topStateChangedWhenResumed]
04-16 22:45:54.781  9336  9336 I wm_on_paused_called: [180406697,com.spocky.projengmenu.ui.settings.SettingsActivity,performPause,3]
04-16 22:45:54.785   664  6606 I wm_add_to_stopping: [0,180406697,com.spocky.projengmenu/.ui.settings.SettingsActivity,makeInvisible]
04-16 22:45:54.785   664  6606 I wm_add_to_stopping: [0,139596516,com.spocky.projengmenu/.ui.home.MainActivity,makeInvisible]
04-16 22:45:54.787   664  6606 I wm_restart_activity: [0,235040537,1377,com.spocky.projengmenu/.ui.guidedActions.activities.settings.SettingsAndroidActivity]
04-16 22:45:54.788   664  6606 I wm_set_resumed_activity: [0,com.spocky.projengmenu/.ui.guidedActions.activities.settings.SettingsAndroidActivity,minimalResumeActivityLocked - onActivityStateChanged]
04-16 22:45:54.790   664   785 I sysui_multi_action: [757,803,799,window_time_0,802,2]
04-16 22:45:54.800   664   789 I input_focus: [Requesting to set focus to null window,reason=UpdateInputWindows]
04-16 22:45:54.815   664   858 I input_focus: [Focus leaving 9335765 com.spocky.projengmenu/com.spocky.projengmenu.ui.settings.SettingsActivity (server),reason=Waiting for window because NO_WINDOW]
04-16 22:45:54.939   664  6606 I wm_task_moved: [1377,1377,0,1,3]
04-16 22:45:54.940   664  6606 I wm_create_activity: [0,149808420,1377,com.android.tv.settings/.MainSettings,android.settings.SETTINGS,NULL,NULL,8388608]
04-16 22:45:54.941   664  6606 I wm_pause_activity: [0,235040537,com.spocky.projengmenu/.ui.guidedActions.activities.settings.SettingsAndroidActivity,userLeaving=true,resumeTopActivity]
04-16 22:45:54.951   664  6606 I wm_finish_activity: [0,235040537,1377,com.spocky.projengmenu/.ui.guidedActions.activities.settings.SettingsAndroidActivity,app-request]
04-16 22:45:54.951  9336  9336 I wm_on_create_called: [235040537,com.spocky.projengmenu.ui.guidedActions.activities.settings.SettingsAndroidActivity,performCreate,38]
04-16 22:45:54.956   664  6606 I wm_add_to_stopping: [0,235040537,com.spocky.projengmenu/.ui.guidedActions.activities.settings.SettingsAndroidActivity,completeFinishing]
04-16 22:45:54.962   664  6606 I wm_restart_activity: [0,149808420,1377,com.android.tv.settings/.MainSettings]
04-16 22:45:54.967   664  6606 I wm_set_resumed_activity: [0,com.android.tv.settings/.MainSettings,minimalResumeActivityLocked - onActivityStateChanged]
04-16 22:45:54.969   664   785 I sysui_multi_action: [757,803,799,window_time_0,802,1]
04-16 22:45:54.985  9255  9255 I wm_on_create_called: [149808420,com.android.tv.settings.MainSettings,performCreate,11]
04-16 22:45:55.077   664   847 I am_unfreeze: [9281,com.android.settings.intelligence,6]
04-16 22:45:55.109  9255  9255 I wm_on_start_called: [149808420,com.android.tv.settings.MainSettings,handleStartActivity,114]
04-16 22:45:55.110  9255  9255 I wm_on_resume_called: [149808420,com.android.tv.settings.MainSettings,RESUME_ACTIVITY,0]
04-16 22:45:55.132  9255  9255 I wm_on_top_resumed_gained_called: [149808420,com.android.tv.settings.MainSettings,topStateChangedWhenResumed]
04-16 22:45:55.167   664   789 I input_focus: [Focus request 158da16 com.android.tv.settings/com.android.tv.settings.MainSettings,reason=UpdateInputWindows]
04-16 22:45:55.367   664   785 I wm_activity_launch_time: [0,149808420,com.android.tv.settings/.MainSettings,636]
04-16 22:45:55.428   664   858 I input_focus: [Focus entering 158da16 com.android.tv.settings/com.android.tv.settings.MainSettings (server),reason=Window became focusable. Previous reason: NOT_VISIBLE]
04-16 22:45:55.607   664   788 I wm_stop_activity: [0,180406697,com.spocky.projengmenu/.ui.settings.SettingsActivity]
04-16 22:45:55.607   664   788 I wm_stop_activity: [0,139596516,com.spocky.projengmenu/.ui.home.MainActivity]
04-16 22:45:55.608   664   788 I wm_destroy_activity: [0,235040537,1377,com.spocky.projengmenu/.ui.guidedActions.activities.settings.SettingsAndroidActivity,finish-imm:idle]
04-16 22:45:55.656  9336  9336 I wm_on_stop_called: [180406697,com.spocky.projengmenu.ui.settings.SettingsActivity,STOP_ACTIVITY_ITEM,3]
04-16 22:45:55.669  9336  9336 I wm_on_stop_called: [139596516,com.spocky.projengmenu.ui.home.MainActivity,STOP_ACTIVITY_ITEM,5]
04-16 22:45:55.673  9336  9336 I wm_on_destroy_called: [235040537,com.spocky.projengmenu.ui.guidedActions.activities.settings.SettingsAndroidActivity,performDestroy,1]
04-16 22:45:58.226   664   858 I input_interaction: Interaction with: 158da16 com.android.tv.settings/com.android.tv.settings.MainSettings (server), PointerEventDispatcher0 (server), 
04-16 22:45:58.644  9255  9255 I auditd  : type=1400 audit(0.0:35175): avc:  denied  { search } for  comm="oid.tv.settings" name="com.google.android.gms" dev="mmcblk0p17" ino=161728 scontext=u:r:system_app:s0 tcontext=u:object_r:privapp_data_file:s0:c512,c768 tclass=dir permissive=0
04-16 22:45:58.686  9255  9282 I jank_cuj_events_begin_request: [28,1776415558686637000,263841886161432,263841886161974,com.android.tv.settings.MainFragment]
04-16 22:45:59.274  9255  9282 I jank_cuj_events_end_request: [28,1776415559274515000,263842474039807,263842474041182]
04-16 22:46:00.789   664   664 I notification_cancel_all: [1000,664,com.tduk.cacheclean,0,0,0,5,NULL]
04-16 22:46:01.060   664   664 I notification_cancel_all: [1000,664,com.tduk.cacheclean,0,0,0,5,NULL]
04-16 22:46:01.112   664   664 I notification_cancel_all: [1000,664,com.tduk.cacheclean,0,0,0,5,NULL]
04-16 22:46:01.152   664   664 I notification_cancel_all: [1000,664,com.tduk.cacheclean,0,0,0,5,NULL]
04-16 22:46:03.780   664 17524 I am_uid_stopped: 10120
04-16 22:46:03.784   664 17524 I am_kill : [0,9336,com.spocky.projengmenu,250,stop com.spocky.projengmenu due to from pid 9255]
04-16 22:46:03.801   664 17524 I wm_finish_activity: [0,180406697,1377,com.spocky.projengmenu/.ui.settings.SettingsActivity,proc died without state saved]
04-16 22:46:03.806   664 17524 I wm_finish_activity: [0,139596516,1379,com.spocky.projengmenu/.ui.home.MainActivity,proc died without state saved]
04-16 22:46:03.812   664 17524 I wm_task_removed: [1379,1378,0,removeChild, last child = ActivityRecord{85212e4 u0 com.spocky.projengmenu/.ui.home.MainActivity t-1 f}} in Task{d0bb34d #1379 type=home I=com.spocky.projengmenu/.ui.home.MainActivity}]
04-16 22:46:03.812   664 17524 I wm_task_removed: [1378,1378,0,removeChild, last child = Task{d0bb34d #1379 type=home I=com.spocky.projengmenu/.ui.home.MainActivity} in Task{6f25076 #1378 type=home}]
04-16 22:46:03.852   664   664 I notification_cancel_all: [1000,664,com.spocky.projengmenu,0,0,0,5,NULL]
04-16 22:46:03.860   664   664 I am_uid_running: 10120
04-16 22:46:03.963   664   800 I am_proc_start: [0,9496,10120,com.spocky.projengmenu,service,{com.spocky.projengmenu/com.spocky.projengmenu.services.notification.NotificationListener}]
04-16 22:46:04.026   664 17524 I am_proc_bound: [0,9496,com.spocky.projengmenu]
04-16 22:46:04.029   664 17524 I am_uid_active: 10120
04-16 22:46:05.173  9255  9282 I jank_cuj_events_begin_request: [28,1776415565172340000,263848371873643,263848371875810,com.android.tv.settings.device.apps.AppManagementFragment]
04-16 22:46:05.369  9255  9282 I jank_cuj_events_end_request: [28,1776415565369439000,263848568964060,263848568964560]
04-16 22:46:05.407  9255  9282 I jank_cuj_events_begin_request: [28,1776415565407064000,263848606588102,263848606588727,com.android.tv.settings.device.apps.AppManagementFragment]
04-16 22:46:05.654  9255  9282 I jank_cuj_events_end_request: [28,1776415565654503000,263848854032144,263848854033269]
04-16 22:46:05.705  9255  9282 I jank_cuj_events_begin_request: [28,1776415565705392000,263848904920519,263848904921602,com.android.tv.settings.device.apps.AppManagementFragment]
04-16 22:46:05.954  9255  9282 I jank_cuj_events_end_request: [28,1776415565954063000,263849153590185,263849153591227]
04-16 22:46:07.044  9255  9282 I jank_cuj_events_begin_request: [28,1776415567044371000,263850243896478,263850243897269,com.android.tv.settings.device.apps.AppManagementFragment]
04-16 22:46:07.289  9255  9282 I jank_cuj_events_end_request: [28,1776415567289226000,263850488755269,263850488756269]
04-16 22:46:07.458  9255  9282 I jank_cuj_events_begin_request: [28,1776415567458105000,263850657629561,263850657630311,com.android.tv.settings.device.apps.AppManagementFragment]
04-16 22:46:07.939  9255  9282 I jank_cuj_events_end_request: [28,1776415567939019000,263851138544770,263851138545311]
04-16 22:46:10.006   664   786 I wm_task_created: 1380
04-16 22:46:10.009  9255  9255 I wm_on_top_resumed_lost_called: [149808420,com.android.tv.settings.MainSettings,topStateChangedWhenResumed]
04-16 22:46:10.014   664   786 I wm_task_created: 1381
04-16 22:46:10.016   664   786 I wm_task_moved: [1381,1380,0,1,2147483647]
04-16 22:46:10.020   664   786 I wm_task_moved: [1380,1380,0,1,3]
04-16 22:46:10.021   664   786 I wm_create_task: [0,1381,1380,0]
04-16 22:46:10.021   664   786 I wm_create_activity: [0,178419801,1381,com.spocky.projengmenu/.ui.home.MainActivity,android.intent.action.MAIN,NULL,NULL,276824320]
04-16 22:46:10.021   664   786 I wm_task_moved: [1380,1380,0,1,3]
04-16 22:46:10.021   664   786 I wm_task_moved: [1381,1380,0,1,2147483647]
04-16 22:46:10.021   664   786 I wm_task_to_front: [0,1381,0]
04-16 22:46:10.022   664   786 I wm_pause_activity: [0,149808420,com.android.tv.settings/.MainSettings,userLeaving=true,pauseBackTasks]
04-16 22:46:10.028   664   786 I wm_add_to_stopping: [0,149808420,com.android.tv.settings/.MainSettings,makeInvisible]
04-16 22:46:10.028   664   785 I sysui_multi_action: [757,803,799,window_time_0,802,15]
04-16 22:46:10.030   664   786 I wm_restart_activity: [0,178419801,1381,com.spocky.projengmenu/.ui.home.MainActivity]
04-16 22:46:10.032   664   786 I wm_set_resumed_activity: [0,com.spocky.projengmenu/.ui.home.MainActivity,minimalResumeActivityLocked - onActivityStateChanged]
04-16 22:46:10.047   664   789 I input_focus: [Requesting to set focus to null window,reason=UpdateInputWindows]
04-16 22:46:10.052  9255  9255 I wm_on_paused_called: [149808420,com.android.tv.settings.MainSettings,performPause,5]
04-16 22:46:10.061   664   858 I input_focus: [Focus leaving 158da16 com.android.tv.settings/com.android.tv.settings.MainSettings (server),reason=Waiting for window because NO_WINDOW]
04-16 22:46:10.125   664   847 I am_freeze: [9281,com.android.settings.intelligence]
04-16 22:46:10.146  9496  9496 I wm_on_create_called: [178419801,com.spocky.projengmenu.ui.home.MainActivity,performCreate,75]
04-16 22:46:10.219  9496  9496 I wm_on_start_called: [178419801,com.spocky.projengmenu.ui.home.MainActivity,handleStartActivity,72]
04-16 22:46:10.224   962  1204 I jank_cuj_events_end_request: [55,1776415570223894000,263853423417854,263853423418229]
04-16 22:46:10.234  9496  9496 I wm_on_resume_called: [178419801,com.spocky.projengmenu.ui.home.MainActivity,RESUME_ACTIVITY,6]
04-16 22:46:10.264  9496  9496 I wm_on_top_resumed_gained_called: [178419801,com.spocky.projengmenu.ui.home.MainActivity,topStateChangedWhenResumed]
04-16 22:46:10.297   664   789 I input_focus: [Focus request ed4100b com.spocky.projengmenu/com.spocky.projengmenu.ui.home.MainActivity,reason=UpdateInputWindows]
04-16 22:46:10.523   664   785 I sysui_multi_action: [319,495,322,490,325,263853,757,761,758,8,759,2,806,com.spocky.projengmenu,871,com.spocky.projengmenu.ui.home.MainActivity,905,0,1320,8,1321,5]
04-16 22:46:10.525   664   785 I wm_activity_launch_time: [0,178419801,com.spocky.projengmenu/.ui.home.MainActivity,490]
04-16 22:46:10.530   664   785 I sysui_multi_action: [324,1,757,1090,758,12,806,com.spocky.projengmenu,871,com.spocky.projengmenu.ui.home.MainActivity,1091,512]
04-16 22:46:10.559   664   858 I input_focus: [Focus entering ed4100b com.spocky.projengmenu/com.spocky.projengmenu.ui.home.MainActivity (server),reason=Window became focusable. Previous reason: NOT_VISIBLE]
04-16 22:46:10.749   664   788 I wm_stop_activity: [0,149808420,com.android.tv.settings/.MainSettings]
04-16 22:46:10.776  9255  9255 I wm_on_stop_called: [149808420,com.android.tv.settings.MainSettings,STOP_ACTIVITY_ITEM,0]
04-16 22:46:11.938   664   858 I input_interaction: Interaction with: ed4100b com.spocky.projengmenu/com.spocky.projengmenu.ui.home.MainActivity (server), PointerEventDispatcher0 (server), 
04-16 22:46:12.048   664   664 I service_manager_stats: [100,98,30112]
04-16 22:46:13.865   664   819 I commit_sys_config_file: [package-user-0,43]
04-16 22:46:17.861   664   799 I am_wtf  : [0,664,system_server,-1,PowerManagerService,Event cannot be newer than the current time (now=263861059, eventTime=263861061, displayId=0, event=other, flags=0)]
04-16 22:46:18.288   664   799 I am_wtf  : [0,664,system_server,-1,PowerManagerService,Event cannot be newer than the current time (now=263861486, eventTime=263861488, displayId=0, event=other, flags=0)]
04-16 22:46:18.738   664   799 I am_wtf  : [0,664,system_server,-1,PowerManagerService,Event cannot be newer than the current time (now=263861936, eventTime=263861938, displayId=0, event=other, flags=0)]
04-16 22:46:18.760   664   664 I service_manager_stats: [100,145,6713]
04-16 22:46:19.423   664   858 I input_cancel: [ed4100b com.spocky.projengmenu/com.spocky.projengmenu.ui.home.MainActivity (server),reason=conflicting pointer actions]
04-16 22:46:19.423   664   858 I input_cancel: [PointerEventDispatcher0 (server),reason=conflicting pointer actions]
04-16 22:46:19.560   664   799 I am_wtf  : [0,664,system_server,-1,PowerManagerService,Event cannot be newer than the current time (now=263862758, eventTime=263862760, displayId=0, event=other, flags=0)]
04-16 22:46:19.646   664  1842 I wm_task_moved: [1380,1380,0,1,3]
04-16 22:46:19.646   664  1842 I wm_task_moved: [1381,1380,0,1,2147483647]
04-16 22:46:19.646   664  1842 I wm_create_activity: [0,216413506,1381,com.spocky.projengmenu/.ui.guidedActions.activities.system.AccessibilityServiceActivity,NULL,NULL,NULL,0]
04-16 22:46:19.648   664  1842 I wm_pause_activity: [0,178419801,com.spocky.projengmenu/.ui.home.MainActivity,userLeaving=true,resumeTopActivity]
04-16 22:46:19.663  9496  9496 I wm_on_top_resumed_lost_called: [178419801,com.spocky.projengmenu.ui.home.MainActivity,topStateChangedWhenResumed]
04-16 22:46:19.675  9496  9496 I wm_on_paused_called: [178419801,com.spocky.projengmenu.ui.home.MainActivity,performPause,9]
04-16 22:46:19.677   664  1842 I wm_add_to_stopping: [0,178419801,com.spocky.projengmenu/.ui.home.MainActivity,makeInvisible]
04-16 22:46:19.679   664  1842 I wm_restart_activity: [0,216413506,1381,com.spocky.projengmenu/.ui.guidedActions.activities.system.AccessibilityServiceActivity]
04-16 22:46:19.681   664  1842 I wm_set_resumed_activity: [0,com.spocky.projengmenu/.ui.guidedActions.activities.system.AccessibilityServiceActivity,minimalResumeActivityLocked - onActivityStateChanged]
04-16 22:46:19.683   664   785 I sysui_multi_action: [757,803,799,window_time_0,802,9]
04-16 22:46:19.685   664   789 I input_focus: [Requesting to set focus to null window,reason=UpdateInputWindows]
04-16 22:46:19.702   664  1323 I input_cancel: [ed4100b com.spocky.projengmenu/com.spocky.projengmenu.ui.home.MainActivity (server),reason=touched window was removed]
04-16 22:46:19.703   664   858 I input_focus: [Focus leaving ed4100b com.spocky.projengmenu/com.spocky.projengmenu.ui.home.MainActivity (server),reason=NO_WINDOW]
04-16 22:46:19.725  9496  9496 I wm_on_create_called: [216413506,com.spocky.projengmenu.ui.guidedActions.activities.system.AccessibilityServiceActivity,performCreate,17]
04-16 22:46:19.750  9496  9496 I wm_on_start_called: [216413506,com.spocky.projengmenu.ui.guidedActions.activities.system.AccessibilityServiceActivity,handleStartActivity,25]
04-16 22:46:19.752  9496  9496 I wm_on_resume_called: [216413506,com.spocky.projengmenu.ui.guidedActions.activities.system.AccessibilityServiceActivity,RESUME_ACTIVITY,0]
04-16 22:46:19.752   664   858 I input_cancel: [PointerEventDispatcher0 (server),reason=input event injection failed]
04-16 22:46:19.756   664   799 I am_wtf  : [0,664,system_server,-1,PowerManagerService,Event cannot be newer than the current time (now=263862948, eventTime=263862950, displayId=0, event=other, flags=0)]
04-16 22:46:19.809  9496  9496 I wm_on_top_resumed_gained_called: [216413506,com.spocky.projengmenu.ui.guidedActions.activities.system.AccessibilityServiceActivity,topStateChangedWhenResumed]
04-16 22:46:19.837   664   789 I input_focus: [Focus request 1a6638e com.spocky.projengmenu/com.spocky.projengmenu.ui.guidedActions.activities.system.AccessibilityServiceActivity,reason=UpdateInputWindows]
04-16 22:46:20.117   664   785 I wm_activity_launch_time: [0,216413506,com.spocky.projengmenu/.ui.guidedActions.activities.system.AccessibilityServiceActivity,480]
04-16 22:46:20.171   664   858 I input_focus: [Focus entering 1a6638e com.spocky.projengmenu/com.spocky.projengmenu.ui.guidedActions.activities.system.AccessibilityServiceActivity (server),reason=Window became focusable. Previous reason: NOT_VISIBLE]
04-16 22:46:20.185   664   798 I am_pss  : [9496,10120,com.spocky.projengmenu,143147008,122793984,467968,222130176,0,2,12]
04-16 22:46:20.266   664   858 I input_interaction: Interaction with: 1a6638e com.spocky.projengmenu/com.spocky.projengmenu.ui.guidedActions.activities.system.AccessibilityServiceActivity (server), PointerEventDispatcher0 (server), 
04-16 22:46:20.346   664   788 I wm_stop_activity: [0,178419801,com.spocky.projengmenu/.ui.home.MainActivity]
04-16 22:46:20.365  9496  9496 I wm_on_stop_called: [178419801,com.spocky.projengmenu.ui.home.MainActivity,STOP_ACTIVITY_ITEM,2]
04-16 22:46:25.827   664   664 I service_manager_stats: [100,129,7066]
04-16 22:46:27.119   664   799 I am_wtf  : [0,664,system_server,-1,PowerManagerService,Event cannot be newer than the current time (now=263870317, eventTime=263870320, displayId=0, event=other, flags=0)]
04-16 22:46:27.209   664   799 I am_wtf  : [0,664,system_server,-1,PowerManagerService,Event cannot be newer than the current time (now=263870408, eventTime=263870409, displayId=0, event=other, flags=0)]
04-16 22:46:27.247   664   799 I am_wtf  : [0,664,system_server,-1,PowerManagerService,Event cannot be newer than the current time (now=263870444, eventTime=263870445, displayId=0, event=other, flags=0)]
04-16 22:46:27.468   664   799 I am_wtf  : [0,664,system_server,-1,PowerManagerService,Event cannot be newer than the current time (now=263870666, eventTime=263870668, displayId=0, event=other, flags=0)]
04-16 22:46:27.706   664   799 I am_wtf  : [0,664,system_server,-1,PowerManagerService,Event cannot be newer than the current time (now=263870903, eventTime=263870905, displayId=0, event=other, flags=0)]
04-16 22:46:27.715   664   664 I service_manager_slow: [10,phone]
04-16 22:46:27.873   664   799 I am_wtf  : [0,664,system_server,-1,PowerManagerService,Event cannot be newer than the current time (now=263871071, eventTime=263871073, displayId=0, event=other, flags=0)]
04-16 22:46:27.911   664   799 I am_wtf  : [0,664,system_server,-1,PowerManagerService,Event cannot be newer than the current time (now=263871105, eventTime=263871107, displayId=0, event=other, flags=0)]
04-16 22:46:28.180   664   799 I am_wtf  : [0,664,system_server,-1,PowerManagerService,Event cannot be newer than the current time (now=263871377, eventTime=263871378, displayId=0, event=other, flags=0)]
04-16 22:46:28.481   664   799 I am_wtf  : [0,664,system_server,-1,PowerManagerService,Event cannot be newer than the current time (now=263871679, eventTime=263871681, displayId=0, event=other, flags=0)]
04-16 22:46:28.765   664   799 I am_wtf  : [0,664,system_server,-1,PowerManagerService,Event cannot be newer than the current time (now=263871964, eventTime=263871966, displayId=0, event=other, flags=0)]
04-16 22:46:28.919   664   799 I am_wtf  : [0,664,system_server,-1,PowerManagerService,Event cannot be newer than the current time (now=263872117, eventTime=263872119, displayId=0, event=other, flags=0)]
04-16 22:46:29.179   664   858 I input_cancel: [1a6638e com.spocky.projengmenu/com.spocky.projengmenu.ui.guidedActions.activities.system.AccessibilityServiceActivity (server),reason=conflicting pointer actions]
04-16 22:46:29.179   664   858 I input_cancel: [PointerEventDispatcher0 (server),reason=conflicting pointer actions]
04-16 22:46:29.673   664   799 I am_wtf  : [0,664,system_server,-1,PowerManagerService,Event cannot be newer than the current time (now=263872871, eventTime=263872873, displayId=0, event=other, flags=0)]
04-16 22:46:30.255   664   798 I am_pss  : [9496,10120,com.spocky.projengmenu,148730880,128200704,465920,227966976,0,2,23]
04-16 22:46:30.258   664   799 I am_wtf  : [0,664,system_server,-1,PowerManagerService,Event cannot be newer than the current time (now=263873457, eventTime=263873458, displayId=0, event=other, flags=0)]
04-16 22:46:30.523   664   858 I input_cancel: [1a6638e com.spocky.projengmenu/com.spocky.projengmenu.ui.guidedActions.activities.system.AccessibilityServiceActivity (server),reason=conflicting pointer actions]
04-16 22:46:30.524   664   858 I input_cancel: [PointerEventDispatcher0 (server),reason=conflicting pointer actions]
04-16 22:46:30.649   664   782 I wm_task_moved: [1215,1215,0,1,3]
04-16 22:46:30.649   664   782 I wm_task_to_front: [0,1215,0]
04-16 22:46:30.650   664   782 I wm_focused_root_task: [0,0,1215,1380,bringingFoundTaskToFront]
04-16 22:46:30.654   664   782 I wm_task_moved: [1215,1215,0,1,3]
04-16 22:46:30.654   664   782 I wm_create_activity: [0,216661498,1215,com.android.tv.settings/.oemlink.AccessibilitySettingsActivity,android.settings.ACCESSIBILITY_SETTINGS,NULL,NULL,1354760192]
04-16 22:46:30.658   664   782 I wm_pause_activity: [0,216413506,com.spocky.projengmenu/.ui.guidedActions.activities.system.AccessibilityServiceActivity,userLeaving=true,pauseBackTasks]
04-16 22:46:30.674  9496  9496 I wm_on_top_resumed_lost_called: [216413506,com.spocky.projengmenu.ui.guidedActions.activities.system.AccessibilityServiceActivity,topStateChangedWhenResumed]
04-16 22:46:30.677  9496  9496 I wm_on_paused_called: [216413506,com.spocky.projengmenu.ui.guidedActions.activities.system.AccessibilityServiceActivity,performPause,2]
04-16 22:46:30.688   664  1842 I wm_add_to_stopping: [0,216413506,com.spocky.projengmenu/.ui.guidedActions.activities.system.AccessibilityServiceActivity,makeInvisible]
04-16 22:46:30.689   664  1842 I wm_restart_activity: [0,216661498,1215,com.android.tv.settings/.oemlink.AccessibilitySettingsActivity]
04-16 22:46:30.691   664  1842 I wm_set_resumed_activity: [0,com.android.tv.settings/.oemlink.AccessibilitySettingsActivity,minimalResumeActivityLocked - onActivityStateChanged]
04-16 22:46:30.702   664   785 I sysui_multi_action: [757,803,799,window_time_0,802,11]
04-16 22:46:30.704   664   789 I input_focus: [Requesting to set focus to null window,reason=UpdateInputWindows]
04-16 22:46:30.709   664   858 I input_cancel: [PointerEventDispatcher0 (server),reason=input event injection failed]
04-16 22:46:30.719   664   858 I input_focus: [Focus leaving 1a6638e com.spocky.projengmenu/com.spocky.projengmenu.ui.guidedActions.activities.system.AccessibilityServiceActivity (server),reason=Waiting for window because NO_WINDOW]
04-16 22:46:30.725  9255  9255 I wm_on_create_called: [216661498,com.android.tv.settings.oemlink.AccessibilitySettingsActivity,performCreate,6]
04-16 22:46:30.755   664   664 I service_manager_slow: [18,phone]
04-16 22:46:30.785  9255  9255 I wm_on_start_called: [216661498,com.android.tv.settings.oemlink.AccessibilitySettingsActivity,handleStartActivity,49]
04-16 22:46:30.787  9255  9255 I wm_on_resume_called: [216661498,com.android.tv.settings.oemlink.AccessibilitySettingsActivity,RESUME_ACTIVITY,0]
04-16 22:46:30.803  9255  9255 I wm_on_top_resumed_gained_called: [216661498,com.android.tv.settings.oemlink.AccessibilitySettingsActivity,topStateChangedWhenResumed]
04-16 22:46:30.819   664   789 I input_focus: [Focus request ef5447f com.android.tv.settings/com.android.tv.settings.oemlink.AccessibilitySettingsActivity,reason=UpdateInputWindows]
04-16 22:46:30.851   664   664 I service_manager_stats: [189,276,5025]
04-16 22:46:30.993   664   785 I sysui_multi_action: [319,325,322,319,325,263873,757,761,758,8,759,2,806,com.android.tv.settings,871,com.android.tv.settings.oemlink.AccessibilitySettingsActivity,904,com.spocky.projengmenu,905,0,1320,8,1321,5]
04-16 22:46:31.004   664   785 I wm_activity_launch_time: [0,216661498,com.android.tv.settings/.oemlink.AccessibilitySettingsActivity,319]
04-16 22:46:31.014   664   858 I input_focus: [Focus entering ef5447f com.android.tv.settings/com.android.tv.settings.oemlink.AccessibilitySettingsActivity (server),reason=Window became focusable. Previous reason: NOT_VISIBLE]
04-16 22:46:31.192   664   788 I wm_stop_activity: [0,216413506,com.spocky.projengmenu/.ui.guidedActions.activities.system.AccessibilityServiceActivity]
04-16 22:46:31.224  9496  9496 I wm_on_stop_called: [216413506,com.spocky.projengmenu.ui.guidedActions.activities.system.AccessibilityServiceActivity,STOP_ACTIVITY_ITEM,5]
04-16 22:46:31.302   664   858 I input_interaction: Interaction with: ef5447f com.android.tv.settings/com.android.tv.settings.oemlink.AccessibilitySettingsActivity (server), PointerEventDispatcher0 (server), 
04-16 22:46:32.092   664   799 I am_wtf  : [0,664,system_server,-1,PowerManagerService,Event cannot be newer than the current time (now=263875290, eventTime=263875292, displayId=0, event=other, flags=0)]
04-16 22:46:32.260   664   799 I am_wtf  : [0,664,system_server,-1,PowerManagerService,Event cannot be newer than the current time (now=263875458, eventTime=263875461, displayId=0, event=other, flags=0)]
04-16 22:46:32.970   664   799 I am_wtf  : [0,664,system_server,-1,PowerManagerService,Event cannot be newer than the current time (now=263876168, eventTime=263876170, displayId=0, event=other, flags=0)]
04-16 22:46:33.319   664   799 I am_wtf  : [0,664,system_server,-1,PowerManagerService,Event cannot be newer than the current time (now=263876517, eventTime=263876518, displayId=0, event=other, flags=0)]
04-16 22:46:34.516   664   799 I am_wtf  : [0,664,system_server,-1,PowerManagerService,Event cannot be newer than the current time (now=263877711, eventTime=263877712, displayId=0, event=other, flags=0)]
04-16 22:46:35.087   664   799 I am_wtf  : [0,664,system_server,-1,PowerManagerService,Event cannot be newer than the current time (now=263878286, eventTime=263878288, displayId=0, event=other, flags=0)]
04-16 22:46:35.177   664   799 I am_wtf  : [0,664,system_server,-1,PowerManagerService,Event cannot be newer than the current time (now=263878376, eventTime=263878377, displayId=0, event=other, flags=0)]
04-16 22:46:35.335   664   799 I am_wtf  : [0,664,system_server,-1,PowerManagerService,Event cannot be newer than the current time (now=263878530, eventTime=263878533, displayId=0, event=other, flags=0)]
04-16 22:46:35.772   664   799 I am_wtf  : [0,664,system_server,-1,PowerManagerService,Event cannot be newer than the current time (now=263878970, eventTime=263878971, displayId=0, event=other, flags=0)]
04-16 22:46:35.859   664   664 I service_manager_stats: [184,269,5007]
04-16 22:46:36.051   664   858 I input_cancel: [ef5447f com.android.tv.settings/com.android.tv.settings.oemlink.AccessibilitySettingsActivity (server),reason=conflicting pointer actions]
04-16 22:46:36.051   664   858 I input_cancel: [PointerEventDispatcher0 (server),reason=conflicting pointer actions]
04-16 22:46:37.277   664   799 I am_wtf  : [0,664,system_server,-1,PowerManagerService,Event cannot be newer than the current time (now=263880476, eventTime=263880479, displayId=0, event=other, flags=0)]
04-16 22:46:37.391   664   799 I am_wtf  : [0,664,system_server,-1,PowerManagerService,Event cannot be newer than the current time (now=263880589, eventTime=263880591, displayId=0, event=other, flags=0)]
04-16 22:46:37.705   664   799 I am_wtf  : [0,664,system_server,-1,PowerManagerService,Event cannot be newer than the current time (now=263880903, eventTime=263880906, displayId=0, event=other, flags=0)]
04-16 22:46:38.031   664   858 I input_cancel: [ef5447f com.android.tv.settings/com.android.tv.settings.oemlink.AccessibilitySettingsActivity (server),reason=conflicting pointer actions]
04-16 22:46:38.031   664   858 I input_cancel: [PointerEventDispatcher0 (server),reason=conflicting pointer actions]
04-16 22:46:38.799   664   799 I am_wtf  : [0,664,system_server,-1,PowerManagerService,Event cannot be newer than the current time (now=263881996, eventTime=263881998, displayId=0, event=other, flags=0)]
04-16 22:46:39.056   664   799 I am_wtf  : [0,664,system_server,-1,PowerManagerService,Event cannot be newer than the current time (now=263882254, eventTime=263882256, displayId=0, event=other, flags=0)]
04-16 22:46:39.158   664   799 I am_wtf  : [0,664,system_server,-1,PowerManagerService,Event cannot be newer than the current time (now=263882355, eventTime=263882357, displayId=0, event=other, flags=0)]
04-16 22:46:39.441   664   799 I am_wtf  : [0,664,system_server,-1,PowerManagerService,Event cannot be newer than the current time (now=263882638, eventTime=263882640, displayId=0, event=other, flags=0)]
04-16 22:46:39.672   664   858 I input_cancel: [ef5447f com.android.tv.settings/com.android.tv.settings.oemlink.AccessibilitySettingsActivity (server),reason=conflicting pointer actions]
04-16 22:46:39.672   664   858 I input_cancel: [PointerEventDispatcher0 (server),reason=conflicting pointer actions]
04-16 22:46:39.973   664   846 I commit_sys_config_file: [settings-2-0,10]
04-16 22:46:39.993   664  1323 I wm_task_moved: [1380,1380,0,1,3]
04-16 22:46:39.993   664  1323 I wm_task_moved: [1381,1380,0,1,2147483647]
04-16 22:46:39.993   664  1323 I wm_task_to_front: [0,1381,0]
04-16 22:46:39.994   664  1323 I wm_focused_root_task: [0,0,1380,1215,bringingFoundTaskToFront]
04-16 22:46:39.994   664  1323 I wm_finish_activity: [0,216413506,1381,com.spocky.projengmenu/.ui.guidedActions.activities.system.AccessibilityServiceActivity,clear-task-stack]
04-16 22:46:39.994   664  1323 I wm_destroy_activity: [0,216413506,1381,com.spocky.projengmenu/.ui.guidedActions.activities.system.AccessibilityServiceActivity,finish-imm:finishIfPossible]
04-16 22:46:39.996   664  1323 I wm_new_intent: [0,178419801,1381,com.spocky.projengmenu/.ui.home.MainActivity,android.intent.action.MAIN,NULL,NULL,276824320]
04-16 22:46:39.996   664  1323 I wm_pause_activity: [0,216661498,com.android.tv.settings/.oemlink.AccessibilitySettingsActivity,userLeaving=true,pauseBackTasks]
04-16 22:46:39.999   664  1323 I wm_add_to_stopping: [0,216661498,com.android.tv.settings/.oemlink.AccessibilitySettingsActivity,makeInvisible]
04-16 22:46:39.999   664   785 I sysui_multi_action: [757,803,799,window_time_0,802,10]
04-16 22:46:40.001   664  1323 I wm_set_resumed_activity: [0,com.spocky.projengmenu/.ui.home.MainActivity,resumeTopActivity - onActivityStateChanged]
04-16 22:46:40.002   664  1323 I wm_resume_activity: [0,178419801,1381,com.spocky.projengmenu/.ui.home.MainActivity]
04-16 22:46:40.013  9255  9255 I wm_on_top_resumed_lost_called: [216661498,com.android.tv.settings.oemlink.AccessibilitySettingsActivity,topStateChangedWhenResumed]
04-16 22:46:40.019   664   789 I input_focus: [Requesting to set focus to null window,reason=UpdateInputWindows]
04-16 22:46:40.025  9255  9255 I wm_on_paused_called: [216661498,com.android.tv.settings.oemlink.AccessibilitySettingsActivity,performPause,1]
04-16 22:46:40.040   664  1855 I input_cancel: [ef5447f com.android.tv.settings/com.android.tv.settings.oemlink.AccessibilitySettingsActivity (server),reason=touched window was removed]
04-16 22:46:40.043   664   858 I input_focus: [Focus leaving ef5447f com.android.tv.settings/com.android.tv.settings.oemlink.AccessibilitySettingsActivity (server),reason=NO_WINDOW]
04-16 22:46:40.061   664   858 I input_cancel: [PointerEventDispatcher0 (server),reason=input event injection failed]
04-16 22:46:40.073  9496  9496 I wm_on_destroy_called: [216413506,com.spocky.projengmenu.ui.guidedActions.activities.system.AccessibilityServiceActivity,performDestroy,7]
04-16 22:46:40.083  9496  9496 I wm_on_restart_called: [178419801,com.spocky.projengmenu.ui.home.MainActivity,performRestart,0]
04-16 22:46:40.095  9496  9496 I wm_on_start_called: [178419801,com.spocky.projengmenu.ui.home.MainActivity,handleStartActivity,11]
04-16 22:46:40.095   664   799 I am_wtf  : [0,664,system_server,-1,PowerManagerService,Event cannot be newer than the current time (now=263883294, eventTime=263883296, displayId=0, event=other, flags=0)]
04-16 22:46:40.102  9496  9496 I wm_on_resume_called: [178419801,com.spocky.projengmenu.ui.home.MainActivity,RESUME_ACTIVITY,4]
04-16 22:46:40.106  9496  9496 I wm_on_top_resumed_gained_called: [178419801,com.spocky.projengmenu.ui.home.MainActivity,topStateChangedWhenResumed]
04-16 22:46:40.115   664   789 I input_focus: [Focus request ed4100b com.spocky.projengmenu/com.spocky.projengmenu.ui.home.MainActivity,reason=UpdateInputWindows]
04-16 22:46:40.179   664   785 I sysui_multi_action: [319,173,322,158,325,263883,757,761,758,9,759,2,806,com.spocky.projengmenu,871,com.spocky.projengmenu.ui.home.MainActivity,905,0,1320,8,1321,5]
04-16 22:46:40.223   664   858 I input_focus: [Focus entering ed4100b com.spocky.projengmenu/com.spocky.projengmenu.ui.home.MainActivity (server),reason=Window became focusable. Previous reason: NOT_VISIBLE]
04-16 22:46:40.235   664   858 I input_interaction: Interaction with: ed4100b com.spocky.projengmenu/com.spocky.projengmenu.ui.home.MainActivity (server), PointerEventDispatcher0 (server), 
04-16 22:46:40.401   664   788 I wm_finish_activity: [0,216661498,1215,com.android.tv.settings/.oemlink.AccessibilitySettingsActivity,stop-no-history]
04-16 22:46:40.402   664   788 I wm_destroy_activity: [0,216661498,1215,com.android.tv.settings/.oemlink.AccessibilitySettingsActivity,finish-imm:finishIfPossible]
04-16 22:46:40.416   664   799 I am_wtf  : [0,664,system_server,-1,PowerManagerService,Event cannot be newer than the current time (now=263883615, eventTime=263883617, displayId=0, event=other, flags=0)]
04-16 22:46:40.454  9255  9255 I wm_on_stop_called: [216661498,com.android.tv.settings.oemlink.AccessibilitySettingsActivity,LIFECYCLER_STOP_ACTIVITY,2]
04-16 22:46:40.465  9255  9255 I wm_on_destroy_called: [216661498,com.android.tv.settings.oemlink.AccessibilitySettingsActivity,performDestroy,5]
04-16 22:46:40.858   664   664 I service_manager_stats: [308,379,5000]
04-16 22:46:40.992   664   799 I am_wtf  : [0,664,system_server,-1,PowerManagerService,Event cannot be newer than the current time (now=263884190, eventTime=263884192, displayId=0, event=other, flags=0)]
04-16 22:46:42.901   664  1842 I wm_new_intent: [0,178419801,1381,com.spocky.projengmenu/.ui.home.MainActivity,android.intent.action.MAIN,NULL,NULL,276824320]
04-16 22:46:42.902   664  1842 I wm_task_moved: [1380,1380,0,1,3]
04-16 22:46:42.915  9496  9496 I wm_on_top_resumed_lost_called: [178419801,com.spocky.projengmenu.ui.home.MainActivity,pausing]
04-16 22:46:42.925  9496  9496 I wm_on_paused_called: [178419801,com.spocky.projengmenu.ui.home.MainActivity,performPause,7]
04-16 22:46:42.932  9496  9496 I wm_on_resume_called: [178419801,com.spocky.projengmenu.ui.home.MainActivity,LIFECYCLER_RESUME_ACTIVITY,7]
04-16 22:46:42.934  9496  9496 I wm_on_top_resumed_gained_called: [178419801,com.spocky.projengmenu.ui.home.MainActivity,topWhenResuming]
04-16 22:46:44.502   664   799 I am_wtf  : [0,664,system_server,-1,PowerManagerService,Event cannot be newer than the current time (now=263887700, eventTime=263887702, displayId=0, event=other, flags=0)]
04-16 22:46:44.534   664   664 I service_manager_slow: [11,phone]
