05-01 18:27:50.003 W/dex2oat64( 6244): Obsolete flag --compact-dex-level ignored
05-01 18:27:50.003 W/dex2oat64( 6244): Unexpected CPU variant for x86: x86_64.
05-01 18:27:50.003 W/dex2oat64( 6244): Known variants: atom, sandybridge, silvermont, goldmont, goldmont-plus, goldmont-without-sha-xsaves, tremont, kabylake, default
05-01 18:27:50.005 W/dex2oat64( 6244): Mismatch between dex2oat instruction set features to use (ISA: X86_64 Feature string: -ssse3,-sse4.1,-sse4.2,-avx,-avx2,-popcnt) and those from CPP defines (ISA: X86_64 Feature string: ssse3,sse4.1,sse4.2,-avx,-avx2,popcnt) for the command line:
05-01 18:27:50.005 W/dex2oat64( 6244): /apex/com.android.art/bin/dex2oat64 --zip-fd=6 --zip-location=/data/app/~~2lK9jcDK3yWLFp943EZxqQ==/com.google.android.gms-us3Y_ikr7H5W-4gGc6z7iQ==/base.apk --oat-fd=7 --oat-location=/data/app/~~2lK9jcDK3yWLFp943EZxqQ==/com.google.android.gms-us3Y_ikr7H5W-4gGc6z7iQ==/oat/x86_64/base.odex --output-vdex-fd=8 --app-image-fd=9 --image-format=lz4 --swap-fd=10 --class-loader-context-fds=11:12:13:14:15 --class-loader-context=PCL[]{PCL[/system/framework/org.apache.http.legacy.jar]#PCL[/system/framework/com.android.location.provider.jar]#PCL[/system/framework/com.android.media.remotedisplay.jar]#PCL[/system_ext/framework/androidx.window.extensions.jar]#PCL[/system_ext/framework/androidx.window.sidecar.jar]} --classpath-dir=/data/app/~~2lK9jcDK3yWLFp943EZxqQ==/com.google.android.gms-us3Y_ikr7H5W-4gGc6z7iQ== --dm-fd=16 --profile-file-fd=17 --instruction-set=x86_64 --instruction-set-features=default --instruction-set-variant=x86_64 --compiler-filter=speed-profile --compilation-reason=install-dm --compact-dex-level=none --max-image-block-size=524288 --resolve-startup-const-strings=true --generate-mini-debug-info --runtime-arg -Xtarget-sdk-version:37 --runtime-arg -Xhidden-api-policy:enabled --runtime-arg -Xms64m --runtime-arg -Xmx512m --comments=app-name:com.google.android.gms,app-version-name:26.16.31 (260800-900800821),app-version-code:261631038,art-version:350820300
05-01 18:27:50.010 I/dex2oat64( 6244): /apex/com.android.art/bin/dex2oat64 --output-vdex-fd=8 --class-loader-context-fds=11:12:13:14:15 --class-loader-context=PCL[]{PCL[/system/framework/org.apache.http.legacy.jar]#PCL[/system/framework/com.android.location.provider.jar]#PCL[/system/framework/com.android.media.remotedisplay.jar]#PCL[/system_ext/framework/androidx.window.extensions.jar]#PCL[/system_ext/framework/androidx.window.sidecar.jar]} --classpath-dir=/data/app/~~2lK9jcDK3yWLFp943EZxqQ==/com.google.android.gms-us3Y_ikr7H5W-4gGc6z7iQ== --dm-fd=16 --profile-file-fd=17 --compiler-filter=speed-profile --compilation-reason=install-dm --compact-dex-level=none --max-image-block-size=524288 --resolve-startup-const-strings=true --generate-mini-debug-info --comments=app-name:com.google.android.gms,app-version-name:26.16.31 (260800-900800821),app-version-code:261631038,art-version:350820300
05-01 18:27:50.020 I/dex2oat64( 6244): Using CollectorTypeCMC GC.
05-01 18:27:50.103 W/android.hardware.audio@7.1-impl.ranchu(  399): pcmWrite:259 pcm_writei failed with 'cannot read/write stream data: I/O error' (-1)
05-01 18:27:50.103 E/android.hardware.audio@7.1-impl.ranchu(  399): pcmWrite:260 failure: -1
05-01 18:27:50.127 I/dex2oat64( 6244): Large app, accepted running with swap.
05-01 18:27:50.158 D/MediaSessionService(  610): onSessionPlaybackStateChanged: record=com.streamfr.app/androidx.media3.session.id.player_mobile_148555624754/7 (userId=0) playbackState=PlaybackState {state=PLAYING(3), position=-1, buffered position=-1, speed=0.0, updated=343279, actions=7339651, custom actions=[], active item id=0, error=null}
05-01 18:27:50.160 W/AudioMediaPlayerWrapper( 1196): onPlaybackStateChanged(): com.streamfr.app tried to update with no new data
05-01 18:27:50.161 W/AudioMediaPlayerWrapper( 1196): onPlaybackStateChanged(): com.streamfr.app tried to update with no new data
05-01 18:27:50.207 W/android.hardware.audio@7.1-impl.ranchu(  399): pcmWrite:259 pcm_writei failed with 'cannot read/write stream data: I/O error' (-1)
05-01 18:27:50.207 E/android.hardware.audio@7.1-impl.ranchu(  399): pcmWrite:260 failure: -1
05-01 18:27:50.231 I/ServiceWatcher(  610): [GeocoderProxy] chose new implementation 10144/com.google.android.gms/.location.geocode.GeocodeService@2
05-01 18:27:50.232 I/ServiceWatcher(  610): [RealLocationTimeZoneProviderProxy] chose new implementation 10144/com.google.android.gms/.geotimezone.GeoTimeZoneService@1
05-01 18:27:50.232 I/ServiceWatcher(  610): [GeofenceProxy] chose new implementation 10144/com.google.android.gms/com.google.android.location.internal.GoogleLocationManagerService@1
05-01 18:27:50.232 I/ServiceWatcher(  610): [network] chose new implementation 10144/com.google.android.gms/com.google.android.location.network.NetworkLocationService@2
05-01 18:27:50.232 I/ServiceWatcher(  610): [fused] chose new implementation 10144/com.google.android.gms/com.google.android.location.fused.FusedLocationService@1
05-01 18:27:50.232 I/ServiceWatcher(  610): [HardwareActivityRecognitionProxy] chose new implementation 10144/com.google.android.gms/com.google.android.location.internal.server.HardwareArProviderService@1
05-01 18:27:50.310 W/android.hardware.audio@7.1-impl.ranchu(  399): pcmWrite:259 pcm_writei failed with 'cannot read/write stream data: I/O error' (-1)
05-01 18:27:50.310 E/android.hardware.audio@7.1-impl.ranchu(  399): pcmWrite:260 failure: -1
05-01 18:27:50.414 W/android.hardware.audio@7.1-impl.ranchu(  399): pcmWrite:259 pcm_writei failed with 'cannot read/write stream data: I/O error' (-1)
05-01 18:27:50.414 E/android.hardware.audio@7.1-impl.ranchu(  399): pcmWrite:260 failure: -1
05-01 18:27:50.520 W/android.hardware.audio@7.1-impl.ranchu(  399): pcmWrite:259 pcm_writei failed with 'cannot read/write stream data: I/O error' (-1)
05-01 18:27:50.520 E/android.hardware.audio@7.1-impl.ranchu(  399): pcmWrite:260 failure: -1
05-01 18:27:50.623 W/android.hardware.audio@7.1-impl.ranchu(  399): pcmWrite:259 pcm_writei failed with 'cannot read/write stream data: I/O error' (-1)
05-01 18:27:50.623 E/android.hardware.audio@7.1-impl.ranchu(  399): pcmWrite:260 failure: -1
05-01 18:27:50.655 D/ActivityManager(  610): freezing 5485 com.google.android.googlequicksearchbox:search
05-01 18:27:50.726 W/android.hardware.audio@7.1-impl.ranchu(  399): pcmWrite:259 pcm_writei failed with 'cannot read/write stream data: I/O error' (-1)
05-01 18:27:50.726 E/android.hardware.audio@7.1-impl.ranchu(  399): pcmWrite:260 failure: -1
05-01 18:27:50.804 D/WifiNl80211Manager(  610): Scan result ready event
05-01 18:27:50.804 D/WifiNative(  610): Scan result ready event
05-01 18:27:50.816 I/HalDevMgr(  610): bestIfaceCreationProposal is null, requestIface=STA, existingIface=[name=wlan0 type=STA]
05-01 18:27:50.831 W/android.hardware.audio@7.1-impl.ranchu(  399): pcmWrite:259 pcm_writei failed with 'cannot read/write stream data: I/O error' (-1)
05-01 18:27:50.831 E/android.hardware.audio@7.1-impl.ranchu(  399): pcmWrite:260 failure: -1
05-01 18:27:50.934 W/android.hardware.audio@7.1-impl.ranchu(  399): pcmWrite:259 pcm_writei failed with 'cannot read/write stream data: I/O error' (-1)
05-01 18:27:50.934 E/android.hardware.audio@7.1-impl.ranchu(  399): pcmWrite:260 failure: -1
05-01 18:27:50.981 D/EGL_emulation( 4621): app_time_stats: avg=40.03ms min=29.98ms max=50.56ms count=25
05-01 18:27:51.038 W/android.hardware.audio@7.1-impl.ranchu(  399): pcmWrite:259 pcm_writei failed with 'cannot read/write stream data: I/O error' (-1)
05-01 18:27:51.038 E/android.hardware.audio@7.1-impl.ranchu(  399): pcmWrite:260 failure: -1
05-01 18:27:51.147 W/android.hardware.audio@7.1-impl.ranchu(  399): pcmWrite:259 pcm_writei failed with 'cannot read/write stream data: I/O error' (-1)
05-01 18:27:51.147 E/android.hardware.audio@7.1-impl.ranchu(  399): pcmWrite:260 failure: -1
05-01 18:27:51.254 W/android.hardware.audio@7.1-impl.ranchu(  399): pcmWrite:259 pcm_writei failed with 'cannot read/write stream data: I/O error' (-1)
05-01 18:27:51.254 E/android.hardware.audio@7.1-impl.ranchu(  399): pcmWrite:260 failure: -1
05-01 18:27:51.362 W/android.hardware.audio@7.1-impl.ranchu(  399): pcmWrite:259 pcm_writei failed with 'cannot read/write stream data: I/O error' (-1)
05-01 18:27:51.363 E/android.hardware.audio@7.1-impl.ranchu(  399): pcmWrite:260 failure: -1
05-01 18:27:51.468 W/android.hardware.audio@7.1-impl.ranchu(  399): pcmWrite:259 pcm_writei failed with 'cannot read/write stream data: I/O error' (-1)
05-01 18:27:51.468 E/android.hardware.audio@7.1-impl.ranchu(  399): pcmWrite:260 failure: -1
05-01 18:27:51.570 W/android.hardware.audio@7.1-impl.ranchu(  399): pcmWrite:259 pcm_writei failed with 'cannot read/write stream data: I/O error' (-1)
05-01 18:27:51.570 E/android.hardware.audio@7.1-impl.ranchu(  399): pcmWrite:260 failure: -1
05-01 18:27:51.675 W/android.hardware.audio@7.1-impl.ranchu(  399): pcmWrite:259 pcm_writei failed with 'cannot read/write stream data: I/O error' (-1)
05-01 18:27:51.675 E/android.hardware.audio@7.1-impl.ranchu(  399): pcmWrite:260 failure: -1
05-01 18:27:51.778 W/android.hardware.audio@7.1-impl.ranchu(  399): pcmWrite:259 pcm_writei failed with 'cannot read/write stream data: I/O error' (-1)
05-01 18:27:51.778 E/android.hardware.audio@7.1-impl.ranchu(  399): pcmWrite:260 failure: -1
05-01 18:27:51.886 W/android.hardware.audio@7.1-impl.ranchu(  399): pcmWrite:259 pcm_writei failed with 'cannot read/write stream data: I/O error' (-1)
05-01 18:27:51.886 E/android.hardware.audio@7.1-impl.ranchu(  399): pcmWrite:260 failure: -1
05-01 18:27:51.995 W/android.hardware.audio@7.1-impl.ranchu(  399): pcmWrite:259 pcm_writei failed with 'cannot read/write stream data: I/O error' (-1)
05-01 18:27:51.995 E/android.hardware.audio@7.1-impl.ranchu(  399): pcmWrite:260 failure: -1
05-01 18:27:52.031 D/EGL_emulation( 4621): app_time_stats: avg=40.35ms min=26.66ms max=56.44ms count=26
05-01 18:27:52.074 D/BufferPoolAccessor2.0( 4621): bufferpool2 0x70ec78a72b38 : 5(31457280 size) total buffers - 5(31457280 size) used buffers - 3896/3901 (recycle/alloc) - 5/3900 (fetch/transfer)
05-01 18:27:52.099 W/android.hardware.audio@7.1-impl.ranchu(  399): pcmWrite:259 pcm_writei failed with 'cannot read/write stream data: I/O error' (-1)
05-01 18:27:52.099 E/android.hardware.audio@7.1-impl.ranchu(  399): pcmWrite:260 failure: -1
05-01 18:27:52.203 W/android.hardware.audio@7.1-impl.ranchu(  399): pcmWrite:259 pcm_writei failed with 'cannot read/write stream data: I/O error' (-1)
05-01 18:27:52.204 E/android.hardware.audio@7.1-impl.ranchu(  399): pcmWrite:260 failure: -1
05-01 18:27:52.310 W/android.hardware.audio@7.1-impl.ranchu(  399): pcmWrite:259 pcm_writei failed with 'cannot read/write stream data: I/O error' (-1)
05-01 18:27:52.310 E/android.hardware.audio@7.1-impl.ranchu(  399): pcmWrite:260 failure: -1
05-01 18:27:52.418 W/android.hardware.audio@7.1-impl.ranchu(  399): pcmWrite:259 pcm_writei failed with 'cannot read/write stream data: I/O error' (-1)
05-01 18:27:52.419 E/android.hardware.audio@7.1-impl.ranchu(  399): pcmWrite:260 failure: -1
05-01 18:27:52.523 W/android.hardware.audio@7.1-impl.ranchu(  399): pcmWrite:259 pcm_writei failed with 'cannot read/write stream data: I/O error' (-1)
05-01 18:27:52.523 E/android.hardware.audio@7.1-impl.ranchu(  399): pcmWrite:260 failure: -1
05-01 18:27:52.627 W/android.hardware.audio@7.1-impl.ranchu(  399): pcmWrite:259 pcm_writei failed with 'cannot read/write stream data: I/O error' (-1)
05-01 18:27:52.627 E/android.hardware.audio@7.1-impl.ranchu(  399): pcmWrite:260 failure: -1
05-01 18:27:52.730 W/android.hardware.audio@7.1-impl.ranchu(  399): pcmWrite:259 pcm_writei failed with 'cannot read/write stream data: I/O error' (-1)
05-01 18:27:52.730 E/android.hardware.audio@7.1-impl.ranchu(  399): pcmWrite:260 failure: -1
05-01 18:27:52.835 W/android.hardware.audio@7.1-impl.ranchu(  399): pcmWrite:259 pcm_writei failed with 'cannot read/write stream data: I/O error' (-1)
05-01 18:27:52.836 E/android.hardware.audio@7.1-impl.ranchu(  399): pcmWrite:260 failure: -1
05-01 18:27:52.939 W/android.hardware.audio@7.1-impl.ranchu(  399): pcmWrite:259 pcm_writei failed with 'cannot read/write stream data: I/O error' (-1)
05-01 18:27:52.940 E/android.hardware.audio@7.1-impl.ranchu(  399): pcmWrite:260 failure: -1
05-01 18:27:52.966 I/dex2oat64( 6244): Explicit concurrent mark compact GC freed 161MB AllocSpace bytes, 0(0B) LOS objects, 75% free, 7838KB/31MB, paused 21us,296us total 63.821ms
05-01 18:27:53.031 D/EGL_emulation( 4621): app_time_stats: avg=40.01ms min=27.39ms max=52.62ms count=25
05-01 18:27:53.043 W/android.hardware.audio@7.1-impl.ranchu(  399): pcmWrite:259 pcm_writei failed with 'cannot read/write stream data: I/O error' (-1)
05-01 18:27:53.043 E/android.hardware.audio@7.1-impl.ranchu(  399): pcmWrite:260 failure: -1
05-01 18:27:53.151 W/android.hardware.audio@7.1-impl.ranchu(  399): pcmWrite:259 pcm_writei failed with 'cannot read/write stream data: I/O error' (-1)
05-01 18:27:53.151 E/android.hardware.audio@7.1-impl.ranchu(  399): pcmWrite:260 failure: -1
05-01 18:27:53.161 D/MediaSessionService(  610): onSessionPlaybackStateChanged: record=com.streamfr.app/androidx.media3.session.id.player_mobile_148555624754/7 (userId=0) playbackState=PlaybackState {state=PLAYING(3), position=-1, buffered position=-1, speed=0.0, updated=346282, actions=7339651, custom actions=[], active item id=0, error=null}
05-01 18:27:53.163 W/AudioMediaPlayerWrapper( 1196): onPlaybackStateChanged(): com.streamfr.app tried to update with no new data
05-01 18:27:53.164 W/AudioMediaPlayerWrapper( 1196): onPlaybackStateChanged(): com.streamfr.app tried to update with no new data
05-01 18:27:53.255 W/android.hardware.audio@7.1-impl.ranchu(  399): pcmWrite:259 pcm_writei failed with 'cannot read/write stream data: I/O error' (-1)
05-01 18:27:53.255 E/android.hardware.audio@7.1-impl.ranchu(  399): pcmWrite:260 failure: -1
05-01 18:27:53.359 W/android.hardware.audio@7.1-impl.ranchu(  399): pcmWrite:259 pcm_writei failed with 'cannot read/write stream data: I/O error' (-1)
05-01 18:27:53.359 E/android.hardware.audio@7.1-impl.ranchu(  399): pcmWrite:260 failure: -1
05-01 18:27:53.404 I/dex2oat64( 6244): dex2oat took 3.402s (5.125s cpu) (threads: 4) arena alloc=10MB (10756688B) java alloc=7838KB (8026336B) native alloc=35MB (37510768B) free=26MB (27911840B) swap=16MB (16777216B)
05-01 18:27:53.433 I/artd    (  767): dex2oat returned code 0
05-01 18:27:53.443 I/ArtService(  610): Dexopt result: [packageName = com.google.android.gms] DexContainerFileDexoptResult{dexContainerFile=/data/app/~~2lK9jcDK3yWLFp943EZxqQ==/com.google.android.gms-us3Y_ikr7H5W-4gGc6z7iQ==/base.apk, primaryAbi=true, abi=x86_64, actualCompilerFilter=speed-profile, status=PERFORMED, dex2oatWallTimeMillis=3525, dex2oatCpuTimeMillis=5160, sizeBytes=17607180, sizeBeforeBytes=0, extendedStatusFlags=[]}
05-01 18:27:53.446 I/artd    (  767): Running profman: /apex/com.android.art/bin/art_exec --drop-capabilities --keep-fds=6:7:8 -- /apex/com.android.art/bin/profman --copy-and-update-profile-key --profile-file-fd=6 --apk-fd=7 --reference-profile-file-fd=8
05-01 18:27:53.446 I/artd    (  767): Opened FDs: 6:/data/app/~~2lK9jcDK3yWLFp943EZxqQ==/com.google.android.gms-us3Y_ikr7H5W-4gGc6z7iQ==/split_AdsDynamite_installtime.dm 7:/data/app/~~2lK9jcDK3yWLFp943EZxqQ==/com.google.android.gms-us3Y_ikr7H5W-4gGc6z7iQ==/split_AdsDynamite_installtime.apk 8:/data/misc/profiles/ref/com.google.android.gms/AdsDynamite_installtime.split.prof.3mLumu.tmp 
05-01 18:27:53.466 W/android.hardware.audio@7.1-impl.ranchu(  399): pcmWrite:259 pcm_writei failed with 'cannot read/write stream data: I/O error' (-1)
05-01 18:27:53.466 E/android.hardware.audio@7.1-impl.ranchu(  399): pcmWrite:260 failure: -1
05-01 18:27:53.467 W/profman ( 6250): Could not find entry primary.prof in the zip archive. Creating an empty profile.
05-01 18:27:53.471 I/artd    (  767): profman returned code 21
05-01 18:27:53.473 I/ArtService(  610): Adjusting the compiler filter for 'com.google.android.gms' from 'speed-profile' to 'speed' because there is no valid profile and the package needs to be shared
05-01 18:27:53.476 I/artd    (  767): Dex parent of /data/app/~~2lK9jcDK3yWLFp943EZxqQ==/com.google.android.gms-us3Y_ikr7H5W-4gGc6z7iQ==/split_AdsDynamite_installtime.apk is not writable: Permission denied
05-01 18:27:53.476 I/artd    (  767): GetBestInfo checking odex in dalvik-cache (/data/dalvik-cache/x86_64/data@app@~~2lK9jcDK3yWLFp943EZxqQ==@com.google.android.gms-us3Y_ikr7H5W-4gGc6z7iQ==@split_AdsDynamite_installtime.apk@classes.dex)
05-01 18:27:53.476 I/artd    (  767): Loading /data/dalvik-cache/x86_64/data@app@~~2lK9jcDK3yWLFp943EZxqQ==@com.google.android.gms-us3Y_ikr7H5W-4gGc6z7iQ==@split_AdsDynamite_installtime.apk@classes.dex with executable: 0
05-01 18:27:53.476 I/artd    (  767): OatFileAssistant test for existing oat file /data/dalvik-cache/x86_64/data@app@~~2lK9jcDK3yWLFp943EZxqQ==@com.google.android.gms-us3Y_ikr7H5W-4gGc6z7iQ==@split_AdsDynamite_installtime.apk@classes.dex: File /data/dalvik-cache/x86_64/data@app@~~2lK9jcDK3yWLFp943EZxqQ==@com.google.android.gms-us3Y_ikr7H5W-4gGc6z7iQ==@split_AdsDynamite_installtime.apk@classes.vdex does not exist.
05-01 18:27:53.476 I/artd    (  767): GetBestInfo checking odex next to the dex file (/data/app/~~2lK9jcDK3yWLFp943EZxqQ==/com.google.android.gms-us3Y_ikr7H5W-4gGc6z7iQ==/oat/x86_64/split_AdsDynamite_installtime.odex)
05-01 18:27:53.476 I/artd    (  767): Loading /data/app/~~2lK9jcDK3yWLFp943EZxqQ==/com.google.android.gms-us3Y_ikr7H5W-4gGc6z7iQ==/oat/x86_64/split_AdsDynamite_installtime.odex with executable: 0
05-01 18:27:53.476 I/artd    (  767): OatFileAssistant test for existing oat file /data/app/~~2lK9jcDK3yWLFp943EZxqQ==/com.google.android.gms-us3Y_ikr7H5W-4gGc6z7iQ==/oat/x86_64/split_AdsDynamite_installtime.odex: File /data/app/~~2lK9jcDK3yWLFp943EZxqQ==/com.google.android.gms-us3Y_ikr7H5W-4gGc6z7iQ==/oat/x86_64/split_AdsDynamite_installtime.vdex does not exist.
05-01 18:27:53.476 I/artd    (  767): GetBestInfo checking vdex in dalvik-cache (/data/dalvik-cache/x86_64/data@app@~~2lK9jcDK3yWLFp943EZxqQ==@com.google.android.gms-us3Y_ikr7H5W-4gGc6z7iQ==@split_AdsDynamite_installtime.apk@classes.vdex)
05-01 18:27:53.476 I/artd    (  767): unable to open vdex file /data/dalvik-cache/x86_64/data@app@~~2lK9jcDK3yWLFp943EZxqQ==@com.google.android.gms-us3Y_ikr7H5W-4gGc6z7iQ==@split_AdsDynamite_installtime.apk@classes.vdex: File /data/dalvik-cache/x86_64/data@app@~~2lK9jcDK3yWLFp943EZxqQ==@com.google.android.gms-us3Y_ikr7H5W-4gGc6z7iQ==@split_AdsDynamite_installtime.apk@classes.vdex does not exist.
05-01 18:27:53.476 I/artd    (  767): OatFileAssistant test for existing oat file /data/dalvik-cache/x86_64/data@app@~~2lK9jcDK3yWLFp943EZxqQ==@com.google.android.gms-us3Y_ikr7H5W-4gGc6z7iQ==@split_AdsDynamite_installtime.apk@classes.vdex: File /data/dalvik-cache/x86_64/data@app@~~2lK9jcDK3yWLFp943EZxqQ==@com.google.android.gms-us3Y_ikr7H5W-4gGc6z7iQ==@split_AdsDynamite_installtime.apk@classes.vdex does not exist.
05-01 18:27:53.476 I/artd    (  767): GetBestInfo checking vdex next to the dex file (/data/app/~~2lK9jcDK3yWLFp943EZxqQ==/com.google.android.gms-us3Y_ikr7H5W-4gGc6z7iQ==/oat/x86_64/split_AdsDynamite_installtime.vdex)
05-01 18:27:53.476 I/artd    (  767): unable to open vdex file /data/app/~~2lK9jcDK3yWLFp943EZxqQ==/com.google.android.gms-us3Y_ikr7H5W-4gGc6z7iQ==/oat/x86_64/split_AdsDynamite_installtime.vdex: File /data/app/~~2lK9jcDK3yWLFp943EZxqQ==/com.google.android.gms-us3Y_ikr7H5W-4gGc6z7iQ==/oat/x86_64/split_AdsDynamite_installtime.vdex does not exist.
05-01 18:27:53.476 I/artd    (  767): OatFileAssistant test for existing oat file /data/app/~~2lK9jcDK3yWLFp943EZxqQ==/com.google.android.gms-us3Y_ikr7H5W-4gGc6z7iQ==/oat/x86_64/split_AdsDynamite_installtime.vdex: File /data/app/~~2lK9jcDK3yWLFp943EZxqQ==/com.google.android.gms-us3Y_ikr7H5W-4gGc6z7iQ==/oat/x86_64/split_AdsDynamite_installtime.vdex does not exist.
05-01 18:27:53.476 I/artd    (  767): GetBestInfo checking dm (/data/app/~~2lK9jcDK3yWLFp943EZxqQ==/com.google.android.gms-us3Y_ikr7H5W-4gGc6z7iQ==/split_AdsDynamite_installtime.dm)
05-01 18:27:53.477 I/artd    (  767): Successfully loaded /data/app/~~2lK9jcDK3yWLFp943EZxqQ==/com.google.android.gms-us3Y_ikr7H5W-4gGc6z7iQ==/split_AdsDynamite_installtime.dm with executable: 0
05-01 18:27:53.477 I/artd    (  767): Image checksum test skipped for vdex file primary.vdex mapped directly in memory from /data/app/~~2lK9jcDK3yWLFp943EZxqQ==/com.google.android.gms-us3Y_ikr7H5W-4gGc6z7iQ==/split_AdsDynamite_installtime.dm
05-01 18:27:53.477 I/artd    (  767): primary.vdex mapped directly in memory from /data/app/~~2lK9jcDK3yWLFp943EZxqQ==/com.google.android.gms-us3Y_ikr7H5W-4gGc6z7iQ==/split_AdsDynamite_installtime.dm is kOatUpToDate with filter verify
05-01 18:27:53.477 I/artd    (  767): Should recompile: targetFilterIsBetter (current: verify, target: speed)
05-01 18:27:53.484 I/artd    (  767): Running dex2oat: /apex/com.android.art/bin/art_exec --drop-capabilities --set-task-profile=Dex2OatBootComplete --set-priority=background --keep-fds=6:7:8:9:10:11:12:13:14:15:16 -- /apex/com.android.art/bin/dex2oat64 --zip-fd=6 --zip-location=/data/app/~~2lK9jcDK3yWLFp943EZxqQ==/com.google.android.gms-us3Y_ikr7H5W-4gGc6z7iQ==/split_AdsDynamite_installtime.apk --oat-fd=7 --oat-location=/data/app/~~2lK9jcDK3yWLFp943EZxqQ==/com.google.android.gms-us3Y_ikr7H5W-4gGc6z7iQ==/oat/x86_64/split_AdsDynamite_installtime.odex --output-vdex-fd=8 --swap-fd=9 --class-loader-context-fds=10:11:12:13:14:15 --class-loader-context=DLC[];PCL[base.apk]{PCL[/system/framework/org.apache.http.legacy.jar]#PCL[/system/framework/com.android.location.provider.jar]#PCL[/system/framework/com.android.media.remotedisplay.jar]#PCL[/system_ext/framework/androidx.window.extensions.jar]#PCL[/system_ext/framework/androidx.window.sidecar.jar]} --classpath-dir=/data/app/~~2lK9jcDK3yWLFp943EZxqQ==/com.google.android.gms-us3Y_ikr7H5W-4gGc6z7iQ== --dm-fd=16 --instruction-set=x86_64 --instruction-set-features=default --instruction-set-variant=x86_64 --compiler-filter=speed --compilation-reason=install-dm --compact-dex-level=none --max-image-block-size=524288 --resolve-startup-const-strings=true --generate-mini-debug-info --runtime-arg -Xtarget-sdk-version:37 --runtime-arg -Xhidden-api-policy:enabled --runtime-arg -Xms64m --runtime-arg -Xmx512m --comments=app-name:com.google.android.gms,app-version-name:26.16.31 (260800-900800821),app-version-code:261631038,art-version:350820300
05-01 18:27:53.484 I/artd    (  767): Opened FDs: 6:/data/app/~~2lK9jcDK3yWLFp943EZxqQ==/com.google.android.gms-us3Y_ikr7H5W-4gGc6z7iQ==/split_AdsDynamite_installtime.apk 7:/data/app/~~2lK9jcDK3yWLFp943EZxqQ==/com.google.android.gms-us3Y_ikr7H5W-4gGc6z7iQ==/oat/x86_64/split_AdsDynamite_installtime.odex.87TEGn.tmp 8:/data/app/~~2lK9jcDK3yWLFp943EZxqQ==/com.google.android.gms-us3Y_ikr7H5W-4gGc6z7iQ==/oat/x86_64/split_AdsDynamite_installtime.vdex.Ed4v8Q.tmp 9:/data/app/~~2lK9jcDK3yWLFp943EZxqQ==/com.google.android.gms-us3Y_ikr7H5W-4gGc6z7iQ==/oat/x86_64/split_AdsDynamite_installtime.odex.swap.MBt2pL.tmp 10:/data/app/~~2lK9jcDK3yWLFp943EZxqQ==/com.google.android.gms-us3Y_ikr7H5W-4gGc6z7iQ==/base.apk 11:/system_ext/framework/androidx.window.sidecar.jar 12:/system_ext/framework/androidx.window.extensions.jar 13:/system/framework/com.android.media.remotedisplay.jar 14:/system/framework/com.android.location.provider.jar 15:/system/framework/org.apache.http.legacy.jar 16:/data/app/~~2lK9jcDK3yWLFp943EZxqQ==/com.google.android.gms-us3Y_ikr7H5W-4gGc6z7iQ==/split_AdsDynamite_installtime.dm 
05-01 18:27:53.522 W/dex2oat64( 6251): Obsolete flag --compact-dex-level ignored
05-01 18:27:53.522 W/dex2oat64( 6251): Unexpected CPU variant for x86: x86_64.
05-01 18:27:53.522 W/dex2oat64( 6251): Known variants: atom, sandybridge, silvermont, goldmont, goldmont-plus, goldmont-without-sha-xsaves, tremont, kabylake, default
05-01 18:27:53.524 W/dex2oat64( 6251): Mismatch between dex2oat instruction set features to use (ISA: X86_64 Feature string: -ssse3,-sse4.1,-sse4.2,-avx,-avx2,-popcnt) and those from CPP defines (ISA: X86_64 Feature string: ssse3,sse4.1,sse4.2,-avx,-avx2,popcnt) for the command line:
05-01 18:27:53.524 W/dex2oat64( 6251): /apex/com.android.art/bin/dex2oat64 --zip-fd=6 --zip-location=/data/app/~~2lK9jcDK3yWLFp943EZxqQ==/com.google.android.gms-us3Y_ikr7H5W-4gGc6z7iQ==/split_AdsDynamite_installtime.apk --oat-fd=7 --oat-location=/data/app/~~2lK9jcDK3yWLFp943EZxqQ==/com.google.android.gms-us3Y_ikr7H5W-4gGc6z7iQ==/oat/x86_64/split_AdsDynamite_installtime.odex --output-vdex-fd=8 --swap-fd=9 --class-loader-context-fds=10:11:12:13:14:15 --class-loader-context=DLC[];PCL[base.apk]{PCL[/system/framework/org.apache.http.legacy.jar]#PCL[/system/framework/com.android.location.provider.jar]#PCL[/system/framework/com.android.media.remotedisplay.jar]#PCL[/system_ext/framework/androidx.window.extensions.jar]#PCL[/system_ext/framework/androidx.window.sidecar.jar]} --classpath-dir=/data/app/~~2lK9jcDK3yWLFp943EZxqQ==/com.google.android.gms-us3Y_ikr7H5W-4gGc6z7iQ== --dm-fd=16 --instruction-set=x86_64 --instruction-set-features=default --instruction-set-variant=x86_64 --compiler-filter=speed --compilation-reason=install-dm --compact-dex-level=none --max-image-block-size=524288 --resolve-startup-const-strings=true --generate-mini-debug-info --runtime-arg -Xtarget-sdk-version:37 --runtime-arg -Xhidden-api-policy:enabled --runtime-arg -Xms64m --runtime-arg -Xmx512m --comments=app-name:com.google.android.gms,app-version-name:26.16.31 (260800-900800821),app-version-code:261631038,art-version:350820300
05-01 18:27:53.525 I/dex2oat64( 6251): /apex/com.android.art/bin/dex2oat64 --output-vdex-fd=8 --class-loader-context-fds=10:11:12:13:14:15 --class-loader-context=DLC[];PCL[base.apk]{PCL[/system/framework/org.apache.http.legacy.jar]#PCL[/system/framework/com.android.location.provider.jar]#PCL[/system/framework/com.android.media.remotedisplay.jar]#PCL[/system_ext/framework/androidx.window.extensions.jar]#PCL[/system_ext/framework/androidx.window.sidecar.jar]} --classpath-dir=/data/app/~~2lK9jcDK3yWLFp943EZxqQ==/com.google.android.gms-us3Y_ikr7H5W-4gGc6z7iQ== --dm-fd=16 --compiler-filter=speed --compilation-reason=install-dm --compact-dex-level=none --max-image-block-size=524288 --resolve-startup-const-strings=true --generate-mini-debug-info --comments=app-name:com.google.android.gms,app-version-name:26.16.31 (260800-900800821),app-version-code:261631038,art-version:350820300
05-01 18:27:53.528 I/dex2oat64( 6251): Using CollectorTypeCMC GC.
05-01 18:27:53.571 W/android.hardware.audio@7.1-impl.ranchu(  399): pcmWrite:259 pcm_writei failed with 'cannot read/write stream data: I/O error' (-1)
05-01 18:27:53.571 E/android.hardware.audio@7.1-impl.ranchu(  399): pcmWrite:260 failure: -1
05-01 18:27:53.675 W/android.hardware.audio@7.1-impl.ranchu(  399): pcmWrite:259 pcm_writei failed with 'cannot read/write stream data: I/O error' (-1)
05-01 18:27:53.675 E/android.hardware.audio@7.1-impl.ranchu(  399): pcmWrite:260 failure: -1
05-01 18:27:53.778 W/android.hardware.audio@7.1-impl.ranchu(  399): pcmWrite:259 pcm_writei failed with 'cannot read/write stream data: I/O error' (-1)
05-01 18:27:53.778 E/android.hardware.audio@7.1-impl.ranchu(  399): pcmWrite:260 failure: -1
05-01 18:27:53.882 W/android.hardware.audio@7.1-impl.ranchu(  399): pcmWrite:259 pcm_writei failed with 'cannot read/write stream data: I/O error' (-1)
05-01 18:27:53.882 E/android.hardware.audio@7.1-impl.ranchu(  399): pcmWrite:260 failure: -1
05-01 18:27:53.991 W/android.hardware.audio@7.1-impl.ranchu(  399): pcmWrite:259 pcm_writei failed with 'cannot read/write stream data: I/O error' (-1)
05-01 18:27:53.991 E/android.hardware.audio@7.1-impl.ranchu(  399): pcmWrite:260 failure: -1
05-01 18:27:54.031 D/EGL_emulation( 4621): app_time_stats: avg=40.00ms min=29.43ms max=51.81ms count=25
05-01 18:27:54.095 W/android.hardware.audio@7.1-impl.ranchu(  399): pcmWrite:259 pcm_writei failed with 'cannot read/write stream data: I/O error' (-1)
05-01 18:27:54.095 E/android.hardware.audio@7.1-impl.ranchu(  399): pcmWrite:260 failure: -1
05-01 18:27:54.097 I/artd    (  767): Dex parent of /data/app/~~2lK9jcDK3yWLFp943EZxqQ==/com.google.android.gms-us3Y_ikr7H5W-4gGc6z7iQ==/base.apk is not writable: Permission denied
05-01 18:27:54.097 I/artd    (  767): GetBestInfo checking odex in dalvik-cache (/data/dalvik-cache/x86_64/data@app@~~2lK9jcDK3yWLFp943EZxqQ==@com.google.android.gms-us3Y_ikr7H5W-4gGc6z7iQ==@base.apk@classes.dex)
05-01 18:27:54.097 I/artd    (  767): Loading /data/dalvik-cache/x86_64/data@app@~~2lK9jcDK3yWLFp943EZxqQ==@com.google.android.gms-us3Y_ikr7H5W-4gGc6z7iQ==@base.apk@classes.dex with executable: 0
05-01 18:27:54.097 I/artd    (  767): OatFileAssistant test for existing oat file /data/dalvik-cache/x86_64/data@app@~~2lK9jcDK3yWLFp943EZxqQ==@com.google.android.gms-us3Y_ikr7H5W-4gGc6z7iQ==@base.apk@classes.dex: File /data/dalvik-cache/x86_64/data@app@~~2lK9jcDK3yWLFp943EZxqQ==@com.google.android.gms-us3Y_ikr7H5W-4gGc6z7iQ==@base.apk@classes.vdex does not exist.
05-01 18:27:54.097 I/artd    (  767): GetBestInfo checking odex next to the dex file (/data/app/~~2lK9jcDK3yWLFp943EZxqQ==/com.google.android.gms-us3Y_ikr7H5W-4gGc6z7iQ==/oat/x86_64/base.odex)
05-01 18:27:54.097 I/artd    (  767): Loading /data/app/~~2lK9jcDK3yWLFp943EZxqQ==/com.google.android.gms-us3Y_ikr7H5W-4gGc6z7iQ==/oat/x86_64/base.odex with executable: 0
05-01 18:27:54.099 I/artd    (  767): Successfully loaded /data/app/~~2lK9jcDK3yWLFp943EZxqQ==/com.google.android.gms-us3Y_ikr7H5W-4gGc6z7iQ==/oat/x86_64/base.odex with executable: 0
05-01 18:27:54.099 I/artd    (  767): /data/app/~~2lK9jcDK3yWLFp943EZxqQ==/com.google.android.gms-us3Y_ikr7H5W-4gGc6z7iQ==/oat/x86_64/base.odex is kOatUpToDate with filter speed-profile
05-01 18:27:54.107 I/artd    (  767): Dex parent of /data/app/~~2lK9jcDK3yWLFp943EZxqQ==/com.google.android.gms-us3Y_ikr7H5W-4gGc6z7iQ==/split_AdsDynamite_installtime.apk is not writable: Permission denied
05-01 18:27:54.107 I/artd    (  767): GetBestInfo checking odex in dalvik-cache (/data/dalvik-cache/x86_64/data@app@~~2lK9jcDK3yWLFp943EZxqQ==@com.google.android.gms-us3Y_ikr7H5W-4gGc6z7iQ==@split_AdsDynamite_installtime.apk@classes.dex)
05-01 18:27:54.107 I/artd    (  767): Loading /data/dalvik-cache/x86_64/data@app@~~2lK9jcDK3yWLFp943EZxqQ==@com.google.android.gms-us3Y_ikr7H5W-4gGc6z7iQ==@split_AdsDynamite_installtime.apk@classes.dex with executable: 0
05-01 18:27:54.107 I/artd    (  767): OatFileAssistant test for existing oat file /data/dalvik-cache/x86_64/data@app@~~2lK9jcDK3yWLFp943EZxqQ==@com.google.android.gms-us3Y_ikr7H5W-4gGc6z7iQ==@split_AdsDynamite_installtime.apk@classes.dex: File /data/dalvik-cache/x86_64/data@app@~~2lK9jcDK3yWLFp943EZxqQ==@com.google.android.gms-us3Y_ikr7H5W-4gGc6z7iQ==@split_AdsDynamite_installtime.apk@classes.vdex does not exist.
05-01 18:27:54.107 I/artd    (  767): GetBestInfo checking odex next to the dex file (/data/app/~~2lK9jcDK3yWLFp943EZxqQ==/com.google.android.gms-us3Y_ikr7H5W-4gGc6z7iQ==/oat/x86_64/split_AdsDynamite_installtime.odex)
05-01 18:27:54.107 I/artd    (  767): Loading /data/app/~~2lK9jcDK3yWLFp943EZxqQ==/com.google.android.gms-us3Y_ikr7H5W-4gGc6z7iQ==/oat/x86_64/split_AdsDynamite_installtime.odex with executable: 0
05-01 18:27:54.107 I/artd    (  767): OatFileAssistant test for existing oat file /data/app/~~2lK9jcDK3yWLFp943EZxqQ==/com.google.android.gms-us3Y_ikr7H5W-4gGc6z7iQ==/oat/x86_64/split_AdsDynamite_installtime.odex: File /data/app/~~2lK9jcDK3yWLFp943EZxqQ==/com.google.android.gms-us3Y_ikr7H5W-4gGc6z7iQ==/oat/x86_64/split_AdsDynamite_installtime.vdex does not exist.
05-01 18:27:54.107 I/artd    (  767): GetBestInfo checking vdex in dalvik-cache (/data/dalvik-cache/x86_64/data@app@~~2lK9jcDK3yWLFp943EZxqQ==@com.google.android.gms-us3Y_ikr7H5W-4gGc6z7iQ==@split_AdsDynamite_installtime.apk@classes.vdex)
05-01 18:27:54.107 I/artd    (  767): unable to open vdex file /data/dalvik-cache/x86_64/data@app@~~2lK9jcDK3yWLFp943EZxqQ==@com.google.android.gms-us3Y_ikr7H5W-4gGc6z7iQ==@split_AdsDynamite_installtime.apk@classes.vdex: File /data/dalvik-cache/x86_64/data@app@~~2lK9jcDK3yWLFp943EZxqQ==@com.google.android.gms-us3Y_ikr7H5W-4gGc6z7iQ==@split_AdsDynamite_installtime.apk@classes.vdex does not exist.
05-01 18:27:54.107 I/artd    (  767): OatFileAssistant test for existing oat file /data/dalvik-cache/x86_64/data@app@~~2lK9jcDK3yWLFp943EZxqQ==@com.google.android.gms-us3Y_ikr7H5W-4gGc6z7iQ==@split_AdsDynamite_installtime.apk@classes.vdex: File /data/dalvik-cache/x86_64/data@app@~~2lK9jcDK3yWLFp943EZxqQ==@com.google.android.gms-us3Y_ikr7H5W-4gGc6z7iQ==@split_AdsDynamite_installtime.apk@classes.vdex does not exist.
05-01 18:27:54.107 I/artd    (  767): GetBestInfo checking vdex next to the dex file (/data/app/~~2lK9jcDK3yWLFp943EZxqQ==/com.google.android.gms-us3Y_ikr7H5W-4gGc6z7iQ==/oat/x86_64/split_AdsDynamite_installtime.vdex)
05-01 18:27:54.107 I/artd    (  767): unable to open vdex file /data/app/~~2lK9jcDK3yWLFp943EZxqQ==/com.google.android.gms-us3Y_ikr7H5W-4gGc6z7iQ==/oat/x86_64/split_AdsDynamite_installtime.vdex: File /data/app/~~2lK9jcDK3yWLFp943EZxqQ==/com.google.android.gms-us3Y_ikr7H5W-4gGc6z7iQ==/oat/x86_64/split_AdsDynamite_installtime.vdex does not exist.
05-01 18:27:54.107 I/artd    (  767): OatFileAssistant test for existing oat file /data/app/~~2lK9jcDK3yWLFp943EZxqQ==/com.google.android.gms-us3Y_ikr7H5W-4gGc6z7iQ==/oat/x86_64/split_AdsDynamite_installtime.vdex: File /data/app/~~2lK9jcDK3yWLFp943EZxqQ==/com.google.android.gms-us3Y_ikr7H5W-4gGc6z7iQ==/oat/x86_64/split_AdsDynamite_installtime.vdex does not exist.
05-01 18:27:54.107 I/artd    (  767): GetBestInfo checking dm (/data/app/~~2lK9jcDK3yWLFp943EZxqQ==/com.google.android.gms-us3Y_ikr7H5W-4gGc6z7iQ==/split_AdsDynamite_installtime.dm)
05-01 18:27:54.107 I/artd    (  767): Successfully loaded /data/app/~~2lK9jcDK3yWLFp943EZxqQ==/com.google.android.gms-us3Y_ikr7H5W-4gGc6z7iQ==/split_AdsDynamite_installtime.dm with executable: 0
05-01 18:27:54.107 I/artd    (  767): Image checksum test skipped for vdex file primary.vdex mapped directly in memory from /data/app/~~2lK9jcDK3yWLFp943EZxqQ==/com.google.android.gms-us3Y_ikr7H5W-4gGc6z7iQ==/split_AdsDynamite_installtime.dm
05-01 18:27:54.107 I/artd    (  767): primary.vdex mapped directly in memory from /data/app/~~2lK9jcDK3yWLFp943EZxqQ==/com.google.android.gms-us3Y_ikr7H5W-4gGc6z7iQ==/split_AdsDynamite_installtime.dm is kOatUpToDate with filter verify
05-01 18:27:54.109 I/artd    (  767): Dex parent of /data/app/~~2lK9jcDK3yWLFp943EZxqQ==/com.google.android.gms-us3Y_ikr7H5W-4gGc6z7iQ==/split_CronetDynamite_installtime.apk is not writable: Permission denied
05-01 18:27:54.109 I/artd    (  767): GetBestInfo checking odex in dalvik-cache (/data/dalvik-cache/x86_64/data@app@~~2lK9jcDK3yWLFp943EZxqQ==@com.google.android.gms-us3Y_ikr7H5W-4gGc6z7iQ==@split_CronetDynamite_installtime.apk@classes.dex)
05-01 18:27:54.109 I/artd    (  767): Loading /data/dalvik-cache/x86_64/data@app@~~2lK9jcDK3yWLFp943EZxqQ==@com.google.android.gms-us3Y_ikr7H5W-4gGc6z7iQ==@split_CronetDynamite_installtime.apk@classes.dex with executable: 0
05-01 18:27:54.109 I/artd    (  767): OatFileAssistant test for existing oat file /data/dalvik-cache/x86_64/data@app@~~2lK9jcDK3yWLFp943EZxqQ==@com.google.android.gms-us3Y_ikr7H5W-4gGc6z7iQ==@split_CronetDynamite_installtime.apk@classes.dex: File /data/dalvik-cache/x86_64/data@app@~~2lK9jcDK3yWLFp943EZxqQ==@com.google.android.gms-us3Y_ikr7H5W-4gGc6z7iQ==@split_CronetDynamite_installtime.apk@classes.vdex does not exist.
05-01 18:27:54.109 I/artd    (  767): GetBestInfo checking odex next to the dex file (/data/app/~~2lK9jcDK3yWLFp943EZxqQ==/com.google.android.gms-us3Y_ikr7H5W-4gGc6z7iQ==/oat/x86_64/split_CronetDynamite_installtime.odex)
05-01 18:27:54.109 I/artd    (  767): Loading /data/app/~~2lK9jcDK3yWLFp943EZxqQ==/com.google.android.gms-us3Y_ikr7H5W-4gGc6z7iQ==/oat/x86_64/split_CronetDynamite_installtime.odex with executable: 0
05-01 18:27:54.109 I/artd    (  767): OatFileAssistant test for existing oat file /data/app/~~2lK9jcDK3yWLFp943EZxqQ==/com.google.android.gms-us3Y_ikr7H5W-4gGc6z7iQ==/oat/x86_64/split_CronetDynamite_installtime.odex: File /data/app/~~2lK9jcDK3yWLFp943EZxqQ==/com.google.android.gms-us3Y_ikr7H5W-4gGc6z7iQ==/oat/x86_64/split_CronetDynamite_installtime.vdex does not exist.
05-01 18:27:54.109 I/artd    (  767): GetBestInfo checking vdex in dalvik-cache (/data/dalvik-cache/x86_64/data@app@~~2lK9jcDK3yWLFp943EZxqQ==@com.google.android.gms-us3Y_ikr7H5W-4gGc6z7iQ==@split_CronetDynamite_installtime.apk@classes.vdex)
05-01 18:27:54.109 I/artd    (  767): unable to open vdex file /data/dalvik-cache/x86_64/data@app@~~2lK9jcDK3yWLFp943EZxqQ==@com.google.android.gms-us3Y_ikr7H5W-4gGc6z7iQ==@split_CronetDynamite_installtime.apk@classes.vdex: File /data/dalvik-cache/x86_64/data@app@~~2lK9jcDK3yWLFp943EZxqQ==@com.google.android.gms-us3Y_ikr7H5W-4gGc6z7iQ==@split_CronetDynamite_installtime.apk@classes.vdex does not exist.
05-01 18:27:54.109 I/artd    (  767): OatFileAssistant test for existing oat file /data/dalvik-cache/x86_64/data@app@~~2lK9jcDK3yWLFp943EZxqQ==@com.google.android.gms-us3Y_ikr7H5W-4gGc6z7iQ==@split_CronetDynamite_installtime.apk@classes.vdex: File /data/dalvik-cache/x86_64/data@app@~~2lK9jcDK3yWLFp943EZxqQ==@com.google.android.gms-us3Y_ikr7H5W-4gGc6z7iQ==@split_CronetDynamite_installtime.apk@classes.vdex does not exist.
05-01 18:27:54.109 I/artd    (  767): GetBestInfo checking vdex next to the dex file (/data/app/~~2lK9jcDK3yWLFp943EZxqQ==/com.google.android.gms-us3Y_ikr7H5W-4gGc6z7iQ==/oat/x86_64/split_CronetDynamite_installtime.vdex)
05-01 18:27:54.109 I/artd    (  767): unable to open vdex file /data/app/~~2lK9jcDK3yWLFp943EZxqQ==/com.google.android.gms-us3Y_ikr7H5W-4gGc6z7iQ==/oat/x86_64/split_CronetDynamite_installtime.vdex: File /data/app/~~2lK9jcDK3yWLFp943EZxqQ==/com.google.android.gms-us3Y_ikr7H5W-4gGc6z7iQ==/oat/x86_64/split_CronetDynamite_installtime.vdex does not exist.
05-01 18:27:54.109 I/artd    (  767): OatFileAssistant test for existing oat file /data/app/~~2lK9jcDK3yWLFp943EZxqQ==/com.google.android.gms-us3Y_ikr7H5W-4gGc6z7iQ==/oat/x86_64/split_CronetDynamite_installtime.vdex: File /data/app/~~2lK9jcDK3yWLFp943EZxqQ==/com.google.android.gms-us3Y_ikr7H5W-4gGc6z7iQ==/oat/x86_64/split_CronetDynamite_installtime.vdex does not exist.
05-01 18:27:54.109 I/artd    (  767): GetBestInfo checking dm (/data/app/~~2lK9jcDK3yWLFp943EZxqQ==/com.google.android.gms-us3Y_ikr7H5W-4gGc6z7iQ==/split_CronetDynamite_installtime.dm)
05-01 18:27:54.114 I/artd    (  767): Successfully loaded /data/app/~~2lK9jcDK3yWLFp943EZxqQ==/com.google.android.gms-us3Y_ikr7H5W-4gGc6z7iQ==/split_CronetDynamite_installtime.dm with executable: 0
05-01 18:27:54.114 I/artd    (  767): Image checksum test skipped for vdex file primary.vdex mapped directly in memory from /data/app/~~2lK9jcDK3yWLFp943EZxqQ==/com.google.android.gms-us3Y_ikr7H5W-4gGc6z7iQ==/split_CronetDynamite_installtime.dm
05-01 18:27:54.114 I/artd    (  767): primary.vdex mapped directly in memory from /data/app/~~2lK9jcDK3yWLFp943EZxqQ==/com.google.android.gms-us3Y_ikr7H5W-4gGc6z7iQ==/split_CronetDynamite_installtime.dm is kOatUpToDate with filter verify
05-01 18:27:54.115 I/artd    (  767): Dex parent of /data/app/~~2lK9jcDK3yWLFp943EZxqQ==/com.google.android.gms-us3Y_ikr7H5W-4gGc6z7iQ==/split_DynamiteLoader_installtime.apk is not writable: Permission denied
05-01 18:27:54.115 I/artd    (  767): GetBestInfo checking odex in dalvik-cache (/data/dalvik-cache/x86_64/data@app@~~2lK9jcDK3yWLFp943EZxqQ==@com.google.android.gms-us3Y_ikr7H5W-4gGc6z7iQ==@split_DynamiteLoader_installtime.apk@classes.dex)
05-01 18:27:54.115 I/artd    (  767): Loading /data/dalvik-cache/x86_64/data@app@~~2lK9jcDK3yWLFp943EZxqQ==@com.google.android.gms-us3Y_ikr7H5W-4gGc6z7iQ==@split_DynamiteLoader_installtime.apk@classes.dex with executable: 0
05-01 18:27:54.115 I/artd    (  767): OatFileAssistant test for existing oat file /data/dalvik-cache/x86_64/data@app@~~2lK9jcDK3yWLFp943EZxqQ==@com.google.android.gms-us3Y_ikr7H5W-4gGc6z7iQ==@split_DynamiteLoader_installtime.apk@classes.dex: File /data/dalvik-cache/x86_64/data@app@~~2lK9jcDK3yWLFp943EZxqQ==@com.google.android.gms-us3Y_ikr7H5W-4gGc6z7iQ==@split_DynamiteLoader_installtime.apk@classes.vdex does not exist.
05-01 18:27:54.115 I/artd    (  767): GetBestInfo checking odex next to the dex file (/data/app/~~2lK9jcDK3yWLFp943EZxqQ==/com.google.android.gms-us3Y_ikr7H5W-4gGc6z7iQ==/oat/x86_64/split_DynamiteLoader_installtime.odex)
05-01 18:27:54.115 I/artd    (  767): Loading /data/app/~~2lK9jcDK3yWLFp943EZxqQ==/com.google.android.gms-us3Y_ikr7H5W-4gGc6z7iQ==/oat/x86_64/split_DynamiteLoader_installtime.odex with executable: 0
05-01 18:27:54.115 I/artd    (  767): OatFileAssistant test for existing oat file /data/app/~~2lK9jcDK3yWLFp943EZxqQ==/com.google.android.gms-us3Y_ikr7H5W-4gGc6z7iQ==/oat/x86_64/split_DynamiteLoader_installtime.odex: File /data/app/~~2lK9jcDK3yWLFp943EZxqQ==/com.google.android.gms-us3Y_ikr7H5W-4gGc6z7iQ==/oat/x86_64/split_DynamiteLoader_installtime.vdex does not exist.
05-01 18:27:54.115 I/artd    (  767): GetBestInfo checking vdex in dalvik-cache (/data/dalvik-cache/x86_64/data@app@~~2lK9jcDK3yWLFp943EZxqQ==@com.google.android.gms-us3Y_ikr7H5W-4gGc6z7iQ==@split_DynamiteLoader_installtime.apk@classes.vdex)
05-01 18:27:54.115 I/artd    (  767): unable to open vdex file /data/dalvik-cache/x86_64/data@app@~~2lK9jcDK3yWLFp943EZxqQ==@com.google.android.gms-us3Y_ikr7H5W-4gGc6z7iQ==@split_DynamiteLoader_installtime.apk@classes.vdex: File /data/dalvik-cache/x86_64/data@app@~~2lK9jcDK3yWLFp943EZxqQ==@com.google.android.gms-us3Y_ikr7H5W-4gGc6z7iQ==@split_DynamiteLoader_installtime.apk@classes.vdex does not exist.
05-01 18:27:54.115 I/artd    (  767): OatFileAssistant test for existing oat file /data/dalvik-cache/x86_64/data@app@~~2lK9jcDK3yWLFp943EZxqQ==@com.google.android.gms-us3Y_ikr7H5W-4gGc6z7iQ==@split_DynamiteLoader_installtime.apk@classes.vdex: File /data/dalvik-cache/x86_64/data@app@~~2lK9jcDK3yWLFp943EZxqQ==@com.google.android.gms-us3Y_ikr7H5W-4gGc6z7iQ==@split_DynamiteLoader_installtime.apk@classes.vdex does not exist.
05-01 18:27:54.115 I/artd    (  767): GetBestInfo checking vdex next to the dex file (/data/app/~~2lK9jcDK3yWLFp943EZxqQ==/com.google.android.gms-us3Y_ikr7H5W-4gGc6z7iQ==/oat/x86_64/split_DynamiteLoader_installtime.vdex)
05-01 18:27:54.115 I/artd    (  767): unable to open vdex file /data/app/~~2lK9jcDK3yWLFp943EZxqQ==/com.google.android.gms-us3Y_ikr7H5W-4gGc6z7iQ==/oat/x86_64/split_DynamiteLoader_installtime.vdex: File /data/app/~~2lK9jcDK3yWLFp943EZxqQ==/com.google.android.gms-us3Y_ikr7H5W-4gGc6z7iQ==/oat/x86_64/split_DynamiteLoader_installtime.vdex does not exist.
05-01 18:27:54.115 I/artd    (  767): OatFileAssistant test for existing oat file /data/app/~~2lK9jcDK3yWLFp943EZxqQ==/com.google.android.gms-us3Y_ikr7H5W-4gGc6z7iQ==/oat/x86_64/split_DynamiteLoader_installtime.vdex: File /data/app/~~2lK9jcDK3yWLFp943EZxqQ==/com.google.android.gms-us3Y_ikr7H5W-4gGc6z7iQ==/oat/x86_64/split_DynamiteLoader_installtime.vdex does not exist.
05-01 18:27:54.115 I/artd    (  767): GetBestInfo checking dm (/data/app/~~2lK9jcDK3yWLFp943EZxqQ==/com.google.android.gms-us3Y_ikr7H5W-4gGc6z7iQ==/split_DynamiteLoader_installtime.dm)
05-01 18:27:54.116 I/artd    (  767): Successfully loaded /data/app/~~2lK9jcDK3yWLFp943EZxqQ==/com.google.android.gms-us3Y_ikr7H5W-4gGc6z7iQ==/split_DynamiteLoader_installtime.dm with executable: 0
05-01 18:27:54.116 I/artd    (  767): Image checksum test skipped for vdex file primary.vdex mapped directly in memory from /data/app/~~2lK9jcDK3yWLFp943EZxqQ==/com.google.android.gms-us3Y_ikr7H5W-4gGc6z7iQ==/split_DynamiteLoader_installtime.dm
05-01 18:27:54.116 I/artd    (  767): primary.vdex mapped directly in memory from /data/app/~~2lK9jcDK3yWLFp943EZxqQ==/com.google.android.gms-us3Y_ikr7H5W-4gGc6z7iQ==/split_DynamiteLoader_installtime.dm is kOatUpToDate with filter verify
05-01 18:27:54.117 I/artd    (  767): Dex parent of /data/app/~~2lK9jcDK3yWLFp943EZxqQ==/com.google.android.gms-us3Y_ikr7H5W-4gGc6z7iQ==/split_DynamiteModulesA_installtime.apk is not writable: Permission denied
05-01 18:27:54.118 I/artd    (  767): GetBestInfo checking odex in dalvik-cache (/data/dalvik-cache/x86_64/data@app@~~2lK9jcDK3yWLFp943EZxqQ==@com.google.android.gms-us3Y_ikr7H5W-4gGc6z7iQ==@split_DynamiteModulesA_installtime.apk@classes.dex)
05-01 18:27:54.118 I/artd    (  767): Loading /data/dalvik-cache/x86_64/data@app@~~2lK9jcDK3yWLFp943EZxqQ==@com.google.android.gms-us3Y_ikr7H5W-4gGc6z7iQ==@split_DynamiteModulesA_installtime.apk@classes.dex with executable: 0
05-01 18:27:54.118 I/artd    (  767): OatFileAssistant test for existing oat file /data/dalvik-cache/x86_64/data@app@~~2lK9jcDK3yWLFp943EZxqQ==@com.google.android.gms-us3Y_ikr7H5W-4gGc6z7iQ==@split_DynamiteModulesA_installtime.apk@classes.dex: File /data/dalvik-cache/x86_64/data@app@~~2lK9jcDK3yWLFp943EZxqQ==@com.google.android.gms-us3Y_ikr7H5W-4gGc6z7iQ==@split_DynamiteModulesA_installtime.apk@classes.vdex does not exist.
05-01 18:27:54.118 I/artd    (  767): GetBestInfo checking odex next to the dex file (/data/app/~~2lK9jcDK3yWLFp943EZxqQ==/com.google.android.gms-us3Y_ikr7H5W-4gGc6z7iQ==/oat/x86_64/split_DynamiteModulesA_installtime.odex)
05-01 18:27:54.118 I/artd    (  767): Loading /data/app/~~2lK9jcDK3yWLFp943EZxqQ==/com.google.android.gms-us3Y_ikr7H5W-4gGc6z7iQ==/oat/x86_64/split_DynamiteModulesA_installtime.odex with executable: 0
05-01 18:27:54.118 I/artd    (  767): OatFileAssistant test for existing oat file /data/app/~~2lK9jcDK3yWLFp943EZxqQ==/com.google.android.gms-us3Y_ikr7H5W-4gGc6z7iQ==/oat/x86_64/split_DynamiteModulesA_installtime.odex: File /data/app/~~2lK9jcDK3yWLFp943EZxqQ==/com.google.android.gms-us3Y_ikr7H5W-4gGc6z7iQ==/oat/x86_64/split_DynamiteModulesA_installtime.vdex does not exist.
05-01 18:27:54.118 I/artd    (  767): GetBestInfo checking vdex in dalvik-cache (/data/dalvik-cache/x86_64/data@app@~~2lK9jcDK3yWLFp943EZxqQ==@com.google.android.gms-us3Y_ikr7H5W-4gGc6z7iQ==@split_DynamiteModulesA_installtime.apk@classes.vdex)
05-01 18:27:54.118 I/artd    (  767): unable to open vdex file /data/dalvik-cache/x86_64/data@app@~~2lK9jcDK3yWLFp943EZxqQ==@com.google.android.gms-us3Y_ikr7H5W-4gGc6z7iQ==@split_DynamiteModulesA_installtime.apk@classes.vdex: File /data/dalvik-cache/x86_64/data@app@~~2lK9jcDK3yWLFp943EZxqQ==@com.google.android.gms-us3Y_ikr7H5W-4gGc6z7iQ==@split_DynamiteModulesA_installtime.apk@classes.vdex does not exist.
05-01 18:27:54.118 I/artd    (  767): OatFileAssistant test for existing oat file /data/dalvik-cache/x86_64/data@app@~~2lK9jcDK3yWLFp943EZxqQ==@com.google.android.gms-us3Y_ikr7H5W-4gGc6z7iQ==@split_DynamiteModulesA_installtime.apk@classes.vdex: File /data/dalvik-cache/x86_64/data@app@~~2lK9jcDK3yWLFp943EZxqQ==@com.google.android.gms-us3Y_ikr7H5W-4gGc6z7iQ==@split_DynamiteModulesA_installtime.apk@classes.vdex does not exist.
05-01 18:27:54.118 I/artd    (  767): GetBestInfo checking vdex next to the dex file (/data/app/~~2lK9jcDK3yWLFp943EZxqQ==/com.google.android.gms-us3Y_ikr7H5W-4gGc6z7iQ==/oat/x86_64/split_DynamiteModulesA_installtime.vdex)
05-01 18:27:54.118 I/artd    (  767): unable to open vdex file /data/app/~~2lK9jcDK3yWLFp943EZxqQ==/com.google.android.gms-us3Y_ikr7H5W-4gGc6z7iQ==/oat/x86_64/split_DynamiteModulesA_installtime.vdex: File /data/app/~~2lK9jcDK3yWLFp943EZxqQ==/com.google.android.gms-us3Y_ikr7H5W-4gGc6z7iQ==/oat/x86_64/split_DynamiteModulesA_installtime.vdex does not exist.
05-01 18:27:54.118 I/artd    (  767): OatFileAssistant test for existing oat file /data/app/~~2lK9jcDK3yWLFp943EZxqQ==/com.google.android.gms-us3Y_ikr7H5W-4gGc6z7iQ==/oat/x86_64/split_DynamiteModulesA_installtime.vdex: File /data/app/~~2lK9jcDK3yWLFp943EZxqQ==/com.google.android.gms-us3Y_ikr7H5W-4gGc6z7iQ==/oat/x86_64/split_DynamiteModulesA_installtime.vdex does not exist.
05-01 18:27:54.118 I/artd    (  767): GetBestInfo checking dm (/data/app/~~2lK9jcDK3yWLFp943EZxqQ==/com.google.android.gms-us3Y_ikr7H5W-4gGc6z7iQ==/split_DynamiteModulesA_installtime.dm)
05-01 18:27:54.124 I/artd    (  767): Successfully loaded /data/app/~~2lK9jcDK3yWLFp943EZxqQ==/com.google.android.gms-us3Y_ikr7H5W-4gGc6z7iQ==/split_DynamiteModulesA_installtime.dm with executable: 0
05-01 18:27:54.124 I/artd    (  767): Image checksum test skipped for vdex file primary.vdex mapped directly in memory from /data/app/~~2lK9jcDK3yWLFp943EZxqQ==/com.google.android.gms-us3Y_ikr7H5W-4gGc6z7iQ==/split_DynamiteModulesA_installtime.dm
05-01 18:27:54.124 I/artd    (  767): primary.vdex mapped directly in memory from /data/app/~~2lK9jcDK3yWLFp943EZxqQ==/com.google.android.gms-us3Y_ikr7H5W-4gGc6z7iQ==/split_DynamiteModulesA_installtime.dm is kOatUpToDate with filter verify
05-01 18:27:54.125 I/artd    (  767): Dex parent of /data/app/~~2lK9jcDK3yWLFp943EZxqQ==/com.google.android.gms-us3Y_ikr7H5W-4gGc6z7iQ==/split_DynamiteModulesC_installtime.apk is not writable: Permission denied
05-01 18:27:54.125 I/artd    (  767): GetBestInfo checking odex in dalvik-cache (/data/dalvik-cache/x86_64/data@app@~~2lK9jcDK3yWLFp943EZxqQ==@com.google.android.gms-us3Y_ikr7H5W-4gGc6z7iQ==@split_DynamiteModulesC_installtime.apk@classes.dex)
05-01 18:27:54.125 I/artd    (  767): Loading /data/dalvik-cache/x86_64/data@app@~~2lK9jcDK3yWLFp943EZxqQ==@com.google.android.gms-us3Y_ikr7H5W-4gGc6z7iQ==@split_DynamiteModulesC_installtime.apk@classes.dex with executable: 0
