05-01 18:39:48.971 W/BugleRcsProvisioning( 6973): Failed to get RCS configuration from the cached provider, configuration is empty.
05-01 18:39:48.971 W/BugleRcsProvisioning( 6973): dncp: FULL
05-01 18:39:48.971 W/BugleRcsProvisioning( 6973): 	at afzl.c(PG:130)
05-01 18:39:48.971 W/BugleRcsProvisioning( 6973): 	at afzl.f(PG:13)
05-01 18:39:48.971 W/BugleRcsProvisioning( 6973): 	at afwq.a(PG:9)
05-01 18:39:48.971 W/BugleRcsProvisioning( 6973): 	at cjrj.ao(PG:3)
05-01 18:39:48.971 W/BugleRcsProvisioning( 6973): 	at cjpj.r(PG:3)
05-01 18:39:48.971 W/BugleRcsProvisioning( 6973): 	at cjpj.b(PG:591)
05-01 18:39:48.971 W/BugleRcsProvisioning( 6973): 	at cirx.h(PG:17)
05-01 18:39:48.971 W/BugleRcsProvisioning( 6973): 	at cirx.handleMessage(PG:311)
05-01 18:39:48.971 W/BugleRcsProvisioning( 6973): 	at android.os.Handler.dispatchMessage(Handler.java:107)
05-01 18:39:48.971 W/BugleRcsProvisioning( 6973): 	at android.os.Looper.loopOnce(Looper.java:232)
05-01 18:39:48.971 W/BugleRcsProvisioning( 6973): 	at android.os.Looper.loop(Looper.java:317)
05-01 18:39:48.971 W/BugleRcsProvisioning( 6973): 	at android.os.HandlerThread.run(HandlerThread.java:85)
05-01 18:39:48.971 I/BugleRcsEngine( 6973): Battery optimization is not required. [963c0a7c-70a9-4e2d-a8e3-0a3cea2a849f] [CONTEXT log_prefix="(PEv2-SM70129245-DefaultCallSmsData-1-cf8)" thread_id=123 ]
05-01 18:39:48.972 I/BugleRcsEngine( 6973): No RCS Configuration was found in Bugle for simID: redacted-pii:sim_id[chars:20,last3:897] [CONTEXT log_prefix="ProvisioningEngineDataRetriever" thread_id=123 ]
05-01 18:39:48.973 I/BugleRcsEngine( 6973): transitionViaMessage, srcState=CheckPreconditionsState, destState = ReadyState [963c0a7c-70a9-4e2d-a8e3-0a3cea2a849f] [CONTEXT log_prefix="(PEv2-SM70129245-DefaultCallSmsData-1-cf8)" thread_id=123 ]
05-01 18:39:48.974 I/BugleRcsEngine( 6973): CheckPreconditionsState: Transition to ready [963c0a7c-70a9-4e2d-a8e3-0a3cea2a849f] [CONTEXT log_prefix="(PEv2-SM70129245-DefaultCallSmsData-1-cf8)" thread_id=123 ]
05-01 18:39:48.975 I/BugleRcsEngine( 6973): transitionTo: destState=ReadyState [963c0a7c-70a9-4e2d-a8e3-0a3cea2a849f] [CONTEXT log_prefix="(PEv2-SM70129245-DefaultCallSmsData-1-cf8)" thread_id=123 ]
05-01 18:39:48.975 I/BugleRcsEngine( 6973): onTransitionRequested CheckPreconditionsState [963c0a7c-70a9-4e2d-a8e3-0a3cea2a849f] [CONTEXT log_prefix="(PEv2-SM70129245-DefaultCallSmsData-1-cf8)" thread_id=123 ]
05-01 18:39:48.975 I/BugleRcsEngine( 6973): Exit CheckPreconditionsState [963c0a7c-70a9-4e2d-a8e3-0a3cea2a849f] [CONTEXT log_prefix="(PEv2-SM70129245-DefaultCallSmsData-1-cf8)" thread_id=123 ]
05-01 18:39:48.975 I/BugleRcsEngine( 6973): Exit EnabledState [963c0a7c-70a9-4e2d-a8e3-0a3cea2a849f] [CONTEXT log_prefix="(PEv2-SM70129245-DefaultCallSmsData-1-cf8)" thread_id=123 ]
05-01 18:39:48.975 W/BugleRcsEngine( 6973): Unable to send diagnostic log [CONTEXT thread_id=123 ]
05-01 18:39:48.976 I/BugleRcsEngine( 6973): Enter InProgressState [963c0a7c-70a9-4e2d-a8e3-0a3cea2a849f] [CONTEXT log_prefix="(PEv2-SM70129245-DefaultCallSmsData-1-cf8)" thread_id=123 ]
05-01 18:39:48.982 W/BugleRcsEngine( 6973): Unable to send diagnostic log [CONTEXT thread_id=123 ]
05-01 18:39:48.982 I/BugleRcsEngine( 6973): Enter ReadyState [963c0a7c-70a9-4e2d-a8e3-0a3cea2a849f] [CONTEXT log_prefix="(PEv2-SM70129245-DefaultCallSmsData-1-cf8)" thread_id=123 ]
05-01 18:39:48.987 W/BugleRcsEngine( 6973): Unable to send diagnostic log [CONTEXT thread_id=123 ]
05-01 18:39:48.988 I/BugleRcsEngine( 6973): No RCS Configuration was found in Bugle for simID: redacted-pii:sim_id[chars:20,last3:897] [CONTEXT log_prefix="ProvisioningEngineDataRetriever" thread_id=123 ]
05-01 18:39:48.991 W/BugleRcsEngine( 6973): Unable to send diagnostic log [CONTEXT thread_id=122 ]
05-01 18:39:48.997 I/BugleRcsEngine( 6973): transitionViaMessage, srcState=ReadyState, destState = RequestWithImsiState [963c0a7c-70a9-4e2d-a8e3-0a3cea2a849f] [CONTEXT log_prefix="(PEv2-SM70129245-DefaultCallSmsData-1-cf8)" thread_id=123 ]
05-01 18:39:48.998 I/BugleRcsEngine( 6973): ReadyState: Transition to request with imsi [963c0a7c-70a9-4e2d-a8e3-0a3cea2a849f] [CONTEXT log_prefix="(PEv2-SM70129245-DefaultCallSmsData-1-cf8)" thread_id=123 ]
05-01 18:39:48.998 I/BugleRcsEngine( 6973): transitionTo: destState=RequestWithImsiState [963c0a7c-70a9-4e2d-a8e3-0a3cea2a849f] [CONTEXT log_prefix="(PEv2-SM70129245-DefaultCallSmsData-1-cf8)" thread_id=123 ]
05-01 18:39:48.998 I/BugleRcsEngine( 6973): onTransitionRequested ReadyState [963c0a7c-70a9-4e2d-a8e3-0a3cea2a849f] [CONTEXT log_prefix="(PEv2-SM70129245-DefaultCallSmsData-1-cf8)" thread_id=123 ]
05-01 18:39:48.998 I/BugleRcsEngine( 6973): Exit ReadyState [963c0a7c-70a9-4e2d-a8e3-0a3cea2a849f] [CONTEXT log_prefix="(PEv2-SM70129245-DefaultCallSmsData-1-cf8)" thread_id=123 ]
05-01 18:39:48.999 W/BugleRcsEngine( 6973): Unable to send diagnostic log [CONTEXT thread_id=123 ]
05-01 18:39:48.999 I/BugleRcsEngine( 6973): Enter RequestWithImsiState [963c0a7c-70a9-4e2d-a8e3-0a3cea2a849f] [CONTEXT log_prefix="(PEv2-SM70129245-DefaultCallSmsData-1-cf8)" thread_id=123 ]
05-01 18:39:49.003 W/BugleRcsEngine( 6973): Unable to send diagnostic log [CONTEXT thread_id=123 ]
05-01 18:39:49.007 I/BugleRcsEngine( 6973): Using config server URL from biuf [CONTEXT log_prefix="ProvisioningServerUtil" thread_id=123 ]
05-01 18:39:49.009 I/BugleRcsEngine( 6973): No RCS Configuration was found in Bugle for simID: redacted-pii:sim_id[chars:20,last3:897] [CONTEXT log_prefix="ProvisioningEngineDataRetriever" thread_id=123 ]
05-01 18:39:49.010 W/BugleRcsEngine( 6973): Unable to send diagnostic log [CONTEXT thread_id=122 ]
05-01 18:39:49.018 I/BugleRcsEngine( 6973): No RCS Configuration was found in Bugle for simID: redacted-pii:sim_id[chars:20,last3:897] [CONTEXT log_prefix="ProvisioningEngineDataRetriever" thread_id=123 ]
05-01 18:39:49.018 W/BugleRcsEngine( 6973): Could not retrieve MSISDN from configuration. Configuration is empty. [963c0a7c-70a9-4e2d-a8e3-0a3cea2a849f] [CONTEXT log_prefix="(PEv2-SM70129245-DefaultCallSmsData-1-cf8)" thread_id=123 ]
05-01 18:39:49.019 W/BugleRcsEngine( 6973): Skipping adding Tachyon identity key to request. Null/empty RCS msisdn from configuration for sim ID: redacted-pii:sim_id[chars:20,last3:897]. [963c0a7c-70a9-4e2d-a8e3-0a3cea2a849f] [CONTEXT log_prefix="(PEv2-SM70129245-DefaultCallSmsData-1-cf8)" thread_id=123 ]
05-01 18:39:49.025 W/BugleRcsEngine( 6973): Unable to send diagnostic log [CONTEXT thread_id=121 ]
05-01 18:39:49.040 D/ActivityManager(  610): sync unfroze 6640 com.google.android.gms.unstable for 6
05-01 18:39:49.089 D/FileUtils(  610): Rounded bytes from 2067869696 to 4000000000
05-01 18:39:49.100 W/libc    ( 6640): Access denied finding property "persist.adb.tls_server.enable"
05-01 18:39:49.100 W/libc    ( 6640): Access denied finding property "service.adb.tls.port"
05-01 18:39:49.098 W/binder:6640_F( 6640): type=1400 audit(0.0:122): avc:  denied  { read } for  name="u:object_r:system_adbd_prop:s0" dev="tmpfs" ino=314 scontext=u:r:gmscore_app:s0:c512,c768 tcontext=u:object_r:system_adbd_prop:s0 tclass=file permissive=0 app=com.google.android.gms
05-01 18:39:49.098 W/binder:6640_F( 6640): type=1400 audit(0.0:123): avc:  denied  { read } for  name="u:object_r:adbd_prop:s0" dev="tmpfs" ino=59 scontext=u:r:gmscore_app:s0:c512,c768 tcontext=u:object_r:adbd_prop:s0 tclass=file permissive=0 app=com.google.android.gms
05-01 18:39:49.109 D/TrafficStats( 6640): tagSocket(97) with statsTag=0x1809, statsUid=-1
05-01 18:39:49.117 E/BugleRcsEngine( 6973): Could not create DroidGuard token creation event [CONTEXT log_prefix="DroidGuardLogger" thread_id=123 ]
05-01 18:39:49.117 I/BugleRcsEngine( 6973): RequestWithImsiState: event Send config request [963c0a7c-70a9-4e2d-a8e3-0a3cea2a849f] [CONTEXT log_prefix="(PEv2-SM70129245-DefaultCallSmsData-1-cf8)" thread_id=123 ]
05-01 18:39:49.117 I/BugleRcsEngine( 6973): InProgressState: event Send config request [963c0a7c-70a9-4e2d-a8e3-0a3cea2a849f] [CONTEXT log_prefix="(PEv2-SM70129245-DefaultCallSmsData-1-cf8)" thread_id=123 ]
05-01 18:39:49.118 W/BugleRcsEngine( 6973): Unable to send diagnostic log [CONTEXT thread_id=123 ]
05-01 18:39:49.121 W/BugleRcsEngine( 6973): Unable to send diagnostic log [CONTEXT thread_id=122 ]
05-01 18:39:49.308 D/TrafficStats( 6973): tagSocket(119) with statsTag=0x1b3d, statsUid=-1
05-01 18:39:49.319 D/EGL_emulation( 7849): app_time_stats: avg=17.00ms min=12.87ms max=28.89ms count=59
05-01 18:39:50.256 W/BugleRcsEngine( 6973): Unable to send diagnostic log [CONTEXT thread_id=122 ]
05-01 18:39:50.256 I/BugleRcsEngine( 6973): RequestWithImsiState: event HTTP Response [963c0a7c-70a9-4e2d-a8e3-0a3cea2a849f] [CONTEXT log_prefix="(PEv2-SM70129245-DefaultCallSmsData-1-cf8)" thread_id=123 ]
05-01 18:39:50.257 I/BugleRcsEngine( 6973): InProgressState: event HTTP Response [963c0a7c-70a9-4e2d-a8e3-0a3cea2a849f] [CONTEXT log_prefix="(PEv2-SM70129245-DefaultCallSmsData-1-cf8)" thread_id=123 ]
05-01 18:39:50.257 W/BugleRcsEngine( 6973): Unable to send diagnostic log [CONTEXT thread_id=123 ]
05-01 18:39:50.258 I/BugleRcsEngine( 6973): RequestWithImsiState: event HTTP 400 (Bad request) [963c0a7c-70a9-4e2d-a8e3-0a3cea2a849f] [CONTEXT log_prefix="(PEv2-SM70129245-DefaultCallSmsData-1-cf8)" thread_id=123 ]
05-01 18:39:50.258 I/BugleRcsEngine( 6973): InProgressState: event HTTP 400 (Bad request) [963c0a7c-70a9-4e2d-a8e3-0a3cea2a849f] [CONTEXT log_prefix="(PEv2-SM70129245-DefaultCallSmsData-1-cf8)" thread_id=123 ]
05-01 18:39:50.259 W/BugleRcsEngine( 6973): Unable to send diagnostic log [CONTEXT thread_id=123 ]
05-01 18:39:50.259 I/BugleRcsEngine( 6973): transitionTo: destState=RetryState [963c0a7c-70a9-4e2d-a8e3-0a3cea2a849f] [CONTEXT log_prefix="(PEv2-SM70129245-DefaultCallSmsData-1-cf8)" thread_id=123 ]
05-01 18:39:50.259 I/BugleRcsEngine( 6973): onTransitionRequested RequestWithImsiState [963c0a7c-70a9-4e2d-a8e3-0a3cea2a849f] [CONTEXT log_prefix="(PEv2-SM70129245-DefaultCallSmsData-1-cf8)" thread_id=123 ]
05-01 18:39:50.260 I/BugleRcsEngine( 6973): Exit RequestWithImsiState [963c0a7c-70a9-4e2d-a8e3-0a3cea2a849f] [CONTEXT log_prefix="(PEv2-SM70129245-DefaultCallSmsData-1-cf8)" thread_id=123 ]
05-01 18:39:50.260 W/BugleRcsEngine( 6973): Unable to send diagnostic log [CONTEXT thread_id=123 ]
05-01 18:39:50.260 I/BugleRcsEngine( 6973): Exit InProgressState [963c0a7c-70a9-4e2d-a8e3-0a3cea2a849f] [CONTEXT log_prefix="(PEv2-SM70129245-DefaultCallSmsData-1-cf8)" thread_id=123 ]
05-01 18:39:50.260 W/BugleRcsEngine( 6973): Unable to send diagnostic log [CONTEXT thread_id=123 ]
05-01 18:39:50.261 I/BugleRcsEngine( 6973): Enter RetryState [963c0a7c-70a9-4e2d-a8e3-0a3cea2a849f] [CONTEXT log_prefix="(PEv2-SM70129245-DefaultCallSmsData-1-cf8)" thread_id=123 ]
05-01 18:39:50.267 W/BugleRcsEngine( 6973): Unable to send diagnostic log [CONTEXT thread_id=121 ]
05-01 18:39:50.268 W/BugleRcsEngine( 6973): Unable to send diagnostic log [CONTEXT thread_id=123 ]
05-01 18:39:50.268 I/BugleRcsEngine( 6973): nextRetry = 0 [963c0a7c-70a9-4e2d-a8e3-0a3cea2a849f] [CONTEXT log_prefix="(PEv2-SM70129245-DefaultCallSmsData-1-cf8)" thread_id=123 ]
05-01 18:39:50.268 I/BugleRcsEngine( 6973): scheduleRetry, currentRetry = 0, retryMillis = 3840000 [963c0a7c-70a9-4e2d-a8e3-0a3cea2a849f] [CONTEXT log_prefix="(PEv2-SM70129245-DefaultCallSmsData-1-cf8)" thread_id=123 ]
05-01 18:39:50.271 I/abb     ( 4523): StartCommandInProcess(73657474696e67730067657400676c6f settings.get.glo [truncated])
05-01 18:39:50.274 W/binder:610_1(  610): type=1400 audit(0.0:124): avc:  denied  { getopt } for  scontext=u:r:system_server:s0 tcontext=u:r:shell:s0 tclass=unix_stream_socket permissive=0
05-01 18:39:50.278 I/abb     ( 4523): StartCommandInProcess(7061636b61676500696e7374616c6c00 package.install. [truncated])
05-01 18:39:50.274 W/binder:610_1(  610): type=1400 audit(0.0:125): avc:  denied  { getopt } for  scontext=u:r:system_server:s0 tcontext=u:r:shell:s0 tclass=unix_stream_socket permissive=0
05-01 18:39:50.274 W/binder:610_1(  610): type=1400 audit(0.0:126): avc:  denied  { getopt } for  scontext=u:r:system_server:s0 tcontext=u:r:shell:s0 tclass=unix_stream_socket permissive=0
05-01 18:39:50.285 D/android.hardware.audio@7.1-impl.ranchu(  399): threadLoop: entering standby, frames: 12283520
05-01 18:39:50.290 I/BugleRcsWorker( 6973): [seqId=1][workId=0083f6a9-ac52-48e4-9b19-c0dae4a9a40b] Received a provisioning state changed event from the provisioning engine RETRY
05-01 18:39:50.292 I/BugleRcsWorker( 6973): [seqId=1][workId=0083f6a9-ac52-48e4-9b19-c0dae4a9a40b] Provisioning Engine entered RetryState, provisioning task will be rescheduled with exponential backoff
05-01 18:39:50.292 I/BugleRcsWorker( 6973): [seqId=1][workId=0083f6a9-ac52-48e4-9b19-c0dae4a9a40b] finish provisioning task with result Success {mOutputData=Data {}}
05-01 18:39:50.292 I/BugleRcsWorker( 6973): [seqId=1][workId=0083f6a9-ac52-48e4-9b19-c0dae4a9a40b] RCS provisioning task has finished with result Success {mOutputData=Data {}}
05-01 18:39:50.295 W/IPCThreadState(  610): Sending oneway calls to frozen process.
05-01 18:39:50.295 W/IPCThreadState(  610): Sending oneway calls to frozen process.
05-01 18:39:50.297 W/IPCThreadState(  610): Sending oneway calls to frozen process.
05-01 18:39:50.298 I/WM-WorkerWrapper( 6973): Worker result SUCCESS for Work [ id=b04f9d18-7eb2-4c1b-813a-64014b7be356, tags={ com.google.android.apps.messaging.rcsprovisioning.RcsProvisioningListenableWorker,provisioning } ]
05-01 18:39:50.298 W/IPCThreadState(  610): Sending oneway calls to frozen process.
05-01 18:39:50.299 I/BugleRcsEngine( 6973): quit [null] [CONTEXT log_prefix="(PEv2-SM70129245-DefaultCallSmsData-1-cf8)" thread_id=120 ]
05-01 18:39:50.299 I/BugleRcsEngine( 6973): transitionTo: destState=ciru [null] [CONTEXT log_prefix="(PEv2-SM70129245-DefaultCallSmsData-1-cf8)" thread_id=123 ]
05-01 18:39:50.302 I/BugleRcsEngine( 6973): Exit RetryState [null] [CONTEXT log_prefix="(PEv2-SM70129245-DefaultCallSmsData-1-cf8)" thread_id=123 ]
05-01 18:39:50.303 W/BugleRcsEngine( 6973): Unable to send diagnostic log [CONTEXT thread_id=123 ]
05-01 18:39:50.303 W/BugleRcsEngine( 6973): onQuitting [null] [CONTEXT log_prefix="(PEv2-SM70129245-DefaultCallSmsData-1-cf8)" thread_id=123 ]
05-01 18:39:50.308 W/IPCThreadState(  610): Sending oneway calls to frozen process.
05-01 18:39:50.311 W/IPCThreadState(  610): Sending oneway calls to frozen process.
05-01 18:39:50.312 I/Bugle   ( 6973): Scheduling custom retry
05-01 18:39:50.313 W/IPCThreadState(  610): Sending oneway calls to frozen process.
05-01 18:39:50.313 I/BugleRcsEngine( 6973): [SR]: Single Registration is disabled. Skipping Single Registration capability check for subId: 1, OS.isAtLeastS:[true], enableSingleRegistrationProvisioning:[false] [CONTEXT thread_id=125 ]
05-01 18:39:50.315 W/IPCThreadState(  610): Sending oneway calls to frozen process.
05-01 18:39:50.315 I/BugleRcsEngine( 6973): No RCS Configuration was found in Bugle for simID: redacted-pii:sim_id[chars:20,last3:897] [CONTEXT log_prefix="ProvisioningEngineDataRetriever" thread_id=125 ]
05-01 18:39:50.317 D/ActivityManager(  610): sync unfroze 6463 com.android.vending for 6
05-01 18:39:50.319 W/ProcessStats(  610): Tracking association SourceState{bd6cf5a system/1000 ImpBg #10621} whose proc state 6 is better than process ProcessState{ce915c0 com.android.vending/10142 pkg=com.android.vending (sub)} proc state 14 (3 skipped)
05-01 18:39:50.321 W/BugleRcsEngine( 6973): Unable to send diagnostic log [CONTEXT thread_id=120 ]
05-01 18:39:50.322 W/BugleRcsEngine( 6973): Unable to send diagnostic log [CONTEXT thread_id=120 ]
05-01 18:39:50.324 I/Finsky  ( 6463): [46] Stats for Executor: BlockingExecutor vlp@b7af9d[Running, pool size = 0, active threads = 0, queued tasks = 0, completed tasks = 38]
05-01 18:39:50.324 I/Finsky  ( 6463): [46] Stats for Executor: LightweightExecutor vlp@625cc12[Running, pool size = 3, active threads = 0, queued tasks = 0, completed tasks = 207]
05-01 18:39:50.324 I/Finsky  ( 6463): [46] Stats for Executor: bgExecutor vlp@a318fe3[Running, pool size = 4, active threads = 0, queued tasks = 0, completed tasks = 298]
05-01 18:39:50.327 W/IPCThreadState(  610): Sending oneway calls to frozen process.
05-01 18:39:50.328 W/IPCThreadState(  610): Sending oneway calls to frozen process.
05-01 18:39:50.330 I/BugleRcsEngine( 6973): Scheduled provisioning task with 960 seconds delay, APPEND policy, trigger is STATE_MACHINE_RETRY, workerId is d992bb80-f381-4f6e-97a1-c9c3447c9f8e, simId is redacted-pii:sim_id[chars:20,last3:897] [CONTEXT log_prefix="provisioning" thread_id=125 ]
05-01 18:39:50.330 D/CompatChangeReporter(  610): Compat change id reported: 271850009; UID 10145; state: ENABLED
05-01 18:39:50.335 D/ActivityManager(  610): sync unfroze 6477 com.google.android.googlequicksearchbox:search for 6
05-01 18:39:50.340 W/IPCThreadState(  610): Sending oneway calls to frozen process.
05-01 18:39:50.340 W/IPCThreadState(  610): Sending oneway calls to frozen process.
05-01 18:39:50.342 D/EGL_emulation( 7849): app_time_stats: avg=17.05ms min=13.23ms max=30.75ms count=60
05-01 18:39:50.346 W/IPCThreadState(  610): Sending oneway calls to frozen process.
05-01 18:39:50.349 W/IPCThreadState(  610): Sending oneway calls to frozen process.
05-01 18:39:50.349 W/IPCThreadState(  610): Sending oneway calls to frozen process.
05-01 18:39:50.356 D/ActivityManager(  610): sync unfroze 7767 com.google.android.webview:sandboxed_process0:org.chromium.content.app.SandboxedProcessService0:0 for 6
05-01 18:39:50.363 W/IPCThreadState(  610): Sending oneway calls to frozen process.
05-01 18:39:50.367 I/Finsky  ( 6463): [2] SCH: job service start with id 9228.
05-01 18:39:50.374 W/IPCThreadState(  610): Sending oneway calls to frozen process.
05-01 18:39:50.379 W/IPCThreadState(  610): Sending oneway calls to frozen process.
05-01 18:39:50.384 W/IPCThreadState(  610): Sending oneway calls to frozen process.
05-01 18:39:50.386 W/IPCThreadState(  610): Sending oneway calls to frozen process.
05-01 18:39:50.388 W/IPCThreadState(  610): Sending oneway calls to frozen process.
05-01 18:39:50.408 W/IPCThreadState(  610): Sending oneway calls to frozen process.
05-01 18:39:50.409 W/IPCThreadState(  610): Sending oneway calls to frozen process.
05-01 18:39:50.409 W/IPCThreadState(  610): Sending oneway calls to frozen process.
05-01 18:39:50.409 W/IPCThreadState(  610): Sending oneway calls to frozen process.
05-01 18:39:50.411 W/IPCThreadState(  610): Sending oneway calls to frozen process.
05-01 18:39:50.411 W/IPCThreadState(  610): Sending oneway calls to frozen process.
05-01 18:39:50.413 W/IPCThreadState(  610): Sending oneway calls to frozen process.
05-01 18:39:50.416 W/IPCThreadState(  610): Sending oneway calls to frozen process.
05-01 18:39:50.417 W/IPCThreadState(  610): Sending oneway calls to frozen process.
05-01 18:39:50.419 W/IPCThreadState(  610): Sending oneway calls to frozen process.
05-01 18:39:50.431 I/Finsky  ( 6463): [151] SCH: Satisfied jobs for 9228 are: 26-1414141414
05-01 18:39:50.432 W/IPCThreadState(  610): Sending oneway calls to frozen process.
05-01 18:39:50.432 W/IPCThreadState(  610): Sending oneway calls to frozen process.
05-01 18:39:50.435 W/IPCThreadState(  610): Sending oneway calls to frozen process.
05-01 18:39:50.435 W/IPCThreadState(  610): Sending oneway calls to frozen process.
05-01 18:39:50.441 W/IPCThreadState(  610): Sending oneway calls to frozen process.
05-01 18:39:50.445 W/IPCThreadState(  610): Sending oneway calls to frozen process.
05-01 18:39:50.445 I/Finsky  ( 6463): [150] SCH: Job 26-1414141414 starting
05-01 18:39:50.447 I/Finsky  ( 6463): [2] WM::SCH: Logging work start for 26-1414141414
05-01 18:39:50.450 W/IPCThreadState(  610): Sending oneway calls to frozen process.
05-01 18:39:50.453 W/IPCThreadState(  610): Sending oneway calls to frozen process.
05-01 18:39:50.455 W/IPCThreadState(  610): Sending oneway calls to frozen process.
05-01 18:39:50.457 W/IPCThreadState(  610): Sending oneway calls to frozen process.
05-01 18:39:50.467 W/IPCThreadState(  610): Sending oneway calls to frozen process.
05-01 18:39:50.472 W/IPCThreadState(  610): Sending oneway calls to frozen process.
05-01 18:39:50.478 W/IPCThreadState(  610): Sending oneway calls to frozen process.
05-01 18:39:50.484 W/IPCThreadState(  610): Sending oneway calls to frozen process.
05-01 18:39:50.484 W/IPCThreadState(  610): Sending oneway calls to frozen process.
05-01 18:39:50.487 W/IPCThreadState(  610): Sending oneway calls to frozen process.
05-01 18:39:50.488 W/IPCThreadState(  610): Sending oneway calls to frozen process.
05-01 18:39:50.489 W/IPCThreadState(  610): Sending oneway calls to frozen process.
05-01 18:39:50.490 W/IPCThreadState(  610): Sending oneway calls to frozen process.
05-01 18:39:50.493 W/IPCThreadState(  610): Sending oneway calls to frozen process.
05-01 18:39:50.496 I/BgTaskExecutorImpl( 6477): (REDACTED) Starting %s background task %s.
05-01 18:39:50.503 W/IPCThreadState(  610): Sending oneway calls to frozen process.
05-01 18:39:50.504 W/IPCThreadState(  610): Sending oneway calls to frozen process.
05-01 18:39:50.507 W/IPCThreadState(  610): Sending oneway calls to frozen process.
05-01 18:39:50.520 I/Finsky  ( 6463): [58] [Counters Flush] Successfully flushed counter events
05-01 18:39:50.521 I/Finsky  ( 6463): [58] [Counters Flush] Counters flushed successfully
05-01 18:39:50.522 W/IPCThreadState(  610): Sending oneway calls to frozen process.
05-01 18:39:50.524 W/IPCThreadState(  610): Sending oneway calls to frozen process.
05-01 18:39:50.525 I/Finsky  ( 6463): [58] SCH: jobFinished: 26-1414141414. TimeElapsed: 79ms.
05-01 18:39:50.525 I/Finsky  ( 6463): [58] WM::SCH: Logging work end for 26-1414141414
05-01 18:39:50.526 W/IPCThreadState(  610): Sending oneway calls to frozen process.
05-01 18:39:50.527 W/IPCThreadState(  610): Sending oneway calls to frozen process.
05-01 18:39:50.533 W/IPCThreadState(  610): Sending oneway calls to frozen process.
05-01 18:39:50.533 W/IPCThreadState(  610): Sending oneway calls to frozen process.
05-01 18:39:50.533 W/IPCThreadState(  610): Sending oneway calls to frozen process.
05-01 18:39:50.530 W/binder:610_1(  610): type=1400 audit(0.0:127): avc:  denied  { getopt } for  scontext=u:r:system_server:s0 tcontext=u:r:shell:s0 tclass=unix_stream_socket permissive=0
05-01 18:39:50.540 E/SystemServiceRegistry(  610): No service published for: persistent_data_block
05-01 18:39:50.540 E/SystemServiceRegistry(  610): android.os.ServiceManager$ServiceNotFoundException: No service published for: persistent_data_block
05-01 18:39:50.540 E/SystemServiceRegistry(  610): 	at android.os.ServiceManager.getServiceOrThrow(ServiceManager.java:203)
05-01 18:39:50.540 E/SystemServiceRegistry(  610): 	at android.app.SystemServiceRegistry$81.createService(SystemServiceRegistry.java:1071)
05-01 18:39:50.540 E/SystemServiceRegistry(  610): 	at android.app.SystemServiceRegistry$81.createService(SystemServiceRegistry.java:1068)
05-01 18:39:50.540 E/SystemServiceRegistry(  610): 	at android.app.SystemServiceRegistry$StaticServiceFetcher.getService(SystemServiceRegistry.java:2293)
05-01 18:39:50.540 E/SystemServiceRegistry(  610): 	at android.app.SystemServiceRegistry.getSystemService(SystemServiceRegistry.java:1812)
05-01 18:39:50.540 E/SystemServiceRegistry(  610): 	at android.app.ContextImpl.getSystemService(ContextImpl.java:2241)
05-01 18:39:50.540 E/SystemServiceRegistry(  610): 	at android.content.Context.getSystemService(Context.java:4503)
05-01 18:39:50.540 E/SystemServiceRegistry(  610): 	at com.android.server.pm.PackageInstallerSession.markAsSealed(PackageInstallerSession.java:2394)
05-01 18:39:50.540 E/SystemServiceRegistry(  610): 	at com.android.server.pm.PackageInstallerSession.commit(PackageInstallerSession.java:2143)
05-01 18:39:50.540 E/SystemServiceRegistry(  610): 	at android.content.pm.PackageInstaller$Session.commit(PackageInstaller.java:1977)
05-01 18:39:50.540 E/SystemServiceRegistry(  610): 	at com.android.server.pm.PackageManagerShellCommand.doCommitSession(PackageManagerShellCommand.java:4298)
05-01 18:39:50.540 E/SystemServiceRegistry(  610): 	at com.android.server.pm.PackageManagerShellCommand.doRunInstall(PackageManagerShellCommand.java:1634)
05-01 18:39:50.540 E/SystemServiceRegistry(  610): 	at com.android.server.pm.PackageManagerShellCommand.runInstall(PackageManagerShellCommand.java:1561)
05-01 18:39:50.540 E/SystemServiceRegistry(  610): 	at com.android.server.pm.PackageManagerShellCommand.onCommand(PackageManagerShellCommand.java:245)
05-01 18:39:50.540 E/SystemServiceRegistry(  610): 	at com.android.modules.utils.BasicShellCommandHandler.exec(BasicShellCommandHandler.java:97)
05-01 18:39:50.540 E/SystemServiceRegistry(  610): 	at android.os.ShellCommand.exec(ShellCommand.java:38)
05-01 18:39:50.540 E/SystemServiceRegistry(  610): 	at com.android.server.pm.PackageManagerService$IPackageManagerImpl.onShellCommand(PackageManagerService.java:6561)
05-01 18:39:50.540 E/SystemServiceRegistry(  610): 	at android.os.Binder.shellCommand(Binder.java:1230)
05-01 18:39:50.540 E/SystemServiceRegistry(  610): 	at android.os.Binder.onTransact(Binder.java:1043)
05-01 18:39:50.540 E/SystemServiceRegistry(  610): 	at android.content.pm.IPackageManager$Stub.onTransact(IPackageManager.java:4620)
05-01 18:39:50.540 E/SystemServiceRegistry(  610): 	at com.android.server.pm.PackageManagerService$IPackageManagerImpl.onTransact(PackageManagerService.java:6545)
05-01 18:39:50.540 E/SystemServiceRegistry(  610): 	at android.os.Binder.execTransactInternal(Binder.java:1505)
05-01 18:39:50.540 E/SystemServiceRegistry(  610): 	at android.os.Binder.execTransact(Binder.java:1444)
05-01 18:39:50.541 E/SystemServiceRegistry(  610): Manager wrapper not available: persistent_data_block
05-01 18:39:50.545 I/Finsky  ( 6463): [151] SCH: Attempting to reschedule job: Id: 26-1414141414, Constraints: [{ L: 43200000, D: 44100000, C: CHARGING_NONE, I: IDLE_NONE, N: NET_NONE, B: BATTERY_ANY }]
05-01 18:39:50.554 I/Finsky  ( 6463): [66] SCH: no pending jobs to schedule.
05-01 18:39:50.554 I/Finsky  ( 6463): [150] SCH: job service finished with id 9228.
05-01 18:39:50.564 I/NetworkRecognitionRnr( 6477): Using pair HTTP connection
05-01 18:39:50.567 I/Finsky  ( 6463): [2] Memory trim requested to level 40
05-01 18:39:50.568 I/Finsky  ( 6463): [2] Flushing in-memory image cache
05-01 18:39:50.576 I/A       ( 6477): [Upload] Connected
05-01 18:39:50.584 I/NetworkRecognitionRnr( 6477): Using pair HTTP connection
05-01 18:39:50.585 I/A       ( 6477): [Upload] Connected
05-01 18:39:50.592 W/IPCThreadState(  610): Sending oneway calls to frozen process.
05-01 18:39:50.593 E/A       ( 6477): onError
05-01 18:39:50.593 E/A       ( 6477): com.google.android.apps.gsa.shared.speech.b.l: errorCode: 65561, engine: 2
05-01 18:39:50.593 E/A       ( 6477): 	at com.google.android.apps.gsa.staticplugins.bp.a.f.a(PG:23)
05-01 18:39:50.593 E/A       ( 6477): 	at com.google.android.apps.gsa.s3.o.hi(PG:13)
05-01 18:39:50.593 E/A       ( 6477): 	at com.google.ci.g.a.f.e(PG:9)
05-01 18:39:50.593 E/A       ( 6477): 	at com.google.android.apps.gsa.speech.k.a.g.d(PG:162)
05-01 18:39:50.593 E/A       ( 6477): 	at com.google.android.apps.gsa.speech.k.a.g.iO(PG:26)
05-01 18:39:50.593 E/A       ( 6477): 	at com.google.android.apps.gsa.s3.p.c(PG:102)
05-01 18:39:50.593 E/A       ( 6477): 	at com.google.android.apps.gsa.s3.q.run(PG:1)
05-01 18:39:50.593 E/A       ( 6477): 	at java.util.concurrent.Executors$RunnableAdapter.call(Executors.java:487)
05-01 18:39:50.593 E/A       ( 6477): 	at java.util.concurrent.FutureTask.run(FutureTask.java:264)
05-01 18:39:50.593 E/A       ( 6477): 	at com.google.android.apps.gsa.shared.util.c.a.e.run(PG:12)
05-01 18:39:50.593 E/A       ( 6477): 	at com.google.android.apps.gsa.shared.util.c.a.bg.run(PG:3)
05-01 18:39:50.593 E/A       ( 6477): 	at com.google.android.apps.gsa.shared.util.c.a.bg.run(PG:3)
05-01 18:39:50.593 E/A       ( 6477): 	at java.util.concurrent.ThreadPoolExecutor.runWorker(ThreadPoolExecutor.java:1145)
05-01 18:39:50.593 E/A       ( 6477): 	at java.util.concurrent.ThreadPoolExecutor$Worker.run(ThreadPoolExecutor.java:644)
05-01 18:39:50.593 E/A       ( 6477): 	at java.lang.Thread.run(Thread.java:1012)
05-01 18:39:50.593 E/A       ( 6477): 	at com.google.android.apps.gsa.shared.util.c.a.l.run(PG:42)
05-01 18:39:50.593 E/A       ( 6477): Caused by: com.google.android.apps.gsa.shared.speech.b.n: errorCode: 65586, engine: 2
05-01 18:39:50.593 E/A       ( 6477): 	at com.google.android.apps.gsa.s3.o.hi(PG:6)
05-01 18:39:50.593 E/A       ( 6477): 	... 14 more
05-01 18:39:50.593 E/A       ( 6477): Caused by: com.google.android.apps.gsa.shared.speech.b.j: errorCode: 401, engine: 2
05-01 18:39:50.593 E/A       ( 6477): 	at com.google.android.apps.gsa.assistant.shared.n.i.b(PG:30)
05-01 18:39:50.593 E/A       ( 6477): 	at com.google.android.apps.gsa.s3.producers.j.hs(PG:11)
05-01 18:39:50.593 E/A       ( 6477): 	at com.google.android.apps.gsa.speech.k.a.g.d(PG:135)
05-01 18:39:50.593 E/A       ( 6477): 	... 12 more
05-01 18:39:50.593 W/A       ( 6477): Failed to sync device settings.
05-01 18:39:50.593 I/A       ( 6477): Retrying to sync device settings.
05-01 18:39:50.599 W/JobInfo ( 6477): Job 'com.google.android.googlequicksearchbox/com.google.android.apps.gsa.tasks.BackgroundTasksJobService#-353' has a deadline with functional constraints and an extremely short time window of 0 ms (delay=960000, deadline=960000). The functional constraints are not likely to be satisfied when the job runs.
05-01 18:39:50.600 D/CompatChangeReporter(  610): Compat change id reported: 253665015; UID 10145; state: ENABLED
05-01 18:39:50.600 W/JobInfo (  610): Job 'com.google.android.googlequicksearchbox/com.google.android.apps.gsa.tasks.BackgroundTasksJobService#-353' has a deadline with functional constraints and an extremely short time window of 0 ms (delay=960000, deadline=960000). The functional constraints are not likely to be satisfied when the job runs.
05-01 18:39:50.600 W/JobInfo (  610): Job 'com.google.android.googlequicksearchbox/com.google.android.apps.gsa.tasks.BackgroundTasksJobService#-353' has a deadline with functional constraints and an extremely short time window of 0 ms (delay=960000, deadline=960000). The functional constraints are not likely to be satisfied when the job runs.
05-01 18:39:50.605 W/JobScheduler(  610): Job didn't exist in JobStore: e422ac5 #u0a145/-353 com.google.android.googlequicksearchbox/com.google.android.apps.gsa.tasks.BackgroundTasksJobService
05-01 18:39:50.621 D/NativeLibraryHelper(  610): Punching extracted elf file libconscrypt_jni.so on fs:61267
05-01 18:39:50.622 D/FileSystemUtils(  610): Punching holes in file: /data/app/vmdl303711738.tmp/lib/x86_64/libconscrypt_jni.so programHeaderOffset: 64 programHeaderNum: 8
05-01 18:39:50.623 D/FileSystemUtils(  610): Total number of LOAD segments 2
05-01 18:39:50.623 D/FileSystemUtils(  610): Size before punching holes st_blocks: 4896, st_blksize: 4096, st_size: 2501448
05-01 18:39:50.623 D/FileSystemUtils(  610): Size after punching holes st_blocks: 4896, st_blksize: 4096, st_size: 2501448
05-01 18:39:50.624 W/IPCThreadState(  610): Sending oneway calls to frozen process.
05-01 18:39:50.635 W/earchbox:search( 6477): Missing inline cache for void com.google.android.apps.gsa.tasks.n.g(int, com.google.android.apps.gsa.tasks.bd, com.google.android.apps.gsa.tasks.u)
05-01 18:39:50.636 I/PackageManager(  610): Integrity check passed for file:///data/app/vmdl303711738.tmp
05-01 18:39:50.643 I/ActivityManager(  610): Force stopping com.streamfr.app appid=10209 user=-1: installPackageLI
05-01 18:39:50.646 D/CompatChangeReporter(  610): Compat change id reported: 151861875; UID 10209; state: ENABLED
05-01 18:39:50.646 I/PackageManager(  610): Update package com.streamfr.app code path from /data/app/~~27VoA7-GN1A2Y1-UTidGTw==/com.streamfr.app-dUwQJFcMEgk7tM_Ao1qHkg== to /data/app/~~wbXiStG0PrlBi5gQSWRcGg==/com.streamfr.app-VbGrkU2NZI30eDPmUAeVrA==; Retain data and using new
05-01 18:39:50.647 I/ActivityManager(  610): Killing 7849:com.streamfr.app/u0a209 (adj 0): stop com.streamfr.app due to installPackageLI
05-01 18:39:50.647 I/AppsFilter(  610): interaction: PackageSetting{9313a04 com.android.microdroid.empty_payload/10194} -> PackageSetting{dec3c8c com.streamfr.app/10209} BLOCKED
05-01 18:39:50.647 I/AppsFilter(  610): interaction: PackageSetting{9313a04 com.android.microdroid.empty_payload/10194} -> PackageSetting{74adda3 com.streamfr.app/10209} BLOCKED
05-01 18:39:50.648 D/DisplayManagerService(  610): Drop pending events for gone uid 10209
05-01 18:39:50.648 W/IPCThreadState(  460): Sending oneway calls to frozen process.
05-01 18:39:50.650 W/ActivityTaskManager(  610): Force removing ActivityRecord{a10a19d u0 com.streamfr.app/com.streamflixreborn.streamflix.activities.main.MainMobileActivity t10 f}}: app died, no saved state
05-01 18:39:50.653 W/IPCThreadState(  610): Sending oneway calls to frozen process.
05-01 18:39:50.653 W/IPCThreadState(  610): Sending oneway calls to frozen process.
05-01 18:39:50.653 W/IPCThreadState(  610): Sending oneway calls to frozen process.
05-01 18:39:50.655 D/InetDiagMessage(  610): Destroyed 0 sockets, proto=IPPROTO_TCP, family=AF_INET, states=14
05-01 18:39:50.655 V/WindowManagerShell( 1028): Transition requested (#45): android.os.BinderProxy@94c38eb TransitionRequestInfo { type = CLOSE, triggerTask = TaskInfo{userId=0 taskId=10 displayId=0 isRunning=false baseIntent=Intent { act=android.intent.action.MAIN cat=[android.intent.category.LAUNCHER] flg=0x10200000 cmp=com.streamfr.app/com.streamflixreborn.streamflix.activities.main.MainMobileActivity } baseActivity=null topActivity=null origActivity=null realActivity=ComponentInfo{com.streamfr.app/com.streamflixreborn.streamflix.activities.main.MainMobileActivity} numActivities=0 lastActiveTime=744147 supportsMultiWindow=true resizeMode=1 isResizeable=true minWidth=-1 minHeight=-1 defaultMinSize=220 token=WCT{android.window.IWindowContainerToken$Stub$Proxy@f8e0648} topActivityType=1 pictureInPictureParams=null shouldDockBigOverlays=false launchIntoPipHostTaskId=-1 lastParentTaskIdBeforePip=-1 displayCutoutSafeInsets=null topActivityInfo=null launchCookies=[] positionInParent=Point(0, 0) parentTaskId=-1 isFocused=true isVisible=true isVisibleRequested=true isSleeping=false locusId=null displayAreaFeatureId=1 isTopActivityTransparent=false appCompatTaskInfo=AppCompatTaskInfo { topActivityInSizeCompat=false topActivityEligibleForLetterboxEducation= falseisLetterboxEducationEnabled= false isLetterboxDoubleTapEnabled= false topActivityEligibleForUserAspectRatioButton= false topActivityBoundsLetterboxed= false isFromLetterboxDoubleTap= false topActivityLetterboxVerticalPosition= -1 topActivityLetterboxHorizontalPosition= -1 topActivityLetterboxWidth=-1 topActivityLetterboxHeight=-1 isUserFullscreenOverrideEnabled=false isSystemFullscreenOverrideEnabled=false cameraCompatTaskInfo=CameraCompatTaskInfo { cameraCompatControlState=hidden freeformCameraCompatMode=inactive}}}, pipTask = null, remoteTransition = null, displayChange = null, flags = 0, debugId = 45 }
05-01 18:39:50.659 D/InetDiagMessage(  610): Destroyed 7 sockets, proto=IPPROTO_TCP, family=AF_INET6, states=14
05-01 18:39:50.659 D/InetDiagMessage(  610): Destroyed live tcp sockets for uids={10209} in 6ms
05-01 18:39:50.659 D/InetDiagMessage(  610): Destroyed 0 sockets, proto=IPPROTO_TCP, family=AF_INET, states=14
05-01 18:39:50.659 D/InetDiagMessage(  610): Destroyed 0 sockets, proto=IPPROTO_TCP, family=AF_INET6, states=14
05-01 18:39:50.659 D/InetDiagMessage(  610): Destroyed live tcp sockets for uids={20209} in 0ms
05-01 18:39:50.660 D/TrafficStats( 6463): tagSocket(148) with statsTag=0xffffffff, statsUid=-1
05-01 18:39:50.674 I/MediaFocusControl(  610): AudioFocus  removeFocusStackEntryOnDeath(): removing entry for android.os.BinderProxy@d1c08c0
05-01 18:39:50.674 I/ImeTracker(  610): com.streamfr.app:b7406ba: onRequestHide at ORIGIN_SERVER reason HIDE_REMOVE_CLIENT fromUser false
05-01 18:39:50.674 I/MediaSessionStack(  610): removeSession | record: com.streamfr.app/androidx.media3.session.id.player_mobile_1044670485694/9 (userId=0)
05-01 18:39:50.674 I/ImeTracker(  610): com.streamfr.app:b7406ba: onCancelled at PHASE_SERVER_SHOULD_HIDE
05-01 18:39:50.674 D/MediaSessionService(  610): Media button session is changed to null
05-01 18:39:50.674 D/MediaSessionService(  610): destroySessionLocked: record=com.streamfr.app/androidx.media3.session.id.player_mobile_1044670485694/9 (userId=0)
05-01 18:39:50.676 W/AudioMediaPlayerWrapper( 1196): The session was destroyed com.streamfr.app
05-01 18:39:50.676 D/ConnectivityService(  610): releasing NetworkRequest [ REQUEST id=258, [ Capabilities: INTERNET&NOT_RESTRICTED&TRUSTED&NOT_VCN_MANAGED&NOT_BANDWIDTH_CONSTRAINED Uid: 10209 RequestorUid: 10209 RequestorPkg: com.streamfr.app UnderlyingNetworks: Null] ] (release request)
05-01 18:39:50.676 D/ConnectivityService(  610): releasing NetworkRequest [ REQUEST id=253, [ Capabilities: INTERNET&NOT_RESTRICTED&TRUSTED&NOT_VCN_MANAGED&NOT_BANDWIDTH_CONSTRAINED Uid: 10209 RequestorUid: 10209 RequestorPkg: com.streamfr.app UnderlyingNetworks: Null] ] (release request)
05-01 18:39:50.677 I/bluetooth( 1196): system/btif/avrcp/avrcp_service.cc:537 SendMediaUpdate: track_changed=true :  play_state=true :  queue=false
05-01 18:39:50.677 I/PlayerSettingsManager( 1196): getPlayerRepeatMode: no active player
05-01 18:39:50.677 I/PlayerSettingsManager( 1196): getPlayerShuffleMode: no active player
05-01 18:39:50.677 I/PlayerSettingsManager( 1196): updateRemoteDevice: STATE_REPEAT_OFF, STATE_SHUFFLE_OFF
05-01 18:39:50.677 I/bluetooth( 1196): system/btif/avrcp/avrcp_service.cc:590 SendPlayerSettingsChanged: {attribute=PlayerAttribute::REPEAT : value=PlayerRepeatValue::OFF}, {attribute=PlayerAttribute::SHUFFLE : value=PlayerShuffleValue::OFF}
05-01 18:39:50.677 W/AudioMediaPlayerWrapper( 1196): The session was destroyed com.streamfr.app
05-01 18:39:50.677 I/adbd    ( 2172): Remote process closed the socket (on MSG_PEEK)
05-01 18:39:50.679 W/MediaControlGattService( 1196): Feature MEDIA_STATE(BIT 17) support: true
05-01 18:39:50.692 I/AdapterProperties( 1196): getBondedDevices: length=0
05-01 18:39:50.692 W/MediaControlGattService( 1196): Feature PLAYER_NAME(BIT 1) support: true
05-01 18:39:50.692 W/MediaControlGattService( 1196): Feature PLAYER_ICON_URL(BIT 3) support: false
05-01 18:39:50.692 W/MediaControlGattService( 1196): Feature PLAYER_ICON_OBJ_ID(BIT 2) support: false
05-01 18:39:50.692 W/MediaControlGattService( 1196): Feature CURRENT_TRACK_SEGMENT_OBJ_ID(BIT 10) support: false
05-01 18:39:50.692 W/MediaControlGattService( 1196): Feature CURRENT_TRACK_OBJ_ID(BIT 11) support: false
05-01 18:39:50.692 W/MediaControlGattService( 1196): Feature NEXT_TRACK_OBJ_ID(BIT 12) support: false
05-01 18:39:50.692 W/MediaControlGattService( 1196): Feature CURRENT_GROUP_OBJ_ID(BIT 13) support: false
05-01 18:39:50.692 W/MediaControlGattService( 1196): Feature PARENT_GROUP_OBJ_ID(BIT 14) support: false
05-01 18:39:50.692 W/MediaControlGattService( 1196): Feature SEARCH_RESULT_OBJ_ID(BIT 20) support: false
05-01 18:39:50.692 W/MediaControlGattService( 1196): Feature TRACK_TITLE(BIT 5) support: true
05-01 18:39:50.692 W/MediaControlGattService( 1196): Feature TRACK_DURATION(BIT 6) support: true
05-01 18:39:50.692 W/MediaControlGattService( 1196): Feature TRACK_POSITION(BIT 7) support: true
05-01 18:39:50.692 W/MediaControlGattService( 1196): Feature TRACK_POSITION_NOTIFY support: true
05-01 18:39:50.692 W/MediaControlGattService( 1196): Feature MEDIA_STATE(BIT 17) support: true
05-01 18:39:50.693 I/AdapterProperties( 1196): getBondedDevices: length=0
05-01 18:39:50.693 W/MediaControlGattService( 1196): Feature PLAYBACK_SPEED(BIT 8) support: true
05-01 18:39:50.693 W/MediaControlGattService( 1196): Feature PLAYBACK_SPEED(BIT 8) support: true
05-01 18:39:50.693 W/MediaControlGattService( 1196): Feature PLAYBACK_SPEED(BIT 8) support: true
05-01 18:39:50.693 W/MediaControlGattService( 1196): Feature SEEKING_SPEED(BIT 9) support: true
05-01 18:39:50.693 W/MediaControlGattService( 1196): Feature SEEKING_SPEED(BIT 9) support: true
05-01 18:39:50.693 W/MediaControlGattService( 1196): Feature SEEKING_SPEED(BIT 9) support: true
05-01 18:39:50.693 W/MediaControlGattService( 1196): Feature PLAYING_ORDER_SUPPORTED(BIT 16) support: true
05-01 18:39:50.693 W/MediaControlGattService( 1196): Feature PLAYING_ORDER(BIT 15) support: true
05-01 18:39:50.693 W/MediaControlGattService( 1196): Feature MEDIA_CONTROL_POINT_OPCODES_SUPPORTED(BIT 19) support: true
05-01 18:39:50.693 W/MediaControlGattService( 1196): Feature TRACK_POSITION(BIT 7) support: true
05-01 18:39:50.693 W/MediaControlGattService( 1196): Feature TRACK_POSITION_NOTIFY support: true
05-01 18:39:50.693 W/MediaControlGattService( 1196): Feature MEDIA_STATE(BIT 17) support: true
05-01 18:39:50.694 I/AdapterProperties( 1196): getBondedDevices: length=0
05-01 18:39:50.694 W/MediaControlGattService( 1196): Feature TRACK_TITLE(BIT 5) support: true
05-01 18:39:50.694 W/MediaControlGattService( 1196): Feature TRACK_TITLE(BIT 5) support: true
05-01 18:39:50.694 W/MediaControlGattService( 1196): Feature TRACK_TITLE_NOTIFY support: true
05-01 18:39:50.694 I/AdapterProperties( 1196): getBondedDevices: length=0
05-01 18:39:50.694 W/MediaControlGattService( 1196): Feature TRACK_DURATION(BIT 6) support: true
05-01 18:39:50.694 W/MediaControlGattService( 1196): Feature TRACK_DURATION(BIT 6) support: true
05-01 18:39:50.694 W/MediaControlGattService( 1196): Feature TRACK_DURATION_NOTIFY support: true
05-01 18:39:50.694 I/AdapterProperties( 1196): getBondedDevices: length=0
05-01 18:39:50.694 W/MediaControlGattService( 1196): Feature MEDIA_STATE(BIT 17) support: true
05-01 18:39:50.694 W/MediaControlGattService( 1196): Feature MEDIA_STATE(BIT 17) support: true
05-01 18:39:50.694 I/AdapterProperties( 1196): getBondedDevices: length=0
05-01 18:39:50.694 W/MediaControlGattService( 1196): Feature TRACK_CHANGED(BIT 4) support: true
05-01 18:39:50.694 I/AdapterProperties( 1196): getBondedDevices: length=0
05-01 18:39:50.703 I/WindowManager(  610): WIN DEATH: Window{24f1e36 u0 com.streamfr.app/com.streamflixreborn.streamflix.activities.main.MainMobileActivity}
05-01 18:39:50.704 V/ActivityManager(  610): Got obituary of 7849:com.streamfr.app
05-01 18:39:50.704 W/InputManager-JNI(  610): Input channel object '24f1e36 com.streamfr.app/com.streamflixreborn.streamflix.activities.main.MainMobileActivity (client)' was disposed without first being removed with the input manager!
05-01 18:39:50.706 D/TFOManager( 1315): No activity in overlay, closing
05-01 18:39:50.707 D/StatsLog( 1315): LAUNCHER_ONRESUME
05-01 18:39:50.707 I/Zygote  (  391): Process 7849 exited due to signal 9 (Killed)
05-01 18:39:50.707 W/ActivityManager(  610): setHasOverlayUi called on unknown pid: 7849
05-01 18:39:50.709 D/WindowManagerShell( 1028): onFixedRotationStarted: null, state=PipTransitionState(mState=undefined, mInSwipePipToHomeTransition=false)
05-01 18:39:50.709 D/WindowManagerShell( 1028): setLauncherKeepClearAreaHeight: visible=true, height=527
05-01 18:39:50.712 D/NexusLauncherModelDelegate( 1315): notifySmartspaceEvent: SmartspaceTargetEvent{mSmartspaceTarget=null, mSmartspaceActionId='null', mEventType=6}
05-01 18:39:50.712 I/BpBinder(  460): onLastStrongRef automatically unlinking death recipients: 
05-01 18:39:50.719 I/libprocessgroup(  610): Removed cgroup /sys/fs/cgroup/uid_10209/pid_7849
05-01 18:39:50.722 V/WindowManager(  610): Unknown focus tokens, dropping reportFocusChanged
05-01 18:39:50.724 D/QuickstepModelDelegate( 1315): notifyAppTargetEvent action=1 launchLocation=workspace/0/[-1,-1]/[1,1]
05-01 18:39:50.726 D/BaseDepthController( 1315): setSurface:
05-01 18:39:50.726 D/BaseDepthController( 1315): 	mWaitingOnSurfaceValidity: false
05-01 18:39:50.726 D/BaseDepthController( 1315): 	mSurface: Surface(name=com.google.android.apps.nexuslauncher/com.google.android.apps.nexuslauncher.NexusLauncherActivity)/@0x506168
05-01 18:39:50.727 I/AppsFilter(  610): interaction: PackageSetting{c448792 com.android.microdroid.empty_payload/10194} -> PackageSetting{a052d25 com.streamfr.app/10209} BLOCKED
05-01 18:39:50.762 I/AiAiEcho( 1608): Predicting[0]:  [CONTEXT sampling_count=5 ]
05-01 18:39:50.762 I/AiAiEcho( 1608): EchoTargets: 
05-01 18:39:50.762 I/AiAiEcho( 1608): Filtered by AiAi flag check: 
05-01 18:39:50.762 I/AiAiEcho( 1608): [CONTEXT ratelimit_period="10 SECONDS" ]
05-01 18:39:50.762 I/AiAiEcho( 1608): Ranked targets strategy: SORT, count: 0, ranking metadata:  [CONTEXT ratelimit_period="10 SECONDS" ]
05-01 18:39:50.762 I/AiAiEcho( 1608): #remoteViewsTwiddler: feature disabled.
05-01 18:39:50.764 I/AiAiEcho( 1608): #postPredictionTargets: Sending updates to UISurface home with targets# 0 (types=[])
05-01 18:39:50.780 I/ActivityManager(  610): Force stopping com.streamfr.app appid=10209 user=0: pkg removed
05-01 18:39:50.781 I/WindowManager(  610):   Force removing ActivityRecord{a10a19d u0 com.streamfr.app/com.streamflixreborn.streamflix.activities.main.MainMobileActivity t10 f} isExiting}
05-01 18:39:50.781 W/WindowManager(  610): removeAppToken: Attempted to remove non-existing token: Token{6c0d612 ActivityRecord{a10a19d u0 com.streamfr.app/com.streamflixreborn.streamflix.activities.main.MainMobileActivity t10 f} isExiting}}
05-01 18:39:50.786 I/wpa_supplicant( 1776): wlan0: CTRL-EVENT-BEACON-LOSS 
05-01 18:39:50.787 I/TopTaskTracker( 1315): onTaskMovedToFront: (moved taskInfo to front) taskId=7, baseIntent=Intent { act=android.intent.action.MAIN cat=[android.intent.category.HOME] flg=0x10000100 cmp=com.google.android.apps.nexuslauncher/.NexusLauncherActivity }
05-01 18:39:50.789 W/IPCThreadState(  610): Sending oneway calls to frozen process.
05-01 18:39:50.789 W/IPCThreadState(  610): Sending oneway calls to frozen process.
05-01 18:39:50.791 W/IPCThreadState(  610): Sending oneway calls to frozen process.
05-01 18:39:50.791 W/IPCThreadState(  610): Sending oneway calls to frozen process.
05-01 18:39:50.791 W/IPCThreadState(  610): Sending oneway calls to frozen process.
05-01 18:39:50.791 W/IPCThreadState(  610): Sending oneway calls to frozen process.
05-01 18:39:50.791 W/IPCThreadState(  610): Sending oneway calls to frozen process.
05-01 18:39:50.791 W/IPCThreadState(  610): Sending oneway calls to frozen process.
05-01 18:39:50.791 W/IPCThreadState(  610): Sending oneway calls to frozen process.
05-01 18:39:50.791 W/IPCThreadState(  610): Sending oneway calls to frozen process.
05-01 18:39:50.791 W/IPCThreadState(  610): Sending oneway calls to frozen process.
05-01 18:39:50.796 D/SsBaseTemplateCard( 1315): No text view can be set up
05-01 18:39:50.797 D/SsBaseTemplateCard( 1315): Passed-in item info is null
05-01 18:39:50.797 D/SsBaseTemplateCard( 1315): Passed-in item info is null
05-01 18:39:50.797 D/SsBaseTemplateCard( 1315): Passed-in item info is null
05-01 18:39:50.797 I/SsBaseTemplateCard( 1315): Secondary card pane is null
05-01 18:39:50.802 W/AppSearchIcing(  610): icing-search-engine.cc:321: Error: 5, Message: Document (com.google.android.googlequicksearchbox$OneSearchZeroStateGoogleSuggestions/default, zp) not found.
05-01 18:39:50.805 I/WindowManager(  610): finishDrawing of orientation change: Window{72c3157 u0 com.android.systemui.wallpapers.ImageWallpaper} 13ms
05-01 18:39:50.808 D/ShortcutService(  610): received package broadcast intent: Intent { act=android.intent.action.PACKAGE_REMOVED dat=package: flg=0x4000010 (has extras) }
05-01 18:39:50.814 V/WindowManagerShell( 1028): onTransitionReady(transaction=2619930052222)
05-01 18:39:50.814 V/WindowManagerShell( 1028): onTransitionReady (#45) android.os.BinderProxy@94c38eb: {id=45 t=CLOSE f=0x0 trk=0 r=[0@Point(0, 0)] c=[{WCT{android.window.IWindowContainerToken$Stub$Proxy@f8e561d} m=TO_FRONT f=SHOW_WALLPAPER|MOVE_TO_TOP leash=Surface(name=Task=1)/@0x912cce1 sb=Rect(0, 0 - 2400, 1080) eb=Rect(0, 0 - 2400, 1080) d=0 endFixedRotation=0 taskParent=-1},{WCT{android.window.IWindowContainerToken$Stub$Proxy@545b092} m=CLOSE f=NONE leash=Surface(name=Task=10)/@0xe73fa06 sb=Rect(0, 0 - 2400, 1080) eb=Rect(0, 0 - 2400, 1080) d=0 taskParent=-1},{null m=TO_FRONT f=IS_WALLPAPER leash=Surface(name=Surface(name=WallpaperWindowToken{fa5cb7f token=android.os.Binder@c285023})/@0xae479bf - rotation-leash)/@0x43378c7 sb=Rect(0, 0 - 2400, 1080) eb=Rect(0, 0 - 1080, 2400) d=0 r=1->0:-1}]}
05-01 18:39:50.814 V/WindowManagerShell( 1028): Playing animation for (#45) android.os.BinderProxy@94c38eb@0
05-01 18:39:50.814 V/WindowManagerShell( 1028):  try handler com.android.wm.shell.transition.DefaultMixedHandler@fb1980e
05-01 18:39:50.814 V/WindowManagerShell( 1028):  try handler com.android.wm.shell.keyguard.KeyguardTransitionHandler@3c6322f
05-01 18:39:50.815 V/WindowManagerShell( 1028):  try handler com.android.wm.shell.pip.PipTransition@e07e03c
05-01 18:39:50.815 V/WindowManagerShell( 1028):  try handler com.android.wm.shell.activityembedding.ActivityEmbeddingController@a14f1c5
05-01 18:39:50.815 V/WindowManagerShell( 1028):  try handler com.android.wm.shell.recents.RecentsTransitionHandler@ff3271a
05-01 18:39:50.815 V/ShellRecents( 1028): RecentsTransitionHandler.startAnimation: no controller found
05-01 18:39:50.815 V/WindowManagerShell( 1028):  try handler com.android.wm.shell.splitscreen.StageCoordinator@88dc24b
05-01 18:39:50.815 V/WindowManagerShell( 1028):  try handler com.android.wm.shell.transition.RemoteTransitionHandler@690c428
