05-01 18:39:34.111 I/artd    (  767): GetBestInfo checking odex in dalvik-cache (/data/dalvik-cache/x86_64/data@user@0@com.google.android.gms@app_dg_cache@3C99312020F0F0D70782F583B896FDDF9030AAF4@the.apk@classes.dex)
05-01 18:39:34.111 I/artd    (  767): Loading /data/dalvik-cache/x86_64/data@user@0@com.google.android.gms@app_dg_cache@3C99312020F0F0D70782F583B896FDDF9030AAF4@the.apk@classes.dex with executable: 0
05-01 18:39:34.111 I/artd    (  767): OatFileAssistant test for existing oat file /data/dalvik-cache/x86_64/data@user@0@com.google.android.gms@app_dg_cache@3C99312020F0F0D70782F583B896FDDF9030AAF4@the.apk@classes.dex: File /data/dalvik-cache/x86_64/data@user@0@com.google.android.gms@app_dg_cache@3C99312020F0F0D70782F583B896FDDF9030AAF4@the.apk@classes.vdex does not exist.
05-01 18:39:34.111 I/artd    (  767): GetBestInfo checking odex next to the dex file (/data/user/0/com.google.android.gms/app_dg_cache/3C99312020F0F0D70782F583B896FDDF9030AAF4/oat/x86_64/the.odex)
05-01 18:39:34.111 I/artd    (  767): Loading /data/user/0/com.google.android.gms/app_dg_cache/3C99312020F0F0D70782F583B896FDDF9030AAF4/oat/x86_64/the.odex with executable: 0
05-01 18:39:34.111 I/artd    (  767): OatFileAssistant test for existing oat file /data/user/0/com.google.android.gms/app_dg_cache/3C99312020F0F0D70782F583B896FDDF9030AAF4/oat/x86_64/the.odex: Failed to open oat filename for reading: No such file or directory
05-01 18:39:34.111 I/artd    (  767): GetBestInfo checking vdex in dalvik-cache (/data/dalvik-cache/x86_64/data@user@0@com.google.android.gms@app_dg_cache@3C99312020F0F0D70782F583B896FDDF9030AAF4@the.apk@classes.vdex)
05-01 18:39:34.111 I/artd    (  767): unable to open vdex file /data/dalvik-cache/x86_64/data@user@0@com.google.android.gms@app_dg_cache@3C99312020F0F0D70782F583B896FDDF9030AAF4@the.apk@classes.vdex: File /data/dalvik-cache/x86_64/data@user@0@com.google.android.gms@app_dg_cache@3C99312020F0F0D70782F583B896FDDF9030AAF4@the.apk@classes.vdex does not exist.
05-01 18:39:34.111 I/artd    (  767): OatFileAssistant test for existing oat file /data/dalvik-cache/x86_64/data@user@0@com.google.android.gms@app_dg_cache@3C99312020F0F0D70782F583B896FDDF9030AAF4@the.apk@classes.vdex: File /data/dalvik-cache/x86_64/data@user@0@com.google.android.gms@app_dg_cache@3C99312020F0F0D70782F583B896FDDF9030AAF4@the.apk@classes.vdex does not exist.
05-01 18:39:34.111 I/artd    (  767): GetBestInfo checking vdex next to the dex file (/data/user/0/com.google.android.gms/app_dg_cache/3C99312020F0F0D70782F583B896FDDF9030AAF4/oat/x86_64/the.vdex)
05-01 18:39:34.112 I/artd    (  767): Successfully loaded /data/user/0/com.google.android.gms/app_dg_cache/3C99312020F0F0D70782F583B896FDDF9030AAF4/oat/x86_64/the.vdex with executable: 0
05-01 18:39:34.112 I/artd    (  767): Image checksum test skipped for vdex file /data/user/0/com.google.android.gms/app_dg_cache/3C99312020F0F0D70782F583B896FDDF9030AAF4/oat/x86_64/the.vdex
05-01 18:39:34.112 I/artd    (  767): /data/user/0/com.google.android.gms/app_dg_cache/3C99312020F0F0D70782F583B896FDDF9030AAF4/oat/x86_64/the.vdex is kOatUpToDate with filter verify
05-01 18:39:34.112 I/artd    (  767): Dex parent of /data/user_de/0/com.google.android.gms/app_chimera/m/00000002/DynamiteLoader.uncompressed.apk is not writable: No such file or directory
05-01 18:39:34.112 I/artd    (  767): GetBestInfo checking odex in dalvik-cache (/data/dalvik-cache/x86_64/data@user_de@0@com.google.android.gms@app_chimera@m@00000002@DynamiteLoader.uncompressed.apk@classes.dex)
05-01 18:39:34.112 I/artd    (  767): Loading /data/dalvik-cache/x86_64/data@user_de@0@com.google.android.gms@app_chimera@m@00000002@DynamiteLoader.uncompressed.apk@classes.dex with executable: 0
05-01 18:39:34.112 I/artd    (  767): OatFileAssistant test for existing oat file /data/dalvik-cache/x86_64/data@user_de@0@com.google.android.gms@app_chimera@m@00000002@DynamiteLoader.uncompressed.apk@classes.dex: File /data/dalvik-cache/x86_64/data@user_de@0@com.google.android.gms@app_chimera@m@00000002@DynamiteLoader.uncompressed.apk@classes.vdex does not exist.
05-01 18:39:34.112 I/artd    (  767): GetBestInfo checking odex next to the dex file (/data/user_de/0/com.google.android.gms/app_chimera/m/00000002/oat/x86_64/DynamiteLoader.uncompressed.odex)
05-01 18:39:34.112 I/artd    (  767): Loading /data/user_de/0/com.google.android.gms/app_chimera/m/00000002/oat/x86_64/DynamiteLoader.uncompressed.odex with executable: 0
05-01 18:39:34.112 I/artd    (  767): OatFileAssistant test for existing oat file /data/user_de/0/com.google.android.gms/app_chimera/m/00000002/oat/x86_64/DynamiteLoader.uncompressed.odex: File /data/user_de/0/com.google.android.gms/app_chimera/m/00000002/oat/x86_64/DynamiteLoader.uncompressed.vdex does not exist.
05-01 18:39:34.112 I/artd    (  767): GetBestInfo checking vdex in dalvik-cache (/data/dalvik-cache/x86_64/data@user_de@0@com.google.android.gms@app_chimera@m@00000002@DynamiteLoader.uncompressed.apk@classes.vdex)
05-01 18:39:34.112 I/artd    (  767): unable to open vdex file /data/dalvik-cache/x86_64/data@user_de@0@com.google.android.gms@app_chimera@m@00000002@DynamiteLoader.uncompressed.apk@classes.vdex: File /data/dalvik-cache/x86_64/data@user_de@0@com.google.android.gms@app_chimera@m@00000002@DynamiteLoader.uncompressed.apk@classes.vdex does not exist.
05-01 18:39:34.112 I/artd    (  767): OatFileAssistant test for existing oat file /data/dalvik-cache/x86_64/data@user_de@0@com.google.android.gms@app_chimera@m@00000002@DynamiteLoader.uncompressed.apk@classes.vdex: File /data/dalvik-cache/x86_64/data@user_de@0@com.google.android.gms@app_chimera@m@00000002@DynamiteLoader.uncompressed.apk@classes.vdex does not exist.
05-01 18:39:34.112 I/artd    (  767): GetBestInfo checking vdex next to the dex file (/data/user_de/0/com.google.android.gms/app_chimera/m/00000002/oat/x86_64/DynamiteLoader.uncompressed.vdex)
05-01 18:39:34.112 I/artd    (  767): unable to open vdex file /data/user_de/0/com.google.android.gms/app_chimera/m/00000002/oat/x86_64/DynamiteLoader.uncompressed.vdex: File /data/user_de/0/com.google.android.gms/app_chimera/m/00000002/oat/x86_64/DynamiteLoader.uncompressed.vdex does not exist.
05-01 18:39:34.112 I/artd    (  767): OatFileAssistant test for existing oat file /data/user_de/0/com.google.android.gms/app_chimera/m/00000002/oat/x86_64/DynamiteLoader.uncompressed.vdex: File /data/user_de/0/com.google.android.gms/app_chimera/m/00000002/oat/x86_64/DynamiteLoader.uncompressed.vdex does not exist.
05-01 18:39:34.112 I/artd    (  767): GetBestInfo checking dm (/data/user_de/0/com.google.android.gms/app_chimera/m/00000002/DynamiteLoader.uncompressed.dm)
05-01 18:39:34.112 W/ziparchive(  767): Unable to open '/data/user_de/0/com.google.android.gms/app_chimera/m/00000002/DynamiteLoader.uncompressed.dm': No such file or directory
05-01 18:39:34.112 I/artd    (  767): OatFileAssistant test for existing oat file /data/user_de/0/com.google.android.gms/app_chimera/m/00000002/DynamiteLoader.uncompressed.dm: I/O error
05-01 18:39:34.112 I/artd    (  767): GetBestInfo checking dm (/data/user_de/0/com.google.android.gms/app_chimera/m/00000002/DynamiteLoader.uncompressed.dm)
05-01 18:39:34.112 W/ziparchive(  767): Unable to open '/data/user_de/0/com.google.android.gms/app_chimera/m/00000002/DynamiteLoader.uncompressed.dm': No such file or directory
05-01 18:39:34.112 I/artd    (  767): OatFileAssistant test for existing oat file /data/user_de/0/com.google.android.gms/app_chimera/m/00000002/DynamiteLoader.uncompressed.dm: I/O error
05-01 18:39:34.112 I/artd    (  767): GetBestInfo no usable artifacts
05-01 18:39:34.113 I/artd    (  767): Dex parent of /data/user_de/0/com.google.android.gms/app_chimera/m/00000005/GoogleCertificates.apk is not writable: No such file or directory
05-01 18:39:34.113 I/artd    (  767): GetBestInfo checking odex in dalvik-cache (/data/dalvik-cache/x86_64/data@user_de@0@com.google.android.gms@app_chimera@m@00000005@GoogleCertificates.apk@classes.dex)
05-01 18:39:34.113 I/artd    (  767): Loading /data/dalvik-cache/x86_64/data@user_de@0@com.google.android.gms@app_chimera@m@00000005@GoogleCertificates.apk@classes.dex with executable: 0
05-01 18:39:34.113 I/artd    (  767): OatFileAssistant test for existing oat file /data/dalvik-cache/x86_64/data@user_de@0@com.google.android.gms@app_chimera@m@00000005@GoogleCertificates.apk@classes.dex: File /data/dalvik-cache/x86_64/data@user_de@0@com.google.android.gms@app_chimera@m@00000005@GoogleCertificates.apk@classes.vdex does not exist.
05-01 18:39:34.113 I/artd    (  767): GetBestInfo checking odex next to the dex file (/data/user_de/0/com.google.android.gms/app_chimera/m/00000005/oat/x86_64/GoogleCertificates.odex)
05-01 18:39:34.113 I/artd    (  767): Loading /data/user_de/0/com.google.android.gms/app_chimera/m/00000005/oat/x86_64/GoogleCertificates.odex with executable: 0
05-01 18:39:34.113 I/artd    (  767): OatFileAssistant test for existing oat file /data/user_de/0/com.google.android.gms/app_chimera/m/00000005/oat/x86_64/GoogleCertificates.odex: File /data/user_de/0/com.google.android.gms/app_chimera/m/00000005/oat/x86_64/GoogleCertificates.vdex does not exist.
05-01 18:39:34.113 I/artd    (  767): GetBestInfo checking vdex in dalvik-cache (/data/dalvik-cache/x86_64/data@user_de@0@com.google.android.gms@app_chimera@m@00000005@GoogleCertificates.apk@classes.vdex)
05-01 18:39:34.113 I/artd    (  767): unable to open vdex file /data/dalvik-cache/x86_64/data@user_de@0@com.google.android.gms@app_chimera@m@00000005@GoogleCertificates.apk@classes.vdex: File /data/dalvik-cache/x86_64/data@user_de@0@com.google.android.gms@app_chimera@m@00000005@GoogleCertificates.apk@classes.vdex does not exist.
05-01 18:39:34.113 I/artd    (  767): OatFileAssistant test for existing oat file /data/dalvik-cache/x86_64/data@user_de@0@com.google.android.gms@app_chimera@m@00000005@GoogleCertificates.apk@classes.vdex: File /data/dalvik-cache/x86_64/data@user_de@0@com.google.android.gms@app_chimera@m@00000005@GoogleCertificates.apk@classes.vdex does not exist.
05-01 18:39:34.113 I/artd    (  767): GetBestInfo checking vdex next to the dex file (/data/user_de/0/com.google.android.gms/app_chimera/m/00000005/oat/x86_64/GoogleCertificates.vdex)
05-01 18:39:34.113 I/artd    (  767): unable to open vdex file /data/user_de/0/com.google.android.gms/app_chimera/m/00000005/oat/x86_64/GoogleCertificates.vdex: File /data/user_de/0/com.google.android.gms/app_chimera/m/00000005/oat/x86_64/GoogleCertificates.vdex does not exist.
05-01 18:39:34.113 I/artd    (  767): OatFileAssistant test for existing oat file /data/user_de/0/com.google.android.gms/app_chimera/m/00000005/oat/x86_64/GoogleCertificates.vdex: File /data/user_de/0/com.google.android.gms/app_chimera/m/00000005/oat/x86_64/GoogleCertificates.vdex does not exist.
05-01 18:39:34.113 I/artd    (  767): GetBestInfo checking dm (/data/user_de/0/com.google.android.gms/app_chimera/m/00000005/GoogleCertificates.dm)
05-01 18:39:34.113 W/ziparchive(  767): Unable to open '/data/user_de/0/com.google.android.gms/app_chimera/m/00000005/GoogleCertificates.dm': No such file or directory
05-01 18:39:34.113 I/artd    (  767): OatFileAssistant test for existing oat file /data/user_de/0/com.google.android.gms/app_chimera/m/00000005/GoogleCertificates.dm: I/O error
05-01 18:39:34.113 I/artd    (  767): GetBestInfo checking dm (/data/user_de/0/com.google.android.gms/app_chimera/m/00000005/GoogleCertificates.dm)
05-01 18:39:34.113 W/ziparchive(  767): Unable to open '/data/user_de/0/com.google.android.gms/app_chimera/m/00000005/GoogleCertificates.dm': No such file or directory
05-01 18:39:34.113 I/artd    (  767): OatFileAssistant test for existing oat file /data/user_de/0/com.google.android.gms/app_chimera/m/00000005/GoogleCertificates.dm: I/O error
05-01 18:39:34.113 I/artd    (  767): GetBestInfo no usable artifacts
05-01 18:39:34.113 I/artd    (  767): Dex parent of /data/user_de/0/com.google.android.gms/app_chimera/m/00000001/CronetDynamite.uncompressed.apk is not writable: No such file or directory
05-01 18:39:34.113 I/artd    (  767): GetBestInfo checking odex in dalvik-cache (/data/dalvik-cache/x86_64/data@user_de@0@com.google.android.gms@app_chimera@m@00000001@CronetDynamite.uncompressed.apk@classes.dex)
05-01 18:39:34.113 I/artd    (  767): Loading /data/dalvik-cache/x86_64/data@user_de@0@com.google.android.gms@app_chimera@m@00000001@CronetDynamite.uncompressed.apk@classes.dex with executable: 0
05-01 18:39:34.113 I/artd    (  767): OatFileAssistant test for existing oat file /data/dalvik-cache/x86_64/data@user_de@0@com.google.android.gms@app_chimera@m@00000001@CronetDynamite.uncompressed.apk@classes.dex: File /data/dalvik-cache/x86_64/data@user_de@0@com.google.android.gms@app_chimera@m@00000001@CronetDynamite.uncompressed.apk@classes.vdex does not exist.
05-01 18:39:34.113 I/artd    (  767): GetBestInfo checking odex next to the dex file (/data/user_de/0/com.google.android.gms/app_chimera/m/00000001/oat/x86_64/CronetDynamite.uncompressed.odex)
05-01 18:39:34.113 I/artd    (  767): Loading /data/user_de/0/com.google.android.gms/app_chimera/m/00000001/oat/x86_64/CronetDynamite.uncompressed.odex with executable: 0
05-01 18:39:34.113 I/artd    (  767): OatFileAssistant test for existing oat file /data/user_de/0/com.google.android.gms/app_chimera/m/00000001/oat/x86_64/CronetDynamite.uncompressed.odex: File /data/user_de/0/com.google.android.gms/app_chimera/m/00000001/oat/x86_64/CronetDynamite.uncompressed.vdex does not exist.
05-01 18:39:34.113 I/artd    (  767): GetBestInfo checking vdex in dalvik-cache (/data/dalvik-cache/x86_64/data@user_de@0@com.google.android.gms@app_chimera@m@00000001@CronetDynamite.uncompressed.apk@classes.vdex)
05-01 18:39:34.113 I/artd    (  767): unable to open vdex file /data/dalvik-cache/x86_64/data@user_de@0@com.google.android.gms@app_chimera@m@00000001@CronetDynamite.uncompressed.apk@classes.vdex: File /data/dalvik-cache/x86_64/data@user_de@0@com.google.android.gms@app_chimera@m@00000001@CronetDynamite.uncompressed.apk@classes.vdex does not exist.
05-01 18:39:34.113 I/artd    (  767): OatFileAssistant test for existing oat file /data/dalvik-cache/x86_64/data@user_de@0@com.google.android.gms@app_chimera@m@00000001@CronetDynamite.uncompressed.apk@classes.vdex: File /data/dalvik-cache/x86_64/data@user_de@0@com.google.android.gms@app_chimera@m@00000001@CronetDynamite.uncompressed.apk@classes.vdex does not exist.
05-01 18:39:34.113 I/artd    (  767): GetBestInfo checking vdex next to the dex file (/data/user_de/0/com.google.android.gms/app_chimera/m/00000001/oat/x86_64/CronetDynamite.uncompressed.vdex)
05-01 18:39:34.113 I/artd    (  767): unable to open vdex file /data/user_de/0/com.google.android.gms/app_chimera/m/00000001/oat/x86_64/CronetDynamite.uncompressed.vdex: File /data/user_de/0/com.google.android.gms/app_chimera/m/00000001/oat/x86_64/CronetDynamite.uncompressed.vdex does not exist.
05-01 18:39:34.113 I/artd    (  767): OatFileAssistant test for existing oat file /data/user_de/0/com.google.android.gms/app_chimera/m/00000001/oat/x86_64/CronetDynamite.uncompressed.vdex: File /data/user_de/0/com.google.android.gms/app_chimera/m/00000001/oat/x86_64/CronetDynamite.uncompressed.vdex does not exist.
05-01 18:39:34.113 I/artd    (  767): GetBestInfo checking dm (/data/user_de/0/com.google.android.gms/app_chimera/m/00000001/CronetDynamite.uncompressed.dm)
05-01 18:39:34.113 W/ziparchive(  767): Unable to open '/data/user_de/0/com.google.android.gms/app_chimera/m/00000001/CronetDynamite.uncompressed.dm': No such file or directory
05-01 18:39:34.113 I/artd    (  767): OatFileAssistant test for existing oat file /data/user_de/0/com.google.android.gms/app_chimera/m/00000001/CronetDynamite.uncompressed.dm: I/O error
05-01 18:39:34.113 I/artd    (  767): GetBestInfo checking dm (/data/user_de/0/com.google.android.gms/app_chimera/m/00000001/CronetDynamite.uncompressed.dm)
05-01 18:39:34.113 W/ziparchive(  767): Unable to open '/data/user_de/0/com.google.android.gms/app_chimera/m/00000001/CronetDynamite.uncompressed.dm': No such file or directory
05-01 18:39:34.113 I/artd    (  767): OatFileAssistant test for existing oat file /data/user_de/0/com.google.android.gms/app_chimera/m/00000001/CronetDynamite.uncompressed.dm: I/O error
05-01 18:39:34.113 I/artd    (  767): GetBestInfo no usable artifacts
05-01 18:39:34.114 I/artd    (  767): Dex parent of /data/user_de/0/com.google.android.gms/app_chimera/m/0000000a/dl-MlkitBarcodeUi.optional_242335100800.apk is not writable: Permission denied
05-01 18:39:34.115 I/artd    (  767): GetBestInfo checking odex in dalvik-cache (/data/dalvik-cache/x86_64/data@user_de@0@com.google.android.gms@app_chimera@m@0000000a@dl-MlkitBarcodeUi.optional_242335100800.apk@classes.dex)
05-01 18:39:34.115 I/artd    (  767): Loading /data/dalvik-cache/x86_64/data@user_de@0@com.google.android.gms@app_chimera@m@0000000a@dl-MlkitBarcodeUi.optional_242335100800.apk@classes.dex with executable: 0
05-01 18:39:34.115 I/artd    (  767): OatFileAssistant test for existing oat file /data/dalvik-cache/x86_64/data@user_de@0@com.google.android.gms@app_chimera@m@0000000a@dl-MlkitBarcodeUi.optional_242335100800.apk@classes.dex: File /data/dalvik-cache/x86_64/data@user_de@0@com.google.android.gms@app_chimera@m@0000000a@dl-MlkitBarcodeUi.optional_242335100800.apk@classes.vdex does not exist.
05-01 18:39:34.115 I/artd    (  767): GetBestInfo checking odex next to the dex file (/data/user_de/0/com.google.android.gms/app_chimera/m/0000000a/oat/x86_64/dl-MlkitBarcodeUi.optional_242335100800.odex)
05-01 18:39:34.115 I/artd    (  767): Loading /data/user_de/0/com.google.android.gms/app_chimera/m/0000000a/oat/x86_64/dl-MlkitBarcodeUi.optional_242335100800.odex with executable: 0
05-01 18:39:34.115 I/artd    (  767): OatFileAssistant test for existing oat file /data/user_de/0/com.google.android.gms/app_chimera/m/0000000a/oat/x86_64/dl-MlkitBarcodeUi.optional_242335100800.odex: File /data/user_de/0/com.google.android.gms/app_chimera/m/0000000a/oat/x86_64/dl-MlkitBarcodeUi.optional_242335100800.vdex does not exist.
05-01 18:39:34.115 I/artd    (  767): GetBestInfo checking vdex in dalvik-cache (/data/dalvik-cache/x86_64/data@user_de@0@com.google.android.gms@app_chimera@m@0000000a@dl-MlkitBarcodeUi.optional_242335100800.apk@classes.vdex)
05-01 18:39:34.115 I/artd    (  767): unable to open vdex file /data/dalvik-cache/x86_64/data@user_de@0@com.google.android.gms@app_chimera@m@0000000a@dl-MlkitBarcodeUi.optional_242335100800.apk@classes.vdex: File /data/dalvik-cache/x86_64/data@user_de@0@com.google.android.gms@app_chimera@m@0000000a@dl-MlkitBarcodeUi.optional_242335100800.apk@classes.vdex does not exist.
05-01 18:39:34.115 I/artd    (  767): OatFileAssistant test for existing oat file /data/dalvik-cache/x86_64/data@user_de@0@com.google.android.gms@app_chimera@m@0000000a@dl-MlkitBarcodeUi.optional_242335100800.apk@classes.vdex: File /data/dalvik-cache/x86_64/data@user_de@0@com.google.android.gms@app_chimera@m@0000000a@dl-MlkitBarcodeUi.optional_242335100800.apk@classes.vdex does not exist.
05-01 18:39:34.115 I/artd    (  767): GetBestInfo checking vdex next to the dex file (/data/user_de/0/com.google.android.gms/app_chimera/m/0000000a/oat/x86_64/dl-MlkitBarcodeUi.optional_242335100800.vdex)
05-01 18:39:34.115 I/artd    (  767): unable to open vdex file /data/user_de/0/com.google.android.gms/app_chimera/m/0000000a/oat/x86_64/dl-MlkitBarcodeUi.optional_242335100800.vdex: File /data/user_de/0/com.google.android.gms/app_chimera/m/0000000a/oat/x86_64/dl-MlkitBarcodeUi.optional_242335100800.vdex does not exist.
05-01 18:39:34.115 I/artd    (  767): OatFileAssistant test for existing oat file /data/user_de/0/com.google.android.gms/app_chimera/m/0000000a/oat/x86_64/dl-MlkitBarcodeUi.optional_242335100800.vdex: File /data/user_de/0/com.google.android.gms/app_chimera/m/0000000a/oat/x86_64/dl-MlkitBarcodeUi.optional_242335100800.vdex does not exist.
05-01 18:39:34.115 I/artd    (  767): GetBestInfo checking dm (/data/user_de/0/com.google.android.gms/app_chimera/m/0000000a/dl-MlkitBarcodeUi.optional_242335100800.dm)
05-01 18:39:34.115 W/ziparchive(  767): Unable to open '/data/user_de/0/com.google.android.gms/app_chimera/m/0000000a/dl-MlkitBarcodeUi.optional_242335100800.dm': No such file or directory
05-01 18:39:34.115 I/artd    (  767): OatFileAssistant test for existing oat file /data/user_de/0/com.google.android.gms/app_chimera/m/0000000a/dl-MlkitBarcodeUi.optional_242335100800.dm: I/O error
05-01 18:39:34.115 I/artd    (  767): GetBestInfo checking dm (/data/user_de/0/com.google.android.gms/app_chimera/m/0000000a/dl-MlkitBarcodeUi.optional_242335100800.dm)
05-01 18:39:34.115 W/ziparchive(  767): Unable to open '/data/user_de/0/com.google.android.gms/app_chimera/m/0000000a/dl-MlkitBarcodeUi.optional_242335100800.dm': No such file or directory
05-01 18:39:34.115 I/artd    (  767): OatFileAssistant test for existing oat file /data/user_de/0/com.google.android.gms/app_chimera/m/0000000a/dl-MlkitBarcodeUi.optional_242335100800.dm: I/O error
05-01 18:39:34.115 I/artd    (  767): GetBestInfo no usable artifacts
05-01 18:39:34.117 I/artd    (  767): Dex parent of /data/user_de/0/com.google.android.gms/app_chimera/m/00000008/dl-TfliteDynamiteDynamite.integ_252130102100800.apk is not writable: Permission denied
05-01 18:39:34.117 I/artd    (  767): GetBestInfo checking odex in dalvik-cache (/data/dalvik-cache/x86_64/data@user_de@0@com.google.android.gms@app_chimera@m@00000008@dl-TfliteDynamiteDynamite.integ_252130102100800.apk@classes.dex)
05-01 18:39:34.117 I/artd    (  767): Loading /data/dalvik-cache/x86_64/data@user_de@0@com.google.android.gms@app_chimera@m@00000008@dl-TfliteDynamiteDynamite.integ_252130102100800.apk@classes.dex with executable: 0
05-01 18:39:34.117 I/artd    (  767): OatFileAssistant test for existing oat file /data/dalvik-cache/x86_64/data@user_de@0@com.google.android.gms@app_chimera@m@00000008@dl-TfliteDynamiteDynamite.integ_252130102100800.apk@classes.dex: File /data/dalvik-cache/x86_64/data@user_de@0@com.google.android.gms@app_chimera@m@00000008@dl-TfliteDynamiteDynamite.integ_252130102100800.apk@classes.vdex does not exist.
05-01 18:39:34.117 I/artd    (  767): GetBestInfo checking odex next to the dex file (/data/user_de/0/com.google.android.gms/app_chimera/m/00000008/oat/x86_64/dl-TfliteDynamiteDynamite.integ_252130102100800.odex)
05-01 18:39:34.117 I/artd    (  767): Loading /data/user_de/0/com.google.android.gms/app_chimera/m/00000008/oat/x86_64/dl-TfliteDynamiteDynamite.integ_252130102100800.odex with executable: 0
05-01 18:39:34.117 I/artd    (  767): OatFileAssistant test for existing oat file /data/user_de/0/com.google.android.gms/app_chimera/m/00000008/oat/x86_64/dl-TfliteDynamiteDynamite.integ_252130102100800.odex: File /data/user_de/0/com.google.android.gms/app_chimera/m/00000008/oat/x86_64/dl-TfliteDynamiteDynamite.integ_252130102100800.vdex does not exist.
05-01 18:39:34.117 I/artd    (  767): GetBestInfo checking vdex in dalvik-cache (/data/dalvik-cache/x86_64/data@user_de@0@com.google.android.gms@app_chimera@m@00000008@dl-TfliteDynamiteDynamite.integ_252130102100800.apk@classes.vdex)
05-01 18:39:34.117 I/artd    (  767): unable to open vdex file /data/dalvik-cache/x86_64/data@user_de@0@com.google.android.gms@app_chimera@m@00000008@dl-TfliteDynamiteDynamite.integ_252130102100800.apk@classes.vdex: File /data/dalvik-cache/x86_64/data@user_de@0@com.google.android.gms@app_chimera@m@00000008@dl-TfliteDynamiteDynamite.integ_252130102100800.apk@classes.vdex does not exist.
05-01 18:39:34.117 I/artd    (  767): OatFileAssistant test for existing oat file /data/dalvik-cache/x86_64/data@user_de@0@com.google.android.gms@app_chimera@m@00000008@dl-TfliteDynamiteDynamite.integ_252130102100800.apk@classes.vdex: File /data/dalvik-cache/x86_64/data@user_de@0@com.google.android.gms@app_chimera@m@00000008@dl-TfliteDynamiteDynamite.integ_252130102100800.apk@classes.vdex does not exist.
05-01 18:39:34.117 I/artd    (  767): GetBestInfo checking vdex next to the dex file (/data/user_de/0/com.google.android.gms/app_chimera/m/00000008/oat/x86_64/dl-TfliteDynamiteDynamite.integ_252130102100800.vdex)
05-01 18:39:34.117 I/artd    (  767): unable to open vdex file /data/user_de/0/com.google.android.gms/app_chimera/m/00000008/oat/x86_64/dl-TfliteDynamiteDynamite.integ_252130102100800.vdex: File /data/user_de/0/com.google.android.gms/app_chimera/m/00000008/oat/x86_64/dl-TfliteDynamiteDynamite.integ_252130102100800.vdex does not exist.
05-01 18:39:34.117 I/artd    (  767): OatFileAssistant test for existing oat file /data/user_de/0/com.google.android.gms/app_chimera/m/00000008/oat/x86_64/dl-TfliteDynamiteDynamite.integ_252130102100800.vdex: File /data/user_de/0/com.google.android.gms/app_chimera/m/00000008/oat/x86_64/dl-TfliteDynamiteDynamite.integ_252130102100800.vdex does not exist.
05-01 18:39:34.117 I/artd    (  767): GetBestInfo checking dm (/data/user_de/0/com.google.android.gms/app_chimera/m/00000008/dl-TfliteDynamiteDynamite.integ_252130102100800.dm)
05-01 18:39:34.117 W/ziparchive(  767): Unable to open '/data/user_de/0/com.google.android.gms/app_chimera/m/00000008/dl-TfliteDynamiteDynamite.integ_252130102100800.dm': No such file or directory
05-01 18:39:34.117 I/artd    (  767): OatFileAssistant test for existing oat file /data/user_de/0/com.google.android.gms/app_chimera/m/00000008/dl-TfliteDynamiteDynamite.integ_252130102100800.dm: I/O error
05-01 18:39:34.117 I/artd    (  767): GetBestInfo checking dm (/data/user_de/0/com.google.android.gms/app_chimera/m/00000008/dl-TfliteDynamiteDynamite.integ_252130102100800.dm)
05-01 18:39:34.117 W/ziparchive(  767): Unable to open '/data/user_de/0/com.google.android.gms/app_chimera/m/00000008/dl-TfliteDynamiteDynamite.integ_252130102100800.dm': No such file or directory
05-01 18:39:34.117 I/artd    (  767): OatFileAssistant test for existing oat file /data/user_de/0/com.google.android.gms/app_chimera/m/00000008/dl-TfliteDynamiteDynamite.integ_252130102100800.dm: I/O error
05-01 18:39:34.117 I/artd    (  767): GetBestInfo no usable artifacts
05-01 18:39:34.118 I/artd    (  767): Dex parent of /data/user_de/0/com.google.android.gms/app_chimera/m/00000007/MeasurementDynamite.apk is not writable: No such file or directory
05-01 18:39:34.118 I/artd    (  767): GetBestInfo checking odex in dalvik-cache (/data/dalvik-cache/x86_64/data@user_de@0@com.google.android.gms@app_chimera@m@00000007@MeasurementDynamite.apk@classes.dex)
05-01 18:39:34.118 I/artd    (  767): Loading /data/dalvik-cache/x86_64/data@user_de@0@com.google.android.gms@app_chimera@m@00000007@MeasurementDynamite.apk@classes.dex with executable: 0
05-01 18:39:34.118 I/artd    (  767): OatFileAssistant test for existing oat file /data/dalvik-cache/x86_64/data@user_de@0@com.google.android.gms@app_chimera@m@00000007@MeasurementDynamite.apk@classes.dex: File /data/dalvik-cache/x86_64/data@user_de@0@com.google.android.gms@app_chimera@m@00000007@MeasurementDynamite.apk@classes.vdex does not exist.
05-01 18:39:34.118 I/artd    (  767): GetBestInfo checking odex next to the dex file (/data/user_de/0/com.google.android.gms/app_chimera/m/00000007/oat/x86_64/MeasurementDynamite.odex)
05-01 18:39:34.118 I/artd    (  767): Loading /data/user_de/0/com.google.android.gms/app_chimera/m/00000007/oat/x86_64/MeasurementDynamite.odex with executable: 0
05-01 18:39:34.118 I/artd    (  767): OatFileAssistant test for existing oat file /data/user_de/0/com.google.android.gms/app_chimera/m/00000007/oat/x86_64/MeasurementDynamite.odex: File /data/user_de/0/com.google.android.gms/app_chimera/m/00000007/oat/x86_64/MeasurementDynamite.vdex does not exist.
05-01 18:39:34.118 I/artd    (  767): GetBestInfo checking vdex in dalvik-cache (/data/dalvik-cache/x86_64/data@user_de@0@com.google.android.gms@app_chimera@m@00000007@MeasurementDynamite.apk@classes.vdex)
05-01 18:39:34.118 I/artd    (  767): unable to open vdex file /data/dalvik-cache/x86_64/data@user_de@0@com.google.android.gms@app_chimera@m@00000007@MeasurementDynamite.apk@classes.vdex: File /data/dalvik-cache/x86_64/data@user_de@0@com.google.android.gms@app_chimera@m@00000007@MeasurementDynamite.apk@classes.vdex does not exist.
05-01 18:39:34.118 I/artd    (  767): OatFileAssistant test for existing oat file /data/dalvik-cache/x86_64/data@user_de@0@com.google.android.gms@app_chimera@m@00000007@MeasurementDynamite.apk@classes.vdex: File /data/dalvik-cache/x86_64/data@user_de@0@com.google.android.gms@app_chimera@m@00000007@MeasurementDynamite.apk@classes.vdex does not exist.
05-01 18:39:34.118 I/artd    (  767): GetBestInfo checking vdex next to the dex file (/data/user_de/0/com.google.android.gms/app_chimera/m/00000007/oat/x86_64/MeasurementDynamite.vdex)
05-01 18:39:34.118 I/artd    (  767): unable to open vdex file /data/user_de/0/com.google.android.gms/app_chimera/m/00000007/oat/x86_64/MeasurementDynamite.vdex: File /data/user_de/0/com.google.android.gms/app_chimera/m/00000007/oat/x86_64/MeasurementDynamite.vdex does not exist.
05-01 18:39:34.118 I/artd    (  767): OatFileAssistant test for existing oat file /data/user_de/0/com.google.android.gms/app_chimera/m/00000007/oat/x86_64/MeasurementDynamite.vdex: File /data/user_de/0/com.google.android.gms/app_chimera/m/00000007/oat/x86_64/MeasurementDynamite.vdex does not exist.
05-01 18:39:34.118 I/artd    (  767): GetBestInfo checking dm (/data/user_de/0/com.google.android.gms/app_chimera/m/00000007/MeasurementDynamite.dm)
05-01 18:39:34.118 W/ziparchive(  767): Unable to open '/data/user_de/0/com.google.android.gms/app_chimera/m/00000007/MeasurementDynamite.dm': No such file or directory
05-01 18:39:34.118 I/artd    (  767): OatFileAssistant test for existing oat file /data/user_de/0/com.google.android.gms/app_chimera/m/00000007/MeasurementDynamite.dm: I/O error
05-01 18:39:34.118 I/artd    (  767): GetBestInfo checking dm (/data/user_de/0/com.google.android.gms/app_chimera/m/00000007/MeasurementDynamite.dm)
05-01 18:39:34.118 W/ziparchive(  767): Unable to open '/data/user_de/0/com.google.android.gms/app_chimera/m/00000007/MeasurementDynamite.dm': No such file or directory
05-01 18:39:34.118 I/artd    (  767): OatFileAssistant test for existing oat file /data/user_de/0/com.google.android.gms/app_chimera/m/00000007/MeasurementDynamite.dm: I/O error
05-01 18:39:34.118 I/artd    (  767): GetBestInfo no usable artifacts
05-01 18:39:34.168 D/EGL_emulation( 7849): app_time_stats: avg=16.65ms min=13.20ms max=20.54ms count=61
05-01 18:39:34.493 I/ExoPlayerImpl( 7849): Release 88218bc [AndroidXMedia3/1.8.0] [emu64xa, sdk_gphone64_x86_64, Google, 35] [media3.common, media3.ui, media3.exoplayer, media3.decoder, media3.datasource, media3.session]
05-01 18:39:34.493 D/MiniPlayer( 7849): Detached player released (stopAsync deferred)
05-01 18:39:34.543 D/android.hardware.audio@7.1-impl.ranchu(  399): threadLoop: entering standby, frames: 11901632
05-01 18:39:34.554 D/TrafficStats( 7849): tagSocket(165) with statsTag=0xffffffff, statsUid=-1
05-01 18:39:34.750 D/MediaSessionService(  610): onSessionPlaybackStateChanged: record=com.streamfr.app/androidx.media3.session.id.player_mobile_1044670485694/9 (userId=0) playbackState=PlaybackState {state=BUFFERING(6), position=0, buffered position=0, speed=0.0, updated=1047872, actions=7339667, custom actions=[], active item id=0, error=null}
05-01 18:39:34.751 W/AudioMediaPlayerWrapper( 1196): onPlaybackStateChanged(): com.streamfr.app tried to update with no new data
05-01 18:39:34.752 W/AudioMediaPlayerWrapper( 1196): onPlaybackStateChanged(): com.streamfr.app tried to update with no new data
05-01 18:39:34.914 I/wpa_supplicant( 1776): wlan0: CTRL-EVENT-BEACON-LOSS 
05-01 18:39:35.183 D/EGL_emulation( 7849): app_time_stats: avg=16.60ms min=13.78ms max=19.98ms count=61
05-01 18:39:36.184 D/EGL_emulation( 7849): app_time_stats: avg=16.67ms min=11.06ms max=23.81ms count=60
05-01 18:39:37.200 D/EGL_emulation( 7849): app_time_stats: avg=16.56ms min=12.53ms max=20.69ms count=61
05-01 18:39:37.352 D/TrafficStats( 7849): tagSocket(182) with statsTag=0xffffffff, statsUid=-1
05-01 18:39:37.623 D/audioserver(  453): logFgsApiBegin: FGS Logger Transaction failed, -129
05-01 18:39:37.624 W/AS.PlaybackActivityMon(  610): No piid assigned for invalid/internal port id 15
05-01 18:39:37.625 D/AudioFlinger(  453): mixer(0x7ccfab3088e0) throttle end: throttle time(36)
05-01 18:39:37.752 D/MediaSessionService(  610): onSessionPlaybackStateChanged: record=com.streamfr.app/androidx.media3.session.id.player_mobile_1044670485694/9 (userId=0) playbackState=PlaybackState {state=BUFFERING(6), position=0, buffered position=0, speed=0.0, updated=1050873, actions=7339667, custom actions=[], active item id=0, error=null}
05-01 18:39:37.752 W/AudioMediaPlayerWrapper( 1196): onPlaybackStateChanged(): com.streamfr.app tried to update with no new data
05-01 18:39:37.752 W/AudioMediaPlayerWrapper( 1196): onPlaybackStateChanged(): com.streamfr.app tried to update with no new data
05-01 18:39:37.787 D/audioserver(  453): logFgsApiEnd: FGS Logger Transaction failed, -129
05-01 18:39:38.150 E/ExoPlayerImplInternal( 7849): Playback error
05-01 18:39:38.150 E/ExoPlayerImplInternal( 7849):   androidx.media3.exoplayer.ExoPlaybackException: Source error
05-01 18:39:38.150 E/ExoPlayerImplInternal( 7849):       at androidx.media3.exoplayer.ExoPlayerImplInternal.handleIoException(ExoPlayerImplInternal.java:927)
05-01 18:39:38.150 E/ExoPlayerImplInternal( 7849):       at androidx.media3.exoplayer.ExoPlayerImplInternal.handleMessage(ExoPlayerImplInternal.java:899)
05-01 18:39:38.150 E/ExoPlayerImplInternal( 7849):       at android.os.Handler.dispatchMessage(Handler.java:103)
05-01 18:39:38.150 E/ExoPlayerImplInternal( 7849):       at android.os.Looper.loopOnce(Looper.java:232)
05-01 18:39:38.150 E/ExoPlayerImplInternal( 7849):       at android.os.Looper.loop(Looper.java:317)
05-01 18:39:38.150 E/ExoPlayerImplInternal( 7849):       at android.os.HandlerThread.run(HandlerThread.java:85)
05-01 18:39:38.150 E/ExoPlayerImplInternal( 7849):   Caused by: androidx.media3.datasource.HttpDataSource$InvalidResponseCodeException: Response code: 401
05-01 18:39:38.150 E/ExoPlayerImplInternal( 7849):       at androidx.media3.datasource.DefaultHttpDataSource.open(DefaultHttpDataSource.java:400)
05-01 18:39:38.150 E/ExoPlayerImplInternal( 7849):       at androidx.media3.datasource.DefaultDataSource.open(DefaultDataSource.java:275)
05-01 18:39:38.150 E/ExoPlayerImplInternal( 7849):       at androidx.media3.datasource.StatsDataSource.open(StatsDataSource.java:88)
05-01 18:39:38.150 E/ExoPlayerImplInternal( 7849):       at androidx.media3.exoplayer.source.ProgressiveMediaPeriod$ExtractingLoadable.load(ProgressiveMediaPeriod.java:1109)
05-01 18:39:38.150 E/ExoPlayerImplInternal( 7849):       at androidx.media3.exoplayer.upstream.Loader$LoadTask.run(Loader.java:453)
05-01 18:39:38.150 E/ExoPlayerImplInternal( 7849):       at java.util.concurrent.ThreadPoolExecutor.runWorker(ThreadPoolExecutor.java:1145)
05-01 18:39:38.150 E/ExoPlayerImplInternal( 7849):       at java.util.concurrent.ThreadPoolExecutor$Worker.run(ThreadPoolExecutor.java:644)
05-01 18:39:38.150 E/ExoPlayerImplInternal( 7849):       at java.lang.Thread.run(Thread.java:1012)
05-01 18:39:38.150 I/MediaFocusControl(  610): abandonAudioFocus() from uid/pid 10209/7849 clientId=android.media.AudioManager@4cdf047androidx.media3.exoplayer.AudioFocusManager$$ExternalSyntheticLambda0@2315cad
05-01 18:39:38.153 D/MediaSessionService(  610): onSessionPlaybackStateChanged: record=com.streamfr.app/androidx.media3.session.id.player_mobile_1044670485694/9 (userId=0) playbackState=PlaybackState {state=ERROR(7), position=0, buffered position=0, speed=0.0, updated=1051274, actions=7339669, custom actions=[], active item id=0, error=Source error}
05-01 18:39:38.153 E/PlayerDebug( 7849): onPlayerError: code=2004, msg=Source error
05-01 18:39:38.153 E/PlayerDebug( 7849):   cause: androidx.media3.datasource.HttpDataSource$InvalidResponseCodeException: Response code: 401
05-01 18:39:38.153 E/PlayerDebug( 7849):   cause.cause: null
05-01 18:39:38.153 E/PlayerDebug( 7849):   uri: http://iiilllaaiiiiiiiia1.funtogether.xyz:8080/VFKzxfbu5U/IYMZfb1jSh/36874?play_token=OmhlLiv6fL
05-01 18:39:38.153 E/PlayerMobileFragment( 7849): onPlayerError: 
05-01 18:39:38.153 E/PlayerMobileFragment( 7849): androidx.media3.exoplayer.ExoPlaybackException: Source error
05-01 18:39:38.153 E/PlayerMobileFragment( 7849): 	at androidx.media3.exoplayer.ExoPlayerImplInternal.handleIoException(ExoPlayerImplInternal.java:927)
05-01 18:39:38.153 E/PlayerMobileFragment( 7849): 	at androidx.media3.exoplayer.ExoPlayerImplInternal.handleMessage(ExoPlayerImplInternal.java:899)
05-01 18:39:38.153 E/PlayerMobileFragment( 7849): 	at android.os.Handler.dispatchMessage(Handler.java:103)
05-01 18:39:38.153 E/PlayerMobileFragment( 7849): 	at android.os.Looper.loopOnce(Looper.java:232)
05-01 18:39:38.153 E/PlayerMobileFragment( 7849): 	at android.os.Looper.loop(Looper.java:317)
05-01 18:39:38.153 E/PlayerMobileFragment( 7849): 	at android.os.HandlerThread.run(HandlerThread.java:85)
05-01 18:39:38.153 E/PlayerMobileFragment( 7849): Caused by: androidx.media3.datasource.HttpDataSource$InvalidResponseCodeException: Response code: 401
05-01 18:39:38.153 E/PlayerMobileFragment( 7849): 	at androidx.media3.datasource.DefaultHttpDataSource.open(DefaultHttpDataSource.java:400)
05-01 18:39:38.153 E/PlayerMobileFragment( 7849): 	at androidx.media3.datasource.DefaultDataSource.open(DefaultDataSource.java:275)
05-01 18:39:38.153 E/PlayerMobileFragment( 7849): 	at androidx.media3.datasource.StatsDataSource.open(StatsDataSource.java:88)
05-01 18:39:38.153 E/PlayerMobileFragment( 7849): 	at androidx.media3.exoplayer.source.ProgressiveMediaPeriod$ExtractingLoadable.load(ProgressiveMediaPeriod.java:1109)
05-01 18:39:38.153 E/PlayerMobileFragment( 7849): 	at androidx.media3.exoplayer.upstream.Loader$LoadTask.run(Loader.java:453)
05-01 18:39:38.153 E/PlayerMobileFragment( 7849): 	at java.util.concurrent.ThreadPoolExecutor.runWorker(ThreadPoolExecutor.java:1145)
05-01 18:39:38.153 E/PlayerMobileFragment( 7849): 	at java.util.concurrent.ThreadPoolExecutor$Worker.run(ThreadPoolExecutor.java:644)
05-01 18:39:38.153 E/PlayerMobileFragment( 7849): 	at java.lang.Thread.run(Thread.java:1012)
05-01 18:39:38.154 D/OlaTvProvider( 7849): Marked broken upstream URL: http://iiilllaaiiiiiiiia1.funtogether.xyz:8080/VFKzxfbu5U/IYMZfb1jSh/36874?play_
05-01 18:39:38.154 W/PlayerMobileFragment( 7849): IPTV failover: OLA TV - FHD FR error (ERROR_CODE_IO_BAD_HTTP_STATUS), trying OLA[rmcstory] Source 2
05-01 18:39:38.154 D/PlayerViewModel( 7849): Inizio estrazione video dal server: OLA[rmcstory] Source 2
05-01 18:39:38.155 D/OlaTvProvider( 7849): getVideo → http://wowtv.cc:80/play/live.php?mac=00:1A:79:00:10:D8&stream=543197&extension=ts&play_token=yj6yORuDgP
05-01 18:39:38.155 D/MediaSessionService(  610): onSessionPlaybackStateChanged: record=com.streamfr.app/androidx.media3.session.id.player_mobile_1044670485694/9 (userId=0) playbackState=PlaybackState {state=ERROR(7), position=0, buffered position=0, speed=0.0, updated=1051277, actions=7339669, custom actions=[], active item id=0, error=Source error}
05-01 18:39:38.155 D/PlayerViewModel( 7849): Estrazione video completata con successo
05-01 18:39:38.156 D/PlayerDebug( 7849): onPlaybackStateChanged: IDLE, uri=http://iiilllaaiiiiiiiia1.funtogether.xyz:8080/VFKzxfbu5U/IYMZfb1jSh/36874?play_
05-01 18:39:38.157 E/MediaControlProfile( 1196): onCurrentPlayerStateUpdated: base actions not supported, player actions= 6ffe95, expected at least= 7f
05-01 18:39:38.157 W/MediaControlGattService( 1196): Feature MEDIA_STATE(BIT 17) support: true
05-01 18:39:38.158 I/AdapterProperties( 1196): getBondedDevices: length=0
05-01 18:39:38.158 W/MediaControlGattService( 1196): Feature PLAYER_NAME(BIT 1) support: true
05-01 18:39:38.158 W/MediaControlGattService( 1196): Feature PLAYER_ICON_URL(BIT 3) support: false
05-01 18:39:38.158 W/MediaControlGattService( 1196): Feature PLAYER_ICON_OBJ_ID(BIT 2) support: false
05-01 18:39:38.158 W/MediaControlGattService( 1196): Feature CURRENT_TRACK_SEGMENT_OBJ_ID(BIT 10) support: false
05-01 18:39:38.158 W/MediaControlGattService( 1196): Feature CURRENT_TRACK_OBJ_ID(BIT 11) support: false
05-01 18:39:38.158 W/MediaControlGattService( 1196): Feature NEXT_TRACK_OBJ_ID(BIT 12) support: false
05-01 18:39:38.158 W/MediaControlGattService( 1196): Feature CURRENT_GROUP_OBJ_ID(BIT 13) support: false
05-01 18:39:38.158 W/MediaControlGattService( 1196): Feature PARENT_GROUP_OBJ_ID(BIT 14) support: false
05-01 18:39:38.158 W/MediaControlGattService( 1196): Feature SEARCH_RESULT_OBJ_ID(BIT 20) support: false
05-01 18:39:38.158 W/MediaControlGattService( 1196): Feature TRACK_TITLE(BIT 5) support: true
05-01 18:39:38.158 W/MediaControlGattService( 1196): Feature TRACK_DURATION(BIT 6) support: true
05-01 18:39:38.158 W/MediaControlGattService( 1196): Feature TRACK_POSITION(BIT 7) support: true
05-01 18:39:38.158 W/MediaControlGattService( 1196): Feature TRACK_POSITION_NOTIFY support: true
05-01 18:39:38.158 W/MediaControlGattService( 1196): Feature MEDIA_STATE(BIT 17) support: true
05-01 18:39:38.159 I/AdapterProperties( 1196): getBondedDevices: length=0
05-01 18:39:38.159 W/MediaControlGattService( 1196): Feature PLAYBACK_SPEED(BIT 8) support: true
05-01 18:39:38.159 W/MediaControlGattService( 1196): Feature PLAYBACK_SPEED(BIT 8) support: true
05-01 18:39:38.159 W/MediaControlGattService( 1196): Feature PLAYBACK_SPEED(BIT 8) support: true
05-01 18:39:38.159 W/MediaControlGattService( 1196): Feature SEEKING_SPEED(BIT 9) support: true
05-01 18:39:38.159 W/MediaControlGattService( 1196): Feature SEEKING_SPEED(BIT 9) support: true
05-01 18:39:38.159 W/MediaControlGattService( 1196): Feature SEEKING_SPEED(BIT 9) support: true
05-01 18:39:38.159 W/MediaControlGattService( 1196): Feature PLAYING_ORDER_SUPPORTED(BIT 16) support: true
05-01 18:39:38.159 W/MediaControlGattService( 1196): Feature PLAYING_ORDER(BIT 15) support: true
05-01 18:39:38.159 W/MediaControlGattService( 1196): Feature MEDIA_CONTROL_POINT_OPCODES_SUPPORTED(BIT 19) support: true
05-01 18:39:38.159 W/MediaControlGattService( 1196): Feature PLAYER_NAME(BIT 1) support: true
05-01 18:39:38.159 W/MediaControlGattService( 1196): Feature PLAYER_NAME(BIT 1) support: true
05-01 18:39:38.159 W/MediaControlGattService( 1196): Feature PLAYER_NAME(BIT 1) support: true
05-01 18:39:38.159 W/MediaControlGattService( 1196): Feature PLAYER_NAME_NOTIFY support: true
05-01 18:39:38.159 D/PlayerDebug( 7849): displayVideo: server=OLA[rmcstory] Source 2, source=http://wowtv.cc:80/play/live.php?mac=00:1A:79:00:10:D8&stream=543197&extension=ts&play_token=yj6yORu, type=null, headers={User-Agent=Mozilla/5.0 (Windows NT 10.0; Win64; x64) AppleWebKit/537.36 (KHTML, like Gecko) Chrome/118.0.0.0 Safari/537.36}
05-01 18:39:38.160 I/AdapterProperties( 1196): getBondedDevices: length=0
05-01 18:39:38.160 W/MediaControlGattService( 1196): Feature MEDIA_CONTROL_POINT_OPCODES_SUPPORTED(BIT 19) support: true
05-01 18:39:38.160 W/MediaControlGattService( 1196): Feature PLAYING_ORDER_SUPPORTED(BIT 16) support: true
05-01 18:39:38.160 W/MediaControlGattService( 1196): Feature PLAYING_ORDER(BIT 15) support: true
05-01 18:39:38.160 W/MediaControlGattService( 1196): Feature PLAYER_ICON_OBJ_ID(BIT 2) support: false
05-01 18:39:38.160 W/MediaControlGattService( 1196): Feature PLAYER_ICON_URL(BIT 3) support: false
05-01 18:39:38.160 W/MediaControlGattService( 1196): Feature MEDIA_CONTROL_POINT_OPCODES_SUPPORTED(BIT 19) support: true
05-01 18:39:38.160 W/MediaControlGattService( 1196): Feature MEDIA_STATE(BIT 17) support: true
05-01 18:39:38.160 W/MediaControlGattService( 1196): Feature MEDIA_STATE(BIT 17) support: true
05-01 18:39:38.160 I/AdapterProperties( 1196): getBondedDevices: length=0
05-01 18:39:38.161 W/MediaControlGattService( 1196): Feature PLAYING_ORDER_SUPPORTED(BIT 16) support: true
05-01 18:39:38.161 W/MediaControlGattService( 1196): Feature PLAYING_ORDER(BIT 15) support: true
05-01 18:39:38.161 W/MediaControlGattService( 1196): Feature PLAYING_ORDER_NOTIFY support: true
05-01 18:39:38.162 I/AdapterProperties( 1196): getBondedDevices: length=0
05-01 18:39:38.162 W/MediaControlGattService( 1196): Feature TRACK_DURATION(BIT 6) support: true
05-01 18:39:38.162 W/MediaControlGattService( 1196): Feature MEDIA_STATE(BIT 17) support: true
05-01 18:39:38.163 D/MediaSessionService(  610): onSessionPlaybackStateChanged: record=com.streamfr.app/androidx.media3.session.id.player_mobile_1044670485694/9 (userId=0) playbackState=PlaybackState {state=ERROR(7), position=0, buffered position=0, speed=0.0, updated=1051284, actions=7339669, custom actions=[], active item id=0, error=Source error}
05-01 18:39:38.164 D/MediaSessionService(  610): onSessionPlaybackStateChanged: record=com.streamfr.app/androidx.media3.session.id.player_mobile_1044670485694/9 (userId=0) playbackState=PlaybackState {state=ERROR(7), position=0, buffered position=0, speed=0.0, updated=1051285, actions=7339669, custom actions=[], active item id=0, error=Source error}
05-01 18:39:38.166 I/MediaFocusControl(  610): requestAudioFocus() from uid/pid 10209/7849 AA=USAGE_MEDIA/CONTENT_TYPE_MOVIE clientId=android.media.AudioManager@4cdf047androidx.media3.exoplayer.AudioFocusManager$$ExternalSyntheticLambda0@2315cad callingPack=com.streamfr.app req=1 flags=0x0 sdk=35
05-01 18:39:38.167 I/AS.FadeOutManager(  610): unfadeOutUid() uid:10209
05-01 18:39:38.167 I/MediaSessionStack(  610): onPlaybackStateChanged - Pushing session to top | record: com.streamfr.app/androidx.media3.session.id.player_mobile_1044670485694/9 (userId=0)
05-01 18:39:38.168 D/MediaSessionService(  610): onSessionPlaybackStateChanged: record=com.streamfr.app/androidx.media3.session.id.player_mobile_1044670485694/9 (userId=0) playbackState=PlaybackState {state=BUFFERING(6), position=0, buffered position=0, speed=0.0, updated=1051288, actions=7339667, custom actions=[], active item id=0, error=null}
05-01 18:39:38.168 I/bluetooth( 1196): system/btif/avrcp/avrcp_service.cc:537 SendMediaUpdate: track_changed=false :  play_state=true :  queue=false
05-01 18:39:38.168 D/PlayerDebug( 7849): onPlaybackStateChanged: BUFFERING, uri=http://wowtv.cc:80/play/live.php?mac=00:1A:79:00:10:D8&stream=543197&extension=t
05-01 18:39:38.170 E/AudioMediaPlayerWrapper( 1196): The callback playback state doesn't match the current state
05-01 18:39:38.171 W/AudioMediaPlayerWrapper( 1196): onPlaybackStateChanged(): com.streamfr.app tried to update with no new data
05-01 18:39:38.173 E/AudioMediaPlayerWrapper( 1196): The callback playback state doesn't match the current state
05-01 18:39:38.173 W/AudioMediaPlayerWrapper( 1196): onPlaybackStateChanged(): com.streamfr.app tried to update with no new data
05-01 18:39:38.174 W/AudioMediaPlayerWrapper( 1196): onQueueChanged(): com.streamfr.app tried to update with no new data
05-01 18:39:38.175 W/AudioMediaPlayerWrapper( 1196): onQueueChanged(): com.streamfr.app tried to update with no new data
05-01 18:39:38.175 E/AudioMediaPlayerWrapper( 1196): The callback playback state doesn't match the current state
05-01 18:39:38.175 W/AudioMediaPlayerWrapper( 1196): onPlaybackStateChanged(): com.streamfr.app tried to update with no new data
05-01 18:39:38.175 E/AudioMediaPlayerWrapper( 1196): The callback playback state doesn't match the current state
05-01 18:39:38.175 W/AudioMediaPlayerWrapper( 1196): onPlaybackStateChanged(): com.streamfr.app tried to update with no new data
05-01 18:39:38.176 E/AudioMediaPlayerWrapper( 1196): The callback playback state doesn't match the current state
05-01 18:39:38.176 W/AudioMediaPlayerWrapper( 1196): onPlaybackStateChanged(): com.streamfr.app tried to update with no new data
05-01 18:39:38.178 E/AudioMediaPlayerWrapper( 1196): The callback playback state doesn't match the current state
05-01 18:39:38.178 W/AudioMediaPlayerWrapper( 1196): onPlaybackStateChanged(): com.streamfr.app tried to update with no new data
05-01 18:39:38.179 D/MediaSessionService(  610): onSessionPlaybackStateChanged: record=com.streamfr.app/androidx.media3.session.id.player_mobile_1044670485694/9 (userId=0) playbackState=PlaybackState {state=BUFFERING(6), position=0, buffered position=0, speed=0.0, updated=1051300, actions=7339667, custom actions=[], active item id=0, error=null}
05-01 18:39:38.185 I/bluetooth( 1196): system/btif/avrcp/avrcp_service.cc:537 SendMediaUpdate: track_changed=false :  play_state=true :  queue=false
05-01 18:39:38.188 E/MediaControlProfile( 1196): onCurrentPlayerStateUpdated: base actions not supported, player actions= 6ffe93, expected at least= 7f
05-01 18:39:38.188 W/MediaControlGattService( 1196): Feature PLAYBACK_SPEED(BIT 8) support: true
05-01 18:39:38.189 W/MediaControlGattService( 1196): Feature PLAYBACK_SPEED(BIT 8) support: true
05-01 18:39:38.189 W/MediaControlGattService( 1196): Feature PLAYBACK_SPEED(BIT 8) support: true
05-01 18:39:38.189 W/MediaControlGattService( 1196): Feature PLAYBACK_SPEED_NOTIFY support: true
05-01 18:39:38.190 I/AdapterProperties( 1196): getBondedDevices: length=0
05-01 18:39:38.190 W/MediaControlGattService( 1196): Feature TRACK_POSITION(BIT 7) support: true
05-01 18:39:38.190 W/MediaControlGattService( 1196): Feature TRACK_POSITION_NOTIFY support: true
05-01 18:39:38.190 W/MediaControlGattService( 1196): Feature MEDIA_STATE(BIT 17) support: true
05-01 18:39:38.190 W/MediaControlGattService( 1196): Feature MEDIA_STATE(BIT 17) support: true
05-01 18:39:38.192 I/AdapterProperties( 1196): getBondedDevices: length=0
05-01 18:39:38.192 W/MediaControlGattService( 1196): Feature PLAYER_NAME(BIT 1) support: true
05-01 18:39:38.192 W/MediaControlGattService( 1196): Feature PLAYER_NAME(BIT 1) support: true
