05-01 18:39:04.128 I/artd    (  767): GetBestInfo checking dm (/data/user_de/0/com.google.android.gms/app_chimera/m/00000008/dl-TfliteDynamiteDynamite.integ_252130102100800.dm)
05-01 18:39:04.128 W/ziparchive(  767): Unable to open '/data/user_de/0/com.google.android.gms/app_chimera/m/00000008/dl-TfliteDynamiteDynamite.integ_252130102100800.dm': No such file or directory
05-01 18:39:04.128 I/artd    (  767): OatFileAssistant test for existing oat file /data/user_de/0/com.google.android.gms/app_chimera/m/00000008/dl-TfliteDynamiteDynamite.integ_252130102100800.dm: I/O error
05-01 18:39:04.128 I/artd    (  767): GetBestInfo checking dm (/data/user_de/0/com.google.android.gms/app_chimera/m/00000008/dl-TfliteDynamiteDynamite.integ_252130102100800.dm)
05-01 18:39:04.128 W/ziparchive(  767): Unable to open '/data/user_de/0/com.google.android.gms/app_chimera/m/00000008/dl-TfliteDynamiteDynamite.integ_252130102100800.dm': No such file or directory
05-01 18:39:04.128 I/artd    (  767): OatFileAssistant test for existing oat file /data/user_de/0/com.google.android.gms/app_chimera/m/00000008/dl-TfliteDynamiteDynamite.integ_252130102100800.dm: I/O error
05-01 18:39:04.128 I/artd    (  767): GetBestInfo no usable artifacts
05-01 18:39:04.129 I/artd    (  767): Dex parent of /data/user_de/0/com.google.android.gms/app_chimera/m/00000007/MeasurementDynamite.apk is not writable: No such file or directory
05-01 18:39:04.129 I/artd    (  767): GetBestInfo checking odex in dalvik-cache (/data/dalvik-cache/x86_64/data@user_de@0@com.google.android.gms@app_chimera@m@00000007@MeasurementDynamite.apk@classes.dex)
05-01 18:39:04.129 I/artd    (  767): Loading /data/dalvik-cache/x86_64/data@user_de@0@com.google.android.gms@app_chimera@m@00000007@MeasurementDynamite.apk@classes.dex with executable: 0
05-01 18:39:04.129 I/artd    (  767): OatFileAssistant test for existing oat file /data/dalvik-cache/x86_64/data@user_de@0@com.google.android.gms@app_chimera@m@00000007@MeasurementDynamite.apk@classes.dex: File /data/dalvik-cache/x86_64/data@user_de@0@com.google.android.gms@app_chimera@m@00000007@MeasurementDynamite.apk@classes.vdex does not exist.
05-01 18:39:04.129 I/artd    (  767): GetBestInfo checking odex next to the dex file (/data/user_de/0/com.google.android.gms/app_chimera/m/00000007/oat/x86_64/MeasurementDynamite.odex)
05-01 18:39:04.129 I/artd    (  767): Loading /data/user_de/0/com.google.android.gms/app_chimera/m/00000007/oat/x86_64/MeasurementDynamite.odex with executable: 0
05-01 18:39:04.129 I/artd    (  767): OatFileAssistant test for existing oat file /data/user_de/0/com.google.android.gms/app_chimera/m/00000007/oat/x86_64/MeasurementDynamite.odex: File /data/user_de/0/com.google.android.gms/app_chimera/m/00000007/oat/x86_64/MeasurementDynamite.vdex does not exist.
05-01 18:39:04.129 I/artd    (  767): GetBestInfo checking vdex in dalvik-cache (/data/dalvik-cache/x86_64/data@user_de@0@com.google.android.gms@app_chimera@m@00000007@MeasurementDynamite.apk@classes.vdex)
05-01 18:39:04.129 I/artd    (  767): unable to open vdex file /data/dalvik-cache/x86_64/data@user_de@0@com.google.android.gms@app_chimera@m@00000007@MeasurementDynamite.apk@classes.vdex: File /data/dalvik-cache/x86_64/data@user_de@0@com.google.android.gms@app_chimera@m@00000007@MeasurementDynamite.apk@classes.vdex does not exist.
05-01 18:39:04.129 I/artd    (  767): OatFileAssistant test for existing oat file /data/dalvik-cache/x86_64/data@user_de@0@com.google.android.gms@app_chimera@m@00000007@MeasurementDynamite.apk@classes.vdex: File /data/dalvik-cache/x86_64/data@user_de@0@com.google.android.gms@app_chimera@m@00000007@MeasurementDynamite.apk@classes.vdex does not exist.
05-01 18:39:04.129 I/artd    (  767): GetBestInfo checking vdex next to the dex file (/data/user_de/0/com.google.android.gms/app_chimera/m/00000007/oat/x86_64/MeasurementDynamite.vdex)
05-01 18:39:04.129 I/artd    (  767): unable to open vdex file /data/user_de/0/com.google.android.gms/app_chimera/m/00000007/oat/x86_64/MeasurementDynamite.vdex: File /data/user_de/0/com.google.android.gms/app_chimera/m/00000007/oat/x86_64/MeasurementDynamite.vdex does not exist.
05-01 18:39:04.129 I/artd    (  767): OatFileAssistant test for existing oat file /data/user_de/0/com.google.android.gms/app_chimera/m/00000007/oat/x86_64/MeasurementDynamite.vdex: File /data/user_de/0/com.google.android.gms/app_chimera/m/00000007/oat/x86_64/MeasurementDynamite.vdex does not exist.
05-01 18:39:04.129 I/artd    (  767): GetBestInfo checking dm (/data/user_de/0/com.google.android.gms/app_chimera/m/00000007/MeasurementDynamite.dm)
05-01 18:39:04.129 W/ziparchive(  767): Unable to open '/data/user_de/0/com.google.android.gms/app_chimera/m/00000007/MeasurementDynamite.dm': No such file or directory
05-01 18:39:04.129 I/artd    (  767): OatFileAssistant test for existing oat file /data/user_de/0/com.google.android.gms/app_chimera/m/00000007/MeasurementDynamite.dm: I/O error
05-01 18:39:04.129 I/artd    (  767): GetBestInfo checking dm (/data/user_de/0/com.google.android.gms/app_chimera/m/00000007/MeasurementDynamite.dm)
05-01 18:39:04.129 W/ziparchive(  767): Unable to open '/data/user_de/0/com.google.android.gms/app_chimera/m/00000007/MeasurementDynamite.dm': No such file or directory
05-01 18:39:04.129 I/artd    (  767): OatFileAssistant test for existing oat file /data/user_de/0/com.google.android.gms/app_chimera/m/00000007/MeasurementDynamite.dm: I/O error
05-01 18:39:04.129 I/artd    (  767): GetBestInfo no usable artifacts
05-01 18:39:04.951 D/EGL_emulation( 7849): app_time_stats: avg=16.64ms min=12.79ms max=19.67ms count=61
05-01 18:39:05.955 D/EGL_emulation( 7849): app_time_stats: avg=16.67ms min=11.04ms max=21.07ms count=60
05-01 18:39:05.966 E/ExoPlayerImplInternal( 7849): Playback error
05-01 18:39:05.966 E/ExoPlayerImplInternal( 7849):   androidx.media3.exoplayer.ExoPlaybackException: Source error
05-01 18:39:05.966 E/ExoPlayerImplInternal( 7849):       at androidx.media3.exoplayer.ExoPlayerImplInternal.handleIoException(ExoPlayerImplInternal.java:927)
05-01 18:39:05.966 E/ExoPlayerImplInternal( 7849):       at androidx.media3.exoplayer.ExoPlayerImplInternal.handleMessage(ExoPlayerImplInternal.java:899)
05-01 18:39:05.966 E/ExoPlayerImplInternal( 7849):       at android.os.Handler.dispatchMessage(Handler.java:103)
05-01 18:39:05.966 E/ExoPlayerImplInternal( 7849):       at android.os.Looper.loopOnce(Looper.java:232)
05-01 18:39:05.966 E/ExoPlayerImplInternal( 7849):       at android.os.Looper.loop(Looper.java:317)
05-01 18:39:05.966 E/ExoPlayerImplInternal( 7849):       at android.os.HandlerThread.run(HandlerThread.java:85)
05-01 18:39:05.966 E/ExoPlayerImplInternal( 7849):   Caused by: androidx.media3.datasource.HttpDataSource$InvalidResponseCodeException: Response code: 456
05-01 18:39:05.966 E/ExoPlayerImplInternal( 7849):       at androidx.media3.datasource.DefaultHttpDataSource.open(DefaultHttpDataSource.java:400)
05-01 18:39:05.966 E/ExoPlayerImplInternal( 7849):       at androidx.media3.datasource.DefaultDataSource.open(DefaultDataSource.java:275)
05-01 18:39:05.966 E/ExoPlayerImplInternal( 7849):       at androidx.media3.datasource.StatsDataSource.open(StatsDataSource.java:88)
05-01 18:39:05.966 E/ExoPlayerImplInternal( 7849):       at androidx.media3.exoplayer.source.ProgressiveMediaPeriod$ExtractingLoadable.load(ProgressiveMediaPeriod.java:1109)
05-01 18:39:05.966 E/ExoPlayerImplInternal( 7849):       at androidx.media3.exoplayer.upstream.Loader$LoadTask.run(Loader.java:453)
05-01 18:39:05.966 E/ExoPlayerImplInternal( 7849):       at java.util.concurrent.ThreadPoolExecutor.runWorker(ThreadPoolExecutor.java:1145)
05-01 18:39:05.966 E/ExoPlayerImplInternal( 7849):       at java.util.concurrent.ThreadPoolExecutor$Worker.run(ThreadPoolExecutor.java:644)
05-01 18:39:05.966 E/ExoPlayerImplInternal( 7849):       at java.lang.Thread.run(Thread.java:1012)
05-01 18:39:05.967 I/MediaFocusControl(  610): abandonAudioFocus() from uid/pid 10209/7849 clientId=android.media.AudioManager@4cdf047androidx.media3.exoplayer.AudioFocusManager$$ExternalSyntheticLambda0@8cf2074
05-01 18:39:05.968 E/MiniPlayer( 7849): Player error on server [3] OLA[rmcstory] UHD: Source error
05-01 18:39:05.968 D/MiniPlayer( 7849): tryNextServer: moving to index 4/11
05-01 18:39:05.968 D/MiniPlayer( 7849): Trying server [4/11] OLA[rmcstory] Source 5
05-01 18:39:05.971 D/OlaTvProvider( 7849): getVideo → http://main2.cwdn.cx:80/play/live.php?mac=00:1A:79:77:17:A6&stream=543197&extension=ts&play_token=wXZLfe1sLc
05-01 18:39:05.974 D/MiniPlayer( 7849): Playing server [4] OLA[rmcstory] Source 5: http://main2.cwdn.cx:80/play/live.php?mac=00:1A:79:77:17:A6&stream=543197&extens
05-01 18:39:05.976 I/MediaFocusControl(  610): requestAudioFocus() from uid/pid 10209/7849 AA=USAGE_MEDIA/CONTENT_TYPE_MOVIE clientId=android.media.AudioManager@4cdf047androidx.media3.exoplayer.AudioFocusManager$$ExternalSyntheticLambda0@8cf2074 callingPack=com.streamfr.app req=1 flags=0x0 sdk=35
05-01 18:39:05.977 I/AS.FadeOutManager(  610): unfadeOutUid() uid:10209
05-01 18:39:05.981 D/TrafficStats( 7849): tagSocket(80) with statsTag=0xffffffff, statsUid=-1
05-01 18:39:06.967 D/EGL_emulation( 7849): app_time_stats: avg=16.57ms min=10.69ms max=21.50ms count=61
05-01 18:39:07.967 D/EGL_emulation( 7849): app_time_stats: avg=16.66ms min=13.53ms max=19.93ms count=60
05-01 18:39:08.972 D/EGL_emulation( 7849): app_time_stats: avg=9.42ms min=1.79ms max=34.32ms count=60
05-01 18:39:09.984 D/EGL_emulation( 7849): app_time_stats: avg=2.90ms min=1.92ms max=6.74ms count=61
05-01 18:39:10.851 I/wpa_supplicant( 1776): wlan0: CTRL-EVENT-BEACON-LOSS 
05-01 18:39:10.985 D/EGL_emulation( 7849): app_time_stats: avg=2.87ms min=1.67ms max=6.74ms count=60
05-01 18:39:11.796 E/ExoPlayerImplInternal( 7849): Playback error
05-01 18:39:11.796 E/ExoPlayerImplInternal( 7849):   androidx.media3.exoplayer.ExoPlaybackException: Source error
05-01 18:39:11.796 E/ExoPlayerImplInternal( 7849):       at androidx.media3.exoplayer.ExoPlayerImplInternal.handleIoException(ExoPlayerImplInternal.java:927)
05-01 18:39:11.796 E/ExoPlayerImplInternal( 7849):       at androidx.media3.exoplayer.ExoPlayerImplInternal.handleMessage(ExoPlayerImplInternal.java:899)
05-01 18:39:11.796 E/ExoPlayerImplInternal( 7849):       at android.os.Handler.dispatchMessage(Handler.java:103)
05-01 18:39:11.796 E/ExoPlayerImplInternal( 7849):       at android.os.Looper.loopOnce(Looper.java:232)
05-01 18:39:11.796 E/ExoPlayerImplInternal( 7849):       at android.os.Looper.loop(Looper.java:317)
05-01 18:39:11.796 E/ExoPlayerImplInternal( 7849):       at android.os.HandlerThread.run(HandlerThread.java:85)
05-01 18:39:11.796 E/ExoPlayerImplInternal( 7849):   Caused by: androidx.media3.datasource.HttpDataSource$InvalidResponseCodeException: Response code: 456
05-01 18:39:11.796 E/ExoPlayerImplInternal( 7849):       at androidx.media3.datasource.DefaultHttpDataSource.open(DefaultHttpDataSource.java:400)
05-01 18:39:11.796 E/ExoPlayerImplInternal( 7849):       at androidx.media3.datasource.DefaultDataSource.open(DefaultDataSource.java:275)
05-01 18:39:11.796 E/ExoPlayerImplInternal( 7849):       at androidx.media3.datasource.StatsDataSource.open(StatsDataSource.java:88)
05-01 18:39:11.796 E/ExoPlayerImplInternal( 7849):       at androidx.media3.exoplayer.source.ProgressiveMediaPeriod$ExtractingLoadable.load(ProgressiveMediaPeriod.java:1109)
05-01 18:39:11.796 E/ExoPlayerImplInternal( 7849):       at androidx.media3.exoplayer.upstream.Loader$LoadTask.run(Loader.java:453)
05-01 18:39:11.796 E/ExoPlayerImplInternal( 7849):       at java.util.concurrent.ThreadPoolExecutor.runWorker(ThreadPoolExecutor.java:1145)
05-01 18:39:11.796 E/ExoPlayerImplInternal( 7849):       at java.util.concurrent.ThreadPoolExecutor$Worker.run(ThreadPoolExecutor.java:644)
05-01 18:39:11.796 E/ExoPlayerImplInternal( 7849):       at java.lang.Thread.run(Thread.java:1012)
05-01 18:39:11.797 I/MediaFocusControl(  610): abandonAudioFocus() from uid/pid 10209/7849 clientId=android.media.AudioManager@4cdf047androidx.media3.exoplayer.AudioFocusManager$$ExternalSyntheticLambda0@8cf2074
05-01 18:39:11.798 E/MiniPlayer( 7849): Player error on server [4] OLA[rmcstory] Source 5: Source error
05-01 18:39:11.798 D/MiniPlayer( 7849): tryNextServer: moving to index 5/11
05-01 18:39:11.799 D/MiniPlayer( 7849): Trying server [5/11] OLA[rmcstory] FHD
05-01 18:39:11.799 D/OlaTvProvider( 7849): getVideo → http://main2.cwdn.cx:80/play/live.php?mac=00:1A:79:77:17:A6&stream=554028&extension=ts&play_token=UZLH0J9yGo
05-01 18:39:11.801 D/MiniPlayer( 7849): Playing server [5] OLA[rmcstory] FHD: http://main2.cwdn.cx:80/play/live.php?mac=00:1A:79:77:17:A6&stream=554028&extens
05-01 18:39:11.801 I/MediaFocusControl(  610): requestAudioFocus() from uid/pid 10209/7849 AA=USAGE_MEDIA/CONTENT_TYPE_MOVIE clientId=android.media.AudioManager@4cdf047androidx.media3.exoplayer.AudioFocusManager$$ExternalSyntheticLambda0@8cf2074 callingPack=com.streamfr.app req=1 flags=0x0 sdk=35
05-01 18:39:11.802 I/AS.FadeOutManager(  610): unfadeOutUid() uid:10209
05-01 18:39:11.954 W/IPCThreadState(  610): Sending oneway calls to frozen process.
05-01 18:39:11.954 W/IPCThreadState(  610): Sending oneway calls to frozen process.
05-01 18:39:11.954 W/IPCThreadState(  610): Sending oneway calls to frozen process.
05-01 18:39:11.954 W/IPCThreadState(  610): Sending oneway calls to frozen process.
05-01 18:39:11.954 W/IPCThreadState(  610): Sending oneway calls to frozen process.
05-01 18:39:11.954 W/IPCThreadState(  610): Sending oneway calls to frozen process.
05-01 18:39:11.955 W/IPCThreadState(  610): Sending oneway calls to frozen process.
05-01 18:39:11.955 W/IPCThreadState(  610): Sending oneway calls to frozen process.
05-01 18:39:11.956 I/BugleRcsEngine( 4525): handleMessage processing message:[NOTIFY_UPTIME_IGNORE_STATE_CHANGED] with [non-null]:RcsEngineImpl reference [CONTEXT log_prefix="RcsEngineImpl[DUAL_REG]:[22aa8831-cfc8]>Handler" thread_id=63 ]
05-01 18:39:11.956 I/NullBinder( 6320): NullBinder for android.net.action.RECOMMEND_NETWORKS triggering remote TransactionTooLargeException due to Service without Chimera impl, calling uid: 1000, calling pid: 0
05-01 18:39:11.956 W/.gms.persistent( 6320): Large reply transaction of 1056768 bytes, interface descriptor , code 1
05-01 18:39:11.956 I/BugleRcsEngine( 4525): Connected state: [1], networkType: [WIFI] [CONTEXT thread_id=57 ]
05-01 18:39:11.957 W/IPCThreadState(  610): Sending oneway calls to frozen process.
05-01 18:39:11.957 W/IPCThreadState(  610): Sending oneway calls to frozen process.
05-01 18:39:11.957 W/IPCThreadState(  610): Sending oneway calls to frozen process.
05-01 18:39:11.958 W/IPCThreadState(  610): Sending oneway calls to frozen process.
05-01 18:39:11.958 W/IPCThreadState(  610): Sending oneway calls to frozen process.
05-01 18:39:11.959 W/IPCThreadState(  610): Sending oneway calls to frozen process.
05-01 18:39:11.959 W/IPCThreadState(  610): Sending oneway calls to frozen process.
05-01 18:39:11.962 I/BugleRcsEngine( 4525): No RCS Configuration was found in Bugle for simID: redacted-pii:sim_id[chars:20,last3:897] [CONTEXT log_prefix="ProvisioningEngineDataRetriever" thread_id=63 ]
05-01 18:39:12.000 D/EGL_emulation( 7849): app_time_stats: avg=5.68ms min=1.37ms max=21.02ms count=60
05-01 18:39:12.567 D/ActivityManager(  610): sync unfroze 4741 com.google.android.configupdater for 3
05-01 18:39:12.579 D/ActivityThread( 4741): Package [com.streamfr.app] reported as REPLACED, but missing application info. Assuming REMOVED.
05-01 18:39:12.582 D/ActivityThread( 4741): Package [com.streamfr.app] reported as REPLACED, but missing application info. Assuming REMOVED.
05-01 18:39:12.588 D/ConfigUpdater( 4741): PhenotypeBroadcastReceiver : com.google.android.configupdater.DELAYED_FLAG_COMMIT
05-01 18:39:12.600 I/NetworkScheduler.Stats( 6320): (REDACTED) Task %s/%s started execution. cause:%s exec_start_elapsed_seconds: %s
05-01 18:39:12.640 D/ActivityThread( 6640): Package [com.streamfr.app] reported as REPLACED, but missing application info. Assuming REMOVED.
05-01 18:39:12.642 D/ActivityManager(  610): sync unfroze 6640 com.google.android.gms.unstable for 6
05-01 18:39:12.645 D/ActivityThread( 6640): Package [com.streamfr.app] reported as REPLACED, but missing application info. Assuming REMOVED.
05-01 18:39:12.656 W/ProcessStats(  610): Tracking association SourceState{b93deb com.google.android.gms.persistent/10144 BFgs #10599} whose proc state 4 is better than process ProcessState{e7f2748 com.google.android.gms.unstable/10144 pkg=com.google.android.gms (sub)} proc state 14 (3 skipped)
05-01 18:39:12.706 D/FileUtils(  610): Rounded bytes from 2067869696 to 4000000000
05-01 18:39:12.724 W/libc    ( 6640): Access denied finding property "persist.adb.tls_server.enable"
05-01 18:39:12.726 W/libc    ( 6640): Access denied finding property "service.adb.tls.port"
05-01 18:39:12.722 W/binder:6640_E( 6640): type=1400 audit(0.0:120): avc:  denied  { read } for  name="u:object_r:system_adbd_prop:s0" dev="tmpfs" ino=314 scontext=u:r:gmscore_app:s0:c512,c768 tcontext=u:object_r:system_adbd_prop:s0 tclass=file permissive=0 app=com.google.android.gms
05-01 18:39:12.722 W/binder:6640_E( 6640): type=1400 audit(0.0:121): avc:  denied  { read } for  name="u:object_r:adbd_prop:s0" dev="tmpfs" ino=59 scontext=u:r:gmscore_app:s0:c512,c768 tcontext=u:object_r:adbd_prop:s0 tclass=file permissive=0 app=com.google.android.gms
05-01 18:39:12.740 D/TrafficStats( 6640): tagSocket(97) with statsTag=0x1809, statsUid=-1
05-01 18:39:12.761 W/GmsUrlRequestImpl( 6320): [https://android.googleapis.com/auth/devicekey] Content-Type header is overwritten.
05-01 18:39:12.860 D/TrafficStats( 6320): tagSocket(199) with statsTag=0x4000401, statsUid=10144
05-01 18:39:13.000 D/EGL_emulation( 7849): app_time_stats: avg=16.66ms min=13.39ms max=19.95ms count=60
05-01 18:39:13.578 W/GLSUser ( 6320): [AppCertManager] Exception while requesting key: 
05-01 18:39:13.578 W/GLSUser ( 6320): java.util.concurrent.ExecutionException: czle: Parsing Exception
05-01 18:39:13.578 W/GLSUser ( 6320): 	at hkyn.j(:com.google.android.gms@261631038@26.16.31 (260800-900800821):21)
05-01 18:39:13.578 W/GLSUser ( 6320): 	at hkyw.t(:com.google.android.gms@261631038@26.16.31 (260800-900800821):73)
05-01 18:39:13.578 W/GLSUser ( 6320): 	at amlt.b(:com.google.android.gms@261631038@26.16.31 (260800-900800821):435)
05-01 18:39:13.578 W/GLSUser ( 6320): 	at amlr.b(:com.google.android.gms@261631038@26.16.31 (260800-900800821):29)
05-01 18:39:13.578 W/GLSUser ( 6320): 	at amlm.a(:com.google.android.gms@261631038@26.16.31 (260800-900800821):1)
05-01 18:39:13.578 W/GLSUser ( 6320): 	at amlp.a(:com.google.android.gms@261631038@26.16.31 (260800-900800821):58)
05-01 18:39:13.578 W/GLSUser ( 6320): 	at ahjd.call(:com.google.android.gms@261631038@26.16.31 (260800-900800821):56)
05-01 18:39:13.578 W/GLSUser ( 6320): 	at java.util.concurrent.FutureTask.run(FutureTask.java:264)
05-01 18:39:13.578 W/GLSUser ( 6320): 	at bjwq.c(:com.google.android.gms@261631038@26.16.31 (260800-900800821):50)
05-01 18:39:13.578 W/GLSUser ( 6320): 	at bjwq.run(:com.google.android.gms@261631038@26.16.31 (260800-900800821):66)
05-01 18:39:13.578 W/GLSUser ( 6320): 	at java.util.concurrent.ThreadPoolExecutor.runWorker(ThreadPoolExecutor.java:1145)
05-01 18:39:13.578 W/GLSUser ( 6320): 	at java.util.concurrent.ThreadPoolExecutor$Worker.run(ThreadPoolExecutor.java:644)
05-01 18:39:13.578 W/GLSUser ( 6320): 	at bkch.run(:com.google.android.gms@261631038@26.16.31 (260800-900800821):8)
05-01 18:39:13.578 W/GLSUser ( 6320): 	at java.lang.Thread.run(Thread.java:1012)
05-01 18:39:13.578 W/GLSUser ( 6320): Caused by: czle: Parsing Exception
05-01 18:39:13.578 W/GLSUser ( 6320): 	at czmi.a(:com.google.android.gms@261631038@26.16.31 (260800-900800821):15)
05-01 18:39:13.578 W/GLSUser ( 6320): 	at hlbg.run(:com.google.android.gms@261631038@26.16.31 (260800-900800821):56)
05-01 18:39:13.578 W/GLSUser ( 6320): 	at bjwq.c(:com.google.android.gms@261631038@26.16.31 (260800-900800821):50)
05-01 18:39:13.578 W/GLSUser ( 6320): 	at bjwq.run(:com.google.android.gms@261631038@26.16.31 (260800-900800821):85)
05-01 18:39:13.578 W/GLSUser ( 6320): 	... 4 more
05-01 18:39:13.578 W/GLSUser ( 6320): Caused by: ivrd: Protocol message end-group tag did not match expected tag.
05-01 18:39:13.578 W/GLSUser ( 6320): 	at ivta.a(:com.google.android.gms@261631038@26.16.31 (260800-900800821):57)
05-01 18:39:13.578 W/GLSUser ( 6320): 	at ivrx.l(:com.google.android.gms@261631038@26.16.31 (260800-900800821):424)
05-01 18:39:13.578 W/GLSUser ( 6320): 	at ivpz.s(:com.google.android.gms@261631038@26.16.31 (260800-900800821):26)
05-01 18:39:13.578 W/GLSUser ( 6320): 	at ivnu.f(:com.google.android.gms@261631038@26.16.31 (260800-900800821):7)
05-01 18:39:13.578 W/GLSUser ( 6320): 	at ivnu.c(:com.google.android.gms@261631038@26.16.31 (260800-900800821):1)
05-01 18:39:13.578 W/GLSUser ( 6320): 	at ivnu.o(:com.google.android.gms@261631038@26.16.31 (260800-900800821):1)
05-01 18:39:13.578 W/GLSUser ( 6320): 	at czmh.a(:com.google.android.gms@261631038@26.16.31 (260800-900800821):15)
05-01 18:39:13.578 W/GLSUser ( 6320): 	at czmm.call(:com.google.android.gms@261631038@26.16.31 (260800-900800821):8)
05-01 18:39:13.578 W/GLSUser ( 6320): 	at java.util.concurrent.FutureTask.run(FutureTask.java:264)
05-01 18:39:13.578 W/GLSUser ( 6320): 	at bjwq.c(:com.google.android.gms@261631038@26.16.31 (260800-900800821):50)
05-01 18:39:13.578 W/GLSUser ( 6320): 	at bjwq.run(:com.google.android.gms@261631038@26.16.31 (260800-900800821):66)
05-01 18:39:13.578 W/GLSUser ( 6320): 	... 4 more
05-01 18:39:13.581 I/NetworkScheduler.Stats( 6320): (REDACTED) Task %s/%s finished executing. cause:%s result: %s elapsed_millis: %s uptime_millis: %s exec_start_elapsed_seconds: %s
05-01 18:39:14.001 D/EGL_emulation( 7849): app_time_stats: avg=16.67ms min=14.83ms max=19.82ms count=60
05-01 18:39:14.080 I/artd    (  767): Dex parent of /data/app/~~2lK9jcDK3yWLFp943EZxqQ==/com.google.android.gms-us3Y_ikr7H5W-4gGc6z7iQ==/base.apk is not writable: Permission denied
05-01 18:39:14.080 I/artd    (  767): GetBestInfo checking odex in dalvik-cache (/data/dalvik-cache/x86_64/data@app@~~2lK9jcDK3yWLFp943EZxqQ==@com.google.android.gms-us3Y_ikr7H5W-4gGc6z7iQ==@base.apk@classes.dex)
05-01 18:39:14.080 I/artd    (  767): Loading /data/dalvik-cache/x86_64/data@app@~~2lK9jcDK3yWLFp943EZxqQ==@com.google.android.gms-us3Y_ikr7H5W-4gGc6z7iQ==@base.apk@classes.dex with executable: 0
05-01 18:39:14.080 I/artd    (  767): OatFileAssistant test for existing oat file /data/dalvik-cache/x86_64/data@app@~~2lK9jcDK3yWLFp943EZxqQ==@com.google.android.gms-us3Y_ikr7H5W-4gGc6z7iQ==@base.apk@classes.dex: File /data/dalvik-cache/x86_64/data@app@~~2lK9jcDK3yWLFp943EZxqQ==@com.google.android.gms-us3Y_ikr7H5W-4gGc6z7iQ==@base.apk@classes.vdex does not exist.
05-01 18:39:14.080 I/artd    (  767): GetBestInfo checking odex next to the dex file (/data/app/~~2lK9jcDK3yWLFp943EZxqQ==/com.google.android.gms-us3Y_ikr7H5W-4gGc6z7iQ==/oat/x86_64/base.odex)
05-01 18:39:14.080 I/artd    (  767): Loading /data/app/~~2lK9jcDK3yWLFp943EZxqQ==/com.google.android.gms-us3Y_ikr7H5W-4gGc6z7iQ==/oat/x86_64/base.odex with executable: 0
05-01 18:39:14.081 I/artd    (  767): Successfully loaded /data/app/~~2lK9jcDK3yWLFp943EZxqQ==/com.google.android.gms-us3Y_ikr7H5W-4gGc6z7iQ==/oat/x86_64/base.odex with executable: 0
05-01 18:39:14.082 I/artd    (  767): /data/app/~~2lK9jcDK3yWLFp943EZxqQ==/com.google.android.gms-us3Y_ikr7H5W-4gGc6z7iQ==/oat/x86_64/base.odex is kOatUpToDate with filter speed-profile
05-01 18:39:14.083 I/artd    (  767): Dex parent of /data/app/~~2lK9jcDK3yWLFp943EZxqQ==/com.google.android.gms-us3Y_ikr7H5W-4gGc6z7iQ==/split_AdsDynamite_installtime.apk is not writable: Permission denied
05-01 18:39:14.083 I/artd    (  767): GetBestInfo checking odex in dalvik-cache (/data/dalvik-cache/x86_64/data@app@~~2lK9jcDK3yWLFp943EZxqQ==@com.google.android.gms-us3Y_ikr7H5W-4gGc6z7iQ==@split_AdsDynamite_installtime.apk@classes.dex)
05-01 18:39:14.083 I/artd    (  767): Loading /data/dalvik-cache/x86_64/data@app@~~2lK9jcDK3yWLFp943EZxqQ==@com.google.android.gms-us3Y_ikr7H5W-4gGc6z7iQ==@split_AdsDynamite_installtime.apk@classes.dex with executable: 0
05-01 18:39:14.083 I/artd    (  767): OatFileAssistant test for existing oat file /data/dalvik-cache/x86_64/data@app@~~2lK9jcDK3yWLFp943EZxqQ==@com.google.android.gms-us3Y_ikr7H5W-4gGc6z7iQ==@split_AdsDynamite_installtime.apk@classes.dex: File /data/dalvik-cache/x86_64/data@app@~~2lK9jcDK3yWLFp943EZxqQ==@com.google.android.gms-us3Y_ikr7H5W-4gGc6z7iQ==@split_AdsDynamite_installtime.apk@classes.vdex does not exist.
05-01 18:39:14.083 I/artd    (  767): GetBestInfo checking odex next to the dex file (/data/app/~~2lK9jcDK3yWLFp943EZxqQ==/com.google.android.gms-us3Y_ikr7H5W-4gGc6z7iQ==/oat/x86_64/split_AdsDynamite_installtime.odex)
05-01 18:39:14.083 I/artd    (  767): Loading /data/app/~~2lK9jcDK3yWLFp943EZxqQ==/com.google.android.gms-us3Y_ikr7H5W-4gGc6z7iQ==/oat/x86_64/split_AdsDynamite_installtime.odex with executable: 0
05-01 18:39:14.084 I/artd    (  767): Successfully loaded /data/app/~~2lK9jcDK3yWLFp943EZxqQ==/com.google.android.gms-us3Y_ikr7H5W-4gGc6z7iQ==/oat/x86_64/split_AdsDynamite_installtime.odex with executable: 0
05-01 18:39:14.084 I/artd    (  767): /data/app/~~2lK9jcDK3yWLFp943EZxqQ==/com.google.android.gms-us3Y_ikr7H5W-4gGc6z7iQ==/oat/x86_64/split_AdsDynamite_installtime.odex is kOatUpToDate with filter speed
05-01 18:39:14.086 I/artd    (  767): Dex parent of /data/app/~~2lK9jcDK3yWLFp943EZxqQ==/com.google.android.gms-us3Y_ikr7H5W-4gGc6z7iQ==/split_CronetDynamite_installtime.apk is not writable: Permission denied
05-01 18:39:14.086 I/artd    (  767): GetBestInfo checking odex in dalvik-cache (/data/dalvik-cache/x86_64/data@app@~~2lK9jcDK3yWLFp943EZxqQ==@com.google.android.gms-us3Y_ikr7H5W-4gGc6z7iQ==@split_CronetDynamite_installtime.apk@classes.dex)
05-01 18:39:14.086 I/artd    (  767): Loading /data/dalvik-cache/x86_64/data@app@~~2lK9jcDK3yWLFp943EZxqQ==@com.google.android.gms-us3Y_ikr7H5W-4gGc6z7iQ==@split_CronetDynamite_installtime.apk@classes.dex with executable: 0
05-01 18:39:14.086 I/artd    (  767): OatFileAssistant test for existing oat file /data/dalvik-cache/x86_64/data@app@~~2lK9jcDK3yWLFp943EZxqQ==@com.google.android.gms-us3Y_ikr7H5W-4gGc6z7iQ==@split_CronetDynamite_installtime.apk@classes.dex: File /data/dalvik-cache/x86_64/data@app@~~2lK9jcDK3yWLFp943EZxqQ==@com.google.android.gms-us3Y_ikr7H5W-4gGc6z7iQ==@split_CronetDynamite_installtime.apk@classes.vdex does not exist.
05-01 18:39:14.086 I/artd    (  767): GetBestInfo checking odex next to the dex file (/data/app/~~2lK9jcDK3yWLFp943EZxqQ==/com.google.android.gms-us3Y_ikr7H5W-4gGc6z7iQ==/oat/x86_64/split_CronetDynamite_installtime.odex)
05-01 18:39:14.086 I/artd    (  767): Loading /data/app/~~2lK9jcDK3yWLFp943EZxqQ==/com.google.android.gms-us3Y_ikr7H5W-4gGc6z7iQ==/oat/x86_64/split_CronetDynamite_installtime.odex with executable: 0
05-01 18:39:14.086 I/artd    (  767): Successfully loaded /data/app/~~2lK9jcDK3yWLFp943EZxqQ==/com.google.android.gms-us3Y_ikr7H5W-4gGc6z7iQ==/oat/x86_64/split_CronetDynamite_installtime.odex with executable: 0
05-01 18:39:14.086 I/artd    (  767): /data/app/~~2lK9jcDK3yWLFp943EZxqQ==/com.google.android.gms-us3Y_ikr7H5W-4gGc6z7iQ==/oat/x86_64/split_CronetDynamite_installtime.odex is kOatUpToDate with filter speed
05-01 18:39:14.088 I/artd    (  767): Dex parent of /data/app/~~2lK9jcDK3yWLFp943EZxqQ==/com.google.android.gms-us3Y_ikr7H5W-4gGc6z7iQ==/split_DynamiteLoader_installtime.apk is not writable: Permission denied
05-01 18:39:14.088 I/artd    (  767): GetBestInfo checking odex in dalvik-cache (/data/dalvik-cache/x86_64/data@app@~~2lK9jcDK3yWLFp943EZxqQ==@com.google.android.gms-us3Y_ikr7H5W-4gGc6z7iQ==@split_DynamiteLoader_installtime.apk@classes.dex)
05-01 18:39:14.088 I/artd    (  767): Loading /data/dalvik-cache/x86_64/data@app@~~2lK9jcDK3yWLFp943EZxqQ==@com.google.android.gms-us3Y_ikr7H5W-4gGc6z7iQ==@split_DynamiteLoader_installtime.apk@classes.dex with executable: 0
05-01 18:39:14.088 I/artd    (  767): OatFileAssistant test for existing oat file /data/dalvik-cache/x86_64/data@app@~~2lK9jcDK3yWLFp943EZxqQ==@com.google.android.gms-us3Y_ikr7H5W-4gGc6z7iQ==@split_DynamiteLoader_installtime.apk@classes.dex: File /data/dalvik-cache/x86_64/data@app@~~2lK9jcDK3yWLFp943EZxqQ==@com.google.android.gms-us3Y_ikr7H5W-4gGc6z7iQ==@split_DynamiteLoader_installtime.apk@classes.vdex does not exist.
05-01 18:39:14.088 I/artd    (  767): GetBestInfo checking odex next to the dex file (/data/app/~~2lK9jcDK3yWLFp943EZxqQ==/com.google.android.gms-us3Y_ikr7H5W-4gGc6z7iQ==/oat/x86_64/split_DynamiteLoader_installtime.odex)
05-01 18:39:14.088 I/artd    (  767): Loading /data/app/~~2lK9jcDK3yWLFp943EZxqQ==/com.google.android.gms-us3Y_ikr7H5W-4gGc6z7iQ==/oat/x86_64/split_DynamiteLoader_installtime.odex with executable: 0
05-01 18:39:14.089 I/artd    (  767): Successfully loaded /data/app/~~2lK9jcDK3yWLFp943EZxqQ==/com.google.android.gms-us3Y_ikr7H5W-4gGc6z7iQ==/oat/x86_64/split_DynamiteLoader_installtime.odex with executable: 0
05-01 18:39:14.089 I/artd    (  767): /data/app/~~2lK9jcDK3yWLFp943EZxqQ==/com.google.android.gms-us3Y_ikr7H5W-4gGc6z7iQ==/oat/x86_64/split_DynamiteLoader_installtime.odex is kOatUpToDate with filter speed
05-01 18:39:14.090 I/artd    (  767): Dex parent of /data/app/~~2lK9jcDK3yWLFp943EZxqQ==/com.google.android.gms-us3Y_ikr7H5W-4gGc6z7iQ==/split_DynamiteModulesA_installtime.apk is not writable: Permission denied
05-01 18:39:14.090 I/artd    (  767): GetBestInfo checking odex in dalvik-cache (/data/dalvik-cache/x86_64/data@app@~~2lK9jcDK3yWLFp943EZxqQ==@com.google.android.gms-us3Y_ikr7H5W-4gGc6z7iQ==@split_DynamiteModulesA_installtime.apk@classes.dex)
05-01 18:39:14.090 I/artd    (  767): Loading /data/dalvik-cache/x86_64/data@app@~~2lK9jcDK3yWLFp943EZxqQ==@com.google.android.gms-us3Y_ikr7H5W-4gGc6z7iQ==@split_DynamiteModulesA_installtime.apk@classes.dex with executable: 0
05-01 18:39:14.090 I/artd    (  767): OatFileAssistant test for existing oat file /data/dalvik-cache/x86_64/data@app@~~2lK9jcDK3yWLFp943EZxqQ==@com.google.android.gms-us3Y_ikr7H5W-4gGc6z7iQ==@split_DynamiteModulesA_installtime.apk@classes.dex: File /data/dalvik-cache/x86_64/data@app@~~2lK9jcDK3yWLFp943EZxqQ==@com.google.android.gms-us3Y_ikr7H5W-4gGc6z7iQ==@split_DynamiteModulesA_installtime.apk@classes.vdex does not exist.
05-01 18:39:14.090 I/artd    (  767): GetBestInfo checking odex next to the dex file (/data/app/~~2lK9jcDK3yWLFp943EZxqQ==/com.google.android.gms-us3Y_ikr7H5W-4gGc6z7iQ==/oat/x86_64/split_DynamiteModulesA_installtime.odex)
05-01 18:39:14.090 I/artd    (  767): Loading /data/app/~~2lK9jcDK3yWLFp943EZxqQ==/com.google.android.gms-us3Y_ikr7H5W-4gGc6z7iQ==/oat/x86_64/split_DynamiteModulesA_installtime.odex with executable: 0
05-01 18:39:14.091 I/artd    (  767): Successfully loaded /data/app/~~2lK9jcDK3yWLFp943EZxqQ==/com.google.android.gms-us3Y_ikr7H5W-4gGc6z7iQ==/oat/x86_64/split_DynamiteModulesA_installtime.odex with executable: 0
05-01 18:39:14.091 I/artd    (  767): /data/app/~~2lK9jcDK3yWLFp943EZxqQ==/com.google.android.gms-us3Y_ikr7H5W-4gGc6z7iQ==/oat/x86_64/split_DynamiteModulesA_installtime.odex is kOatUpToDate with filter speed
05-01 18:39:14.091 I/artd    (  767): Dex parent of /data/app/~~2lK9jcDK3yWLFp943EZxqQ==/com.google.android.gms-us3Y_ikr7H5W-4gGc6z7iQ==/split_DynamiteModulesC_installtime.apk is not writable: Permission denied
05-01 18:39:14.091 I/artd    (  767): GetBestInfo checking odex in dalvik-cache (/data/dalvik-cache/x86_64/data@app@~~2lK9jcDK3yWLFp943EZxqQ==@com.google.android.gms-us3Y_ikr7H5W-4gGc6z7iQ==@split_DynamiteModulesC_installtime.apk@classes.dex)
05-01 18:39:14.091 I/artd    (  767): Loading /data/dalvik-cache/x86_64/data@app@~~2lK9jcDK3yWLFp943EZxqQ==@com.google.android.gms-us3Y_ikr7H5W-4gGc6z7iQ==@split_DynamiteModulesC_installtime.apk@classes.dex with executable: 0
05-01 18:39:14.091 I/artd    (  767): OatFileAssistant test for existing oat file /data/dalvik-cache/x86_64/data@app@~~2lK9jcDK3yWLFp943EZxqQ==@com.google.android.gms-us3Y_ikr7H5W-4gGc6z7iQ==@split_DynamiteModulesC_installtime.apk@classes.dex: File /data/dalvik-cache/x86_64/data@app@~~2lK9jcDK3yWLFp943EZxqQ==@com.google.android.gms-us3Y_ikr7H5W-4gGc6z7iQ==@split_DynamiteModulesC_installtime.apk@classes.vdex does not exist.
05-01 18:39:14.091 I/artd    (  767): GetBestInfo checking odex next to the dex file (/data/app/~~2lK9jcDK3yWLFp943EZxqQ==/com.google.android.gms-us3Y_ikr7H5W-4gGc6z7iQ==/oat/x86_64/split_DynamiteModulesC_installtime.odex)
05-01 18:39:14.091 I/artd    (  767): Loading /data/app/~~2lK9jcDK3yWLFp943EZxqQ==/com.google.android.gms-us3Y_ikr7H5W-4gGc6z7iQ==/oat/x86_64/split_DynamiteModulesC_installtime.odex with executable: 0
05-01 18:39:14.092 I/artd    (  767): Successfully loaded /data/app/~~2lK9jcDK3yWLFp943EZxqQ==/com.google.android.gms-us3Y_ikr7H5W-4gGc6z7iQ==/oat/x86_64/split_DynamiteModulesC_installtime.odex with executable: 0
05-01 18:39:14.092 I/artd    (  767): /data/app/~~2lK9jcDK3yWLFp943EZxqQ==/com.google.android.gms-us3Y_ikr7H5W-4gGc6z7iQ==/oat/x86_64/split_DynamiteModulesC_installtime.odex is kOatUpToDate with filter speed
05-01 18:39:14.093 I/artd    (  767): Dex parent of /data/app/~~2lK9jcDK3yWLFp943EZxqQ==/com.google.android.gms-us3Y_ikr7H5W-4gGc6z7iQ==/split_GoogleCertificates_installtime.apk is not writable: Permission denied
05-01 18:39:14.093 I/artd    (  767): GetBestInfo checking odex in dalvik-cache (/data/dalvik-cache/x86_64/data@app@~~2lK9jcDK3yWLFp943EZxqQ==@com.google.android.gms-us3Y_ikr7H5W-4gGc6z7iQ==@split_GoogleCertificates_installtime.apk@classes.dex)
05-01 18:39:14.093 I/artd    (  767): Loading /data/dalvik-cache/x86_64/data@app@~~2lK9jcDK3yWLFp943EZxqQ==@com.google.android.gms-us3Y_ikr7H5W-4gGc6z7iQ==@split_GoogleCertificates_installtime.apk@classes.dex with executable: 0
05-01 18:39:14.093 I/artd    (  767): OatFileAssistant test for existing oat file /data/dalvik-cache/x86_64/data@app@~~2lK9jcDK3yWLFp943EZxqQ==@com.google.android.gms-us3Y_ikr7H5W-4gGc6z7iQ==@split_GoogleCertificates_installtime.apk@classes.dex: File /data/dalvik-cache/x86_64/data@app@~~2lK9jcDK3yWLFp943EZxqQ==@com.google.android.gms-us3Y_ikr7H5W-4gGc6z7iQ==@split_GoogleCertificates_installtime.apk@classes.vdex does not exist.
05-01 18:39:14.093 I/artd    (  767): GetBestInfo checking odex next to the dex file (/data/app/~~2lK9jcDK3yWLFp943EZxqQ==/com.google.android.gms-us3Y_ikr7H5W-4gGc6z7iQ==/oat/x86_64/split_GoogleCertificates_installtime.odex)
05-01 18:39:14.093 I/artd    (  767): Loading /data/app/~~2lK9jcDK3yWLFp943EZxqQ==/com.google.android.gms-us3Y_ikr7H5W-4gGc6z7iQ==/oat/x86_64/split_GoogleCertificates_installtime.odex with executable: 0
05-01 18:39:14.094 I/artd    (  767): Successfully loaded /data/app/~~2lK9jcDK3yWLFp943EZxqQ==/com.google.android.gms-us3Y_ikr7H5W-4gGc6z7iQ==/oat/x86_64/split_GoogleCertificates_installtime.odex with executable: 0
05-01 18:39:14.094 I/artd    (  767): /data/app/~~2lK9jcDK3yWLFp943EZxqQ==/com.google.android.gms-us3Y_ikr7H5W-4gGc6z7iQ==/oat/x86_64/split_GoogleCertificates_installtime.odex is kOatUpToDate with filter speed
05-01 18:39:14.094 I/artd    (  767): Dex parent of /data/app/~~2lK9jcDK3yWLFp943EZxqQ==/com.google.android.gms-us3Y_ikr7H5W-4gGc6z7iQ==/split_MapsDynamite_installtime.apk is not writable: Permission denied
05-01 18:39:14.095 I/artd    (  767): GetBestInfo checking odex in dalvik-cache (/data/dalvik-cache/x86_64/data@app@~~2lK9jcDK3yWLFp943EZxqQ==@com.google.android.gms-us3Y_ikr7H5W-4gGc6z7iQ==@split_MapsDynamite_installtime.apk@classes.dex)
05-01 18:39:14.095 I/artd    (  767): Loading /data/dalvik-cache/x86_64/data@app@~~2lK9jcDK3yWLFp943EZxqQ==@com.google.android.gms-us3Y_ikr7H5W-4gGc6z7iQ==@split_MapsDynamite_installtime.apk@classes.dex with executable: 0
05-01 18:39:14.095 I/artd    (  767): OatFileAssistant test for existing oat file /data/dalvik-cache/x86_64/data@app@~~2lK9jcDK3yWLFp943EZxqQ==@com.google.android.gms-us3Y_ikr7H5W-4gGc6z7iQ==@split_MapsDynamite_installtime.apk@classes.dex: File /data/dalvik-cache/x86_64/data@app@~~2lK9jcDK3yWLFp943EZxqQ==@com.google.android.gms-us3Y_ikr7H5W-4gGc6z7iQ==@split_MapsDynamite_installtime.apk@classes.vdex does not exist.
05-01 18:39:14.095 I/artd    (  767): GetBestInfo checking odex next to the dex file (/data/app/~~2lK9jcDK3yWLFp943EZxqQ==/com.google.android.gms-us3Y_ikr7H5W-4gGc6z7iQ==/oat/x86_64/split_MapsDynamite_installtime.odex)
05-01 18:39:14.095 I/artd    (  767): Loading /data/app/~~2lK9jcDK3yWLFp943EZxqQ==/com.google.android.gms-us3Y_ikr7H5W-4gGc6z7iQ==/oat/x86_64/split_MapsDynamite_installtime.odex with executable: 0
05-01 18:39:14.095 I/artd    (  767): Successfully loaded /data/app/~~2lK9jcDK3yWLFp943EZxqQ==/com.google.android.gms-us3Y_ikr7H5W-4gGc6z7iQ==/oat/x86_64/split_MapsDynamite_installtime.odex with executable: 0
05-01 18:39:14.095 I/artd    (  767): /data/app/~~2lK9jcDK3yWLFp943EZxqQ==/com.google.android.gms-us3Y_ikr7H5W-4gGc6z7iQ==/oat/x86_64/split_MapsDynamite_installtime.odex is kOatUpToDate with filter speed
05-01 18:39:14.096 I/artd    (  767): Dex parent of /data/app/~~2lK9jcDK3yWLFp943EZxqQ==/com.google.android.gms-us3Y_ikr7H5W-4gGc6z7iQ==/split_MeasurementDynamite_installtime.apk is not writable: Permission denied
05-01 18:39:14.096 I/artd    (  767): GetBestInfo checking odex in dalvik-cache (/data/dalvik-cache/x86_64/data@app@~~2lK9jcDK3yWLFp943EZxqQ==@com.google.android.gms-us3Y_ikr7H5W-4gGc6z7iQ==@split_MeasurementDynamite_installtime.apk@classes.dex)
05-01 18:39:14.096 I/artd    (  767): Loading /data/dalvik-cache/x86_64/data@app@~~2lK9jcDK3yWLFp943EZxqQ==@com.google.android.gms-us3Y_ikr7H5W-4gGc6z7iQ==@split_MeasurementDynamite_installtime.apk@classes.dex with executable: 0
05-01 18:39:14.096 I/artd    (  767): OatFileAssistant test for existing oat file /data/dalvik-cache/x86_64/data@app@~~2lK9jcDK3yWLFp943EZxqQ==@com.google.android.gms-us3Y_ikr7H5W-4gGc6z7iQ==@split_MeasurementDynamite_installtime.apk@classes.dex: File /data/dalvik-cache/x86_64/data@app@~~2lK9jcDK3yWLFp943EZxqQ==@com.google.android.gms-us3Y_ikr7H5W-4gGc6z7iQ==@split_MeasurementDynamite_installtime.apk@classes.vdex does not exist.
05-01 18:39:14.096 I/artd    (  767): GetBestInfo checking odex next to the dex file (/data/app/~~2lK9jcDK3yWLFp943EZxqQ==/com.google.android.gms-us3Y_ikr7H5W-4gGc6z7iQ==/oat/x86_64/split_MeasurementDynamite_installtime.odex)
05-01 18:39:14.096 I/artd    (  767): Loading /data/app/~~2lK9jcDK3yWLFp943EZxqQ==/com.google.android.gms-us3Y_ikr7H5W-4gGc6z7iQ==/oat/x86_64/split_MeasurementDynamite_installtime.odex with executable: 0
05-01 18:39:14.096 I/artd    (  767): Successfully loaded /data/app/~~2lK9jcDK3yWLFp943EZxqQ==/com.google.android.gms-us3Y_ikr7H5W-4gGc6z7iQ==/oat/x86_64/split_MeasurementDynamite_installtime.odex with executable: 0
05-01 18:39:14.096 I/artd    (  767): /data/app/~~2lK9jcDK3yWLFp943EZxqQ==/com.google.android.gms-us3Y_ikr7H5W-4gGc6z7iQ==/oat/x86_64/split_MeasurementDynamite_installtime.odex is kOatUpToDate with filter speed
05-01 18:39:14.098 I/artd    (  767): Dex parent of /data/app/~~2lK9jcDK3yWLFp943EZxqQ==/com.google.android.gms-us3Y_ikr7H5W-4gGc6z7iQ==/split_all_locale_splits.apk is not writable: Permission denied
05-01 18:39:14.098 I/artd    (  767): GetBestInfo checking odex in dalvik-cache (/data/dalvik-cache/x86_64/data@app@~~2lK9jcDK3yWLFp943EZxqQ==@com.google.android.gms-us3Y_ikr7H5W-4gGc6z7iQ==@split_all_locale_splits.apk@classes.dex)
05-01 18:39:14.098 I/artd    (  767): Loading /data/dalvik-cache/x86_64/data@app@~~2lK9jcDK3yWLFp943EZxqQ==@com.google.android.gms-us3Y_ikr7H5W-4gGc6z7iQ==@split_all_locale_splits.apk@classes.dex with executable: 0
05-01 18:39:14.098 I/artd    (  767): OatFileAssistant test for existing oat file /data/dalvik-cache/x86_64/data@app@~~2lK9jcDK3yWLFp943EZxqQ==@com.google.android.gms-us3Y_ikr7H5W-4gGc6z7iQ==@split_all_locale_splits.apk@classes.dex: File /data/dalvik-cache/x86_64/data@app@~~2lK9jcDK3yWLFp943EZxqQ==@com.google.android.gms-us3Y_ikr7H5W-4gGc6z7iQ==@split_all_locale_splits.apk@classes.vdex does not exist.
05-01 18:39:14.098 I/artd    (  767): GetBestInfo checking odex next to the dex file (/data/app/~~2lK9jcDK3yWLFp943EZxqQ==/com.google.android.gms-us3Y_ikr7H5W-4gGc6z7iQ==/oat/x86_64/split_all_locale_splits.odex)
05-01 18:39:14.098 I/artd    (  767): Loading /data/app/~~2lK9jcDK3yWLFp943EZxqQ==/com.google.android.gms-us3Y_ikr7H5W-4gGc6z7iQ==/oat/x86_64/split_all_locale_splits.odex with executable: 0
05-01 18:39:14.099 I/artd    (  767): Successfully loaded /data/app/~~2lK9jcDK3yWLFp943EZxqQ==/com.google.android.gms-us3Y_ikr7H5W-4gGc6z7iQ==/oat/x86_64/split_all_locale_splits.odex with executable: 0
05-01 18:39:14.099 I/artd    (  767): /data/app/~~2lK9jcDK3yWLFp943EZxqQ==/com.google.android.gms-us3Y_ikr7H5W-4gGc6z7iQ==/oat/x86_64/split_all_locale_splits.odex is kOatUpToDate with filter speed
05-01 18:39:14.100 I/artd    (  767): Dex parent of /data/user/0/com.google.android.gms/app_dg_cache/3C99312020F0F0D70782F583B896FDDF9030AAF4/the.apk is not writable: Permission denied
05-01 18:39:14.101 I/artd    (  767): GetBestInfo checking odex in dalvik-cache (/data/dalvik-cache/x86_64/data@user@0@com.google.android.gms@app_dg_cache@3C99312020F0F0D70782F583B896FDDF9030AAF4@the.apk@classes.dex)
05-01 18:39:14.101 I/artd    (  767): Loading /data/dalvik-cache/x86_64/data@user@0@com.google.android.gms@app_dg_cache@3C99312020F0F0D70782F583B896FDDF9030AAF4@the.apk@classes.dex with executable: 0
05-01 18:39:14.101 I/artd    (  767): OatFileAssistant test for existing oat file /data/dalvik-cache/x86_64/data@user@0@com.google.android.gms@app_dg_cache@3C99312020F0F0D70782F583B896FDDF9030AAF4@the.apk@classes.dex: File /data/dalvik-cache/x86_64/data@user@0@com.google.android.gms@app_dg_cache@3C99312020F0F0D70782F583B896FDDF9030AAF4@the.apk@classes.vdex does not exist.
05-01 18:39:14.101 I/artd    (  767): GetBestInfo checking odex next to the dex file (/data/user/0/com.google.android.gms/app_dg_cache/3C99312020F0F0D70782F583B896FDDF9030AAF4/oat/x86_64/the.odex)
05-01 18:39:14.101 I/artd    (  767): Loading /data/user/0/com.google.android.gms/app_dg_cache/3C99312020F0F0D70782F583B896FDDF9030AAF4/oat/x86_64/the.odex with executable: 0
05-01 18:39:14.101 I/artd    (  767): OatFileAssistant test for existing oat file /data/user/0/com.google.android.gms/app_dg_cache/3C99312020F0F0D70782F583B896FDDF9030AAF4/oat/x86_64/the.odex: Failed to open oat filename for reading: No such file or directory
05-01 18:39:14.101 I/artd    (  767): GetBestInfo checking vdex in dalvik-cache (/data/dalvik-cache/x86_64/data@user@0@com.google.android.gms@app_dg_cache@3C99312020F0F0D70782F583B896FDDF9030AAF4@the.apk@classes.vdex)
05-01 18:39:14.101 I/artd    (  767): unable to open vdex file /data/dalvik-cache/x86_64/data@user@0@com.google.android.gms@app_dg_cache@3C99312020F0F0D70782F583B896FDDF9030AAF4@the.apk@classes.vdex: File /data/dalvik-cache/x86_64/data@user@0@com.google.android.gms@app_dg_cache@3C99312020F0F0D70782F583B896FDDF9030AAF4@the.apk@classes.vdex does not exist.
05-01 18:39:14.101 I/artd    (  767): OatFileAssistant test for existing oat file /data/dalvik-cache/x86_64/data@user@0@com.google.android.gms@app_dg_cache@3C99312020F0F0D70782F583B896FDDF9030AAF4@the.apk@classes.vdex: File /data/dalvik-cache/x86_64/data@user@0@com.google.android.gms@app_dg_cache@3C99312020F0F0D70782F583B896FDDF9030AAF4@the.apk@classes.vdex does not exist.
05-01 18:39:14.101 I/artd    (  767): GetBestInfo checking vdex next to the dex file (/data/user/0/com.google.android.gms/app_dg_cache/3C99312020F0F0D70782F583B896FDDF9030AAF4/oat/x86_64/the.vdex)
05-01 18:39:14.101 I/artd    (  767): Successfully loaded /data/user/0/com.google.android.gms/app_dg_cache/3C99312020F0F0D70782F583B896FDDF9030AAF4/oat/x86_64/the.vdex with executable: 0
05-01 18:39:14.101 I/artd    (  767): Image checksum test skipped for vdex file /data/user/0/com.google.android.gms/app_dg_cache/3C99312020F0F0D70782F583B896FDDF9030AAF4/oat/x86_64/the.vdex
05-01 18:39:14.101 I/artd    (  767): /data/user/0/com.google.android.gms/app_dg_cache/3C99312020F0F0D70782F583B896FDDF9030AAF4/oat/x86_64/the.vdex is kOatUpToDate with filter verify
05-01 18:39:14.102 I/artd    (  767): Dex parent of /data/user_de/0/com.google.android.gms/app_chimera/m/00000002/DynamiteLoader.uncompressed.apk is not writable: No such file or directory
05-01 18:39:14.102 I/artd    (  767): GetBestInfo checking odex in dalvik-cache (/data/dalvik-cache/x86_64/data@user_de@0@com.google.android.gms@app_chimera@m@00000002@DynamiteLoader.uncompressed.apk@classes.dex)
05-01 18:39:14.102 I/artd    (  767): Loading /data/dalvik-cache/x86_64/data@user_de@0@com.google.android.gms@app_chimera@m@00000002@DynamiteLoader.uncompressed.apk@classes.dex with executable: 0
05-01 18:39:14.102 I/artd    (  767): OatFileAssistant test for existing oat file /data/dalvik-cache/x86_64/data@user_de@0@com.google.android.gms@app_chimera@m@00000002@DynamiteLoader.uncompressed.apk@classes.dex: File /data/dalvik-cache/x86_64/data@user_de@0@com.google.android.gms@app_chimera@m@00000002@DynamiteLoader.uncompressed.apk@classes.vdex does not exist.
05-01 18:39:14.102 I/artd    (  767): GetBestInfo checking odex next to the dex file (/data/user_de/0/com.google.android.gms/app_chimera/m/00000002/oat/x86_64/DynamiteLoader.uncompressed.odex)
05-01 18:39:14.102 I/artd    (  767): Loading /data/user_de/0/com.google.android.gms/app_chimera/m/00000002/oat/x86_64/DynamiteLoader.uncompressed.odex with executable: 0
05-01 18:39:14.102 I/artd    (  767): OatFileAssistant test for existing oat file /data/user_de/0/com.google.android.gms/app_chimera/m/00000002/oat/x86_64/DynamiteLoader.uncompressed.odex: File /data/user_de/0/com.google.android.gms/app_chimera/m/00000002/oat/x86_64/DynamiteLoader.uncompressed.vdex does not exist.
05-01 18:39:14.102 I/artd    (  767): GetBestInfo checking vdex in dalvik-cache (/data/dalvik-cache/x86_64/data@user_de@0@com.google.android.gms@app_chimera@m@00000002@DynamiteLoader.uncompressed.apk@classes.vdex)
05-01 18:39:14.102 I/artd    (  767): unable to open vdex file /data/dalvik-cache/x86_64/data@user_de@0@com.google.android.gms@app_chimera@m@00000002@DynamiteLoader.uncompressed.apk@classes.vdex: File /data/dalvik-cache/x86_64/data@user_de@0@com.google.android.gms@app_chimera@m@00000002@DynamiteLoader.uncompressed.apk@classes.vdex does not exist.
05-01 18:39:14.102 I/artd    (  767): OatFileAssistant test for existing oat file /data/dalvik-cache/x86_64/data@user_de@0@com.google.android.gms@app_chimera@m@00000002@DynamiteLoader.uncompressed.apk@classes.vdex: File /data/dalvik-cache/x86_64/data@user_de@0@com.google.android.gms@app_chimera@m@00000002@DynamiteLoader.uncompressed.apk@classes.vdex does not exist.
05-01 18:39:14.102 I/artd    (  767): GetBestInfo checking vdex next to the dex file (/data/user_de/0/com.google.android.gms/app_chimera/m/00000002/oat/x86_64/DynamiteLoader.uncompressed.vdex)
05-01 18:39:14.102 I/artd    (  767): unable to open vdex file /data/user_de/0/com.google.android.gms/app_chimera/m/00000002/oat/x86_64/DynamiteLoader.uncompressed.vdex: File /data/user_de/0/com.google.android.gms/app_chimera/m/00000002/oat/x86_64/DynamiteLoader.uncompressed.vdex does not exist.
05-01 18:39:14.102 I/artd    (  767): OatFileAssistant test for existing oat file /data/user_de/0/com.google.android.gms/app_chimera/m/00000002/oat/x86_64/DynamiteLoader.uncompressed.vdex: File /data/user_de/0/com.google.android.gms/app_chimera/m/00000002/oat/x86_64/DynamiteLoader.uncompressed.vdex does not exist.
05-01 18:39:14.102 I/artd    (  767): GetBestInfo checking dm (/data/user_de/0/com.google.android.gms/app_chimera/m/00000002/DynamiteLoader.uncompressed.dm)
05-01 18:39:14.102 W/ziparchive(  767): Unable to open '/data/user_de/0/com.google.android.gms/app_chimera/m/00000002/DynamiteLoader.uncompressed.dm': No such file or directory
05-01 18:39:14.102 I/artd    (  767): OatFileAssistant test for existing oat file /data/user_de/0/com.google.android.gms/app_chimera/m/00000002/DynamiteLoader.uncompressed.dm: I/O error
05-01 18:39:14.102 I/artd    (  767): GetBestInfo checking dm (/data/user_de/0/com.google.android.gms/app_chimera/m/00000002/DynamiteLoader.uncompressed.dm)
05-01 18:39:14.102 W/ziparchive(  767): Unable to open '/data/user_de/0/com.google.android.gms/app_chimera/m/00000002/DynamiteLoader.uncompressed.dm': No such file or directory
05-01 18:39:14.102 I/artd    (  767): OatFileAssistant test for existing oat file /data/user_de/0/com.google.android.gms/app_chimera/m/00000002/DynamiteLoader.uncompressed.dm: I/O error
05-01 18:39:14.102 I/artd    (  767): GetBestInfo no usable artifacts
05-01 18:39:14.103 I/artd    (  767): Dex parent of /data/user_de/0/com.google.android.gms/app_chimera/m/00000005/GoogleCertificates.apk is not writable: No such file or directory
05-01 18:39:14.103 I/artd    (  767): GetBestInfo checking odex in dalvik-cache (/data/dalvik-cache/x86_64/data@user_de@0@com.google.android.gms@app_chimera@m@00000005@GoogleCertificates.apk@classes.dex)
05-01 18:39:14.103 I/artd    (  767): Loading /data/dalvik-cache/x86_64/data@user_de@0@com.google.android.gms@app_chimera@m@00000005@GoogleCertificates.apk@classes.dex with executable: 0
05-01 18:39:14.103 I/artd    (  767): OatFileAssistant test for existing oat file /data/dalvik-cache/x86_64/data@user_de@0@com.google.android.gms@app_chimera@m@00000005@GoogleCertificates.apk@classes.dex: File /data/dalvik-cache/x86_64/data@user_de@0@com.google.android.gms@app_chimera@m@00000005@GoogleCertificates.apk@classes.vdex does not exist.
05-01 18:39:14.103 I/artd    (  767): GetBestInfo checking odex next to the dex file (/data/user_de/0/com.google.android.gms/app_chimera/m/00000005/oat/x86_64/GoogleCertificates.odex)
