05-01 18:39:38.193 W/MediaControlGattService( 1196): Feature MEDIA_CONTROL_POINT_OPCODES_SUPPORTED(BIT 19) support: true
05-01 18:39:38.193 W/MediaControlGattService( 1196): Feature MEDIA_STATE(BIT 17) support: true
05-01 18:39:38.193 W/MediaControlGattService( 1196): Feature MEDIA_STATE(BIT 17) support: true
05-01 18:39:38.194 I/AdapterProperties( 1196): getBondedDevices: length=0
05-01 18:39:38.195 W/MediaControlGattService( 1196): Feature MEDIA_STATE(BIT 17) support: true
05-01 18:39:38.195 W/MediaControlGattService( 1196): Feature SEEKING_SPEED(BIT 9) support: true
05-01 18:39:38.195 W/MediaControlGattService( 1196): Feature SEEKING_SPEED(BIT 9) support: true
05-01 18:39:38.195 W/MediaControlGattService( 1196): Feature SEEKING_SPEED(BIT 9) support: true
05-01 18:39:38.195 W/AudioMediaPlayerWrapper( 1196): onPlaybackStateChanged(): com.streamfr.app tried to update with no new data
05-01 18:39:38.196 W/AudioMediaPlayerWrapper( 1196): onPlaybackStateChanged(): com.streamfr.app tried to update with no new data
05-01 18:39:38.198 W/AudioMediaPlayerWrapper( 1196): onQueueChanged(): com.streamfr.app tried to update with no new data
05-01 18:39:38.199 W/AudioMediaPlayerWrapper( 1196): onQueueChanged(): com.streamfr.app tried to update with no new data
05-01 18:39:38.207 D/EGL_emulation( 7849): app_time_stats: avg=9.73ms min=1.61ms max=24.29ms count=60
05-01 18:39:38.657 D/TrafficStats( 7849): tagSocket(157) with statsTag=0xffffffff, statsUid=-1
05-01 18:39:39.217 D/EGL_emulation( 7849): app_time_stats: avg=16.69ms min=11.73ms max=20.43ms count=60
05-01 18:39:39.315 D/audioserver(  453): logFgsApiBegin: FGS Logger Transaction failed, -129
05-01 18:39:39.316 W/AS.PlaybackActivityMon(  610): No piid assigned for invalid/internal port id 15
05-01 18:39:39.349 D/AudioFlinger(  453): mixer(0x7ccfab3088e0) throttle end: throttle time(34)
05-01 18:39:39.553 D/audioserver(  453): logFgsApiEnd: FGS Logger Transaction failed, -129
05-01 18:39:40.217 D/EGL_emulation( 7849): app_time_stats: avg=16.89ms min=3.11ms max=38.29ms count=57
05-01 18:39:40.893 D/EGL_emulation( 1028): app_time_stats: avg=20434.69ms min=858.78ms max=40010.61ms count=2
05-01 18:39:41.189 D/MediaSessionService(  610): onSessionPlaybackStateChanged: record=com.streamfr.app/androidx.media3.session.id.player_mobile_1044670485694/9 (userId=0) playbackState=PlaybackState {state=BUFFERING(6), position=0, buffered position=0, speed=0.0, updated=1054311, actions=7339667, custom actions=[], active item id=0, error=null}
05-01 18:39:41.190 W/AudioMediaPlayerWrapper( 1196): onPlaybackStateChanged(): com.streamfr.app tried to update with no new data
05-01 18:39:41.191 W/AudioMediaPlayerWrapper( 1196): onPlaybackStateChanged(): com.streamfr.app tried to update with no new data
05-01 18:39:41.234 D/EGL_emulation( 7849): app_time_stats: avg=13.58ms min=2.06ms max=23.38ms count=60
05-01 18:39:42.248 D/EGL_emulation( 7849): app_time_stats: avg=16.62ms min=14.00ms max=19.05ms count=61
05-01 18:39:42.422 D/android.hardware.audio@7.1-impl.ranchu(  399): threadLoop: entering standby, frames: 12134464
05-01 18:39:42.849 I/wpa_supplicant( 1776): wlan0: CTRL-EVENT-BEACON-LOSS 
05-01 18:39:43.264 D/EGL_emulation( 7849): app_time_stats: avg=16.58ms min=14.55ms max=19.43ms count=61
05-01 18:39:43.619 E/ExoPlayerImplInternal( 7849): Playback error
05-01 18:39:43.619 E/ExoPlayerImplInternal( 7849):   androidx.media3.exoplayer.ExoPlaybackException: Source error
05-01 18:39:43.619 E/ExoPlayerImplInternal( 7849):       at androidx.media3.exoplayer.ExoPlayerImplInternal.handleIoException(ExoPlayerImplInternal.java:927)
05-01 18:39:43.619 E/ExoPlayerImplInternal( 7849):       at androidx.media3.exoplayer.ExoPlayerImplInternal.handleMessage(ExoPlayerImplInternal.java:899)
05-01 18:39:43.619 E/ExoPlayerImplInternal( 7849):       at android.os.Handler.dispatchMessage(Handler.java:103)
05-01 18:39:43.619 E/ExoPlayerImplInternal( 7849):       at android.os.Looper.loopOnce(Looper.java:232)
05-01 18:39:43.619 E/ExoPlayerImplInternal( 7849):       at android.os.Looper.loop(Looper.java:317)
05-01 18:39:43.619 E/ExoPlayerImplInternal( 7849):       at android.os.HandlerThread.run(HandlerThread.java:85)
05-01 18:39:43.619 E/ExoPlayerImplInternal( 7849):   Caused by: androidx.media3.datasource.HttpDataSource$InvalidResponseCodeException: Response code: 456
05-01 18:39:43.619 E/ExoPlayerImplInternal( 7849):       at androidx.media3.datasource.DefaultHttpDataSource.open(DefaultHttpDataSource.java:400)
05-01 18:39:43.619 E/ExoPlayerImplInternal( 7849):       at androidx.media3.datasource.DefaultDataSource.open(DefaultDataSource.java:275)
05-01 18:39:43.619 E/ExoPlayerImplInternal( 7849):       at androidx.media3.datasource.StatsDataSource.open(StatsDataSource.java:88)
05-01 18:39:43.619 E/ExoPlayerImplInternal( 7849):       at androidx.media3.exoplayer.source.ProgressiveMediaPeriod$ExtractingLoadable.load(ProgressiveMediaPeriod.java:1109)
05-01 18:39:43.619 E/ExoPlayerImplInternal( 7849):       at androidx.media3.exoplayer.upstream.Loader$LoadTask.run(Loader.java:453)
05-01 18:39:43.619 E/ExoPlayerImplInternal( 7849):       at java.util.concurrent.ThreadPoolExecutor.runWorker(ThreadPoolExecutor.java:1145)
05-01 18:39:43.619 E/ExoPlayerImplInternal( 7849):       at java.util.concurrent.ThreadPoolExecutor$Worker.run(ThreadPoolExecutor.java:644)
05-01 18:39:43.619 E/ExoPlayerImplInternal( 7849):       at java.lang.Thread.run(Thread.java:1012)
05-01 18:39:43.620 I/MediaFocusControl(  610): abandonAudioFocus() from uid/pid 10209/7849 clientId=android.media.AudioManager@4cdf047androidx.media3.exoplayer.AudioFocusManager$$ExternalSyntheticLambda0@2315cad
05-01 18:39:43.621 D/MediaSessionService(  610): onSessionPlaybackStateChanged: record=com.streamfr.app/androidx.media3.session.id.player_mobile_1044670485694/9 (userId=0) playbackState=PlaybackState {state=ERROR(7), position=0, buffered position=0, speed=0.0, updated=1056743, actions=7339669, custom actions=[], active item id=0, error=Source error}
05-01 18:39:43.622 E/PlayerDebug( 7849): onPlayerError: code=2004, msg=Source error
05-01 18:39:43.622 E/PlayerDebug( 7849):   cause: androidx.media3.datasource.HttpDataSource$InvalidResponseCodeException: Response code: 456
05-01 18:39:43.622 E/PlayerDebug( 7849):   cause.cause: null
05-01 18:39:43.622 E/PlayerDebug( 7849):   uri: http://wowtv.cc:80/play/live.php?mac=00:1A:79:00:10:D8&stream=543197&extension=ts&play_token=yj6yORu
05-01 18:39:43.622 E/PlayerMobileFragment( 7849): onPlayerError: 
05-01 18:39:43.622 E/PlayerMobileFragment( 7849): androidx.media3.exoplayer.ExoPlaybackException: Source error
05-01 18:39:43.622 E/PlayerMobileFragment( 7849): 	at androidx.media3.exoplayer.ExoPlayerImplInternal.handleIoException(ExoPlayerImplInternal.java:927)
05-01 18:39:43.622 E/PlayerMobileFragment( 7849): 	at androidx.media3.exoplayer.ExoPlayerImplInternal.handleMessage(ExoPlayerImplInternal.java:899)
05-01 18:39:43.622 E/PlayerMobileFragment( 7849): 	at android.os.Handler.dispatchMessage(Handler.java:103)
05-01 18:39:43.622 E/PlayerMobileFragment( 7849): 	at android.os.Looper.loopOnce(Looper.java:232)
05-01 18:39:43.622 E/PlayerMobileFragment( 7849): 	at android.os.Looper.loop(Looper.java:317)
05-01 18:39:43.622 E/PlayerMobileFragment( 7849): 	at android.os.HandlerThread.run(HandlerThread.java:85)
05-01 18:39:43.622 E/PlayerMobileFragment( 7849): Caused by: androidx.media3.datasource.HttpDataSource$InvalidResponseCodeException: Response code: 456
05-01 18:39:43.622 E/PlayerMobileFragment( 7849): 	at androidx.media3.datasource.DefaultHttpDataSource.open(DefaultHttpDataSource.java:400)
05-01 18:39:43.622 E/PlayerMobileFragment( 7849): 	at androidx.media3.datasource.DefaultDataSource.open(DefaultDataSource.java:275)
05-01 18:39:43.622 E/PlayerMobileFragment( 7849): 	at androidx.media3.datasource.StatsDataSource.open(StatsDataSource.java:88)
05-01 18:39:43.622 E/PlayerMobileFragment( 7849): 	at androidx.media3.exoplayer.source.ProgressiveMediaPeriod$ExtractingLoadable.load(ProgressiveMediaPeriod.java:1109)
05-01 18:39:43.622 E/PlayerMobileFragment( 7849): 	at androidx.media3.exoplayer.upstream.Loader$LoadTask.run(Loader.java:453)
05-01 18:39:43.622 E/PlayerMobileFragment( 7849): 	at java.util.concurrent.ThreadPoolExecutor.runWorker(ThreadPoolExecutor.java:1145)
05-01 18:39:43.622 E/PlayerMobileFragment( 7849): 	at java.util.concurrent.ThreadPoolExecutor$Worker.run(ThreadPoolExecutor.java:644)
05-01 18:39:43.622 E/PlayerMobileFragment( 7849): 	at java.lang.Thread.run(Thread.java:1012)
05-01 18:39:43.622 D/OlaTvProvider( 7849): Marked broken upstream URL: http://wowtv.cc:80/play/live.php?mac=00:1A:79:00:10:D8&stream=543197&extension=t
05-01 18:39:43.622 D/PlayerMobileFragment( 7849): Pruned broken variant: OLA[rmcstory] Source 2
05-01 18:39:43.622 W/PlayerMobileFragment( 7849): IPTV failover: OLA[rmcstory] Source 2 error (ERROR_CODE_IO_BAD_HTTP_STATUS), trying OLA[rmcstory] FHD
05-01 18:39:43.623 D/PlayerViewModel( 7849): Inizio estrazione video dal server: OLA[rmcstory] FHD
05-01 18:39:43.623 D/MediaSessionService(  610): onSessionPlaybackStateChanged: record=com.streamfr.app/androidx.media3.session.id.player_mobile_1044670485694/9 (userId=0) playbackState=PlaybackState {state=ERROR(7), position=0, buffered position=0, speed=0.0, updated=1056745, actions=7339669, custom actions=[], active item id=0, error=Source error}
05-01 18:39:43.623 D/OlaTvProvider( 7849): getVideo → http://wowtv.cc:80/play/live.php?mac=00:1A:79:00:10:D8&stream=554028&extension=ts&play_token=FVOAx1s06S
05-01 18:39:43.624 D/PlayerDebug( 7849): onPlaybackStateChanged: IDLE, uri=http://wowtv.cc:80/play/live.php?mac=00:1A:79:00:10:D8&stream=543197&extension=t
05-01 18:39:43.624 D/PlayerViewModel( 7849): Estrazione video completata con successo
05-01 18:39:43.628 D/PlayerDebug( 7849): displayVideo: server=OLA[rmcstory] FHD, source=http://wowtv.cc:80/play/live.php?mac=00:1A:79:00:10:D8&stream=554028&extension=ts&play_token=FVOAx1s, type=null, headers={User-Agent=Mozilla/5.0 (Windows NT 10.0; Win64; x64) AppleWebKit/537.36 (KHTML, like Gecko) Chrome/118.0.0.0 Safari/537.36}
05-01 18:39:43.629 I/bluetooth( 1196): system/btif/avrcp/avrcp_service.cc:537 SendMediaUpdate: track_changed=false :  play_state=true :  queue=false
05-01 18:39:43.632 E/MediaControlProfile( 1196): onCurrentPlayerStateUpdated: base actions not supported, player actions= 6ffe95, expected at least= 7f
05-01 18:39:43.632 W/MediaControlGattService( 1196): Feature MEDIA_STATE(BIT 17) support: true
05-01 18:39:43.634 I/AdapterProperties( 1196): getBondedDevices: length=0
05-01 18:39:43.634 D/MediaSessionService(  610): onSessionPlaybackStateChanged: record=com.streamfr.app/androidx.media3.session.id.player_mobile_1044670485694/9 (userId=0) playbackState=PlaybackState {state=ERROR(7), position=0, buffered position=0, speed=0.0, updated=1056755, actions=7339669, custom actions=[], active item id=0, error=Source error}
05-01 18:39:43.634 W/MediaControlGattService( 1196): Feature PLAYER_NAME(BIT 1) support: true
05-01 18:39:43.634 W/MediaControlGattService( 1196): Feature PLAYER_ICON_URL(BIT 3) support: false
05-01 18:39:43.635 W/MediaControlGattService( 1196): Feature PLAYER_ICON_OBJ_ID(BIT 2) support: false
05-01 18:39:43.635 W/MediaControlGattService( 1196): Feature CURRENT_TRACK_SEGMENT_OBJ_ID(BIT 10) support: false
05-01 18:39:43.635 W/MediaControlGattService( 1196): Feature CURRENT_TRACK_OBJ_ID(BIT 11) support: false
05-01 18:39:43.635 W/MediaControlGattService( 1196): Feature NEXT_TRACK_OBJ_ID(BIT 12) support: false
05-01 18:39:43.635 W/MediaControlGattService( 1196): Feature CURRENT_GROUP_OBJ_ID(BIT 13) support: false
05-01 18:39:43.635 W/MediaControlGattService( 1196): Feature PARENT_GROUP_OBJ_ID(BIT 14) support: false
05-01 18:39:43.635 W/MediaControlGattService( 1196): Feature SEARCH_RESULT_OBJ_ID(BIT 20) support: false
05-01 18:39:43.635 W/MediaControlGattService( 1196): Feature TRACK_TITLE(BIT 5) support: true
05-01 18:39:43.635 D/MediaSessionService(  610): onSessionPlaybackStateChanged: record=com.streamfr.app/androidx.media3.session.id.player_mobile_1044670485694/9 (userId=0) playbackState=PlaybackState {state=ERROR(7), position=0, buffered position=0, speed=0.0, updated=1056757, actions=7339669, custom actions=[], active item id=0, error=Source error}
05-01 18:39:43.635 W/MediaControlGattService( 1196): Feature TRACK_DURATION(BIT 6) support: true
05-01 18:39:43.636 W/MediaControlGattService( 1196): Feature TRACK_POSITION(BIT 7) support: true
05-01 18:39:43.637 I/MediaSessionStack(  610): onPlaybackStateChanged - Pushing session to top | record: com.streamfr.app/androidx.media3.session.id.player_mobile_1044670485694/9 (userId=0)
05-01 18:39:43.637 D/MediaSessionService(  610): onSessionPlaybackStateChanged: record=com.streamfr.app/androidx.media3.session.id.player_mobile_1044670485694/9 (userId=0) playbackState=PlaybackState {state=BUFFERING(6), position=0, buffered position=0, speed=0.0, updated=1056758, actions=7339667, custom actions=[], active item id=0, error=null}
05-01 18:39:43.637 W/MediaControlGattService( 1196): Feature TRACK_POSITION_NOTIFY support: true
05-01 18:39:43.637 W/MediaControlGattService( 1196): Feature MEDIA_STATE(BIT 17) support: true
05-01 18:39:43.637 I/MediaFocusControl(  610): requestAudioFocus() from uid/pid 10209/7849 AA=USAGE_MEDIA/CONTENT_TYPE_MOVIE clientId=android.media.AudioManager@4cdf047androidx.media3.exoplayer.AudioFocusManager$$ExternalSyntheticLambda0@2315cad callingPack=com.streamfr.app req=1 flags=0x0 sdk=35
05-01 18:39:43.637 D/PlayerDebug( 7849): onPlaybackStateChanged: BUFFERING, uri=http://wowtv.cc:80/play/live.php?mac=00:1A:79:00:10:D8&stream=554028&extension=t
05-01 18:39:43.637 I/AS.FadeOutManager(  610): unfadeOutUid() uid:10209
05-01 18:39:43.638 I/AdapterProperties( 1196): getBondedDevices: length=0
05-01 18:39:43.638 W/MediaControlGattService( 1196): Feature PLAYBACK_SPEED(BIT 8) support: true
05-01 18:39:43.638 W/MediaControlGattService( 1196): Feature PLAYBACK_SPEED(BIT 8) support: true
05-01 18:39:43.638 W/MediaControlGattService( 1196): Feature PLAYBACK_SPEED(BIT 8) support: true
05-01 18:39:43.638 W/MediaControlGattService( 1196): Feature SEEKING_SPEED(BIT 9) support: true
05-01 18:39:43.638 W/MediaControlGattService( 1196): Feature SEEKING_SPEED(BIT 9) support: true
05-01 18:39:43.638 W/MediaControlGattService( 1196): Feature SEEKING_SPEED(BIT 9) support: true
05-01 18:39:43.638 W/MediaControlGattService( 1196): Feature PLAYING_ORDER_SUPPORTED(BIT 16) support: true
05-01 18:39:43.638 W/MediaControlGattService( 1196): Feature PLAYING_ORDER(BIT 15) support: true
05-01 18:39:43.638 W/MediaControlGattService( 1196): Feature MEDIA_CONTROL_POINT_OPCODES_SUPPORTED(BIT 19) support: true
05-01 18:39:43.638 W/MediaControlGattService( 1196): Feature PLAYER_NAME(BIT 1) support: true
05-01 18:39:43.638 W/MediaControlGattService( 1196): Feature PLAYER_NAME(BIT 1) support: true
05-01 18:39:43.638 W/MediaControlGattService( 1196): Feature PLAYER_NAME(BIT 1) support: true
05-01 18:39:43.638 W/MediaControlGattService( 1196): Feature PLAYER_NAME_NOTIFY support: true
05-01 18:39:43.638 I/AdapterProperties( 1196): getBondedDevices: length=0
05-01 18:39:43.638 W/MediaControlGattService( 1196): Feature MEDIA_CONTROL_POINT_OPCODES_SUPPORTED(BIT 19) support: true
05-01 18:39:43.638 W/MediaControlGattService( 1196): Feature PLAYING_ORDER_SUPPORTED(BIT 16) support: true
05-01 18:39:43.638 W/MediaControlGattService( 1196): Feature PLAYING_ORDER(BIT 15) support: true
05-01 18:39:43.638 W/MediaControlGattService( 1196): Feature PLAYER_ICON_OBJ_ID(BIT 2) support: false
05-01 18:39:43.638 W/MediaControlGattService( 1196): Feature PLAYER_ICON_URL(BIT 3) support: false
05-01 18:39:43.638 W/MediaControlGattService( 1196): Feature MEDIA_CONTROL_POINT_OPCODES_SUPPORTED(BIT 19) support: true
05-01 18:39:43.638 W/MediaControlGattService( 1196): Feature MEDIA_STATE(BIT 17) support: true
05-01 18:39:43.638 W/MediaControlGattService( 1196): Feature MEDIA_STATE(BIT 17) support: true
05-01 18:39:43.639 I/AdapterProperties( 1196): getBondedDevices: length=0
05-01 18:39:43.639 W/MediaControlGattService( 1196): Feature PLAYING_ORDER_SUPPORTED(BIT 16) support: true
05-01 18:39:43.639 W/MediaControlGattService( 1196): Feature PLAYING_ORDER(BIT 15) support: true
05-01 18:39:43.639 W/MediaControlGattService( 1196): Feature PLAYING_ORDER_NOTIFY support: true
05-01 18:39:43.639 I/AdapterProperties( 1196): getBondedDevices: length=0
05-01 18:39:43.639 W/MediaControlGattService( 1196): Feature TRACK_DURATION(BIT 6) support: true
05-01 18:39:43.639 W/MediaControlGattService( 1196): Feature MEDIA_STATE(BIT 17) support: true
05-01 18:39:43.639 E/AudioMediaPlayerWrapper( 1196): The callback playback state doesn't match the current state
05-01 18:39:43.639 W/AudioMediaPlayerWrapper( 1196): onPlaybackStateChanged(): com.streamfr.app tried to update with no new data
05-01 18:39:43.639 E/AudioMediaPlayerWrapper( 1196): The callback playback state doesn't match the current state
05-01 18:39:43.639 W/AudioMediaPlayerWrapper( 1196): onPlaybackStateChanged(): com.streamfr.app tried to update with no new data
05-01 18:39:43.640 W/AudioMediaPlayerWrapper( 1196): onQueueChanged(): com.streamfr.app tried to update with no new data
05-01 18:39:43.641 W/AudioMediaPlayerWrapper( 1196): onQueueChanged(): com.streamfr.app tried to update with no new data
05-01 18:39:43.642 E/AudioMediaPlayerWrapper( 1196): The callback playback state doesn't match the current state
05-01 18:39:43.642 W/AudioMediaPlayerWrapper( 1196): onPlaybackStateChanged(): com.streamfr.app tried to update with no new data
05-01 18:39:43.643 E/AudioMediaPlayerWrapper( 1196): The callback playback state doesn't match the current state
05-01 18:39:43.644 W/AudioMediaPlayerWrapper( 1196): onPlaybackStateChanged(): com.streamfr.app tried to update with no new data
05-01 18:39:43.645 D/MediaSessionService(  610): onSessionPlaybackStateChanged: record=com.streamfr.app/androidx.media3.session.id.player_mobile_1044670485694/9 (userId=0) playbackState=PlaybackState {state=BUFFERING(6), position=0, buffered position=0, speed=0.0, updated=1056766, actions=7339667, custom actions=[], active item id=0, error=null}
05-01 18:39:43.646 E/AudioMediaPlayerWrapper( 1196): The callback playback state doesn't match the current state
05-01 18:39:43.646 W/AudioMediaPlayerWrapper( 1196): onPlaybackStateChanged(): com.streamfr.app tried to update with no new data
05-01 18:39:43.646 E/AudioMediaPlayerWrapper( 1196): The callback playback state doesn't match the current state
05-01 18:39:43.646 W/AudioMediaPlayerWrapper( 1196): onPlaybackStateChanged(): com.streamfr.app tried to update with no new data
05-01 18:39:43.646 I/bluetooth( 1196): system/btif/avrcp/avrcp_service.cc:537 SendMediaUpdate: track_changed=false :  play_state=true :  queue=false
05-01 18:39:43.647 E/MediaControlProfile( 1196): onCurrentPlayerStateUpdated: base actions not supported, player actions= 6ffe93, expected at least= 7f
05-01 18:39:43.647 W/MediaControlGattService( 1196): Feature PLAYBACK_SPEED(BIT 8) support: true
05-01 18:39:43.647 W/MediaControlGattService( 1196): Feature PLAYBACK_SPEED(BIT 8) support: true
05-01 18:39:43.647 W/MediaControlGattService( 1196): Feature PLAYBACK_SPEED(BIT 8) support: true
05-01 18:39:43.647 W/MediaControlGattService( 1196): Feature PLAYBACK_SPEED_NOTIFY support: true
05-01 18:39:43.647 I/AdapterProperties( 1196): getBondedDevices: length=0
05-01 18:39:43.648 W/MediaControlGattService( 1196): Feature TRACK_POSITION(BIT 7) support: true
05-01 18:39:43.648 W/MediaControlGattService( 1196): Feature TRACK_POSITION_NOTIFY support: true
05-01 18:39:43.648 W/MediaControlGattService( 1196): Feature MEDIA_STATE(BIT 17) support: true
05-01 18:39:43.648 W/MediaControlGattService( 1196): Feature MEDIA_STATE(BIT 17) support: true
05-01 18:39:43.649 I/AdapterProperties( 1196): getBondedDevices: length=0
05-01 18:39:43.649 W/MediaControlGattService( 1196): Feature PLAYER_NAME(BIT 1) support: true
05-01 18:39:43.649 W/MediaControlGattService( 1196): Feature PLAYER_NAME(BIT 1) support: true
05-01 18:39:43.649 W/MediaControlGattService( 1196): Feature MEDIA_CONTROL_POINT_OPCODES_SUPPORTED(BIT 19) support: true
05-01 18:39:43.649 W/MediaControlGattService( 1196): Feature MEDIA_STATE(BIT 17) support: true
05-01 18:39:43.650 W/MediaControlGattService( 1196): Feature MEDIA_STATE(BIT 17) support: true
05-01 18:39:43.652 I/AdapterProperties( 1196): getBondedDevices: length=0
05-01 18:39:43.653 W/MediaControlGattService( 1196): Feature MEDIA_STATE(BIT 17) support: true
05-01 18:39:43.653 W/MediaControlGattService( 1196): Feature SEEKING_SPEED(BIT 9) support: true
05-01 18:39:43.653 W/MediaControlGattService( 1196): Feature SEEKING_SPEED(BIT 9) support: true
05-01 18:39:43.653 W/MediaControlGattService( 1196): Feature SEEKING_SPEED(BIT 9) support: true
05-01 18:39:43.655 W/AudioMediaPlayerWrapper( 1196): onPlaybackStateChanged(): com.streamfr.app tried to update with no new data
05-01 18:39:43.656 W/AudioMediaPlayerWrapper( 1196): onPlaybackStateChanged(): com.streamfr.app tried to update with no new data
05-01 18:39:43.657 W/AudioMediaPlayerWrapper( 1196): onQueueChanged(): com.streamfr.app tried to update with no new data
05-01 18:39:43.659 W/AudioMediaPlayerWrapper( 1196): onQueueChanged(): com.streamfr.app tried to update with no new data
05-01 18:39:44.092 I/artd    (  767): Dex parent of /data/app/~~2lK9jcDK3yWLFp943EZxqQ==/com.google.android.gms-us3Y_ikr7H5W-4gGc6z7iQ==/base.apk is not writable: Permission denied
05-01 18:39:44.092 I/artd    (  767): GetBestInfo checking odex in dalvik-cache (/data/dalvik-cache/x86_64/data@app@~~2lK9jcDK3yWLFp943EZxqQ==@com.google.android.gms-us3Y_ikr7H5W-4gGc6z7iQ==@base.apk@classes.dex)
05-01 18:39:44.092 I/artd    (  767): Loading /data/dalvik-cache/x86_64/data@app@~~2lK9jcDK3yWLFp943EZxqQ==@com.google.android.gms-us3Y_ikr7H5W-4gGc6z7iQ==@base.apk@classes.dex with executable: 0
05-01 18:39:44.092 I/artd    (  767): OatFileAssistant test for existing oat file /data/dalvik-cache/x86_64/data@app@~~2lK9jcDK3yWLFp943EZxqQ==@com.google.android.gms-us3Y_ikr7H5W-4gGc6z7iQ==@base.apk@classes.dex: File /data/dalvik-cache/x86_64/data@app@~~2lK9jcDK3yWLFp943EZxqQ==@com.google.android.gms-us3Y_ikr7H5W-4gGc6z7iQ==@base.apk@classes.vdex does not exist.
05-01 18:39:44.092 I/artd    (  767): GetBestInfo checking odex next to the dex file (/data/app/~~2lK9jcDK3yWLFp943EZxqQ==/com.google.android.gms-us3Y_ikr7H5W-4gGc6z7iQ==/oat/x86_64/base.odex)
05-01 18:39:44.092 I/artd    (  767): Loading /data/app/~~2lK9jcDK3yWLFp943EZxqQ==/com.google.android.gms-us3Y_ikr7H5W-4gGc6z7iQ==/oat/x86_64/base.odex with executable: 0
05-01 18:39:44.093 I/artd    (  767): Successfully loaded /data/app/~~2lK9jcDK3yWLFp943EZxqQ==/com.google.android.gms-us3Y_ikr7H5W-4gGc6z7iQ==/oat/x86_64/base.odex with executable: 0
05-01 18:39:44.093 I/artd    (  767): /data/app/~~2lK9jcDK3yWLFp943EZxqQ==/com.google.android.gms-us3Y_ikr7H5W-4gGc6z7iQ==/oat/x86_64/base.odex is kOatUpToDate with filter speed-profile
05-01 18:39:44.094 I/artd    (  767): Dex parent of /data/app/~~2lK9jcDK3yWLFp943EZxqQ==/com.google.android.gms-us3Y_ikr7H5W-4gGc6z7iQ==/split_AdsDynamite_installtime.apk is not writable: Permission denied
05-01 18:39:44.094 I/artd    (  767): GetBestInfo checking odex in dalvik-cache (/data/dalvik-cache/x86_64/data@app@~~2lK9jcDK3yWLFp943EZxqQ==@com.google.android.gms-us3Y_ikr7H5W-4gGc6z7iQ==@split_AdsDynamite_installtime.apk@classes.dex)
05-01 18:39:44.094 I/artd    (  767): Loading /data/dalvik-cache/x86_64/data@app@~~2lK9jcDK3yWLFp943EZxqQ==@com.google.android.gms-us3Y_ikr7H5W-4gGc6z7iQ==@split_AdsDynamite_installtime.apk@classes.dex with executable: 0
05-01 18:39:44.094 I/artd    (  767): OatFileAssistant test for existing oat file /data/dalvik-cache/x86_64/data@app@~~2lK9jcDK3yWLFp943EZxqQ==@com.google.android.gms-us3Y_ikr7H5W-4gGc6z7iQ==@split_AdsDynamite_installtime.apk@classes.dex: File /data/dalvik-cache/x86_64/data@app@~~2lK9jcDK3yWLFp943EZxqQ==@com.google.android.gms-us3Y_ikr7H5W-4gGc6z7iQ==@split_AdsDynamite_installtime.apk@classes.vdex does not exist.
05-01 18:39:44.094 I/artd    (  767): GetBestInfo checking odex next to the dex file (/data/app/~~2lK9jcDK3yWLFp943EZxqQ==/com.google.android.gms-us3Y_ikr7H5W-4gGc6z7iQ==/oat/x86_64/split_AdsDynamite_installtime.odex)
05-01 18:39:44.094 I/artd    (  767): Loading /data/app/~~2lK9jcDK3yWLFp943EZxqQ==/com.google.android.gms-us3Y_ikr7H5W-4gGc6z7iQ==/oat/x86_64/split_AdsDynamite_installtime.odex with executable: 0
05-01 18:39:44.095 I/artd    (  767): Successfully loaded /data/app/~~2lK9jcDK3yWLFp943EZxqQ==/com.google.android.gms-us3Y_ikr7H5W-4gGc6z7iQ==/oat/x86_64/split_AdsDynamite_installtime.odex with executable: 0
05-01 18:39:44.095 I/artd    (  767): /data/app/~~2lK9jcDK3yWLFp943EZxqQ==/com.google.android.gms-us3Y_ikr7H5W-4gGc6z7iQ==/oat/x86_64/split_AdsDynamite_installtime.odex is kOatUpToDate with filter speed
05-01 18:39:44.096 I/artd    (  767): Dex parent of /data/app/~~2lK9jcDK3yWLFp943EZxqQ==/com.google.android.gms-us3Y_ikr7H5W-4gGc6z7iQ==/split_CronetDynamite_installtime.apk is not writable: Permission denied
05-01 18:39:44.096 I/artd    (  767): GetBestInfo checking odex in dalvik-cache (/data/dalvik-cache/x86_64/data@app@~~2lK9jcDK3yWLFp943EZxqQ==@com.google.android.gms-us3Y_ikr7H5W-4gGc6z7iQ==@split_CronetDynamite_installtime.apk@classes.dex)
05-01 18:39:44.096 I/artd    (  767): Loading /data/dalvik-cache/x86_64/data@app@~~2lK9jcDK3yWLFp943EZxqQ==@com.google.android.gms-us3Y_ikr7H5W-4gGc6z7iQ==@split_CronetDynamite_installtime.apk@classes.dex with executable: 0
05-01 18:39:44.096 I/artd    (  767): OatFileAssistant test for existing oat file /data/dalvik-cache/x86_64/data@app@~~2lK9jcDK3yWLFp943EZxqQ==@com.google.android.gms-us3Y_ikr7H5W-4gGc6z7iQ==@split_CronetDynamite_installtime.apk@classes.dex: File /data/dalvik-cache/x86_64/data@app@~~2lK9jcDK3yWLFp943EZxqQ==@com.google.android.gms-us3Y_ikr7H5W-4gGc6z7iQ==@split_CronetDynamite_installtime.apk@classes.vdex does not exist.
05-01 18:39:44.096 I/artd    (  767): GetBestInfo checking odex next to the dex file (/data/app/~~2lK9jcDK3yWLFp943EZxqQ==/com.google.android.gms-us3Y_ikr7H5W-4gGc6z7iQ==/oat/x86_64/split_CronetDynamite_installtime.odex)
05-01 18:39:44.096 I/artd    (  767): Loading /data/app/~~2lK9jcDK3yWLFp943EZxqQ==/com.google.android.gms-us3Y_ikr7H5W-4gGc6z7iQ==/oat/x86_64/split_CronetDynamite_installtime.odex with executable: 0
05-01 18:39:44.096 I/artd    (  767): Successfully loaded /data/app/~~2lK9jcDK3yWLFp943EZxqQ==/com.google.android.gms-us3Y_ikr7H5W-4gGc6z7iQ==/oat/x86_64/split_CronetDynamite_installtime.odex with executable: 0
05-01 18:39:44.096 I/artd    (  767): /data/app/~~2lK9jcDK3yWLFp943EZxqQ==/com.google.android.gms-us3Y_ikr7H5W-4gGc6z7iQ==/oat/x86_64/split_CronetDynamite_installtime.odex is kOatUpToDate with filter speed
05-01 18:39:44.098 I/artd    (  767): Dex parent of /data/app/~~2lK9jcDK3yWLFp943EZxqQ==/com.google.android.gms-us3Y_ikr7H5W-4gGc6z7iQ==/split_DynamiteLoader_installtime.apk is not writable: Permission denied
05-01 18:39:44.098 I/artd    (  767): GetBestInfo checking odex in dalvik-cache (/data/dalvik-cache/x86_64/data@app@~~2lK9jcDK3yWLFp943EZxqQ==@com.google.android.gms-us3Y_ikr7H5W-4gGc6z7iQ==@split_DynamiteLoader_installtime.apk@classes.dex)
05-01 18:39:44.098 I/artd    (  767): Loading /data/dalvik-cache/x86_64/data@app@~~2lK9jcDK3yWLFp943EZxqQ==@com.google.android.gms-us3Y_ikr7H5W-4gGc6z7iQ==@split_DynamiteLoader_installtime.apk@classes.dex with executable: 0
05-01 18:39:44.098 I/artd    (  767): OatFileAssistant test for existing oat file /data/dalvik-cache/x86_64/data@app@~~2lK9jcDK3yWLFp943EZxqQ==@com.google.android.gms-us3Y_ikr7H5W-4gGc6z7iQ==@split_DynamiteLoader_installtime.apk@classes.dex: File /data/dalvik-cache/x86_64/data@app@~~2lK9jcDK3yWLFp943EZxqQ==@com.google.android.gms-us3Y_ikr7H5W-4gGc6z7iQ==@split_DynamiteLoader_installtime.apk@classes.vdex does not exist.
05-01 18:39:44.098 I/artd    (  767): GetBestInfo checking odex next to the dex file (/data/app/~~2lK9jcDK3yWLFp943EZxqQ==/com.google.android.gms-us3Y_ikr7H5W-4gGc6z7iQ==/oat/x86_64/split_DynamiteLoader_installtime.odex)
05-01 18:39:44.098 I/artd    (  767): Loading /data/app/~~2lK9jcDK3yWLFp943EZxqQ==/com.google.android.gms-us3Y_ikr7H5W-4gGc6z7iQ==/oat/x86_64/split_DynamiteLoader_installtime.odex with executable: 0
05-01 18:39:44.099 I/artd    (  767): Successfully loaded /data/app/~~2lK9jcDK3yWLFp943EZxqQ==/com.google.android.gms-us3Y_ikr7H5W-4gGc6z7iQ==/oat/x86_64/split_DynamiteLoader_installtime.odex with executable: 0
05-01 18:39:44.099 I/artd    (  767): /data/app/~~2lK9jcDK3yWLFp943EZxqQ==/com.google.android.gms-us3Y_ikr7H5W-4gGc6z7iQ==/oat/x86_64/split_DynamiteLoader_installtime.odex is kOatUpToDate with filter speed
05-01 18:39:44.102 I/artd    (  767): Dex parent of /data/app/~~2lK9jcDK3yWLFp943EZxqQ==/com.google.android.gms-us3Y_ikr7H5W-4gGc6z7iQ==/split_DynamiteModulesA_installtime.apk is not writable: Permission denied
05-01 18:39:44.102 I/artd    (  767): GetBestInfo checking odex in dalvik-cache (/data/dalvik-cache/x86_64/data@app@~~2lK9jcDK3yWLFp943EZxqQ==@com.google.android.gms-us3Y_ikr7H5W-4gGc6z7iQ==@split_DynamiteModulesA_installtime.apk@classes.dex)
05-01 18:39:44.102 I/artd    (  767): Loading /data/dalvik-cache/x86_64/data@app@~~2lK9jcDK3yWLFp943EZxqQ==@com.google.android.gms-us3Y_ikr7H5W-4gGc6z7iQ==@split_DynamiteModulesA_installtime.apk@classes.dex with executable: 0
05-01 18:39:44.102 I/artd    (  767): OatFileAssistant test for existing oat file /data/dalvik-cache/x86_64/data@app@~~2lK9jcDK3yWLFp943EZxqQ==@com.google.android.gms-us3Y_ikr7H5W-4gGc6z7iQ==@split_DynamiteModulesA_installtime.apk@classes.dex: File /data/dalvik-cache/x86_64/data@app@~~2lK9jcDK3yWLFp943EZxqQ==@com.google.android.gms-us3Y_ikr7H5W-4gGc6z7iQ==@split_DynamiteModulesA_installtime.apk@classes.vdex does not exist.
05-01 18:39:44.102 I/artd    (  767): GetBestInfo checking odex next to the dex file (/data/app/~~2lK9jcDK3yWLFp943EZxqQ==/com.google.android.gms-us3Y_ikr7H5W-4gGc6z7iQ==/oat/x86_64/split_DynamiteModulesA_installtime.odex)
05-01 18:39:44.102 I/artd    (  767): Loading /data/app/~~2lK9jcDK3yWLFp943EZxqQ==/com.google.android.gms-us3Y_ikr7H5W-4gGc6z7iQ==/oat/x86_64/split_DynamiteModulesA_installtime.odex with executable: 0
05-01 18:39:44.103 I/artd    (  767): Successfully loaded /data/app/~~2lK9jcDK3yWLFp943EZxqQ==/com.google.android.gms-us3Y_ikr7H5W-4gGc6z7iQ==/oat/x86_64/split_DynamiteModulesA_installtime.odex with executable: 0
05-01 18:39:44.103 I/artd    (  767): /data/app/~~2lK9jcDK3yWLFp943EZxqQ==/com.google.android.gms-us3Y_ikr7H5W-4gGc6z7iQ==/oat/x86_64/split_DynamiteModulesA_installtime.odex is kOatUpToDate with filter speed
05-01 18:39:44.104 I/artd    (  767): Dex parent of /data/app/~~2lK9jcDK3yWLFp943EZxqQ==/com.google.android.gms-us3Y_ikr7H5W-4gGc6z7iQ==/split_DynamiteModulesC_installtime.apk is not writable: Permission denied
05-01 18:39:44.104 I/artd    (  767): GetBestInfo checking odex in dalvik-cache (/data/dalvik-cache/x86_64/data@app@~~2lK9jcDK3yWLFp943EZxqQ==@com.google.android.gms-us3Y_ikr7H5W-4gGc6z7iQ==@split_DynamiteModulesC_installtime.apk@classes.dex)
05-01 18:39:44.104 I/artd    (  767): Loading /data/dalvik-cache/x86_64/data@app@~~2lK9jcDK3yWLFp943EZxqQ==@com.google.android.gms-us3Y_ikr7H5W-4gGc6z7iQ==@split_DynamiteModulesC_installtime.apk@classes.dex with executable: 0
05-01 18:39:44.104 I/artd    (  767): OatFileAssistant test for existing oat file /data/dalvik-cache/x86_64/data@app@~~2lK9jcDK3yWLFp943EZxqQ==@com.google.android.gms-us3Y_ikr7H5W-4gGc6z7iQ==@split_DynamiteModulesC_installtime.apk@classes.dex: File /data/dalvik-cache/x86_64/data@app@~~2lK9jcDK3yWLFp943EZxqQ==@com.google.android.gms-us3Y_ikr7H5W-4gGc6z7iQ==@split_DynamiteModulesC_installtime.apk@classes.vdex does not exist.
05-01 18:39:44.104 I/artd    (  767): GetBestInfo checking odex next to the dex file (/data/app/~~2lK9jcDK3yWLFp943EZxqQ==/com.google.android.gms-us3Y_ikr7H5W-4gGc6z7iQ==/oat/x86_64/split_DynamiteModulesC_installtime.odex)
05-01 18:39:44.104 I/artd    (  767): Loading /data/app/~~2lK9jcDK3yWLFp943EZxqQ==/com.google.android.gms-us3Y_ikr7H5W-4gGc6z7iQ==/oat/x86_64/split_DynamiteModulesC_installtime.odex with executable: 0
05-01 18:39:44.104 I/artd    (  767): Successfully loaded /data/app/~~2lK9jcDK3yWLFp943EZxqQ==/com.google.android.gms-us3Y_ikr7H5W-4gGc6z7iQ==/oat/x86_64/split_DynamiteModulesC_installtime.odex with executable: 0
05-01 18:39:44.104 I/artd    (  767): /data/app/~~2lK9jcDK3yWLFp943EZxqQ==/com.google.android.gms-us3Y_ikr7H5W-4gGc6z7iQ==/oat/x86_64/split_DynamiteModulesC_installtime.odex is kOatUpToDate with filter speed
05-01 18:39:44.105 I/artd    (  767): Dex parent of /data/app/~~2lK9jcDK3yWLFp943EZxqQ==/com.google.android.gms-us3Y_ikr7H5W-4gGc6z7iQ==/split_GoogleCertificates_installtime.apk is not writable: Permission denied
05-01 18:39:44.106 I/artd    (  767): GetBestInfo checking odex in dalvik-cache (/data/dalvik-cache/x86_64/data@app@~~2lK9jcDK3yWLFp943EZxqQ==@com.google.android.gms-us3Y_ikr7H5W-4gGc6z7iQ==@split_GoogleCertificates_installtime.apk@classes.dex)
05-01 18:39:44.106 I/artd    (  767): Loading /data/dalvik-cache/x86_64/data@app@~~2lK9jcDK3yWLFp943EZxqQ==@com.google.android.gms-us3Y_ikr7H5W-4gGc6z7iQ==@split_GoogleCertificates_installtime.apk@classes.dex with executable: 0
05-01 18:39:44.106 I/artd    (  767): OatFileAssistant test for existing oat file /data/dalvik-cache/x86_64/data@app@~~2lK9jcDK3yWLFp943EZxqQ==@com.google.android.gms-us3Y_ikr7H5W-4gGc6z7iQ==@split_GoogleCertificates_installtime.apk@classes.dex: File /data/dalvik-cache/x86_64/data@app@~~2lK9jcDK3yWLFp943EZxqQ==@com.google.android.gms-us3Y_ikr7H5W-4gGc6z7iQ==@split_GoogleCertificates_installtime.apk@classes.vdex does not exist.
05-01 18:39:44.106 I/artd    (  767): GetBestInfo checking odex next to the dex file (/data/app/~~2lK9jcDK3yWLFp943EZxqQ==/com.google.android.gms-us3Y_ikr7H5W-4gGc6z7iQ==/oat/x86_64/split_GoogleCertificates_installtime.odex)
05-01 18:39:44.106 I/artd    (  767): Loading /data/app/~~2lK9jcDK3yWLFp943EZxqQ==/com.google.android.gms-us3Y_ikr7H5W-4gGc6z7iQ==/oat/x86_64/split_GoogleCertificates_installtime.odex with executable: 0
05-01 18:39:44.106 I/artd    (  767): Successfully loaded /data/app/~~2lK9jcDK3yWLFp943EZxqQ==/com.google.android.gms-us3Y_ikr7H5W-4gGc6z7iQ==/oat/x86_64/split_GoogleCertificates_installtime.odex with executable: 0
05-01 18:39:44.106 I/artd    (  767): /data/app/~~2lK9jcDK3yWLFp943EZxqQ==/com.google.android.gms-us3Y_ikr7H5W-4gGc6z7iQ==/oat/x86_64/split_GoogleCertificates_installtime.odex is kOatUpToDate with filter speed
05-01 18:39:44.107 I/artd    (  767): Dex parent of /data/app/~~2lK9jcDK3yWLFp943EZxqQ==/com.google.android.gms-us3Y_ikr7H5W-4gGc6z7iQ==/split_MapsDynamite_installtime.apk is not writable: Permission denied
05-01 18:39:44.107 I/artd    (  767): GetBestInfo checking odex in dalvik-cache (/data/dalvik-cache/x86_64/data@app@~~2lK9jcDK3yWLFp943EZxqQ==@com.google.android.gms-us3Y_ikr7H5W-4gGc6z7iQ==@split_MapsDynamite_installtime.apk@classes.dex)
05-01 18:39:44.107 I/artd    (  767): Loading /data/dalvik-cache/x86_64/data@app@~~2lK9jcDK3yWLFp943EZxqQ==@com.google.android.gms-us3Y_ikr7H5W-4gGc6z7iQ==@split_MapsDynamite_installtime.apk@classes.dex with executable: 0
05-01 18:39:44.107 I/artd    (  767): OatFileAssistant test for existing oat file /data/dalvik-cache/x86_64/data@app@~~2lK9jcDK3yWLFp943EZxqQ==@com.google.android.gms-us3Y_ikr7H5W-4gGc6z7iQ==@split_MapsDynamite_installtime.apk@classes.dex: File /data/dalvik-cache/x86_64/data@app@~~2lK9jcDK3yWLFp943EZxqQ==@com.google.android.gms-us3Y_ikr7H5W-4gGc6z7iQ==@split_MapsDynamite_installtime.apk@classes.vdex does not exist.
05-01 18:39:44.107 I/artd    (  767): GetBestInfo checking odex next to the dex file (/data/app/~~2lK9jcDK3yWLFp943EZxqQ==/com.google.android.gms-us3Y_ikr7H5W-4gGc6z7iQ==/oat/x86_64/split_MapsDynamite_installtime.odex)
05-01 18:39:44.107 I/artd    (  767): Loading /data/app/~~2lK9jcDK3yWLFp943EZxqQ==/com.google.android.gms-us3Y_ikr7H5W-4gGc6z7iQ==/oat/x86_64/split_MapsDynamite_installtime.odex with executable: 0
05-01 18:39:44.107 I/artd    (  767): Successfully loaded /data/app/~~2lK9jcDK3yWLFp943EZxqQ==/com.google.android.gms-us3Y_ikr7H5W-4gGc6z7iQ==/oat/x86_64/split_MapsDynamite_installtime.odex with executable: 0
05-01 18:39:44.107 I/artd    (  767): /data/app/~~2lK9jcDK3yWLFp943EZxqQ==/com.google.android.gms-us3Y_ikr7H5W-4gGc6z7iQ==/oat/x86_64/split_MapsDynamite_installtime.odex is kOatUpToDate with filter speed
05-01 18:39:44.107 I/artd    (  767): Dex parent of /data/app/~~2lK9jcDK3yWLFp943EZxqQ==/com.google.android.gms-us3Y_ikr7H5W-4gGc6z7iQ==/split_MeasurementDynamite_installtime.apk is not writable: Permission denied
05-01 18:39:44.107 I/artd    (  767): GetBestInfo checking odex in dalvik-cache (/data/dalvik-cache/x86_64/data@app@~~2lK9jcDK3yWLFp943EZxqQ==@com.google.android.gms-us3Y_ikr7H5W-4gGc6z7iQ==@split_MeasurementDynamite_installtime.apk@classes.dex)
05-01 18:39:44.108 I/artd    (  767): Loading /data/dalvik-cache/x86_64/data@app@~~2lK9jcDK3yWLFp943EZxqQ==@com.google.android.gms-us3Y_ikr7H5W-4gGc6z7iQ==@split_MeasurementDynamite_installtime.apk@classes.dex with executable: 0
05-01 18:39:44.108 I/artd    (  767): OatFileAssistant test for existing oat file /data/dalvik-cache/x86_64/data@app@~~2lK9jcDK3yWLFp943EZxqQ==@com.google.android.gms-us3Y_ikr7H5W-4gGc6z7iQ==@split_MeasurementDynamite_installtime.apk@classes.dex: File /data/dalvik-cache/x86_64/data@app@~~2lK9jcDK3yWLFp943EZxqQ==@com.google.android.gms-us3Y_ikr7H5W-4gGc6z7iQ==@split_MeasurementDynamite_installtime.apk@classes.vdex does not exist.
05-01 18:39:44.108 I/artd    (  767): GetBestInfo checking odex next to the dex file (/data/app/~~2lK9jcDK3yWLFp943EZxqQ==/com.google.android.gms-us3Y_ikr7H5W-4gGc6z7iQ==/oat/x86_64/split_MeasurementDynamite_installtime.odex)
05-01 18:39:44.108 I/artd    (  767): Loading /data/app/~~2lK9jcDK3yWLFp943EZxqQ==/com.google.android.gms-us3Y_ikr7H5W-4gGc6z7iQ==/oat/x86_64/split_MeasurementDynamite_installtime.odex with executable: 0
05-01 18:39:44.108 I/artd    (  767): Successfully loaded /data/app/~~2lK9jcDK3yWLFp943EZxqQ==/com.google.android.gms-us3Y_ikr7H5W-4gGc6z7iQ==/oat/x86_64/split_MeasurementDynamite_installtime.odex with executable: 0
05-01 18:39:44.108 I/artd    (  767): /data/app/~~2lK9jcDK3yWLFp943EZxqQ==/com.google.android.gms-us3Y_ikr7H5W-4gGc6z7iQ==/oat/x86_64/split_MeasurementDynamite_installtime.odex is kOatUpToDate with filter speed
05-01 18:39:44.108 I/artd    (  767): Dex parent of /data/app/~~2lK9jcDK3yWLFp943EZxqQ==/com.google.android.gms-us3Y_ikr7H5W-4gGc6z7iQ==/split_all_locale_splits.apk is not writable: Permission denied
05-01 18:39:44.108 I/artd    (  767): GetBestInfo checking odex in dalvik-cache (/data/dalvik-cache/x86_64/data@app@~~2lK9jcDK3yWLFp943EZxqQ==@com.google.android.gms-us3Y_ikr7H5W-4gGc6z7iQ==@split_all_locale_splits.apk@classes.dex)
05-01 18:39:44.108 I/artd    (  767): Loading /data/dalvik-cache/x86_64/data@app@~~2lK9jcDK3yWLFp943EZxqQ==@com.google.android.gms-us3Y_ikr7H5W-4gGc6z7iQ==@split_all_locale_splits.apk@classes.dex with executable: 0
05-01 18:39:44.108 I/artd    (  767): OatFileAssistant test for existing oat file /data/dalvik-cache/x86_64/data@app@~~2lK9jcDK3yWLFp943EZxqQ==@com.google.android.gms-us3Y_ikr7H5W-4gGc6z7iQ==@split_all_locale_splits.apk@classes.dex: File /data/dalvik-cache/x86_64/data@app@~~2lK9jcDK3yWLFp943EZxqQ==@com.google.android.gms-us3Y_ikr7H5W-4gGc6z7iQ==@split_all_locale_splits.apk@classes.vdex does not exist.
05-01 18:39:44.108 I/artd    (  767): GetBestInfo checking odex next to the dex file (/data/app/~~2lK9jcDK3yWLFp943EZxqQ==/com.google.android.gms-us3Y_ikr7H5W-4gGc6z7iQ==/oat/x86_64/split_all_locale_splits.odex)
05-01 18:39:44.108 I/artd    (  767): Loading /data/app/~~2lK9jcDK3yWLFp943EZxqQ==/com.google.android.gms-us3Y_ikr7H5W-4gGc6z7iQ==/oat/x86_64/split_all_locale_splits.odex with executable: 0
05-01 18:39:44.109 I/artd    (  767): Successfully loaded /data/app/~~2lK9jcDK3yWLFp943EZxqQ==/com.google.android.gms-us3Y_ikr7H5W-4gGc6z7iQ==/oat/x86_64/split_all_locale_splits.odex with executable: 0
05-01 18:39:44.109 I/artd    (  767): /data/app/~~2lK9jcDK3yWLFp943EZxqQ==/com.google.android.gms-us3Y_ikr7H5W-4gGc6z7iQ==/oat/x86_64/split_all_locale_splits.odex is kOatUpToDate with filter speed
05-01 18:39:44.110 I/artd    (  767): Dex parent of /data/user/0/com.google.android.gms/app_dg_cache/3C99312020F0F0D70782F583B896FDDF9030AAF4/the.apk is not writable: Permission denied
05-01 18:39:44.110 I/artd    (  767): GetBestInfo checking odex in dalvik-cache (/data/dalvik-cache/x86_64/data@user@0@com.google.android.gms@app_dg_cache@3C99312020F0F0D70782F583B896FDDF9030AAF4@the.apk@classes.dex)
05-01 18:39:44.110 I/artd    (  767): Loading /data/dalvik-cache/x86_64/data@user@0@com.google.android.gms@app_dg_cache@3C99312020F0F0D70782F583B896FDDF9030AAF4@the.apk@classes.dex with executable: 0
05-01 18:39:44.110 I/artd    (  767): OatFileAssistant test for existing oat file /data/dalvik-cache/x86_64/data@user@0@com.google.android.gms@app_dg_cache@3C99312020F0F0D70782F583B896FDDF9030AAF4@the.apk@classes.dex: File /data/dalvik-cache/x86_64/data@user@0@com.google.android.gms@app_dg_cache@3C99312020F0F0D70782F583B896FDDF9030AAF4@the.apk@classes.vdex does not exist.
05-01 18:39:44.110 I/artd    (  767): GetBestInfo checking odex next to the dex file (/data/user/0/com.google.android.gms/app_dg_cache/3C99312020F0F0D70782F583B896FDDF9030AAF4/oat/x86_64/the.odex)
05-01 18:39:44.110 I/artd    (  767): Loading /data/user/0/com.google.android.gms/app_dg_cache/3C99312020F0F0D70782F583B896FDDF9030AAF4/oat/x86_64/the.odex with executable: 0
05-01 18:39:44.110 I/artd    (  767): OatFileAssistant test for existing oat file /data/user/0/com.google.android.gms/app_dg_cache/3C99312020F0F0D70782F583B896FDDF9030AAF4/oat/x86_64/the.odex: Failed to open oat filename for reading: No such file or directory
05-01 18:39:44.110 I/artd    (  767): GetBestInfo checking vdex in dalvik-cache (/data/dalvik-cache/x86_64/data@user@0@com.google.android.gms@app_dg_cache@3C99312020F0F0D70782F583B896FDDF9030AAF4@the.apk@classes.vdex)
05-01 18:39:44.110 I/artd    (  767): unable to open vdex file /data/dalvik-cache/x86_64/data@user@0@com.google.android.gms@app_dg_cache@3C99312020F0F0D70782F583B896FDDF9030AAF4@the.apk@classes.vdex: File /data/dalvik-cache/x86_64/data@user@0@com.google.android.gms@app_dg_cache@3C99312020F0F0D70782F583B896FDDF9030AAF4@the.apk@classes.vdex does not exist.
05-01 18:39:44.110 I/artd    (  767): OatFileAssistant test for existing oat file /data/dalvik-cache/x86_64/data@user@0@com.google.android.gms@app_dg_cache@3C99312020F0F0D70782F583B896FDDF9030AAF4@the.apk@classes.vdex: File /data/dalvik-cache/x86_64/data@user@0@com.google.android.gms@app_dg_cache@3C99312020F0F0D70782F583B896FDDF9030AAF4@the.apk@classes.vdex does not exist.
05-01 18:39:44.110 I/artd    (  767): GetBestInfo checking vdex next to the dex file (/data/user/0/com.google.android.gms/app_dg_cache/3C99312020F0F0D70782F583B896FDDF9030AAF4/oat/x86_64/the.vdex)
05-01 18:39:44.110 I/artd    (  767): Successfully loaded /data/user/0/com.google.android.gms/app_dg_cache/3C99312020F0F0D70782F583B896FDDF9030AAF4/oat/x86_64/the.vdex with executable: 0
05-01 18:39:44.110 I/artd    (  767): Image checksum test skipped for vdex file /data/user/0/com.google.android.gms/app_dg_cache/3C99312020F0F0D70782F583B896FDDF9030AAF4/oat/x86_64/the.vdex
05-01 18:39:44.110 I/artd    (  767): /data/user/0/com.google.android.gms/app_dg_cache/3C99312020F0F0D70782F583B896FDDF9030AAF4/oat/x86_64/the.vdex is kOatUpToDate with filter verify
05-01 18:39:44.110 I/artd    (  767): Dex parent of /data/user_de/0/com.google.android.gms/app_chimera/m/00000002/DynamiteLoader.uncompressed.apk is not writable: No such file or directory
05-01 18:39:44.110 I/artd    (  767): GetBestInfo checking odex in dalvik-cache (/data/dalvik-cache/x86_64/data@user_de@0@com.google.android.gms@app_chimera@m@00000002@DynamiteLoader.uncompressed.apk@classes.dex)
05-01 18:39:44.110 I/artd    (  767): Loading /data/dalvik-cache/x86_64/data@user_de@0@com.google.android.gms@app_chimera@m@00000002@DynamiteLoader.uncompressed.apk@classes.dex with executable: 0
05-01 18:39:44.110 I/artd    (  767): OatFileAssistant test for existing oat file /data/dalvik-cache/x86_64/data@user_de@0@com.google.android.gms@app_chimera@m@00000002@DynamiteLoader.uncompressed.apk@classes.dex: File /data/dalvik-cache/x86_64/data@user_de@0@com.google.android.gms@app_chimera@m@00000002@DynamiteLoader.uncompressed.apk@classes.vdex does not exist.
05-01 18:39:44.110 I/artd    (  767): GetBestInfo checking odex next to the dex file (/data/user_de/0/com.google.android.gms/app_chimera/m/00000002/oat/x86_64/DynamiteLoader.uncompressed.odex)
05-01 18:39:44.110 I/artd    (  767): Loading /data/user_de/0/com.google.android.gms/app_chimera/m/00000002/oat/x86_64/DynamiteLoader.uncompressed.odex with executable: 0
05-01 18:39:44.110 I/artd    (  767): OatFileAssistant test for existing oat file /data/user_de/0/com.google.android.gms/app_chimera/m/00000002/oat/x86_64/DynamiteLoader.uncompressed.odex: File /data/user_de/0/com.google.android.gms/app_chimera/m/00000002/oat/x86_64/DynamiteLoader.uncompressed.vdex does not exist.
05-01 18:39:44.110 I/artd    (  767): GetBestInfo checking vdex in dalvik-cache (/data/dalvik-cache/x86_64/data@user_de@0@com.google.android.gms@app_chimera@m@00000002@DynamiteLoader.uncompressed.apk@classes.vdex)
05-01 18:39:44.110 I/artd    (  767): unable to open vdex file /data/dalvik-cache/x86_64/data@user_de@0@com.google.android.gms@app_chimera@m@00000002@DynamiteLoader.uncompressed.apk@classes.vdex: File /data/dalvik-cache/x86_64/data@user_de@0@com.google.android.gms@app_chimera@m@00000002@DynamiteLoader.uncompressed.apk@classes.vdex does not exist.
05-01 18:39:44.110 I/artd    (  767): OatFileAssistant test for existing oat file /data/dalvik-cache/x86_64/data@user_de@0@com.google.android.gms@app_chimera@m@00000002@DynamiteLoader.uncompressed.apk@classes.vdex: File /data/dalvik-cache/x86_64/data@user_de@0@com.google.android.gms@app_chimera@m@00000002@DynamiteLoader.uncompressed.apk@classes.vdex does not exist.
05-01 18:39:44.110 I/artd    (  767): GetBestInfo checking vdex next to the dex file (/data/user_de/0/com.google.android.gms/app_chimera/m/00000002/oat/x86_64/DynamiteLoader.uncompressed.vdex)
05-01 18:39:44.110 I/artd    (  767): unable to open vdex file /data/user_de/0/com.google.android.gms/app_chimera/m/00000002/oat/x86_64/DynamiteLoader.uncompressed.vdex: File /data/user_de/0/com.google.android.gms/app_chimera/m/00000002/oat/x86_64/DynamiteLoader.uncompressed.vdex does not exist.
05-01 18:39:44.110 I/artd    (  767): OatFileAssistant test for existing oat file /data/user_de/0/com.google.android.gms/app_chimera/m/00000002/oat/x86_64/DynamiteLoader.uncompressed.vdex: File /data/user_de/0/com.google.android.gms/app_chimera/m/00000002/oat/x86_64/DynamiteLoader.uncompressed.vdex does not exist.
05-01 18:39:44.110 I/artd    (  767): GetBestInfo checking dm (/data/user_de/0/com.google.android.gms/app_chimera/m/00000002/DynamiteLoader.uncompressed.dm)
05-01 18:39:44.111 W/ziparchive(  767): Unable to open '/data/user_de/0/com.google.android.gms/app_chimera/m/00000002/DynamiteLoader.uncompressed.dm': No such file or directory
05-01 18:39:44.111 I/artd    (  767): OatFileAssistant test for existing oat file /data/user_de/0/com.google.android.gms/app_chimera/m/00000002/DynamiteLoader.uncompressed.dm: I/O error
05-01 18:39:44.111 I/artd    (  767): GetBestInfo checking dm (/data/user_de/0/com.google.android.gms/app_chimera/m/00000002/DynamiteLoader.uncompressed.dm)
05-01 18:39:44.111 W/ziparchive(  767): Unable to open '/data/user_de/0/com.google.android.gms/app_chimera/m/00000002/DynamiteLoader.uncompressed.dm': No such file or directory
05-01 18:39:44.111 I/artd    (  767): OatFileAssistant test for existing oat file /data/user_de/0/com.google.android.gms/app_chimera/m/00000002/DynamiteLoader.uncompressed.dm: I/O error
05-01 18:39:44.111 I/artd    (  767): GetBestInfo no usable artifacts
05-01 18:39:44.111 I/artd    (  767): Dex parent of /data/user_de/0/com.google.android.gms/app_chimera/m/00000005/GoogleCertificates.apk is not writable: No such file or directory
05-01 18:39:44.111 I/artd    (  767): GetBestInfo checking odex in dalvik-cache (/data/dalvik-cache/x86_64/data@user_de@0@com.google.android.gms@app_chimera@m@00000005@GoogleCertificates.apk@classes.dex)
05-01 18:39:44.111 I/artd    (  767): Loading /data/dalvik-cache/x86_64/data@user_de@0@com.google.android.gms@app_chimera@m@00000005@GoogleCertificates.apk@classes.dex with executable: 0
05-01 18:39:44.111 I/artd    (  767): OatFileAssistant test for existing oat file /data/dalvik-cache/x86_64/data@user_de@0@com.google.android.gms@app_chimera@m@00000005@GoogleCertificates.apk@classes.dex: File /data/dalvik-cache/x86_64/data@user_de@0@com.google.android.gms@app_chimera@m@00000005@GoogleCertificates.apk@classes.vdex does not exist.
05-01 18:39:44.111 I/artd    (  767): GetBestInfo checking odex next to the dex file (/data/user_de/0/com.google.android.gms/app_chimera/m/00000005/oat/x86_64/GoogleCertificates.odex)
05-01 18:39:44.111 I/artd    (  767): Loading /data/user_de/0/com.google.android.gms/app_chimera/m/00000005/oat/x86_64/GoogleCertificates.odex with executable: 0
05-01 18:39:44.111 I/artd    (  767): OatFileAssistant test for existing oat file /data/user_de/0/com.google.android.gms/app_chimera/m/00000005/oat/x86_64/GoogleCertificates.odex: File /data/user_de/0/com.google.android.gms/app_chimera/m/00000005/oat/x86_64/GoogleCertificates.vdex does not exist.
