05-01 18:27:58.043 I/artd    (  767): Opened FDs: 6:/data/app/~~2lK9jcDK3yWLFp943EZxqQ==/com.google.android.gms-us3Y_ikr7H5W-4gGc6z7iQ==/split_MeasurementDynamite_installtime.apk 7:/data/app/~~2lK9jcDK3yWLFp943EZxqQ==/com.google.android.gms-us3Y_ikr7H5W-4gGc6z7iQ==/oat/x86_64/split_MeasurementDynamite_installtime.odex.tLU0Nk.tmp 8:/data/app/~~2lK9jcDK3yWLFp943EZxqQ==/com.google.android.gms-us3Y_ikr7H5W-4gGc6z7iQ==/oat/x86_64/split_MeasurementDynamite_installtime.vdex.xRyicR.tmp 9:/data/app/~~2lK9jcDK3yWLFp943EZxqQ==/com.google.android.gms-us3Y_ikr7H5W-4gGc6z7iQ==/oat/x86_64/split_MeasurementDynamite_installtime.odex.swap.ha7fPJ.tmp 10:/data/app/~~2lK9jcDK3yWLFp943EZxqQ==/com.google.android.gms-us3Y_ikr7H5W-4gGc6z7iQ==/base.apk 11:/system_ext/framework/androidx.window.sidecar.jar 12:/system_ext/framework/androidx.window.extensions.jar 13:/system/framework/com.android.media.remotedisplay.jar 14:/system/framework/com.android.location.provider.jar 15:/system/framework/org.apache.http.legacy.jar 16:/data/app/~~2lK9jcDK3yWLFp943EZxqQ==/com.google.android.gms-us3Y_ikr7H5W-4gGc6z7iQ==/split_MeasurementDynamite_installtime.dm 
05-01 18:27:58.087 W/dex2oat64( 6306): Obsolete flag --compact-dex-level ignored
05-01 18:27:58.088 W/dex2oat64( 6306): Unexpected CPU variant for x86: x86_64.
05-01 18:27:58.088 W/dex2oat64( 6306): Known variants: atom, sandybridge, silvermont, goldmont, goldmont-plus, goldmont-without-sha-xsaves, tremont, kabylake, default
05-01 18:27:58.089 W/dex2oat64( 6306): Mismatch between dex2oat instruction set features to use (ISA: X86_64 Feature string: -ssse3,-sse4.1,-sse4.2,-avx,-avx2,-popcnt) and those from CPP defines (ISA: X86_64 Feature string: ssse3,sse4.1,sse4.2,-avx,-avx2,popcnt) for the command line:
05-01 18:27:58.089 W/dex2oat64( 6306): /apex/com.android.art/bin/dex2oat64 --zip-fd=6 --zip-location=/data/app/~~2lK9jcDK3yWLFp943EZxqQ==/com.google.android.gms-us3Y_ikr7H5W-4gGc6z7iQ==/split_MeasurementDynamite_installtime.apk --oat-fd=7 --oat-location=/data/app/~~2lK9jcDK3yWLFp943EZxqQ==/com.google.android.gms-us3Y_ikr7H5W-4gGc6z7iQ==/oat/x86_64/split_MeasurementDynamite_installtime.odex --output-vdex-fd=8 --swap-fd=9 --class-loader-context-fds=10:11:12:13:14:15 --class-loader-context=DLC[];PCL[base.apk]{PCL[/system/framework/org.apache.http.legacy.jar]#PCL[/system/framework/com.android.location.provider.jar]#PCL[/system/framework/com.android.media.remotedisplay.jar]#PCL[/system_ext/framework/androidx.window.extensions.jar]#PCL[/system_ext/framework/androidx.window.sidecar.jar]} --classpath-dir=/data/app/~~2lK9jcDK3yWLFp943EZxqQ==/com.google.android.gms-us3Y_ikr7H5W-4gGc6z7iQ== --dm-fd=16 --instruction-set=x86_64 --instruction-set-features=default --instruction-set-variant=x86_64 --compiler-filter=speed --compilation-reason=install-dm --compact-dex-level=none --max-image-block-size=524288 --resolve-startup-const-strings=true --generate-mini-debug-info --runtime-arg -Xtarget-sdk-version:37 --runtime-arg -Xhidden-api-policy:enabled --runtime-arg -Xms64m --runtime-arg -Xmx512m --comments=app-name:com.google.android.gms,app-version-name:26.16.31 (260800-900800821),app-version-code:261631038,art-version:350820300
05-01 18:27:58.089 I/dex2oat64( 6306): /apex/com.android.art/bin/dex2oat64 --output-vdex-fd=8 --class-loader-context-fds=10:11:12:13:14:15 --class-loader-context=DLC[];PCL[base.apk]{PCL[/system/framework/org.apache.http.legacy.jar]#PCL[/system/framework/com.android.location.provider.jar]#PCL[/system/framework/com.android.media.remotedisplay.jar]#PCL[/system_ext/framework/androidx.window.extensions.jar]#PCL[/system_ext/framework/androidx.window.sidecar.jar]} --classpath-dir=/data/app/~~2lK9jcDK3yWLFp943EZxqQ==/com.google.android.gms-us3Y_ikr7H5W-4gGc6z7iQ== --dm-fd=16 --compiler-filter=speed --compilation-reason=install-dm --compact-dex-level=none --max-image-block-size=524288 --resolve-startup-const-strings=true --generate-mini-debug-info --comments=app-name:com.google.android.gms,app-version-name:26.16.31 (260800-900800821),app-version-code:261631038,art-version:350820300
05-01 18:27:58.091 I/dex2oat64( 6306): Using CollectorTypeCMC GC.
05-01 18:27:58.118 W/android.hardware.audio@7.1-impl.ranchu(  399): pcmWrite:259 pcm_writei failed with 'cannot read/write stream data: I/O error' (-1)
05-01 18:27:58.118 E/android.hardware.audio@7.1-impl.ranchu(  399): pcmWrite:260 failure: -1
05-01 18:27:58.192 D/EGL_emulation( 4621): app_time_stats: avg=40.03ms min=19.68ms max=50.84ms count=26
05-01 18:27:58.222 W/android.hardware.audio@7.1-impl.ranchu(  399): pcmWrite:259 pcm_writei failed with 'cannot read/write stream data: I/O error' (-1)
05-01 18:27:58.223 E/android.hardware.audio@7.1-impl.ranchu(  399): pcmWrite:260 failure: -1
05-01 18:27:58.331 W/android.hardware.audio@7.1-impl.ranchu(  399): pcmWrite:259 pcm_writei failed with 'cannot read/write stream data: I/O error' (-1)
05-01 18:27:58.331 E/android.hardware.audio@7.1-impl.ranchu(  399): pcmWrite:260 failure: -1
05-01 18:27:58.435 W/android.hardware.audio@7.1-impl.ranchu(  399): pcmWrite:259 pcm_writei failed with 'cannot read/write stream data: I/O error' (-1)
05-01 18:27:58.438 E/android.hardware.audio@7.1-impl.ranchu(  399): pcmWrite:260 failure: -1
05-01 18:27:58.458 I/dex2oat64( 6306): dex2oat took 371.099ms (749.267ms cpu) (threads: 4) arena alloc=9101KB (9319928B) java alloc=1037KB (1062784B) native alloc=7178KB (7350528B) free=3388KB (3470128B)
05-01 18:27:58.464 I/artd    (  767): dex2oat returned code 0
05-01 18:27:58.466 I/ArtService(  610): Dexopt result: [packageName = com.google.android.gms] DexContainerFileDexoptResult{dexContainerFile=/data/app/~~2lK9jcDK3yWLFp943EZxqQ==/com.google.android.gms-us3Y_ikr7H5W-4gGc6z7iQ==/split_MeasurementDynamite_installtime.apk, primaryAbi=true, abi=x86_64, actualCompilerFilter=speed, status=PERFORMED, dex2oatWallTimeMillis=426, dex2oatCpuTimeMillis=760, sizeBytes=3545472, sizeBeforeBytes=0, extendedStatusFlags=[]}
05-01 18:27:58.466 I/artd    (  767): Running profman: /apex/com.android.art/bin/art_exec --drop-capabilities --keep-fds=6:7:8 -- /apex/com.android.art/bin/profman --copy-and-update-profile-key --profile-file-fd=6 --apk-fd=7 --reference-profile-file-fd=8
05-01 18:27:58.466 I/artd    (  767): Opened FDs: 6:/data/app/~~2lK9jcDK3yWLFp943EZxqQ==/com.google.android.gms-us3Y_ikr7H5W-4gGc6z7iQ==/split_all_locale_splits.dm 7:/data/app/~~2lK9jcDK3yWLFp943EZxqQ==/com.google.android.gms-us3Y_ikr7H5W-4gGc6z7iQ==/split_all_locale_splits.apk 8:/data/misc/profiles/ref/com.google.android.gms/all_locale_splits.split.prof.Jk1g7B.tmp 
05-01 18:27:58.480 W/profman ( 6312): Could not find entry primary.prof in the zip archive. Creating an empty profile.
05-01 18:27:58.481 I/artd    (  767): profman returned code 21
05-01 18:27:58.483 I/ArtService(  610): Adjusting the compiler filter for 'com.google.android.gms' from 'speed-profile' to 'speed' because there is no valid profile and the package needs to be shared
05-01 18:27:58.483 I/artd    (  767): Dex parent of /data/app/~~2lK9jcDK3yWLFp943EZxqQ==/com.google.android.gms-us3Y_ikr7H5W-4gGc6z7iQ==/split_all_locale_splits.apk is not writable: Permission denied
05-01 18:27:58.483 I/artd    (  767): GetBestInfo checking odex in dalvik-cache (/data/dalvik-cache/x86_64/data@app@~~2lK9jcDK3yWLFp943EZxqQ==@com.google.android.gms-us3Y_ikr7H5W-4gGc6z7iQ==@split_all_locale_splits.apk@classes.dex)
05-01 18:27:58.484 I/artd    (  767): Loading /data/dalvik-cache/x86_64/data@app@~~2lK9jcDK3yWLFp943EZxqQ==@com.google.android.gms-us3Y_ikr7H5W-4gGc6z7iQ==@split_all_locale_splits.apk@classes.dex with executable: 0
05-01 18:27:58.484 I/artd    (  767): OatFileAssistant test for existing oat file /data/dalvik-cache/x86_64/data@app@~~2lK9jcDK3yWLFp943EZxqQ==@com.google.android.gms-us3Y_ikr7H5W-4gGc6z7iQ==@split_all_locale_splits.apk@classes.dex: File /data/dalvik-cache/x86_64/data@app@~~2lK9jcDK3yWLFp943EZxqQ==@com.google.android.gms-us3Y_ikr7H5W-4gGc6z7iQ==@split_all_locale_splits.apk@classes.vdex does not exist.
05-01 18:27:58.484 I/artd    (  767): GetBestInfo checking odex next to the dex file (/data/app/~~2lK9jcDK3yWLFp943EZxqQ==/com.google.android.gms-us3Y_ikr7H5W-4gGc6z7iQ==/oat/x86_64/split_all_locale_splits.odex)
05-01 18:27:58.484 I/artd    (  767): Loading /data/app/~~2lK9jcDK3yWLFp943EZxqQ==/com.google.android.gms-us3Y_ikr7H5W-4gGc6z7iQ==/oat/x86_64/split_all_locale_splits.odex with executable: 0
05-01 18:27:58.484 I/artd    (  767): OatFileAssistant test for existing oat file /data/app/~~2lK9jcDK3yWLFp943EZxqQ==/com.google.android.gms-us3Y_ikr7H5W-4gGc6z7iQ==/oat/x86_64/split_all_locale_splits.odex: File /data/app/~~2lK9jcDK3yWLFp943EZxqQ==/com.google.android.gms-us3Y_ikr7H5W-4gGc6z7iQ==/oat/x86_64/split_all_locale_splits.vdex does not exist.
05-01 18:27:58.484 I/artd    (  767): GetBestInfo checking vdex in dalvik-cache (/data/dalvik-cache/x86_64/data@app@~~2lK9jcDK3yWLFp943EZxqQ==@com.google.android.gms-us3Y_ikr7H5W-4gGc6z7iQ==@split_all_locale_splits.apk@classes.vdex)
05-01 18:27:58.484 I/artd    (  767): unable to open vdex file /data/dalvik-cache/x86_64/data@app@~~2lK9jcDK3yWLFp943EZxqQ==@com.google.android.gms-us3Y_ikr7H5W-4gGc6z7iQ==@split_all_locale_splits.apk@classes.vdex: File /data/dalvik-cache/x86_64/data@app@~~2lK9jcDK3yWLFp943EZxqQ==@com.google.android.gms-us3Y_ikr7H5W-4gGc6z7iQ==@split_all_locale_splits.apk@classes.vdex does not exist.
05-01 18:27:58.484 I/artd    (  767): OatFileAssistant test for existing oat file /data/dalvik-cache/x86_64/data@app@~~2lK9jcDK3yWLFp943EZxqQ==@com.google.android.gms-us3Y_ikr7H5W-4gGc6z7iQ==@split_all_locale_splits.apk@classes.vdex: File /data/dalvik-cache/x86_64/data@app@~~2lK9jcDK3yWLFp943EZxqQ==@com.google.android.gms-us3Y_ikr7H5W-4gGc6z7iQ==@split_all_locale_splits.apk@classes.vdex does not exist.
05-01 18:27:58.484 I/artd    (  767): GetBestInfo checking vdex next to the dex file (/data/app/~~2lK9jcDK3yWLFp943EZxqQ==/com.google.android.gms-us3Y_ikr7H5W-4gGc6z7iQ==/oat/x86_64/split_all_locale_splits.vdex)
05-01 18:27:58.484 I/artd    (  767): unable to open vdex file /data/app/~~2lK9jcDK3yWLFp943EZxqQ==/com.google.android.gms-us3Y_ikr7H5W-4gGc6z7iQ==/oat/x86_64/split_all_locale_splits.vdex: File /data/app/~~2lK9jcDK3yWLFp943EZxqQ==/com.google.android.gms-us3Y_ikr7H5W-4gGc6z7iQ==/oat/x86_64/split_all_locale_splits.vdex does not exist.
05-01 18:27:58.484 I/artd    (  767): OatFileAssistant test for existing oat file /data/app/~~2lK9jcDK3yWLFp943EZxqQ==/com.google.android.gms-us3Y_ikr7H5W-4gGc6z7iQ==/oat/x86_64/split_all_locale_splits.vdex: File /data/app/~~2lK9jcDK3yWLFp943EZxqQ==/com.google.android.gms-us3Y_ikr7H5W-4gGc6z7iQ==/oat/x86_64/split_all_locale_splits.vdex does not exist.
05-01 18:27:58.484 I/artd    (  767): GetBestInfo checking dm (/data/app/~~2lK9jcDK3yWLFp943EZxqQ==/com.google.android.gms-us3Y_ikr7H5W-4gGc6z7iQ==/split_all_locale_splits.dm)
05-01 18:27:58.484 I/artd    (  767): Successfully loaded /data/app/~~2lK9jcDK3yWLFp943EZxqQ==/com.google.android.gms-us3Y_ikr7H5W-4gGc6z7iQ==/split_all_locale_splits.dm with executable: 0
05-01 18:27:58.484 I/artd    (  767): Image checksum test skipped for vdex file primary.vdex mapped directly in memory from /data/app/~~2lK9jcDK3yWLFp943EZxqQ==/com.google.android.gms-us3Y_ikr7H5W-4gGc6z7iQ==/split_all_locale_splits.dm
05-01 18:27:58.484 I/artd    (  767): primary.vdex mapped directly in memory from /data/app/~~2lK9jcDK3yWLFp943EZxqQ==/com.google.android.gms-us3Y_ikr7H5W-4gGc6z7iQ==/split_all_locale_splits.dm is kOatUpToDate with filter verify
05-01 18:27:58.484 I/artd    (  767): Should recompile: targetFilterIsBetter (current: verify, target: speed)
05-01 18:27:58.487 I/artd    (  767): Running dex2oat: /apex/com.android.art/bin/art_exec --drop-capabilities --set-task-profile=Dex2OatBootComplete --set-priority=background --keep-fds=6:7:8:9:10:11:12:13:14:15:16 -- /apex/com.android.art/bin/dex2oat64 --zip-fd=6 --zip-location=/data/app/~~2lK9jcDK3yWLFp943EZxqQ==/com.google.android.gms-us3Y_ikr7H5W-4gGc6z7iQ==/split_all_locale_splits.apk --oat-fd=7 --oat-location=/data/app/~~2lK9jcDK3yWLFp943EZxqQ==/com.google.android.gms-us3Y_ikr7H5W-4gGc6z7iQ==/oat/x86_64/split_all_locale_splits.odex --output-vdex-fd=8 --swap-fd=9 --class-loader-context-fds=10:11:12:13:14:15 --class-loader-context=PCL[];PCL[base.apk]{PCL[/system/framework/org.apache.http.legacy.jar]#PCL[/system/framework/com.android.location.provider.jar]#PCL[/system/framework/com.android.media.remotedisplay.jar]#PCL[/system_ext/framework/androidx.window.extensions.jar]#PCL[/system_ext/framework/androidx.window.sidecar.jar]} --classpath-dir=/data/app/~~2lK9jcDK3yWLFp943EZxqQ==/com.google.android.gms-us3Y_ikr7H5W-4gGc6z7iQ== --dm-fd=16 --instruction-set=x86_64 --instruction-set-features=default --instruction-set-variant=x86_64 --compiler-filter=speed --compilation-reason=install-dm --compact-dex-level=none --max-image-block-size=524288 --resolve-startup-const-strings=true --generate-mini-debug-info --runtime-arg -Xtarget-sdk-version:37 --runtime-arg -Xhidden-api-policy:enabled --runtime-arg -Xms64m --runtime-arg -Xmx512m --comments=app-name:com.google.android.gms,app-version-name:26.16.31 (260800-900800821),app-version-code:261631038,art-version:350820300
05-01 18:27:58.487 I/artd    (  767): Opened FDs: 6:/data/app/~~2lK9jcDK3yWLFp943EZxqQ==/com.google.android.gms-us3Y_ikr7H5W-4gGc6z7iQ==/split_all_locale_splits.apk 7:/data/app/~~2lK9jcDK3yWLFp943EZxqQ==/com.google.android.gms-us3Y_ikr7H5W-4gGc6z7iQ==/oat/x86_64/split_all_locale_splits.odex.UvU52n.tmp 8:/data/app/~~2lK9jcDK3yWLFp943EZxqQ==/com.google.android.gms-us3Y_ikr7H5W-4gGc6z7iQ==/oat/x86_64/split_all_locale_splits.vdex.OTz2nV.tmp 9:/data/app/~~2lK9jcDK3yWLFp943EZxqQ==/com.google.android.gms-us3Y_ikr7H5W-4gGc6z7iQ==/oat/x86_64/split_all_locale_splits.odex.swap.mIYMJE.tmp 10:/data/app/~~2lK9jcDK3yWLFp943EZxqQ==/com.google.android.gms-us3Y_ikr7H5W-4gGc6z7iQ==/base.apk 11:/system_ext/framework/androidx.window.sidecar.jar 12:/system_ext/framework/androidx.window.extensions.jar 13:/system/framework/com.android.media.remotedisplay.jar 14:/system/framework/com.android.location.provider.jar 15:/system/framework/org.apache.http.legacy.jar 16:/data/app/~~2lK9jcDK3yWLFp943EZxqQ==/com.google.android.gms-us3Y_ikr7H5W-4gGc6z7iQ==/split_all_locale_splits.dm 
05-01 18:27:58.535 W/dex2oat64( 6313): Obsolete flag --compact-dex-level ignored
05-01 18:27:58.535 W/dex2oat64( 6313): Unexpected CPU variant for x86: x86_64.
05-01 18:27:58.535 W/dex2oat64( 6313): Known variants: atom, sandybridge, silvermont, goldmont, goldmont-plus, goldmont-without-sha-xsaves, tremont, kabylake, default
05-01 18:27:58.537 W/dex2oat64( 6313): Mismatch between dex2oat instruction set features to use (ISA: X86_64 Feature string: -ssse3,-sse4.1,-sse4.2,-avx,-avx2,-popcnt) and those from CPP defines (ISA: X86_64 Feature string: ssse3,sse4.1,sse4.2,-avx,-avx2,popcnt) for the command line:
05-01 18:27:58.537 W/dex2oat64( 6313): /apex/com.android.art/bin/dex2oat64 --zip-fd=6 --zip-location=/data/app/~~2lK9jcDK3yWLFp943EZxqQ==/com.google.android.gms-us3Y_ikr7H5W-4gGc6z7iQ==/split_all_locale_splits.apk --oat-fd=7 --oat-location=/data/app/~~2lK9jcDK3yWLFp943EZxqQ==/com.google.android.gms-us3Y_ikr7H5W-4gGc6z7iQ==/oat/x86_64/split_all_locale_splits.odex --output-vdex-fd=8 --swap-fd=9 --class-loader-context-fds=10:11:12:13:14:15 --class-loader-context=PCL[];PCL[base.apk]{PCL[/system/framework/org.apache.http.legacy.jar]#PCL[/system/framework/com.android.location.provider.jar]#PCL[/system/framework/com.android.media.remotedisplay.jar]#PCL[/system_ext/framework/androidx.window.extensions.jar]#PCL[/system_ext/framework/androidx.window.sidecar.jar]} --classpath-dir=/data/app/~~2lK9jcDK3yWLFp943EZxqQ==/com.google.android.gms-us3Y_ikr7H5W-4gGc6z7iQ== --dm-fd=16 --instruction-set=x86_64 --instruction-set-features=default --instruction-set-variant=x86_64 --compiler-filter=speed --compilation-reason=install-dm --compact-dex-level=none --max-image-block-size=524288 --resolve-startup-const-strings=true --generate-mini-debug-info --runtime-arg -Xtarget-sdk-version:37 --runtime-arg -Xhidden-api-policy:enabled --runtime-arg -Xms64m --runtime-arg -Xmx512m --comments=app-name:com.google.android.gms,app-version-name:26.16.31 (260800-900800821),app-version-code:261631038,art-version:350820300
05-01 18:27:58.537 I/dex2oat64( 6313): /apex/com.android.art/bin/dex2oat64 --output-vdex-fd=8 --class-loader-context-fds=10:11:12:13:14:15 --class-loader-context=PCL[];PCL[base.apk]{PCL[/system/framework/org.apache.http.legacy.jar]#PCL[/system/framework/com.android.location.provider.jar]#PCL[/system/framework/com.android.media.remotedisplay.jar]#PCL[/system_ext/framework/androidx.window.extensions.jar]#PCL[/system_ext/framework/androidx.window.sidecar.jar]} --classpath-dir=/data/app/~~2lK9jcDK3yWLFp943EZxqQ==/com.google.android.gms-us3Y_ikr7H5W-4gGc6z7iQ== --dm-fd=16 --compiler-filter=speed --compilation-reason=install-dm --compact-dex-level=none --max-image-block-size=524288 --resolve-startup-const-strings=true --generate-mini-debug-info --comments=app-name:com.google.android.gms,app-version-name:26.16.31 (260800-900800821),app-version-code:261631038,art-version:350820300
05-01 18:27:58.540 I/dex2oat64( 6313): Using CollectorTypeCMC GC.
05-01 18:27:58.547 W/android.hardware.audio@7.1-impl.ranchu(  399): pcmWrite:259 pcm_writei failed with 'cannot read/write stream data: I/O error' (-1)
05-01 18:27:58.547 E/android.hardware.audio@7.1-impl.ranchu(  399): pcmWrite:260 failure: -1
05-01 18:27:58.650 W/android.hardware.audio@7.1-impl.ranchu(  399): pcmWrite:259 pcm_writei failed with 'cannot read/write stream data: I/O error' (-1)
05-01 18:27:58.650 E/android.hardware.audio@7.1-impl.ranchu(  399): pcmWrite:260 failure: -1
05-01 18:27:58.757 W/android.hardware.audio@7.1-impl.ranchu(  399): pcmWrite:259 pcm_writei failed with 'cannot read/write stream data: I/O error' (-1)
05-01 18:27:58.757 E/android.hardware.audio@7.1-impl.ranchu(  399): pcmWrite:260 failure: -1
05-01 18:27:58.847 I/dex2oat64( 6313): dex2oat took 312.408ms (591.200ms cpu) (threads: 4) arena alloc=17MB (18543600B) java alloc=1863KB (1908288B) native alloc=5746KB (5884688B) free=3778KB (3869424B)
05-01 18:27:58.851 I/wpa_supplicant( 1776): wlan0: CTRL-EVENT-BEACON-LOSS 
05-01 18:27:58.854 I/artd    (  767): dex2oat returned code 0
05-01 18:27:58.857 I/ArtService(  610): Dexopt result: [packageName = com.google.android.gms] DexContainerFileDexoptResult{dexContainerFile=/data/app/~~2lK9jcDK3yWLFp943EZxqQ==/com.google.android.gms-us3Y_ikr7H5W-4gGc6z7iQ==/split_all_locale_splits.apk, primaryAbi=true, abi=x86_64, actualCompilerFilter=speed, status=PERFORMED, dex2oatWallTimeMillis=366, dex2oatCpuTimeMillis=600, sizeBytes=2472976, sizeBeforeBytes=0, extendedStatusFlags=[]}
05-01 18:27:58.858 W/android.hardware.audio@7.1-impl.ranchu(  399): pcmWrite:259 pcm_writei failed with 'cannot read/write stream data: I/O error' (-1)
05-01 18:27:58.858 E/android.hardware.audio@7.1-impl.ranchu(  399): pcmWrite:260 failure: -1
05-01 18:27:58.866 I/ActivityManager(  610): Force stopping com.google.android.gms appid=10144 user=0: pkg removed
05-01 18:27:58.866 D/OomAdjuster(  610): Not killing cached processes
05-01 18:27:58.866 I/ActivityManager(  610):   Force stopping service ServiceRecord{d1df66c u0 com.google.android.gms/com.google.android.location.internal.server.HardwareArProviderService c:android}
05-01 18:27:58.866 I/ActivityManager(  610):   Force stopping service ServiceRecord{65bca28 u0 com.google.android.gms/com.google.android.location.internal.GoogleLocationManagerService c:android}
05-01 18:27:58.866 I/ActivityManager(  610):   Force stopping service ServiceRecord{8b760d4 u0 com.google.android.gms/com.google.android.location.network.NetworkLocationService c:android}
05-01 18:27:58.866 I/ActivityManager(  610):   Force stopping service ServiceRecord{d0e863c u0 com.google.android.gms/.geotimezone.GeoTimeZoneService c:android}
05-01 18:27:58.866 I/ActivityManager(  610):   Force stopping service ServiceRecord{e97b1e8 u0 com.google.android.gms/.chimera.PersistentDirectBootAwareApiService c:com.google.android.apps.wellbeing}
05-01 18:27:58.866 I/ActivityManager(  610):   Force stopping service ServiceRecord{93b640 u0 com.google.android.gms/com.google.android.location.fused.FusedLocationService c:android}
05-01 18:27:58.866 I/ActivityManager(  610):   Force stopping service ServiceRecord{8ebe910 u0 com.google.android.gms/.location.geocode.GeocodeService c:android}
05-01 18:27:58.866 I/ActivityManager(  610):   Force stopping service ServiceRecord{749522c u0 com.google.android.gms/.instantapps.service.InstantAppsService c:com.android.vending}
05-01 18:27:58.867 W/IPCThreadState(  610): Sending oneway calls to frozen process.
05-01 18:27:58.868 W/ServiceWatcher(  610): [GeocoderProxy] 10144/com.google.android.gms/.location.geocode.GeocodeService@2 died
05-01 18:27:58.868 W/ServiceWatcher(  610): [fused] 10144/com.google.android.gms/com.google.android.location.fused.FusedLocationService@1 died
05-01 18:27:58.868 W/ServiceWatcher(  610): [RealLocationTimeZoneProviderProxy] 10144/com.google.android.gms/.geotimezone.GeoTimeZoneService@1 died
05-01 18:27:58.868 W/ServiceWatcher(  610): [network] 10144/com.google.android.gms/com.google.android.location.network.NetworkLocationService@2 died
05-01 18:27:58.868 W/ServiceWatcher(  610): [GeofenceProxy] 10144/com.google.android.gms/com.google.android.location.internal.GoogleLocationManagerService@1 died
05-01 18:27:58.868 W/ServiceWatcher(  610): [HardwareActivityRecognitionProxy] 10144/com.google.android.gms/com.google.android.location.internal.server.HardwareArProviderService@1 died
05-01 18:27:58.868 W/IPCThreadState(  610): Sending oneway calls to frozen process.
05-01 18:27:58.868 W/IPCThreadState(  610): Sending oneway calls to frozen process.
05-01 18:27:58.868 W/IPCThreadState(  610): Sending oneway calls to frozen process.
05-01 18:27:58.868 W/IPCThreadState(  610): Sending oneway calls to frozen process.
05-01 18:27:58.868 W/IPCThreadState(  610): Sending oneway calls to frozen process.
05-01 18:27:58.868 W/IPCThreadState(  610): Sending oneway calls to frozen process.
05-01 18:27:58.868 W/IPCThreadState(  610): Sending oneway calls to frozen process.
05-01 18:27:58.868 W/IPCThreadState(  610): Sending oneway calls to frozen process.
05-01 18:27:58.868 W/IPCThreadState(  610): Sending oneway calls to frozen process.
05-01 18:27:58.868 W/IPCThreadState(  610): Sending oneway calls to frozen process.
05-01 18:27:58.868 W/IPCThreadState(  610): Sending oneway calls to frozen process.
05-01 18:27:58.883 E/Isotope ( 5514): UID: [10142]  PID: [5514] GmsConnection : onConnectionFailed: ConnectionResult{statusCode=INTERNAL_ERROR, resolution=null, message=null, clientMethodKey=null}
05-01 18:27:58.884 D/ShortcutService(  610): received package broadcast intent: Intent { act=android.intent.action.PACKAGE_REMOVED dat=package: flg=0x4000010 (has extras) }
05-01 18:27:58.890 E/AppOps  (  610): attributionTag VCN not declared in manifest of android
05-01 18:27:58.891 I/ServiceWatcher(  610): [GeocoderProxy] chose new implementation 10144/com.google.android.gms/.location.geocode.GeocodeService@2
05-01 18:27:58.894 I/ServiceWatcher(  610): [HardwareActivityRecognitionProxy] chose new implementation 10144/com.google.android.gms/com.google.android.location.internal.server.HardwareArProviderService@1
05-01 18:27:58.895 I/ServiceWatcher(  610): [network] chose new implementation 10144/com.google.android.gms/com.google.android.location.network.NetworkLocationService@2
05-01 18:27:58.903 W/PackageConfigPersister(  610): App-specific configuration not found for packageName: com.google.android.gms and userId: 0
05-01 18:27:58.903 W/PackageConfigPersister(  610): App-specific configuration not found for packageName: com.google.android.gms and userId: 0
05-01 18:27:58.905 I/ServiceWatcher(  610): [RealLocationTimeZoneProviderProxy] chose new implementation 10144/com.google.android.gms/.geotimezone.GeoTimeZoneService@1
05-01 18:27:58.908 D/ActivityManager(  610): sync unfroze 5352 com.android.keychain for 10
05-01 18:27:58.919 I/ServiceWatcher(  610): [GeofenceProxy] chose new implementation 10144/com.google.android.gms/com.google.android.location.internal.GoogleLocationManagerService@1
05-01 18:27:58.920 I/ServiceWatcher(  610): [fused] chose new implementation 10144/com.google.android.gms/com.google.android.location.fused.FusedLocationService@1
05-01 18:27:58.928 W/IPCThreadState(  610): Sending oneway calls to frozen process.
05-01 18:27:58.928 W/IPCThreadState(  610): Sending oneway calls to frozen process.
05-01 18:27:58.928 W/IPCThreadState(  610): Sending oneway calls to frozen process.
05-01 18:27:58.928 W/IPCThreadState(  610): Sending oneway calls to frozen process.
05-01 18:27:58.928 W/IPCThreadState(  610): Sending oneway calls to frozen process.
05-01 18:27:58.928 D/ActivityThread( 5351): Package [com.google.android.gms] reported as REPLACED, but missing application info. Assuming REMOVED.
05-01 18:27:58.928 D/ActivityThread( 5514): Package [com.google.android.gms] reported as REPLACED, but missing application info. Assuming REMOVED.
05-01 18:27:58.929 W/IPCThreadState(  610): Sending oneway calls to frozen process.
05-01 18:27:58.929 W/IPCThreadState(  610): Sending oneway calls to frozen process.
05-01 18:27:58.929 D/ActivityThread( 4621): Package [com.google.android.gms] reported as REPLACED, but missing application info. Assuming REMOVED.
05-01 18:27:58.929 D/ActivityThread( 5352): Package [com.google.android.gms] reported as REPLACED, but missing application info. Assuming REMOVED.
05-01 18:27:58.929 D/ActivityThread( 1514): Package [com.google.android.gms] reported as REPLACED, but missing application info. Assuming REMOVED.
05-01 18:27:58.930 D/Zygote  (  391): Forked child process 6320
05-01 18:27:58.930 D/ActivityThread( 5396): Package [com.google.android.gms] reported as REPLACED, but missing application info. Assuming REMOVED.
05-01 18:27:58.930 D/ActivityThread( 4525): Package [com.google.android.gms] reported as REPLACED, but missing application info. Assuming REMOVED.
05-01 18:27:58.931 W/IPCThreadState(  610): Sending oneway calls to frozen process.
05-01 18:27:58.931 W/IPCThreadState(  610): Sending oneway calls to frozen process.
05-01 18:27:58.931 W/IPCThreadState(  610): Sending oneway calls to frozen process.
05-01 18:27:58.931 D/ActivityThread( 1315): Package [com.google.android.gms] reported as REPLACED, but missing application info. Assuming REMOVED.
05-01 18:27:58.931 D/ActivityThread( 1608): Package [com.google.android.gms] reported as REPLACED, but missing application info. Assuming REMOVED.
05-01 18:27:58.932 D/ActivityThread( 4811): Package [com.google.android.gms] reported as REPLACED, but missing application info. Assuming REMOVED.
05-01 18:27:58.932 E/AppOps  (  610): attributionTag VCN not declared in manifest of android
05-01 18:27:58.933 D/ActivityThread( 1211): Package [com.google.android.gms] reported as REPLACED, but missing application info. Assuming REMOVED.
05-01 18:27:58.933 D/ActivityThread( 1131): Package [com.google.android.gms] reported as REPLACED, but missing application info. Assuming REMOVED.
05-01 18:27:58.933 D/ActivityThread( 5639): Package [com.google.android.gms] reported as REPLACED, but missing application info. Assuming REMOVED.
05-01 18:27:58.935 D/ActivityThread( 1646): Package [com.google.android.gms] reported as REPLACED, but missing application info. Assuming REMOVED.
05-01 18:27:58.935 W/IPCThreadState(  610): Sending oneway calls to frozen process.
05-01 18:27:58.935 D/ActivityThread( 5396): Package [com.google.android.gms] reported as REPLACED, but missing application info. Assuming REMOVED.
05-01 18:27:58.935 W/IPCThreadState(  610): Sending oneway calls to frozen process.
05-01 18:27:58.935 W/IPCThreadState(  610): Sending oneway calls to frozen process.
05-01 18:27:58.935 W/IPCThreadState(  610): Sending oneway calls to frozen process.
05-01 18:27:58.935 W/IPCThreadState(  610): Sending oneway calls to frozen process.
05-01 18:27:58.935 D/ActivityThread( 5351): Package [com.google.android.gms] reported as REPLACED, but missing application info. Assuming REMOVED.
05-01 18:27:58.935 W/IPCThreadState(  610): Sending oneway calls to frozen process.
05-01 18:27:58.935 W/IPCThreadState(  610): Sending oneway calls to frozen process.
05-01 18:27:58.935 D/ActivityThread( 5514): Package [com.google.android.gms] reported as REPLACED, but missing application info. Assuming REMOVED.
05-01 18:27:58.936 W/IPCThreadState(  610): Sending oneway calls to frozen process.
05-01 18:27:58.936 W/IPCThreadState(  610): Sending oneway calls to frozen process.
05-01 18:27:58.936 W/IPCThreadState(  610): Sending oneway calls to frozen process.
05-01 18:27:58.936 D/ActivityThread( 1211): Package [com.google.android.gms] reported as REPLACED, but missing application info. Assuming REMOVED.
05-01 18:27:58.936 D/ActivityThread( 1131): Package [com.google.android.gms] reported as REPLACED, but missing application info. Assuming REMOVED.
05-01 18:27:58.937 D/ActivityThread( 1608): Package [com.google.android.gms] reported as REPLACED, but missing application info. Assuming REMOVED.
05-01 18:27:58.937 D/ActivityThread( 4525): Package [com.google.android.gms] reported as REPLACED, but missing application info. Assuming REMOVED.
05-01 18:27:58.937 D/ActivityThread( 5352): Package [com.google.android.gms] reported as REPLACED, but missing application info. Assuming REMOVED.
05-01 18:27:58.941 D/ActivityThread( 1315): Package [com.google.android.gms] reported as REPLACED, but missing application info. Assuming REMOVED.
05-01 18:27:58.943 D/ActivityThread( 1646): Package [com.google.android.gms] reported as REPLACED, but missing application info. Assuming REMOVED.
05-01 18:27:58.945 D/ActivityThread( 4811): Package [com.google.android.gms] reported as REPLACED, but missing application info. Assuming REMOVED.
05-01 18:27:58.945 D/ActivityThread( 1514): Package [com.google.android.gms] reported as REPLACED, but missing application info. Assuming REMOVED.
05-01 18:27:58.948 D/ActivityThread( 1610): Package [com.google.android.gms] reported as REPLACED, but missing application info. Assuming REMOVED.
05-01 18:27:58.950 D/ActivityThread( 5639): Package [com.google.android.gms] reported as REPLACED, but missing application info. Assuming REMOVED.
05-01 18:27:58.951 D/ActivityThread( 4621): Package [com.google.android.gms] reported as REPLACED, but missing application info. Assuming REMOVED.
05-01 18:27:58.963 I/SafetyLabelChangedBroadcastReceiver( 1035): received broadcast packageName: com.google.android.gms, current user: UserHandle{0}, packageChangeEvent: UPDATE, intent user: UserHandle{0}
05-01 18:27:58.964 D/ActivityThread( 1035): Package [com.google.android.gms] reported as REPLACED, but missing application info. Assuming REMOVED.
05-01 18:27:58.966 W/android.hardware.audio@7.1-impl.ranchu(  399): pcmWrite:259 pcm_writei failed with 'cannot read/write stream data: I/O error' (-1)
05-01 18:27:58.966 E/android.hardware.audio@7.1-impl.ranchu(  399): pcmWrite:260 failure: -1
05-01 18:27:58.966 D/ActivityThread( 1035): Package [com.google.android.gms] reported as REPLACED, but missing application info. Assuming REMOVED.
05-01 18:27:58.967 D/ActivityThread( 1028): Package [com.google.android.gms] reported as REPLACED, but missing application info. Assuming REMOVED.
05-01 18:27:58.967 D/ActivityThread( 1028): Package [com.google.android.gms] reported as REPLACED, but missing application info. Assuming REMOVED.
05-01 18:27:58.970 D/ActivityThread( 1636): Package [com.google.android.gms] reported as REPLACED, but missing application info. Assuming REMOVED.
05-01 18:27:58.971 D/ShortcutService(  610): received package broadcast intent: Intent { act=android.intent.action.PACKAGE_ADDED dat=package: flg=0x4000010 (has extras) }
05-01 18:27:58.971 D/ShortcutService(  610): replacing package: com.google.android.gms userId0
05-01 18:27:58.971 D/ShortcutService(  610): handlePackageUpdateFinished: com.google.android.gms user=0
05-01 18:27:58.973 D/ShortcutService(  610): rescanPackageIfNeeded 0@com.google.android.gms, forceRescan=true , isNewApp=false
05-01 18:27:58.976 D/ActivityThread( 1636): Package [com.google.android.gms] reported as REPLACED, but missing application info. Assuming REMOVED.
05-01 18:27:58.977 W/ActivityManager(  610): Slow operation: 59ms so far, now at startProcess: done updating battery stats
05-01 18:27:58.977 W/ActivityManager(  610): Slow operation: 60ms so far, now at startProcess: building log message
05-01 18:27:58.978 I/ActivityManager(  610): Start proc 6320:com.google.android.gms.persistent/u0a144 for service {com.google.android.gms/com.google.android.gms.location.geocode.GeocodeService}
05-01 18:27:58.978 W/ActivityManager(  610): Slow operation: 61ms so far, now at startProcess: starting to update pids map
05-01 18:27:58.978 W/ActivityManager(  610): Slow operation: 61ms so far, now at startProcess: done updating pids map
05-01 18:27:58.979 D/PackageInstallerSession(  610): Marking session 247420745 as applied
05-01 18:27:58.982 D/ActivityThread( 1610): Package [com.google.android.gms] reported as REPLACED, but missing application info. Assuming REMOVED.
05-01 18:27:58.983 I/SdkSandboxManager(  610): No SDKs used. Skipping SDK data reconcilation for CallingInfo{mUid=10144, mPackageName='com.google.android.gms, mAppProcessToken='null'}
05-01 18:27:58.995 I/SdkSandboxManager(  610): No SDKs used. Skipping SDK data reconcilation for CallingInfo{mUid=10144, mPackageName='com.google.android.gms, mAppProcessToken='null'}
05-01 18:27:58.998 I/putmethod.latin( 1514): Waiting for a blocking GC ProfileSaver
05-01 18:27:59.001 E/AppOps  (  610): attributionTag VCN not declared in manifest of android
05-01 18:27:59.012 D/ShortcutService(  610): Package com.google.android.gms has 0 manifest shortcut(s), and 1 share target(s)
05-01 18:27:59.012 D/ShortcutService(  610): Package com.google.android.gms updated, version 242335041 -> 261631038
05-01 18:27:59.013 I/Telecom (  610): CarModeTracker: Package com.google.android.gms is not tracked.: SSH.oR@APU
05-01 18:27:59.015 D/ShortcutService(  610): Package com.google.android.gms: publishing manifest shortcuts
05-01 18:27:59.017 I/Telecom (  610): InCallController: updateCarModeForConnections: car mode apps: : SSH.oR@APU
05-01 18:27:59.017 E/SmsApplication( 1229): com.google.android.apps.messaging lost android:read_cell_broadcasts:  (fixing)
05-01 18:27:59.018 W/AppOpService(  610): Ignored setUidMode call for runtime permission app op: uid = 10140, code = READ_CELL_BROADCASTS, mode = allow, callingUid = 1001, oldMode = allow
05-01 18:27:59.019 I/Telecom (  610): InCallController: update carmode current:UserHandle{0} parent:null: SSH.oR@APU
05-01 18:27:59.027 I/RoleService(  610): Granting default roles...
05-01 18:27:59.027 I/.gms.persistent( 6320): Using CollectorTypeCMC GC.
05-01 18:27:59.028 I/SafetyLabelChangedBroadcastReceiver( 1035): writeSafetyLabel called for packageName: com.google.android.gms, currentUser: UserHandle{0}
05-01 18:27:59.032 D/ActivityThread(  610): Package [com.google.android.gms] reported as REPLACED, but missing application info. Assuming REMOVED.
05-01 18:27:59.033 W/.gms.persistent( 6320): Unexpected CPU variant for x86: x86_64.
05-01 18:27:59.033 W/.gms.persistent( 6320): Known variants: atom, sandybridge, silvermont, goldmont, goldmont-plus, goldmont-without-sha-xsaves, tremont, kabylake, default
05-01 18:27:59.033 D/ActivityThread(  610): Package [com.google.android.gms] reported as REPLACED, but missing application info. Assuming REMOVED.
05-01 18:27:59.033 I/SafetyLabelChangedBroadcastReceiver( 1035): appMetadataBundle PersistableBundle[{}]
05-01 18:27:59.037 I/m.android.phone( 1229): Background concurrent mark compact GC freed 3333KB AllocSpace bytes, 0(0B) LOS objects, 49% free, 3533KB/7067KB, paused 8.937ms,669us total 145.945ms
05-01 18:27:59.037 I/CredentialManager(  610): newServiceInfoLocked, mInfo not null : com.google.android.gms/com.google.android.gms.auth.api.credentials.credman.service.PasswordAndPasskeyService , com.google.android.gms/com.google.android.gms.auth.api.credentials.credman.service.PasswordAndPasskeyService
05-01 18:27:59.037 D/TransparencyService(  610): com.google.android.gms was updated. Scheduling measurement...
05-01 18:27:59.037 I/TransparencyService(  610): Scheduling binary content-digest computation job
05-01 18:27:59.037 D/TransparencyService(  610): A measurement job has already been scheduled.
05-01 18:27:59.039 I/CredentialManager(  610): CredentialManagerServiceImpl constructed for: com.google.android.gms/.auth.api.credentials.credman.service.PasswordAndPasskeyService
05-01 18:27:59.039 I/CredentialManager(  610): newServiceInfoLocked, mInfo null, com.google.android.gms/com.google.android.gms.auth.api.credentials.credman.service.PasswordAndPasskeyService
05-01 18:27:59.041 E/.gms.persistent( 6320): Not starting debugger since process cannot load the jdwp agent.
05-01 18:27:59.042 E/CellBroadcastUtils( 1229): getDefaultCellBroadcastReceiverPackageName: no package found
05-01 18:27:59.043 W/AppOpService(  610): Ignored setUidMode call for runtime permission app op: uid = 1001, code = READ_SMS, mode = allow, callingUid = 1001, oldMode = allow
05-01 18:27:59.043 W/AppOpService(  610): Ignored setUidMode call for runtime permission app op: uid = 1001, code = RECEIVE_SMS, mode = allow, callingUid = 1001, oldMode = allow
05-01 18:27:59.043 W/AppOpService(  610): Ignored setUidMode call for runtime permission app op: uid = 1001, code = RECEIVE_WAP_PUSH, mode = allow, callingUid = 1001, oldMode = allow
05-01 18:27:59.043 W/AppOpService(  610): Ignored setUidMode call for runtime permission app op: uid = 1001, code = SEND_SMS, mode = allow, callingUid = 1001, oldMode = allow
05-01 18:27:59.043 I/android.vending( 5351): Background concurrent mark compact GC freed 4945KB AllocSpace bytes, 33(792KB) LOS objects, 49% free, 14MB/28MB, paused 602us,1.379ms total 172.644ms
05-01 18:27:59.043 W/AppOpService(  610): Ignored setUidMode call for runtime permission app op: uid = 1001, code = READ_CELL_BROADCASTS, mode = allow, callingUid = 1001, oldMode = allow
05-01 18:27:59.047 I/PermissionControllerServiceImpl( 1035): Updating user sensitive for uid 10144
05-01 18:27:59.054 W/Role    (  610): Default holder doesn't have required signing certificate: com.google.android.retaildemo:6547c73dee150c103980bfdffe55cc9a011d785dd694a5f99afd8205bcaf1f80
05-01 18:27:59.056 E/RoleControllerServiceImpl(  610): Default/fallback role holder package doesn't qualify for the role, package: com.google.android.gms.supervision, role: android.app.role.SYSTEM_SUPERVISION
05-01 18:27:59.067 W/Role    (  610): Default holder doesn't have required signing certificate: com.google.android.apps.work.clouddpc:23962F4B43B9857638EA66F4D419518EAE282491ACDA4B94707BD59003C45E58
05-01 18:27:59.070 W/android.hardware.audio@7.1-impl.ranchu(  399): pcmWrite:259 pcm_writei failed with 'cannot read/write stream data: I/O error' (-1)
05-01 18:27:59.071 E/android.hardware.audio@7.1-impl.ranchu(  399): pcmWrite:260 failure: -1
05-01 18:27:59.087 D/CarrierSvcBindHelper( 1229): onPackageUpdateFinished: com.google.android.gms
05-01 18:27:59.090 D/CarrierSvcBindHelper( 1229): No carrier app for: 0
05-01 18:27:59.090 D/CarrierSvcBindHelper( 1229): onPackageModified: com.google.android.gms
05-01 18:27:59.090 D/CarrierSvcBindHelper( 1229): No carrier app for: 0
05-01 18:27:59.095 I/om.streamfr.app( 4621): Background concurrent mark compact GC freed 5640KB AllocSpace bytes, 0(0B) LOS objects, 49% free, 20MB/41MB, paused 1.548ms,3.059ms total 226.010ms
05-01 18:27:59.095 E/SmsApplication( 1229): com.google.android.apps.messaging lost android:read_cell_broadcasts:  (fixing)
05-01 18:27:59.096 W/AppOpService(  610): Ignored setUidMode call for runtime permission app op: uid = 10140, code = READ_CELL_BROADCASTS, mode = allow, callingUid = 1001, oldMode = allow
05-01 18:27:59.100 E/CellBroadcastUtils( 1229): getDefaultCellBroadcastReceiverPackageName: no package found
05-01 18:27:59.101 D/nativeloader( 6320): Load libframework-connectivity-tiramisu-jni.so using APEX ns com_android_tethering for caller /apex/com.android.tethering/javalib/framework-connectivity-t.jar: ok
05-01 18:27:59.105 D/Zygote  (  391): Forked child process 6332
05-01 18:27:59.109 I/ActivityManager(  610): Start proc 6332:com.google.android.gms/u0a144 for service {com.google.android.gms/com.google.android.gms.backup.component.D2dTransportService}
05-01 18:27:59.112 W/AppOpService(  610): Ignored setUidMode call for runtime permission app op: uid = 1001, code = READ_SMS, mode = allow, callingUid = 1001, oldMode = allow
05-01 18:27:59.115 W/AppOpService(  610): Ignored setUidMode call for runtime permission app op: uid = 1001, code = RECEIVE_SMS, mode = allow, callingUid = 1001, oldMode = allow
05-01 18:27:59.117 W/AppOpService(  610): Ignored setUidMode call for runtime permission app op: uid = 1001, code = RECEIVE_WAP_PUSH, mode = allow, callingUid = 1001, oldMode = allow
05-01 18:27:59.120 W/AppOpService(  610): Ignored setUidMode call for runtime permission app op: uid = 1001, code = SEND_SMS, mode = allow, callingUid = 1001, oldMode = allow
05-01 18:27:59.122 W/AppOpService(  610): Ignored setUidMode call for runtime permission app op: uid = 1001, code = READ_CELL_BROADCASTS, mode = allow, callingUid = 1001, oldMode = allow
05-01 18:27:59.122 D/ShortcutService(  610): Saving package item com.google.android.gms to /data/system_ce/0/shortcut_service/packages/com.google.android.gms.xml
05-01 18:27:59.132 I/gle.android.gms( 6332): Using CollectorTypeCMC GC.
05-01 18:27:59.133 W/gle.android.gms( 6332): Unexpected CPU variant for x86: x86_64.
05-01 18:27:59.133 W/gle.android.gms( 6332): Known variants: atom, sandybridge, silvermont, goldmont, goldmont-plus, goldmont-without-sha-xsaves, tremont, kabylake, default
05-01 18:27:59.134 E/gle.android.gms( 6332): Not starting debugger since process cannot load the jdwp agent.
05-01 18:27:59.136 D/nativeloader( 6332): Load libframework-connectivity-tiramisu-jni.so using APEX ns com_android_tethering for caller /apex/com.android.tethering/javalib/framework-connectivity-t.jar: ok
05-01 18:27:59.139 W/MagnificationConnectionManager(  610): requestConnection duplicated request: connect=false, mConnectionState=DISCONNECTED
05-01 18:27:59.141 W/MagnificationConnectionManager(  610): requestConnection duplicated request: connect=false, mConnectionState=DISCONNECTED
05-01 18:27:59.141 W/IPCThreadState(  610): Sending oneway calls to frozen process.
05-01 18:27:59.141 W/IPCThreadState(  610): Sending oneway calls to frozen process.
05-01 18:27:59.142 W/IPCThreadState(  610): Sending oneway calls to frozen process.
05-01 18:27:59.142 W/IPCThreadState(  610): Sending oneway calls to frozen process.
05-01 18:27:59.142 W/IPCThreadState(  610): Sending oneway calls to frozen process.
05-01 18:27:59.142 W/IPCThreadState(  610): Sending oneway calls to frozen process.
05-01 18:27:59.149 I/AiAiEcho( 1608): AppFetcherImpl onPackageChanged com.google.android.gms.
05-01 18:27:59.151 D/PackageUpdatedTask( 1315): Package updated: mOp=UPDATE packages=[com.google.android.gms]
05-01 18:27:59.159 D/ApplicationLoaders( 6332): Returning zygote-cached class loader: /system/framework/org.apache.http.legacy.jar
05-01 18:27:59.164 D/MediaSessionService(  610): onSessionPlaybackStateChanged: record=com.streamfr.app/androidx.media3.session.id.player_mobile_148555624754/7 (userId=0) playbackState=PlaybackState {state=PLAYING(3), position=-1, buffered position=-1, speed=0.0, updated=352285, actions=7339651, custom actions=[], active item id=0, error=null}
05-01 18:27:59.166 W/AudioMediaPlayerWrapper( 1196): onPlaybackStateChanged(): com.streamfr.app tried to update with no new data
05-01 18:27:59.171 I/putmethod.latin( 1514): Background concurrent mark compact GC freed 13MB AllocSpace bytes, 17(64MB) LOS objects, 49% free, 12MB/25MB, paused 169us,1.247ms total 301.607ms
05-01 18:27:59.172 I/putmethod.latin( 1514): WaitForGcToComplete blocked ProfileSaver on Background for 173.461ms
05-01 18:27:59.174 I/AiAiEcho( 1608): AppIndexer Package:[com.google.android.gms] UserProfile:[0] Enabled:[true].
05-01 18:27:59.175 W/AudioMediaPlayerWrapper( 1196): onPlaybackStateChanged(): com.streamfr.app tried to update with no new data
05-01 18:27:59.176 D/ApplicationLoaders( 6320): Returning zygote-cached class loader: /system/framework/org.apache.http.legacy.jar
05-01 18:27:59.178 W/android.hardware.audio@7.1-impl.ranchu(  399): pcmWrite:259 pcm_writei failed with 'cannot read/write stream data: I/O error' (-1)
05-01 18:27:59.179 E/android.hardware.audio@7.1-impl.ranchu(  399): pcmWrite:260 failure: -1
05-01 18:27:59.183 D/nativeloader( 6320): Configuring clns-7 for other apk /system/framework/com.android.location.provider.jar. target_sdk_version=37, uses_libraries=ALL, library_path=/data/app/~~2lK9jcDK3yWLFp943EZxqQ==/com.google.android.gms-us3Y_ikr7H5W-4gGc6z7iQ==/lib/x86_64:/data/app/~~2lK9jcDK3yWLFp943EZxqQ==/com.google.android.gms-us3Y_ikr7H5W-4gGc6z7iQ==/base.apk!/lib/x86_64, permitted_path=/data:/mnt/expand:/data/user/0/com.google.android.gms
05-01 18:27:59.186 I/AiAiEcho( 1608): AppFetcherImplV2 updateApps package:[com.google.android.gms], userId:[0], reason:[package is updated.].
05-01 18:27:59.186 W/SP      ( 1514): File ref is being finalized but wasn't closed, file: transformer_latin_tflite_20231010_zip[9]
05-01 18:27:59.187 W/SP      ( 1514): File ref is being finalized but wasn't closed, file: scribe_latin_20231123_tflite_zip[9]
05-01 18:27:59.187 W/SP      ( 1514): File ref is being finalized but wasn't closed, file: qrnn_en_us_reco_20231010_fst_20230613_recospec_zip[9]
05-01 18:27:59.187 W/SP      ( 1514): File ref is being finalized but wasn't closed, file: transformer_latin_conf_tflite_20231010_zip[9]
05-01 18:27:59.187 W/SP      ( 1514): File ref is being finalized but wasn't closed, file: pack_mapping_v1_lstm_20231127[6]
05-01 18:27:59.187 W/SP      ( 1514): File ref is being finalized but wasn't closed, file: transformer_latin_seg_tflite_20231010_zip[9]
05-01 18:27:59.187 W/SP      ( 1514): File ref is being finalized but wasn't closed, file: scribe_latin_20231123_recospec_zip[9]
05-01 18:27:59.187 W/SP      ( 1514): File ref is being finalized but wasn't closed, file: en_us_20230613_compact_fst_zip[9]
05-01 18:27:59.187 W/SP      ( 1514): File ref is being finalized but wasn't closed, file: transformer_latin_tflite_20231010_zip[9]
05-01 18:27:59.187 W/SP      ( 1514): File ref is being finalized but wasn't closed, file: scribe_latin_20231123_tflite_zip[9]
05-01 18:27:59.187 W/SP      ( 1514): File ref is being finalized but wasn't closed, file: qrnn_en_us_reco_20231010_fst_20230613_recospec_zip[9]
05-01 18:27:59.187 W/SP      ( 1514): File ref is being finalized but wasn't closed, file: transformer_latin_conf_tflite_20231010_zip[9]
05-01 18:27:59.187 W/SP      ( 1514): File ref is being finalized but wasn't closed, file: pack_mapping_v1_lstm_20231127[6]
05-01 18:27:59.187 W/SP      ( 1514): File ref is being finalized but wasn't closed, file: transformer_latin_seg_tflite_20231010_zip[9]
05-01 18:27:59.187 W/SP      ( 1514): File ref is being finalized but wasn't closed, file: scribe_latin_20231123_recospec_zip[9]
05-01 18:27:59.187 W/SP      ( 1514): File ref is being finalized but wasn't closed, file: en_us_20230613_compact_fst_zip[9]
05-01 18:27:59.187 W/SP      ( 1514): File ref is being finalized but wasn't closed, file: scribe_latin_20231123_recospec_zip[9]
05-01 18:27:59.187 W/SP      ( 1514): File ref is being finalized but wasn't closed, file: scribe_latin_20231123_tflite_zip[9]
05-01 18:27:59.187 W/SP      ( 1514): File ref is being finalized but wasn't closed, file: qrnn_en_us_reco_20231010_fst_20230613_recospec_zip[9]
05-01 18:27:59.187 W/SP      ( 1514): File ref is being finalized but wasn't closed, file: transformer_latin_conf_tflite_20231010_zip[9]
05-01 18:27:59.187 W/SP      ( 1514): File ref is being finalized but wasn't closed, file: transformer_latin_seg_tflite_20231010_zip[9]
05-01 18:27:59.187 W/SP      ( 1514): File ref is being finalized but wasn't closed, file: transformer_latin_tflite_20231010_zip[9]
05-01 18:27:59.187 W/SP      ( 1514): File ref is being finalized but wasn't closed, file: en_us_20230613_compact_fst_zip[9]
05-01 18:27:59.187 W/SP      ( 1514): File ref is being finalized but wasn't closed, file: transformer_latin_tflite_20231010_zip[9]
05-01 18:27:59.187 W/SP      ( 1514): File ref is being finalized but wasn't closed, file: scribe_latin_20231123_tflite_zip[9]
05-01 18:27:59.187 W/SP      ( 1514): File ref is being finalized but wasn't closed, file: qrnn_en_us_reco_20231010_fst_20230613_recospec_zip[9]
05-01 18:27:59.187 W/SP      ( 1514): File ref is being finalized but wasn't closed, file: transformer_latin_conf_tflite_20231010_zip[9]
05-01 18:27:59.187 W/SP      ( 1514): File ref is being finalized but wasn't closed, file: pack_mapping_v1_lstm_20231127[6]
05-01 18:27:59.187 W/SP      ( 1514): File ref is being finalized but wasn't closed, file: transformer_latin_seg_tflite_20231010_zip[9]
05-01 18:27:59.187 W/SP      ( 1514): File ref is being finalized but wasn't closed, file: scribe_latin_20231123_recospec_zip[9]
05-01 18:27:59.187 W/SP      ( 1514): File ref is being finalized but wasn't closed, file: en_us_20230613_compact_fst_zip[9]
05-01 18:27:59.187 W/SP      ( 1514): File ref is being finalized but wasn't closed, file: transformer_latin_tflite_20231010_zip[9]
05-01 18:27:59.187 W/SP      ( 1514): File ref is being finalized but wasn't closed, file: scribe_latin_20231123_tflite_zip[9]
05-01 18:27:59.187 W/SP      ( 1514): File ref is being finalized but wasn't closed, file: qrnn_en_us_reco_20231010_fst_20230613_recospec_zip[9]
