05-01 18:39:51.362 I/Finsky:background( 5396): [144] Wrote row to frosting DB: 329
05-01 18:39:51.367 I/Finsky:background( 5396): [144] Wrote row to frosting DB: 330
05-01 18:39:51.372 D/ActivityThread( 6332): Package [com.streamfr.app] reported as REPLACED, but missing application info. Assuming REMOVED.
05-01 18:39:51.377 D/ActivityThread( 6332): Package [com.streamfr.app] reported as REPLACED, but missing application info. Assuming REMOVED.
05-01 18:39:51.377 I/Finsky:background( 5396): [2] ajal - Received: android.intent.action.PACKAGE_ADDED, [h3mhQA5nSHPueTVmJvekYfhjwmnHfPLDS0sjsauhxdw]
05-01 18:39:51.390 I/Finsky:background( 5396): [144] Wrote row to frosting DB: 331
05-01 18:39:51.391 I/Finsky:background( 5396): [2] ajal - Deduping intent android.intent.action.PACKAGE_ADDED
05-01 18:39:51.392 I/Finsky:background( 5396): [2] ajal - Received: android.intent.action.PACKAGE_ADDED, [h3mhQA5nSHPueTVmJvekYfhjwmnHfPLDS0sjsauhxdw]
05-01 18:39:51.396 W/SearchServiceCore( 6477): Abort, client detached.
05-01 18:39:51.396 W/SearchServiceCore( 6477): Abort, client detached.
05-01 18:39:51.400 W/SearchServiceCore( 6477): Abort, client detached.
05-01 18:39:51.402 I/Finsky:background( 5396): [144] Wrote row to frosting DB: 332
05-01 18:39:51.403 I/Finsky:background( 5396): [2] ajal - Deduping intent android.intent.action.PACKAGE_ADDED
05-01 18:39:51.404 I/Finsky:background( 5396): [62] RECEIVER_PACKAGE_MONITOR_BACKGROUND#logWorkEndAndFinishGoAsync: SUCCESS
05-01 18:39:51.410 I/Finsky  ( 6463): [2] ajaw - Received: android.intent.action.PACKAGE_ADDED, [h3mhQA5nSHPueTVmJvekYfhjwmnHfPLDS0sjsauhxdw]
05-01 18:39:51.419 I/Finsky:background( 5396): [2] Memory trim requested to level 40
05-01 18:39:51.425 I/Finsky  ( 6463): [2] ajaw - Deduping intent android.intent.action.PACKAGE_ADDED
05-01 18:39:51.427 I/Finsky  ( 6463): [2] ajaw - Received: android.intent.action.PACKAGE_ADDED, [h3mhQA5nSHPueTVmJvekYfhjwmnHfPLDS0sjsauhxdw]
05-01 18:39:51.445 I/Finsky  ( 6463): [2] ajaw - Deduping intent android.intent.action.PACKAGE_ADDED
05-01 18:39:51.449 I/Finsky  ( 6463): [49] RECEIVER_PACKAGE_MONITOR#logWorkEndAndFinishGoAsync: SUCCESS
05-01 18:39:51.449 D/TrafficStats( 6463): tagSocket(171) with statsTag=0xffffffff, statsUid=-1
05-01 18:39:51.452 D/TrafficStats( 6463): tagSocket(173) with statsTag=0xffffffff, statsUid=-1
05-01 18:39:51.462 W/android.vending( 6463): Missing inline cache for java.lang.Object puf.apply(java.lang.Object)
05-01 18:39:51.462 W/android.vending( 6463): Missing inline cache for java.lang.Object puf.apply(java.lang.Object)
05-01 18:39:51.464 W/android.vending( 6463): Missing inline cache for java.lang.Object puf.apply(java.lang.Object)
05-01 18:39:51.465 W/android.vending( 6463): Missing inline cache for java.lang.Object puf.apply(java.lang.Object)
05-01 18:39:51.465 W/android.vending( 6463): Missing inline cache for java.lang.Object puf.apply(java.lang.Object)
05-01 18:39:51.465 W/android.vending( 6463): Missing inline cache for java.lang.Object puf.apply(java.lang.Object)
05-01 18:39:51.465 W/android.vending( 6463): Missing inline cache for java.lang.Object puf.apply(java.lang.Object)
05-01 18:39:51.466 I/Fitness ( 6320): (REDACTED) FitCleanupIntentOperation received Intent %s
05-01 18:39:51.467 V/WindowManagerShell( 1028): Transition animation finished (aborted=false), notifying core (#45) android.os.BinderProxy@94c38eb@0
05-01 18:39:51.471 V/WindowManager(  610): Finish Transition (#45): created at 05-01 18:39:50.650 collect-started=0.05ms request-sent=0.371ms started=54.475ms ready=57.377ms sent=163.046ms finished=820.527ms
05-01 18:39:51.479 I/ProximityAuth( 6320): [RecentAppsMediator] Package added: (user=UserHandle{0}) com.streamfr.app
05-01 18:39:51.480 I/AppBackupStateCleanupIO( 6332): Backup state cleanup on uninstall is disabled. [CONTEXT service_id=229 ]
05-01 18:39:51.484 E/IPCThreadState(  610): Binder transaction failure. id: 1000539, BR_*: 29189, error: -22 (Invalid argument)
05-01 18:39:51.484 W/ActivityManager(  610): pid 610 system sent binder code 7 with flags 1 to frozen apps and got error -32
05-01 18:39:51.490 W/WindowManager(  610): Exception thrown during dispatchAppVisibility Window{24f1e36 u0 com.streamfr.app/com.streamflixreborn.streamflix.activities.main.MainMobileActivity EXITING}
05-01 18:39:51.490 W/WindowManager(  610): android.os.DeadObjectException
05-01 18:39:51.490 W/WindowManager(  610): 	at android.os.BinderProxy.transactNative(Native Method)
05-01 18:39:51.490 W/WindowManager(  610): 	at android.os.BinderProxy.transact(BinderProxy.java:586)
05-01 18:39:51.490 W/WindowManager(  610): 	at android.view.IWindow$Stub$Proxy.dispatchAppVisibility(IWindow.java:553)
05-01 18:39:51.490 W/WindowManager(  610): 	at com.android.server.wm.WindowState.sendAppVisibilityToClients(WindowState.java:3253)
05-01 18:39:51.490 W/WindowManager(  610): 	at com.android.server.wm.WindowContainer.sendAppVisibilityToClients(WindowContainer.java:1289)
05-01 18:39:51.490 W/WindowManager(  610): 	at com.android.server.wm.WindowToken.setClientVisible(WindowToken.java:403)
05-01 18:39:51.490 W/WindowManager(  610): 	at com.android.server.wm.ActivityRecord.setClientVisible(ActivityRecord.java:7166)
05-01 18:39:51.490 W/WindowManager(  610): 	at com.android.server.wm.ActivityRecord.postApplyAnimation(ActivityRecord.java:5881)
05-01 18:39:51.490 W/WindowManager(  610): 	at com.android.server.wm.ActivityRecord.commitVisibility(ActivityRecord.java:5823)
05-01 18:39:51.490 W/WindowManager(  610): 	at com.android.server.wm.Transition.finishTransition(Transition.java:1286)
05-01 18:39:51.490 W/WindowManager(  610): 	at com.android.server.wm.TransitionController.finishTransition(TransitionController.java:937)
05-01 18:39:51.490 W/WindowManager(  610): 	at com.android.server.wm.WindowOrganizerController.finishTransition(WindowOrganizerController.java:494)
05-01 18:39:51.490 W/WindowManager(  610): 	at android.window.IWindowOrganizerController$Stub.onTransact(IWindowOrganizerController.java:289)
05-01 18:39:51.490 W/WindowManager(  610): 	at com.android.server.wm.WindowOrganizerController.onTransact(WindowOrganizerController.java:204)
05-01 18:39:51.490 W/WindowManager(  610): 	at android.os.Binder.execTransactInternal(Binder.java:1505)
05-01 18:39:51.490 W/WindowManager(  610): 	at android.os.Binder.execTransact(Binder.java:1444)
05-01 18:39:51.490 W/Process (  610): Unable to open /proc/7849/status
05-01 18:39:51.491 I/PackageInstalledIntentO( 6332): Test flag v2 is disabled [CONTEXT service_id=469 ]
05-01 18:39:51.498 V/WindowManagerShell( 1028): Track 0 became idle
05-01 18:39:51.498 V/WindowManagerShell( 1028): All active transition animations finished
05-01 18:39:51.498 V/WindowManagerShell( 1028): Transition requested (#46): android.os.BinderProxy@63f3719 TransitionRequestInfo { type = CHANGE, triggerTask = null, pipTask = null, remoteTransition = null, displayChange = DisplayChange { displayId = 0, startAbsBounds = null, endAbsBounds = null, startRotation = 1, endRotation = 0, physicalDisplayChanged = false }, flags = 0, debugId = 46 }
05-01 18:39:51.500 V/SafetySourceDataValidat(  610): Package: com.android.vending has expected signature
05-01 18:39:51.500 V/SafetySourceDataValidat(  610): Package: com.android.vending has expected signature
05-01 18:39:51.501 W/UserManagerService(  610): Requested status bar icon for non-badged user 0
05-01 18:39:51.501 D/WindowManagerShell( 1028): PipTaskOrganizer: Skip onMovementBoundsChanged on rotation change InSwipePipToHomeTransition=false mWaitForFixedRotation=true getTransitionState=0
05-01 18:39:51.504 W/UserManagerService(  610): Requested status bar icon for non-badged user 0
05-01 18:39:51.506 D/BrightnessThermalClamper(  610): Thermal status observer already started
05-01 18:39:51.507 I/ActivityTaskManager(  610): Config changes=20000480 {1.0 310mcc260mnc [en_US] ldltr sw411dp w411dp h914dp 420dpi nrml long port finger qwerty/v/v dpad/v winConfig={ mBounds=Rect(0, 0 - 1080, 2400) mAppBounds=Rect(0, 0 - 1080, 2400) mMaxBounds=Rect(0, 0 - 1080, 2400) mDisplayRotation=ROTATION_0 mWindowingMode=fullscreen mActivityType=undefined mAlwaysOnTop=undefined mRotation=ROTATION_0} as.4 s.251 fontWeightAdjustment=0}
05-01 18:39:51.511 I/WindowManager(  610): Override config changes=20000480 {1.0 310mcc260mnc [en_US] ldltr sw411dp w411dp h914dp 420dpi nrml long port finger qwerty/v/v dpad/v winConfig={ mBounds=Rect(0, 0 - 1080, 2400) mAppBounds=Rect(0, 0 - 1080, 2400) mMaxBounds=Rect(0, 0 - 1080, 2400) mDisplayRotation=ROTATION_0 mWindowingMode=fullscreen mActivityType=undefined mAlwaysOnTop=undefined mRotation=ROTATION_0} as.4 s.251 fontWeightAdjustment=0} for displayId=0
05-01 18:39:51.512 I/BpBinder(  460): onLastStrongRef automatically unlinking death recipients: 
05-01 18:39:51.514 D/WindowManagerShell( 1028): onFixedRotationFinished: null, state=PipTransitionState(mState=undefined, mInSwipePipToHomeTransition=false)
05-01 18:39:51.516 W/WindowTokenClientController(  610): Can't find attached WindowTokenClient for android.window.WindowTokenClient@a5f07bf
05-01 18:39:51.522 I/InputManager-JNI(  610): Viewport [0] to add: local:4619827259835644672, isActive: true
05-01 18:39:51.524 I/InputReader(  610): Reconfiguring input devices, changes=DISPLAY_INFO
05-01 18:39:51.524 I/InputReader(  610): Touch device 'virtio_input_multi_touch_2' could not query the properties of its associated display.  The device will be inoperable until the display size becomes available.
05-01 18:39:51.524 I/InputReader(  610): Touch device 'virtio_input_multi_touch_3' could not query the properties of its associated display.  The device will be inoperable until the display size becomes available.
05-01 18:39:51.524 I/InputReader(  610): Touch device 'virtio_input_multi_touch_4' could not query the properties of its associated display.  The device will be inoperable until the display size becomes available.
05-01 18:39:51.524 I/InputReader(  610): Touch device 'virtio_input_multi_touch_5' could not query the properties of its associated display.  The device will be inoperable until the display size becomes available.
05-01 18:39:51.524 I/InputReader(  610): Touch device 'virtio_input_multi_touch_6' could not query the properties of its associated display.  The device will be inoperable until the display size becomes available.
05-01 18:39:51.524 I/InputReader(  610): Touch device 'virtio_input_multi_touch_7' could not query the properties of its associated display.  The device will be inoperable until the display size becomes available.
05-01 18:39:51.524 I/InputReader(  610): Touch device 'virtio_input_multi_touch_8' could not query the properties of its associated display.  The device will be inoperable until the display size becomes available.
05-01 18:39:51.524 I/InputReader(  610): Touch device 'virtio_input_multi_touch_9' could not query the properties of its associated display.  The device will be inoperable until the display size becomes available.
05-01 18:39:51.524 I/InputReader(  610): Touch device 'virtio_input_multi_touch_10' could not query the properties of its associated display.  The device will be inoperable until the display size becomes available.
05-01 18:39:51.524 I/InputReader(  610): Touch device 'virtio_input_multi_touch_11' could not query the properties of its associated display.  The device will be inoperable until the display size becomes available.
05-01 18:39:51.524 D/b/254119092( 1315): TaskbarManager#mComponentCallbacks.onConfigurationChanged: {1.0 310mcc260mnc [en_US] ldltr sw411dp w411dp h914dp 420dpi nrml long port finger qwerty/v/v dpad/v winConfig={ mBounds=Rect(0, 0 - 1080, 2400) mAppBounds=Rect(0, 0 - 1080, 2400) mMaxBounds=Rect(0, 0 - 1080, 2400) mDisplayRotation=ROTATION_0 mWindowingMode=fullscreen mActivityType=undefined mAlwaysOnTop=undefined mRotation=ROTATION_0} as.4 s.251 fontWeightAdjustment=0}
05-01 18:39:51.524 D/b/254119092( 1315): mActivity and mContext agree taskbarIsPresent=false
05-01 18:39:51.524 D/b/254119092( 1315): ComponentCallbacks#onConfigurationChanged() configDiff={}
05-01 18:39:51.524 D/b/254119092( 1315): mActivity and mContext agree taskbarIsPresent=false
05-01 18:39:51.524 D/b/254119092( 1315): destroyExistingTaskbar: com.android.launcher3.taskbar.TaskbarActivityContext@66a77da
05-01 18:39:51.524 D/b/254119092( 1315): mActivity and mContext agree taskbarIsPresent=false
05-01 18:39:51.524 I/AppBase ( 6550): AppBase.onConfigurationChanged():419 onConfigurationChanged() : NewConfig = {1.0 310mcc260mnc [en_US] ldltr sw411dp w411dp h840dp 420dpi nrml long port finger qwerty/v/v dpad/v winConfig={ mBounds=Rect(0, 0 - 1080, 2400) mAppBounds=Rect(0, 132 - 1080, 2337) mMaxBounds=Rect(0, 0 - 1080, 2400) mDisplayRotation=ROTATION_0 mWindowingMode=fullscreen mActivityType=undefined mAlwaysOnTop=undefined mRotation=ROTATION_0} as.4 s.258 fontWeightAdjustment=0}
05-01 18:39:51.525 D/b/254119092( 1315): recreateTaskbar: isTaskbarEnabled=true [dp != null (i.e. mUserUnlocked)]=true FLAG_HIDE_NAVBAR_WINDOW=true dp.isTaskbarPresent=false
05-01 18:39:51.525 D/b/254119092( 1315): mActivity and mContext agree taskbarIsPresent=false
05-01 18:39:51.526 I/BpBinder(  460): onLastStrongRef automatically unlinking death recipients: 
05-01 18:39:51.529 W/GoogleInputMethodService( 6550): GoogleInputMethodService.onConfigurationChanged():1644 onConfigurationChanged() : NewConfig = {1.0 310mcc260mnc [en_US] ldltr sw411dp w411dp h914dp 420dpi nrml long port finger qwerty/v/v dpad/v winConfig={ mBounds=Rect(0, 0 - 1080, 2400) mAppBounds=Rect(0, 0 - 1080, 2400) mMaxBounds=Rect(0, 0 - 1080, 2400) mDisplayRotation=ROTATION_0 mWindowingMode=fullscreen mActivityType=undefined mAlwaysOnTop=undefined mRotation=ROTATION_0} as.4 s.251 fontWeightAdjustment=0}
05-01 18:39:51.530 I/GoogleInputMethodService( 6550): GoogleInputMethodService.onConfigurationChanged():1645 device real metrics: DisplayMetrics{density=2.625, width=1080, height=2400, scaledDensity=2.625, xdpi=420.0, ydpi=420.0}
05-01 18:39:51.530 I/InputMethodEntryManager( 6550): InputMethodEntryManager.notifyCurrentInputMethodEntryOnContextChanged():521 notifyCurrentInputMethodEntryOnContextChanged()
05-01 18:39:51.530 I/InputMethodEntryManager( 6550): InputMethodEntryManager.notifyCurrentInputMethodEntryOnContextChanged():542 Notify current input method entry changed on context change
05-01 18:39:51.532 I/KeyboardContextProvider( 6550): KeyboardContextProvider$KeyboardContextCache.createKeyboardContext():173 createKeyboardContext(): en-US, jgg@3cd5dac(com.android.inputmethod.latin.LatinIME@20aa323), {1.0 310mcc260mnc [en_US] ldltr sw411dp w411dp h914dp 420dpi nrml long port finger qwerty/v/v dpad/v winConfig={ mBounds=Rect(0, 0 - 1080, 2400) mAppBounds=Rect(0, 0 - 1080, 2400) mMaxBounds=Rect(0, 0 - 1080, 2400) mDisplayRotation=ROTATION_0 mWindowingMode=fullscreen mActivityType=undefined mAlwaysOnTop=undefined mRotation=ROTATION_0} as.4 s.116 fontWeightAdjustment=0}
05-01 18:39:51.532 I/GoogleInputMethodService( 6550): GoogleInputMethodService.onCurrentInputMethodEntryChanged():3655 onCurrentInputMethodEntryChanged(): imeDefsChanged=false, initializedEntryChanged=false, keyboardContextChanged=true
05-01 18:39:51.533 I/GoogleInputMethodService( 6550): GoogleInputMethodService.clearInputMethodServiceData():1613 clearInputMethodServiceData for entryChange
05-01 18:39:51.535 V/ShellDragAndDrop( 1028): Display changed: 0
05-01 18:39:51.536 I/KeyboardHeightUtil( 6550): KeyboardHeightUtil.calculateMaxKeyboardBodyHeight():45 leave 281 height for app when ime window height:1017, header height:108 and isFullscreenMode:false, so the max keyboard body height is:628
05-01 18:39:51.536 I/KeyboardHeightUtil( 6550): KeyboardHeightUtil.calculateMaxKeyboardBodyHeight():45 leave 281 height for app when ime window height:1017, header height:108 and isFullscreenMode:false, so the max keyboard body height is:628
05-01 18:39:51.536 D/ShellSplitScreen( 1028): onTaskInfoChanged: taskId=4 taskAct=null
05-01 18:39:51.536 D/ShellSplitScreen( 1028): onTaskInfoChanged: taskId=3 taskAct=null
05-01 18:39:51.537 I/KeyboardModeManager( 6550): KeyboardModeManager.onCurrentInputMethodEntryChanged():1133 Reload data for context change
05-01 18:39:51.537 I/GoogleInputMethodService( 6550): GoogleInputMethodService.initializeInputMethodServiceData():1382 initializeInputMethodServiceData for kct{languageTag=en-US, variant=qwerty, hasLocalizedResources=true, conditionCacheKey=_cache_additional_ime_defs_for_condition_change=false_cache_ime_defs_for_condition_change=false_device=phone_device_size=default_enable_flick_symbols=false_enable_more_candidates_view_for_multilingual=false_enable_number_row=false_enable_preemptive_decode=true_enable_secondary_digits=true_enable_secondary_symbols=false_enable_show_foldable_layout_on_small_tablet=true_expressions=normal_four_or_more_letter_rows=false_keyboard_mode=normal_language=en-US_orientation=landscape_physical_keyboard=qwerty_rtl_layout=false_show_secondary_digits=true_show_suggestions=true_split_with_duplicate_keys=true_variant=qwerty, imeDef.stringId=ime_english_united_states, imeDef.className=com.google.android.apps.inputmethod.libs.latin5.LatinIme, imeDef.languageTag=en-US}
05-01 18:39:51.537 I/NoBackGesture( 1028): Config changed: newConfig={1.0 310mcc260mnc [en_US] ldltr sw411dp w411dp h914dp 420dpi nrml long port finger qwerty/v/v dpad/v winConfig={ mBounds=Rect(0, 0 - 1080, 2400) mAppBounds=Rect(0, 0 - 1080, 2400) mMaxBounds=Rect(0, 0 - 1080, 2400) mDisplayRotation=ROTATION_0 mWindowingMode=fullscreen mActivityType=undefined mAlwaysOnTop=undefined mRotation=ROTATION_0} as.4 s.281 fontWeightAdjustment=0} lastReportedConfig={1.0 310mcc260mnc [en_US] ldltr sw411dp w914dp h411dp 420dpi nrml long land finger qwerty/v/v dpad/v winConfig={ mBounds=Rect(0, 0 - 2400, 1080) mAppBounds=Rect(0, 0 - 2400, 1080) mMaxBounds=Rect(0, 0 - 2400, 1080) mDisplayRotation=ROTATION_90 mWindowingMode=fullscreen mActivityType=undefined mAlwaysOnTop=undefined mRotation=ROTATION_90} as.4 s.247 fontWeightAdjustment=0}
05-01 18:39:51.537 I/NoBackGesture( 1028): NavbarController: newConfig={1.0 310mcc260mnc [en_US] ldltr sw411dp w411dp h914dp 420dpi nrml long port finger qwerty/v/v dpad/v winConfig={ mBounds=Rect(0, 0 - 1080, 2400) mAppBounds=Rect(0, 0 - 1080, 2400) mMaxBounds=Rect(0, 0 - 1080, 2400) mDisplayRotation=ROTATION_0 mWindowingMode=fullscreen mActivityType=undefined mAlwaysOnTop=undefined mRotation=ROTATION_0} as.4 s.281 fontWeightAdjustment=0} mTaskbarDelegate initialized=true willApplyConfigToNavbars=false navBarCount=0
05-01 18:39:51.545 I/StyledKeyboardThemeBuilder( 6550): StyledKeyboardThemeBuilder.build():132 Pref: [], themeName: [silk:], darkMode: [false], cacheKey: [overlay_builtin_dynamic_color_light_base.binarypb:dynamic-gm3-light-fffefbff-ff495d92-8adeb286894d7d4cce285b6f16b95faf]
05-01 18:39:51.545 I/KeyboardThemeProvider( 6550): KeyboardThemeProvider.applyKeyboardTheme():27 Apply keyboard theme: theme_border_stylesheet_noshadow_gsans_pillkey_silkpopup_hover_light_phone_navredesign_400_overlay_builtin_dynamic_color_light_base.binarypb:dynamic-gm3-light-fffefbff-ff495d92-8adeb286894d7d4cce285b6f16b95faf_land
05-01 18:39:51.546 I/AndroidIME( 6550): InputBundleManager.loadActiveInputBundleId():450 loadActiveInputBundleId: und-Latn-x-password, password
05-01 18:39:51.548 I/SystemSubtypesReportModule( 6550): SystemSubtypesReportModule$3.onCurrentInputMethodEntryChanged():136 entry: en-US, source: UNSPECIFIED
05-01 18:39:51.548 I/Auth    ( 6332): (REDACTED) [SupervisedAccountIntentOperation] onHandleIntent: %s
05-01 18:39:51.548 I/KeyboardContextProvider( 6550): KeyboardContextProvider.setBaseContextAndInvalidKeyboardContextCache():88 setBaseContextAndInvalidKeyboardContextCache(): com.android.inputmethod.latin.LatinIME@20aa323
05-01 18:39:51.549 I/DeviceModeMonitor2( 6550): DeviceModeMonitor2.onConfigurationChanged():62 
05-01 18:39:51.550 I/DeviceModeMonitor2( 6550): DeviceModeMonitor2.calculateAndNotify():101 Device mode 'phone' from display metrics 'DisplayMetrics{density=0.0, width=2400, height=1080, scaledDensity=0.0, xdpi=420.0, ydpi=420.0}' or smallestScreenWidthDp: 411
05-01 18:39:51.550 I/InputMethodEntryManager( 6550): InputMethodEntryManager.resetLanguages():2621 resetLanguages(): languages=null, conditionName=orientation
05-01 18:39:51.550 I/ImeDefCache( 6550): ImeDefCache.clearCacheForLanguages():387 clearCacheForLanguages(): []
05-01 18:39:51.550 I/AdditionalImeDefCache( 6550): AdditionalImeDefCache.clearAdditionalImeDefsForCondition():435 clearAdditionalImeDefsForCondition() clear additional ImeDefs: []
05-01 18:39:51.550 I/InputMethodEntryManager( 6550): InputMethodEntryManager.resetLanguages():2634 Clear cache for languages: null, changed=false
05-01 18:39:51.550 I/InputMethodEntryManager( 6550): InputMethodEntryManager.startLoadingInputMethodEntrySettings():700 Start loading input method entry settings: [LanguageTagVariantTuple{languageTag=en-US, variant=qwerty}]
05-01 18:39:51.552 I/InputMethodEntryManager( 6550): InputMethodEntryManager.updateInputMethodEntrySettingsLoadingTask():787 update loading task with resetImplicitlyEnabledEntries is false
05-01 18:39:51.552 I/InputMethodEntryManager( 6550): InputMethodEntryManager$4.onSuccess():806 Success load entries: [LanguageTagVariantTuple{languageTag=en-US, variant=qwerty}], resetImplicitlyEnabledEntries=false, initialized=true
05-01 18:39:51.553 W/AppInstallOperation( 6332): FDL Migration::InstallIntentOperation by Appinvite Module [CONTEXT service_id=77 ]
05-01 18:39:51.554 I/SystemSubtypesReportModule( 6550): SystemSubtypesReportModule$2.onEnabledInputMethodEntriesChanged():122 1 entries
05-01 18:39:51.555 I/PackageInstalledIntentO( 6332): Test flag v2 is disabled [CONTEXT service_id=469 ]
05-01 18:39:51.557 I/SP      ( 6550): Registering emoticon_content_description.2022081613, url: https://www.gstatic.com/android/keyboard/emoticon_content_desc/202208161305/superpacks_manifest.json, constraints: W:*:*:*, flags: bg, requested: 2022081613, current: 2022081613
05-01 18:39:51.563 I/Finsky  ( 6463): [2] Memory trim requested to level 40
05-01 18:39:51.563 I/Finsky  ( 6463): [2] Flushing in-memory image cache
05-01 18:39:51.571 I/InputMethodEntryManager( 6550): InputMethodEntryManager.changeCurrentInputMethodEntry():2829 Set current input method entry: source=UNSPECIFIED, entryChanged=false, kct{languageTag=en-US, variant=qwerty, hasLocalizedResources=true, conditionCacheKey=_cache_additional_ime_defs_for_condition_change=false_cache_ime_defs_for_condition_change=false_device=phone_device_size=default_enable_flick_symbols=false_enable_more_candidates_view_for_multilingual=false_enable_number_row=false_enable_preemptive_decode=true_enable_secondary_digits=true_enable_secondary_symbols=false_enable_show_foldable_layout_on_small_tablet=true_expressions=normal_four_or_more_letter_rows=false_keyboard_mode=normal_language=en-US_orientation=portrait_physical_keyboard=qwerty_rtl_layout=false_show_secondary_digits=true_show_suggestions=true_split_with_duplicate_keys=true_variant=qwerty, imeDef.stringId=ime_english_united_states, imeDef.className=com.google.android.apps.inputmethod.libs.latin5.LatinIme, imeDef.languageTag=en-US}
05-01 18:39:51.571 I/InputMethodEntryManager( 6550): InputMethodEntryManager.loadAdditionalImeDefsForCurrentEntry():2851 loadAdditionalImeDefsForCurrentEntry(): kct{languageTag=en-US, variant=qwerty, hasLocalizedResources=true, conditionCacheKey=_cache_additional_ime_defs_for_condition_change=false_cache_ime_defs_for_condition_change=false_device=phone_device_size=default_enable_flick_symbols=false_enable_more_candidates_view_for_multilingual=false_enable_number_row=false_enable_preemptive_decode=true_enable_secondary_digits=true_enable_secondary_symbols=false_enable_show_foldable_layout_on_small_tablet=true_expressions=normal_four_or_more_letter_rows=false_keyboard_mode=normal_language=en-US_orientation=portrait_physical_keyboard=qwerty_rtl_layout=false_show_secondary_digits=true_show_suggestions=true_split_with_duplicate_keys=true_variant=qwerty, imeDef.stringId=ime_english_united_states, imeDef.className=com.google.android.apps.inputmethod.libs.latin5.LatinIme, imeDef.languageTag=en-US}
05-01 18:39:51.571 I/InputMethodEntryManager( 6550): InputMethodEntryManager$6.onSuccess():2864 Success load additional ImeDefs, entryChanged=false, additionalImeDefsChanged=false, [ktt{stringId=password, language=und-Latn-x-password, languageTag=und-Latn-x-password, processedConditions={variant=qwerty, enable_number_row=false, device=phone}, className=com.google.android.libraries.inputmethod.ime.password.PasswordIme, label=2132018743, keyEventInterpreter=null, inlineComposing=true, autoCapital=true, announceAutoSelectedCandidate=true, statusIcon=0, primeKeyboardType=SOFT, indicatorIcon=0, indicatorLabel=null, displayAppCompletions=false, extraValues=ktl{}, processors=kvl@7b60232, unacceptableMetaKeys=4098, languageSpecificSettings=0, asciiCapable=false, alwaysShowSuggestions=false, useAsciiPasswordKeyboard=false, secondaryIme=null, keyboardGroupDef=kut@1d65b83, phenotypeFlagId=0, localizationLanguageTag=null, supportsInlineSuggestion=false, supportsAccessPoints=false}, ktt{stringId=number, language=und-Latn-x-number, languageTag=und-Latn-x-number, processedConditions={}, className=com.google.android.libraries.inputmethod.ime.DummyIme, label=2132018692, keyEventInterpreter=null, inlineComposing=true, autoCapital=false, announceAutoSelectedCandidate=false, statusIcon=0, primeKeyboardType=SOFT, indicatorIcon=0, indicatorLabel=null, displayAppCompletions=false, extraValues=ktl{}, processors=kvl@7b60232, unacceptableMetaKeys=4098, languageSpecificSettings=0, asciiCapable=false, alwaysShowSuggestions=false, useAsciiPasswordKeyboard=false, secondaryIme=null, keyboardGroupDef=kut@2791100, phenotypeFlagId=0, localizationLanguageTag=null, supportsInlineSuggestion=false, supportsAccessPoints=false}, ktt{stringId=number_password, language=und-Latn-x-number-password, languageTag=und-Latn-x-number-password, processedConditions={}, className=com.google.android.libraries.inputmethod.ime.DummyIme, label=2132018693, keyEventInterpreter=null, inlineComposing=true, autoCapital=false, announceAutoSelectedCandidate=false, statusIcon=0, primeKeyboardType=SOFT, indicatorIcon=0, indicatorLabel=null, displayAppCompletions=false, extraValues=ktl{}, processors=kvl@7b60232, unacceptableMetaKeys=4098, languageSpecificSettings=0, asciiCapable=false, alwaysShowSuggestions=false, useAsciiPasswordKeyboard=false, secondaryIme=null, keyboardGroupDef=kut@6ba6d39, phenotypeFlagId=0, localizationLanguageTag=null, supportsInlineSuggestion=false, supportsAccessPoints=false}, ktt{stringId=phone_number, language=und-Latn-x-phone-number, languageTag=und-Latn-x-phone-number, processedConditions={}, className=com.google.android.libraries.inputmethod.ime.DummyIme, label=2132018778, keyEventInterpreter=null, inlineComposing=true, autoCapital=false, announceAutoSelectedCandidate=false, statusIcon=0, primeKeyboardType=SOFT, indicatorIcon=0, indicatorLabel=null, displayAppCompletions=false, extraValues=ktl{}, processors=kvl@7b60232, unacceptableMetaKeys=4098, languageSpecificSettings=0, asciiCapable=false, alwaysShowSuggestions=false, useAsciiPasswordKeyboard=false, secondaryIme=null, keyboardGroupDef=kut@dbe0f7e, phenotypeFlagId=0, localizationLanguageTag=null, supportsInlineSuggestion=false, supportsAccessPoints=false}, ktt{stringId=date_time, language=und-Latn-x-date-time, languageTag=und-Latn-x-date-time, processedConditions={}, className=com.google.android.libraries.inputmethod.ime.DummyIme, label=2132017511, keyEventInterpreter=null, inlineComposing=true, autoCapital=false, announceAutoSelectedCandidate=false, statusIcon=0, primeKeyboardType=SOFT, indicatorIcon=0, indicatorLabel=null, displayAppCompletions=false, extraValues=ktl{}, processors=kvl@7b60232, unacceptableMetaKeys=4098, languageSpecificSettings=0, asciiCapable=false, alwaysShowSuggestions=false, useAsciiPasswordKeyboard=false, secondaryIme=null, keyboardGroupDef=kut@c192cdf, phenotypeFlagId=0, localizationLanguageTag=null, supportsInlineSuggestion=false, supportsAccessPoints=false}, ktt{stringId=dummy_hard, language=en, languageTag=en, processedConditions={device=unknown
05-01 18:39:51.571 I/InputMethodEntryManager( 6550): }, className=com.google.android.apps.inputmethod.libs.latin5.LatinDummyIme, label=0, keyEventInterpreter=null, inlineComposing=true, autoCapital=false, announceAutoSelectedCandidate=true, statusIcon=0, primeKeyboardType=HARD_QWERTY, indicatorIcon=0, indicatorLabel=null, displayAppCompletions=false, extraValues=ktl{}, processors=kvl@7b60232, unacceptableMetaKeys=4098, languageSpecificSettings=0, asciiCapable=false, alwaysShowSuggestions=false, useAsciiPasswordKeyboard=false, secondaryIme=null, keyboardGroupDef=kut@5de3d2c, phenotypeFlagId=0, localizationLanguageTag=null, supportsInlineSuggestion=false, supportsAccessPoints=false}, ktt{stringId=password_floating_hard_qwerty, language=und-Latn-x-password, languageTag=und-Latn-x-password, processedConditions={}, className=com.google.android.libraries.inputmethod.ime.DummyIme, label=2132018779, keyEventInterpreter=null, inlineComposing=true, autoCapital=false, announceAutoSelectedCandidate=false, statusIcon=2131231632, primeKeyboardType=HARD_QWERTY, indicatorIcon=0, indicatorLabel=null, displayAppCompletions=false, extraValues=ktl{}, processors=kvl@7b60232, unacceptableMetaKeys=4098, languageSpecificSettings=0, asciiCapable=false, alwaysShowSuggestions=false, useAsciiPasswordKeyboard=false, secondaryIme=null, keyboardGroupDef=kut@24ba3f5, phenotypeFlagId=0, localizationLanguageTag=null, supportsInlineSuggestion=false, supportsAccessPoints=false}, ktt{stringId=phone_number_floating_hard_qwerty, language=und-Latn-x-phone-number, languageTag=und-Latn-x-phone-number, processedConditions={}, className=com.google.android.libraries.inputmethod.ime.DummyIme, label=2132018779, keyEventInterpreter=null, inlineComposing=true, autoCapital=false, announceAutoSelectedCandidate=false, statusIcon=2131231823, primeKeyboardType=HARD_QWERTY, indicatorIcon=0, indicatorLabel=null, displayAppCompletions=false, extraValues=ktl{}, processors=kvl@7b60232, unacceptableMetaKeys=4098, languageSpecificSettings=0, asciiCapable=false, alwaysShowSuggestions=false, useAsciiPasswordKeyboard=false, secondaryIme=null, keyboardGroupDef=kut@aa7a58a, phenotypeFlagId=0, localizationLanguageTag=null, supportsInlineSuggestion=false, supportsAccessPoints=false}, ktt{stringId=number_floating_hard_qwerty, language=und-Latn-x-number, languageTag=und-Latn-x-number, processedConditions={}, className=com.google.android.libraries.inputmethod.ime.DummyIme, label=2132018779, keyEventInterpreter=null, inlineComposing=true, autoCapital=false, announceAutoSelectedCandidate=false, statusIcon=2131231823, primeKeyboardType=HARD_QWERTY, indicatorIcon=0, indicatorLabel=null, displayAppCompletions=false, extraValues=ktl{}, processors=kvl@7b60232, unacceptableMetaKeys=4098, languageSpecificSettings=0, asciiCapable=false, alwaysShowSuggestions=false, useAsciiPasswordKeyboard=false, secondaryIme=null, keyboardGroupDef=kut@8db7fb, phenotypeFlagId=0, localizationLanguageTag=null, supportsInlineSuggestion=false, supportsAccessPoints=false}, ktt{stringId=date_time_floating_hard_qwerty, language=und-Latn-x-date-time, languageTag=und-Latn-x-date-time, processedConditions={}, className=com.google.android.libraries.inputmethod.ime.DummyIme, label=2132018779, keyEventInterpreter=null, inlineComposing=true, autoCapital=false, announceAutoSelectedCandidate=false, statusIcon=2131231823, primeKeyboardType=HARD_QWERTY, indicatorIcon=0, indicatorLabel=null, displayAppCompletions=false, extraValues=ktl{}, processors=kvl@7b60232, unacceptableMetaKeys=4098, languageSpecificSettings=0, asciiCapable=false, alwaysShowSuggestions=false, useAsciiPasswordKeyboard=false, secondaryIme=null, keyboardGroupDef=kut@1880018, phenotypeFlagId=0, localizationLanguageTag=null, supportsInlineSuggestion=false, supportsAccessPoints=false}]
05-01 18:39:51.571 I/InputMethodEntryManager( 6550): InputMethodEntryManager.onSuccessLoadingAdditionalImeDefs():2918 Additional ImeDefs have been loaded, maybe notify entry change: false
05-01 18:39:51.571 I/GoogleInputMethodService( 6550): GoogleInputMethodService.onCurrentInputMethodEntryChanged():3655 onCurrentInputMethodEntryChanged(): imeDefsChanged=false, initializedEntryChanged=false, keyboardContextChanged=false
05-01 18:39:51.571 I/GoogleInputMethodService( 6550): GoogleInputMethodService.onCurrentInputMethodEntryChanged():3675 Skip the entry change as the input method entry is consider as not changed.
05-01 18:39:51.571 W/GoogleInputMethodService( 6550): GoogleInputMethodService.reactivateKeyboard():3830 No need to reactivate keyboard when input view is not started.
05-01 18:39:51.571 I/SystemSubtypesReportModule( 6550): SystemSubtypesReportModule$3.onCurrentInputMethodEntryChanged():136 entry: en-US, source: UNSPECIFIED
05-01 18:39:51.572 W/NotificationCenter( 6550): NotificationCenter$ListenerData.notifyOnExecutor():672 Heavy notify work detected on UI thread: |lor->mpx| takes 22ms
05-01 18:39:51.572 I/GoogleInputMethodService( 6550): GoogleInputMethodService.onConfigurationChanged():1665 changedMask : 20000480
05-01 18:39:51.572 I/GoogleInputMethodService( 6550): GoogleInputMethodService.clearInputMethodServiceData():1613 clearInputMethodServiceData for configurationChange
05-01 18:39:51.572 I/SP      ( 6550): Syncing emoticon_content_description (2022081613) with slices: [7a635888cb828dfa2fc744b7b9b50f04], metadata: false
05-01 18:39:51.572 W/LatinCommonMetricsProcessor( 6550): LatinCommonMetricsProcessor.processInputMethodEntryChanged():2300 The new entry is equal to the old entry
05-01 18:39:51.574 I/DelightKLPDownloader( 6550): DelightKLPDownloader.downloadKLPInternal():185 downloading KLP for en_840
05-01 18:39:51.574 I/ManifestedDataDownloader( 6550): ManifestedDataDownloader.download():57 downloading manifest https://www.gstatic.com/android/keyboard/dictionarypack/2024070918/metadata.json-perlang/en-840.json?v=2024071002
05-01 18:39:51.576 D/BoundBrokerSvc( 6332): onBind: Intent { act=com.google.android.gms.common.BIND_SHARED_PREFS pkg=com.google.android.gms }
05-01 18:39:51.576 D/BoundBrokerSvc( 6332): Loading bound service for intent: Intent { act=com.google.android.gms.common.BIND_SHARED_PREFS pkg=com.google.android.gms }
05-01 18:39:51.576 I/KeyboardDefCache( 6550): MemoryFileCache$2.onFailure():229 Load data from cache for key: 1fd49421853191ab2117e9b438cd3627 has been cancelled
05-01 18:39:51.576 I/KeyboardManager( 6550): KeyboardManager.createKeyboardInternal():407 Keyboard request for prime is out-of-date.
05-01 18:39:51.576 I/GoogleInputMethodService( 6550): GoogleInputMethodService.discardAllKeyboardViewAndInputView():1818 discardAllKeyboardViewAndInputView()
05-01 18:39:51.577 I/NearbyDiscovery( 6332): (REDACTED) processGrantSlicePermission: %s
05-01 18:39:51.578 I/DownloadManager( 6550): DownloadManager.downloadInternal():390 Download for __KLP_manifest_delight__en-840 scheduled with params DownloadParams{allowMetered=true, requireCharging=false, foreground=false, immediately=true, priority=0}
05-01 18:39:51.578 I/DownloadManager( 6550): DownloadManager.startDownload():484 start download of __KLP_manifest_delight__en-840
05-01 18:39:51.582 I/KeyboardModeManager( 6550): KeyboardModeManager.setInputViewKeyboardViewHolderProvider():625 setInputView() : supportsOneHandedMode=true supportsSplitMode=true
05-01 18:39:51.582 I/NormalModeController( 6550): NormalModeController.getKeyboardBodyViewHolderPaddingBottom():104 currentPrimeKeyboardType:SOFT systemPaddingBottom:-1
05-01 18:39:51.589 I/KeyboardModeManager( 6550): KeyboardModeManager.setInputViewKeyboardViewHolderProvider():613 setInputView() : supportsOneHandedMode=true, supportSplitMode=true
05-01 18:39:51.589 I/GoogleInputMethodService( 6550): GoogleInputMethodService$10.onWindowMetricsChanged():1226 windowMetrics: bounds() = Rect(0, 132 - 1080, 2400), insets() = Rect(0, 0 - 0, 0)
05-01 18:39:51.589 I/DeviceModeMonitor2( 6550): DeviceModeMonitor2.calculateAndNotify():101 Device mode 'phone' from display metrics 'DisplayMetrics{density=0.0, width=1080, height=2400, scaledDensity=0.0, xdpi=420.0, ydpi=420.0}' or smallestScreenWidthDp: 411
05-01 18:39:51.589 I/WindowMetricsNotification( 6550): WindowMetricsNotification.notify():106 WindowMetricsNotification{bounds=Rect(0, 132 - 1080, 2400), insets=Rect(0, 0 - 0, 0), densityDpi=420, smallestScreenWidthDp=411, displayWidth=1080, displayHeight=2400, xdpi=420.0, ydpi=420.0}; DisplayMetrics{density=2.625, width=1080, height=2400, scaledDensity=2.625, xdpi=420.0, ydpi=420.0}
05-01 18:39:51.589 I/WindowMetricsHelper( 6550): WindowMetricsHelper.predictAndNotify():140 Window metrics predicted.
05-01 18:39:51.589 I/GoogleInputMethodService( 6550): GoogleInputMethodService.initializeInputMethodServiceData():1382 initializeInputMethodServiceData for kct{languageTag=en-US, variant=qwerty, hasLocalizedResources=true, conditionCacheKey=_cache_additional_ime_defs_for_condition_change=false_cache_ime_defs_for_condition_change=false_device=phone_device_size=default_enable_flick_symbols=false_enable_more_candidates_view_for_multilingual=false_enable_number_row=false_enable_preemptive_decode=true_enable_secondary_digits=true_enable_secondary_symbols=false_enable_show_foldable_layout_on_small_tablet=true_expressions=normal_four_or_more_letter_rows=false_keyboard_mode=normal_language=en-US_orientation=portrait_physical_keyboard=qwerty_rtl_layout=false_show_secondary_digits=true_show_suggestions=true_split_with_duplicate_keys=true_variant=qwerty, imeDef.stringId=ime_english_united_states, imeDef.className=com.google.android.apps.inputmethod.libs.latin5.LatinIme, imeDef.languageTag=en-US}
05-01 18:39:51.590 I/StyledKeyboardThemeBuilder( 6550): StyledKeyboardThemeBuilder.build():132 Pref: [], themeName: [silk:], darkMode: [false], cacheKey: [overlay_builtin_dynamic_color_light_base.binarypb:dynamic-gm3-light-fffefbff-ff495d92-8adeb286894d7d4cce285b6f16b95faf]
05-01 18:39:51.592 I/KeyboardThemeProvider( 6550): KeyboardThemeProvider.applyKeyboardTheme():27 Apply keyboard theme: theme_border_stylesheet_noshadow_gsans_pillkey_silkpopup_hover_light_phone_bottom4dp_navredesign_400_overlay_builtin_dynamic_color_light_base.binarypb:dynamic-gm3-light-fffefbff-ff495d92-8adeb286894d7d4cce285b6f16b95faf_port
05-01 18:39:51.603 D/StatsLog( 1315): LAUNCHER_TRANSIENT_TASKBAR_HIDE
05-01 18:39:51.611 D/b/254119092( 1315): DisplayController#onConfigurationChanged: {1.0 310mcc260mnc [en_US] ldltr sw411dp w411dp h914dp 420dpi nrml long port finger qwerty/v/v dpad/v winConfig={ mBounds=Rect(0, 0 - 1080, 2400) mAppBounds=Rect(0, 0 - 1080, 2400) mMaxBounds=Rect(0, 0 - 1080, 2400) mDisplayRotation=ROTATION_0 mWindowingMode=fullscreen mActivityType=undefined mAlwaysOnTop=undefined mRotation=ROTATION_0} as.4 s.251 fontWeightAdjustment=0}
05-01 18:39:51.613 I/DownloadManager( 6550): DownloadManager.downloadInternal():390 Download for __KLP_delight__en-840 scheduled with params DownloadParams{allowMetered=false, requireCharging=false, foreground=false, immediately=false, priority=500}
05-01 18:39:51.616 D/TFOManager( 1315): No activity in overlay, closing
05-01 18:39:51.627 I/AndroidIME( 6550): InputBundleManager.loadActiveInputBundleId():450 loadActiveInputBundleId: und-Latn-x-password, password
05-01 18:39:51.628 E/SystemServiceRegistry( 1131): No service published for: ethernet
05-01 18:39:51.628 E/SystemServiceRegistry( 1131): android.os.ServiceManager$ServiceNotFoundException: No service published for: ethernet
05-01 18:39:51.628 E/SystemServiceRegistry( 1131): 	at android.os.ServiceManager.getServiceOrThrow(ServiceManager.java:203)
05-01 18:39:51.628 E/SystemServiceRegistry( 1131): 	at android.app.SystemServiceRegistry$145.createService(SystemServiceRegistry.java:2120)
05-01 18:39:51.628 E/SystemServiceRegistry( 1131): 	at android.app.SystemServiceRegistry$CachedServiceFetcher.getService(SystemServiceRegistry.java:2231)
05-01 18:39:51.628 E/SystemServiceRegistry( 1131): 	at android.app.SystemServiceRegistry.getSystemService(SystemServiceRegistry.java:1812)
05-01 18:39:51.628 E/SystemServiceRegistry( 1131): 	at android.app.ContextImpl.getSystemService(ContextImpl.java:2241)
05-01 18:39:51.628 E/SystemServiceRegistry( 1131): 	at android.content.ContextWrapper.getSystemService(ContextWrapper.java:936)
05-01 18:39:51.628 E/SystemServiceRegistry( 1131): 	at com.android.networkstack.tethering.Tethering.isEthernetSupported(Tethering.java:1579)
05-01 18:39:51.628 E/SystemServiceRegistry( 1131): 	at com.android.networkstack.tethering.Tethering.makeSupportedDownstreams(Tethering.java:2562)
05-01 18:39:51.628 E/SystemServiceRegistry( 1131): 	at com.android.networkstack.tethering.Tethering.updateSupportedDownstreams(Tethering.java:2536)
05-01 18:39:51.628 E/SystemServiceRegistry( 1131): 	at com.android.networkstack.tethering.Tethering.updateConfiguration(Tethering.java:549)
05-01 18:39:51.628 E/SystemServiceRegistry( 1131): 	at com.android.networkstack.tethering.Tethering.-$$Nest$mupdateConfiguration(Tethering.java:0)
05-01 18:39:51.628 E/SystemServiceRegistry( 1131): 	at com.android.networkstack.tethering.Tethering$StateReceiver.onReceive(Tethering.java:1186)
05-01 18:39:51.628 E/SystemServiceRegistry( 1131): 	at android.app.LoadedApk$ReceiverDispatcher$Args.lambda$getRunnable$0(LoadedApk.java:1814)
05-01 18:39:51.628 E/SystemServiceRegistry( 1131): 	at android.app.LoadedApk$ReceiverDispatcher$Args.$r8$lambda$mcNAAl1SQ4MyJPyDg8TJ2x2h0Rk(Unknown Source:0)
05-01 18:39:51.628 E/SystemServiceRegistry( 1131): 	at android.app.LoadedApk$ReceiverDispatcher$Args$$ExternalSyntheticLambda0.run(D8$$SyntheticClass:0)
05-01 18:39:51.628 E/SystemServiceRegistry( 1131): 	at android.os.Handler.handleCallback(Handler.java:959)
05-01 18:39:51.628 E/SystemServiceRegistry( 1131): 	at android.os.Handler.dispatchMessage(Handler.java:100)
05-01 18:39:51.628 E/SystemServiceRegistry( 1131): 	at android.os.Looper.loopOnce(Looper.java:232)
05-01 18:39:51.628 E/SystemServiceRegistry( 1131): 	at android.os.Looper.loop(Looper.java:317)
05-01 18:39:51.628 E/SystemServiceRegistry( 1131): 	at android.os.HandlerThread.run(HandlerThread.java:85)
05-01 18:39:51.634 W/android.vending( 6463): Missing inline cache for java.lang.Object azgc.apply(java.lang.Object)
05-01 18:39:51.641 I/GoogleInputMethodService( 6550): GoogleInputMethodService.onStartInput():1986 onStartInput(EditorInfo{EditorInfo{packageName=com.google.android.apps.nexuslauncher, inputType=0, inputTypeString=NULL, enableLearning=false, autoCorrection=false, autoComplete=false, imeOptions=0, privateImeOptions=null, actionName=UNSPECIFIED, actionLabel=null, initialSelStart=-1, initialSelEnd=-1, initialCapsMode=0, label=null, fieldId=0, fieldName=null, extras=null, hintText=null, hintLocales=[]}}, true)
05-01 18:39:51.642 V/WindowManager(  610): Sent Transition (#46) createdAt=05-01 18:39:51.491 via request=TransitionRequestInfo { type = CHANGE, triggerTask = null, pipTask = null, remoteTransition = null, displayChange = DisplayChange { displayId = 0, startAbsBounds = null, endAbsBounds = null, startRotation = 1, endRotation = 0, physicalDisplayChanged = false }, flags = 0, debugId = 46 }
05-01 18:39:51.642 V/WindowManager(  610):     startWCT=WindowContainerTransaction { changes = {} hops = [] errorCallbackToken=null taskFragmentOrganizer=null }
05-01 18:39:51.642 I/GoogleInputMethodService( 6550): GoogleInputMethodService.updateDeviceLockedStatus():2248 repeatCheckTimes = 1, locked = false
05-01 18:39:51.643 W/SessionManager( 6550): SessionManager.beginSession():53 Try to begin an already begun session [INPUT_SESSION], end it first
05-01 18:39:51.643 V/WindowManager(  610):     info={id=46 t=CHANGE f=0x0 trk=0 r=[0@Point(0, 0)] c=[
05-01 18:39:51.643 V/WindowManager(  610):         {WCT{RemoteToken{9649cd3 Task{c8925a4 #1 type=home}}} m=CHANGE f=SHOW_WALLPAPER p=WCT{RemoteToken{77b28bd DefaultTaskDisplayArea@110430805}} leash=Surface(name=Task=1)/@0xf8d9bd5 sb=Rect(0, 0 - 2400, 1080) eb=Rect(0, 0 - 1080, 2400) d=0 r=1->0:0 taskParent=-1},
05-01 18:39:51.643 V/WindowManager(  610):         {WCT{RemoteToken{77b28bd DefaultTaskDisplayArea@110430805}} m=CHANGE f=SHOW_WALLPAPER p=WCT{RemoteToken{5acebd5 Display{#0 state=ON size=1080x2400 ROTATION_0}}} leash=Surface(name=DefaultTaskDisplayArea)/@0x4fa88c sb=Rect(0, 0 - 2400, 1080) eb=Rect(0, 0 - 1080, 2400) d=0 r=1->0:-1},
05-01 18:39:51.643 V/WindowManager(  610):         {WCT{RemoteToken{5acebd5 Display{#0 state=ON size=1080x2400 ROTATION_0}}} m=CHANGE f=SHOW_WALLPAPER|IS_DISPLAY leash=Surface(name=WindowedMagnification:0:31)/@0x38deb9 sb=Rect(0, 0 - 2400, 1080) eb=Rect(0, 0 - 1080, 2400) d=0 r=1->0:3}
05-01 18:39:51.643 V/WindowManager(  610):     ]}
05-01 18:39:51.643 I/AndroidIME( 6550): InputBundleManager.loadActiveInputBundleId():450 loadActiveInputBundleId: und-Latn-x-password, password
05-01 18:39:51.646 V/WindowManagerShell( 1028): onTransitionReady(transaction=2619930052274)
05-01 18:39:51.646 W/PackageConfigPersister(  610): App-specific configuration not found for packageName: com.google.android.apps.nexuslauncher and userId: 0
05-01 18:39:51.647 I/DictionarySuperpacksManager( 6550): DictionarySuperpacksManager$1.onEnabledInputMethodEntriesChanged():65 onEnabledInputMethodEntriesChanged
05-01 18:39:51.649 V/WindowManagerShell( 1028): onTransitionReady (#46) android.os.BinderProxy@63f3719: {id=46 t=CHANGE f=0x0 trk=0 r=[0@Point(0, 0)] c=[{WCT{android.window.IWindowContainerToken$Stub$Proxy@ee2b29b} m=CHANGE f=SHOW_WALLPAPER p=WCT{android.window.IWindowContainerToken$Stub$Proxy@7d37638} leash=Surface(name=Task=1)/@0xa25bd7f sb=Rect(0, 0 - 2400, 1080) eb=Rect(0, 0 - 1080, 2400) d=0 r=1->0:0 taskParent=-1},{WCT{android.window.IWindowContainerToken$Stub$Proxy@a5e9611} m=CHANGE f=SHOW_WALLPAPER p=WCT{android.window.IWindowContainerToken$Stub$Proxy@e254376} leash=Surface(name=DefaultTaskDisplayArea)/@0x108914c sb=Rect(0, 0 - 2400, 1080) eb=Rect(0, 0 - 1080, 2400) d=0 r=1->0:-1},{WCT{android.window.IWindowContainerToken$Stub$Proxy@3afdd77} m=CHANGE f=SHOW_WALLPAPER|IS_DISPLAY leash=Surface(name=WindowedMagnification:0:31)/@0x9b33595 sb=Rect(0, 0 - 2400, 1080) eb=Rect(0, 0 - 1080, 2400) d=0 r=1->0:3}]}
05-01 18:39:51.649 V/WindowManagerShell( 1028): Playing animation for (#46) android.os.BinderProxy@63f3719@0
05-01 18:39:51.650 I/HandwritingOfflineSuperpacks( 6550): HandwritingOfflineSuperpacks.syncInternal():80 no bundled lm for handwriting.
05-01 18:39:51.651 I/HandwritingSuperpacks( 6550): HandwritingSuperpacks.register():273 register(): version '86', url 'https://dl.google.com/handwriting/models/handwriting_release.superpack_manifest.20231127.json' [ONLINE]
05-01 18:39:51.652 V/WindowManagerShell( 1028):  try handler com.android.wm.shell.transition.DefaultMixedHandler@fb1980e
05-01 18:39:51.652 V/WindowManagerShell( 1028):  try handler com.android.wm.shell.keyguard.KeyguardTransitionHandler@3c6322f
05-01 18:39:51.652 V/WindowManagerShell( 1028):  try handler com.android.wm.shell.pip.PipTransition@e07e03c
05-01 18:39:51.652 W/WindowManagerShell( 1028): PipTransition: startAnimation() should start with clear fixed rotation state
05-01 18:39:51.652 V/WindowManagerShell( 1028):  try handler com.android.wm.shell.activityembedding.ActivityEmbeddingController@a14f1c5
05-01 18:39:51.652 V/WindowManagerShell( 1028):  try handler com.android.wm.shell.recents.RecentsTransitionHandler@ff3271a
05-01 18:39:51.652 V/ShellRecents( 1028): RecentsTransitionHandler.startAnimation: no controller found
05-01 18:39:51.652 V/WindowManagerShell( 1028):  try handler com.android.wm.shell.splitscreen.StageCoordinator@88dc24b
05-01 18:39:51.652 V/WindowManagerShell( 1028):  try handler com.android.wm.shell.transition.RemoteTransitionHandler@690c428
05-01 18:39:51.652 V/WindowManagerShell( 1028):  try handler com.android.wm.shell.transition.DefaultTransitionHandler@3622fc3
05-01 18:39:51.653 V/WindowManagerShell( 1028): start default transition animation, info = {id=46 t=CHANGE f=0x0 trk=0 r=[0@Point(0, 0)] c=[{WCT{android.window.IWindowContainerToken$Stub$Proxy@ee2b29b} m=CHANGE f=SHOW_WALLPAPER p=WCT{android.window.IWindowContainerToken$Stub$Proxy@7d37638} leash=Surface(name=Task=1)/@0xa25bd7f sb=Rect(0, 0 - 2400, 1080) eb=Rect(0, 0 - 1080, 2400) d=0 r=1->0:0 taskParent=-1},{WCT{android.window.IWindowContainerToken$Stub$Proxy@a5e9611} m=CHANGE f=SHOW_WALLPAPER p=WCT{android.window.IWindowContainerToken$Stub$Proxy@e254376} leash=Surface(name=DefaultTaskDisplayArea)/@0x108914c sb=Rect(0, 0 - 2400, 1080) eb=Rect(0, 0 - 1080, 2400) d=0 r=1->0:-1},{WCT{android.window.IWindowContainerToken$Stub$Proxy@3afdd77} m=CHANGE f=SHOW_WALLPAPER|IS_DISPLAY leash=Surface(name=WindowedMagnification:0:31)/@0x9b33595 sb=Rect(0, 0 - 2400, 1080) eb=Rect(0, 0 - 1080, 2400) d=0 r=1->0:3}]}
05-01 18:39:51.654 V/WindowManagerShell( 1028): Display is changing, resolve the animation hint.
05-01 18:39:51.654 V/WindowManagerShell( 1028):   display requests explicit seamless
05-01 18:39:51.655 V/WindowManagerShell( 1028): Transition animation finished (aborted=false), notifying core (#46) android.os.BinderProxy@63f3719@0
05-01 18:39:51.656 V/WindowManager(  610): Finish Transition (#46): created at 05-01 18:39:51.491 collect-started=2.824ms request-sent=3.986ms started=13.661ms ready=130.135ms sent=149.258ms finished=165.086ms
05-01 18:39:51.667 W/SQLiteLog( 6332): (28) double-quoted string literal: "com.streamfr.app"
05-01 18:39:51.668 I/KeyboardHeightUtil( 6550): KeyboardHeightUtil.calculateMaxKeyboardBodyHeight():45 leave 281 height for app when ime window height:2268, header height:116 and isFullscreenMode:false, so the max keyboard body height is:1871
