05-01 18:27:59.187 W/SP      ( 1514): File ref is being finalized but wasn't closed, file: transformer_latin_conf_tflite_20231010_zip[9]
05-01 18:27:59.187 W/SP      ( 1514): File ref is being finalized but wasn't closed, file: pack_mapping_v1_lstm_20231127[6]
05-01 18:27:59.187 W/SP      ( 1514): File ref is being finalized but wasn't closed, file: transformer_latin_seg_tflite_20231010_zip[9]
05-01 18:27:59.187 W/SP      ( 1514): File ref is being finalized but wasn't closed, file: scribe_latin_20231123_recospec_zip[9]
05-01 18:27:59.187 W/SP      ( 1514): File ref is being finalized but wasn't closed, file: en_us_20230613_compact_fst_zip[9]
05-01 18:27:59.187 W/SP      ( 1514): File ref is being finalized but wasn't closed, file: scribe_latin_20231123_recospec_zip[9]
05-01 18:27:59.187 W/SP      ( 1514): File ref is being finalized but wasn't closed, file: scribe_latin_20231123_tflite_zip[9]
05-01 18:27:59.187 W/SP      ( 1514): File ref is being finalized but wasn't closed, file: qrnn_en_us_reco_20231010_fst_20230613_recospec_zip[9]
05-01 18:27:59.187 W/SP      ( 1514): File ref is being finalized but wasn't closed, file: transformer_latin_conf_tflite_20231010_zip[9]
05-01 18:27:59.187 W/SP      ( 1514): File ref is being finalized but wasn't closed, file: transformer_latin_seg_tflite_20231010_zip[9]
05-01 18:27:59.187 W/SP      ( 1514): File ref is being finalized but wasn't closed, file: transformer_latin_tflite_20231010_zip[9]
05-01 18:27:59.187 W/SP      ( 1514): File ref is being finalized but wasn't closed, file: en_us_20230613_compact_fst_zip[9]
05-01 18:27:59.188 W/SP      ( 1514): File ref is being finalized but wasn't closed, file: transformer_latin_tflite_20231010_zip[9]
05-01 18:27:59.188 W/SP      ( 1514): File ref is being finalized but wasn't closed, file: scribe_latin_20231123_tflite_zip[9]
05-01 18:27:59.188 W/SP      ( 1514): File ref is being finalized but wasn't closed, file: qrnn_en_us_reco_20231010_fst_20230613_recospec_zip[9]
05-01 18:27:59.188 W/SP      ( 1514): File ref is being finalized but wasn't closed, file: transformer_latin_conf_tflite_20231010_zip[9]
05-01 18:27:59.188 W/SP      ( 1514): File ref is being finalized but wasn't closed, file: pack_mapping_v1_lstm_20231127[6]
05-01 18:27:59.188 W/SP      ( 1514): File ref is being finalized but wasn't closed, file: transformer_latin_seg_tflite_20231010_zip[9]
05-01 18:27:59.188 W/SP      ( 1514): File ref is being finalized but wasn't closed, file: scribe_latin_20231123_recospec_zip[9]
05-01 18:27:59.188 W/SP      ( 1514): File ref is being finalized but wasn't closed, file: en_us_20230613_compact_fst_zip[9]
05-01 18:27:59.188 W/SP      ( 1514): File ref is being finalized but wasn't closed, file: transformer_latin_tflite_20231010_zip[9]
05-01 18:27:59.188 W/SP      ( 1514): File ref is being finalized but wasn't closed, file: scribe_latin_20231123_tflite_zip[9]
05-01 18:27:59.188 W/SP      ( 1514): File ref is being finalized but wasn't closed, file: qrnn_en_us_reco_20231010_fst_20230613_recospec_zip[9]
05-01 18:27:59.188 W/SP      ( 1514): File ref is being finalized but wasn't closed, file: transformer_latin_conf_tflite_20231010_zip[9]
05-01 18:27:59.188 W/SP      ( 1514): File ref is being finalized but wasn't closed, file: pack_mapping_v1_lstm_20231127[6]
05-01 18:27:59.188 W/SP      ( 1514): File ref is being finalized but wasn't closed, file: transformer_latin_seg_tflite_20231010_zip[9]
05-01 18:27:59.188 W/SP      ( 1514): File ref is being finalized but wasn't closed, file: scribe_latin_20231123_recospec_zip[9]
05-01 18:27:59.189 D/nativeloader( 6320): Configuring clns-8 for other apk /system/framework/com.android.media.remotedisplay.jar. target_sdk_version=37, uses_libraries=ALL, library_path=/data/app/~~2lK9jcDK3yWLFp943EZxqQ==/com.google.android.gms-us3Y_ikr7H5W-4gGc6z7iQ==/lib/x86_64:/data/app/~~2lK9jcDK3yWLFp943EZxqQ==/com.google.android.gms-us3Y_ikr7H5W-4gGc6z7iQ==/base.apk!/lib/x86_64, permitted_path=/data:/mnt/expand:/data/user/0/com.google.android.gms
05-01 18:27:59.189 D/ApplicationLoaders( 6320): Returning zygote-cached class loader: /system_ext/framework/androidx.window.extensions.jar
05-01 18:27:59.189 D/ApplicationLoaders( 6320): Returning zygote-cached class loader: /system_ext/framework/androidx.window.sidecar.jar
05-01 18:27:59.190 W/SP      ( 1514): File ref is being finalized but wasn't closed, file: en_us_20230613_compact_fst_zip[9]
05-01 18:27:59.190 W/SP      ( 1514): File ref is being finalized but wasn't closed, file: scribe_latin_20231123_recospec_zip[9]
05-01 18:27:59.190 W/SP      ( 1514): File ref is being finalized but wasn't closed, file: scribe_latin_20231123_tflite_zip[9]
05-01 18:27:59.190 W/SP      ( 1514): File ref is being finalized but wasn't closed, file: qrnn_en_us_reco_20231010_fst_20230613_recospec_zip[9]
05-01 18:27:59.190 W/SP      ( 1514): File ref is being finalized but wasn't closed, file: transformer_latin_conf_tflite_20231010_zip[9]
05-01 18:27:59.190 W/SP      ( 1514): File ref is being finalized but wasn't closed, file: transformer_latin_seg_tflite_20231010_zip[9]
05-01 18:27:59.190 W/SP      ( 1514): File ref is being finalized but wasn't closed, file: transformer_latin_tflite_20231010_zip[9]
05-01 18:27:59.190 W/SP      ( 1514): File ref is being finalized but wasn't closed, file: en_us_20230613_compact_fst_zip[9]
05-01 18:27:59.192 D/nativeloader( 6332): Configuring clns-7 for other apk /system/framework/com.android.location.provider.jar. target_sdk_version=37, uses_libraries=ALL, library_path=/data/app/~~2lK9jcDK3yWLFp943EZxqQ==/com.google.android.gms-us3Y_ikr7H5W-4gGc6z7iQ==/lib/x86_64:/data/app/~~2lK9jcDK3yWLFp943EZxqQ==/com.google.android.gms-us3Y_ikr7H5W-4gGc6z7iQ==/base.apk!/lib/x86_64, permitted_path=/data:/mnt/expand:/data/user/0/com.google.android.gms
05-01 18:27:59.198 D/nativeloader( 6332): Configuring clns-8 for other apk /system/framework/com.android.media.remotedisplay.jar. target_sdk_version=37, uses_libraries=ALL, library_path=/data/app/~~2lK9jcDK3yWLFp943EZxqQ==/com.google.android.gms-us3Y_ikr7H5W-4gGc6z7iQ==/lib/x86_64:/data/app/~~2lK9jcDK3yWLFp943EZxqQ==/com.google.android.gms-us3Y_ikr7H5W-4gGc6z7iQ==/base.apk!/lib/x86_64, permitted_path=/data:/mnt/expand:/data/user/0/com.google.android.gms
05-01 18:27:59.199 D/ApplicationLoaders( 6332): Returning zygote-cached class loader: /system_ext/framework/androidx.window.extensions.jar
05-01 18:27:59.199 D/ApplicationLoaders( 6332): Returning zygote-cached class loader: /system_ext/framework/androidx.window.sidecar.jar
05-01 18:27:59.207 D/EGL_emulation( 4621): app_time_stats: avg=42.29ms min=30.03ms max=73.86ms count=24
05-01 18:27:59.209 E/SmsApplication( 1229): com.google.android.apps.messaging lost android:read_cell_broadcasts:  (fixing)
05-01 18:27:59.210 W/AppOpService(  610): Ignored setUidMode call for runtime permission app op: uid = 10140, code = READ_CELL_BROADCASTS, mode = allow, callingUid = 1001, oldMode = allow
05-01 18:27:59.215 W/AllAppsList( 1315): updatePromiseInstallInfo: no Activities matched updated package, removing all apps from package=com.google.android.gms
05-01 18:27:59.218 I/AiAiAutofill( 1608): Connected AiAiAugmentedAutofillService.
05-01 18:27:59.219 E/CellBroadcastUtils( 1229): getDefaultCellBroadcastReceiverPackageName: no package found
05-01 18:27:59.220 W/AppOpService(  610): Ignored setUidMode call for runtime permission app op: uid = 1001, code = READ_SMS, mode = allow, callingUid = 1001, oldMode = allow
05-01 18:27:59.222 E/RoleControllerServiceImpl(  610): Default/fallback role holder package doesn't qualify for the role, package: com.google.android.gms, role: android.app.role.WALLET
05-01 18:27:59.223 W/AppOpService(  610): Ignored setUidMode call for runtime permission app op: uid = 1001, code = RECEIVE_SMS, mode = allow, callingUid = 1001, oldMode = allow
05-01 18:27:59.224 W/AppOpService(  610): Ignored setUidMode call for runtime permission app op: uid = 1001, code = RECEIVE_WAP_PUSH, mode = allow, callingUid = 1001, oldMode = allow
05-01 18:27:59.224 W/AppOpService(  610): Ignored setUidMode call for runtime permission app op: uid = 1001, code = SEND_SMS, mode = allow, callingUid = 1001, oldMode = allow
05-01 18:27:59.225 W/AppOpService(  610): Ignored setUidMode call for runtime permission app op: uid = 1001, code = READ_CELL_BROADCASTS, mode = allow, callingUid = 1001, oldMode = allow
05-01 18:27:59.229 I/system_server(  610): Background concurrent mark compact GC freed 8580KB AllocSpace bytes, 25(536KB) LOS objects, 47% free, 26MB/50MB, paused 4.440ms,6.552ms total 365.051ms
05-01 18:27:59.229 D/ImsResolver( 1229): maybeAddedImsService, packageName: com.google.android.gms
05-01 18:27:59.233 D/nativeloader( 6320): Configuring clns-9 for other apk /data/app/~~2lK9jcDK3yWLFp943EZxqQ==/com.google.android.gms-us3Y_ikr7H5W-4gGc6z7iQ==/base.apk. target_sdk_version=37, uses_libraries=, library_path=/data/app/~~2lK9jcDK3yWLFp943EZxqQ==/com.google.android.gms-us3Y_ikr7H5W-4gGc6z7iQ==/lib/x86_64:/data/app/~~2lK9jcDK3yWLFp943EZxqQ==/com.google.android.gms-us3Y_ikr7H5W-4gGc6z7iQ==/base.apk!/lib/x86_64, permitted_path=/data:/mnt/expand:/data/user/0/com.google.android.gms
05-01 18:27:59.233 W/system_server(  610): ApkAssets: Deleting an ApkAssets object '<empty> and /system/priv-app/InputDevices/InputDevices.apk' with 1 weak references
05-01 18:27:59.233 W/system_server(  610): ApkAssets: Deleting an ApkAssets object '<empty> and /product/app/LatinIMEGooglePrebuilt/LatinIMEGooglePrebuilt.apk' with 1 weak references
05-01 18:27:59.235 W/system_server(  610): ApkAssets: Deleting an ApkAssets object '<empty> and /product/app/GoogleTTS/GoogleTTS.apk' with 1 weak references
05-01 18:27:59.236 W/system_server(  610): ApkAssets: Deleting an ApkAssets object '<empty> and /data/app/~~2lK9jcDK3yWLFp943EZxqQ==/com.google.android.gms-us3Y_ikr7H5W-4gGc6z7iQ==/base.apk' with 1 weak references
05-01 18:27:59.236 W/system_server(  610): ApkAssets: Deleting an ApkAssets object '<empty> and /data/app/~~2lK9jcDK3yWLFp943EZxqQ==/com.google.android.gms-us3Y_ikr7H5W-4gGc6z7iQ==/split_AdsDynamite_installtime.apk' with 1 weak references
05-01 18:27:59.236 W/system_server(  610): ApkAssets: Deleting an ApkAssets object '<empty> and /data/app/~~2lK9jcDK3yWLFp943EZxqQ==/com.google.android.gms-us3Y_ikr7H5W-4gGc6z7iQ==/split_CronetDynamite_installtime.apk' with 1 weak references
05-01 18:27:59.236 W/system_server(  610): ApkAssets: Deleting an ApkAssets object '<empty> and /data/app/~~2lK9jcDK3yWLFp943EZxqQ==/com.google.android.gms-us3Y_ikr7H5W-4gGc6z7iQ==/split_DynamiteLoader_installtime.apk' with 1 weak references
05-01 18:27:59.236 W/system_server(  610): ApkAssets: Deleting an ApkAssets object '<empty> and /data/app/~~2lK9jcDK3yWLFp943EZxqQ==/com.google.android.gms-us3Y_ikr7H5W-4gGc6z7iQ==/split_DynamiteModulesA_installtime.apk' with 1 weak references
05-01 18:27:59.236 W/system_server(  610): ApkAssets: Deleting an ApkAssets object '<empty> and /data/app/~~2lK9jcDK3yWLFp943EZxqQ==/com.google.android.gms-us3Y_ikr7H5W-4gGc6z7iQ==/split_DynamiteModulesC_installtime.apk' with 1 weak references
05-01 18:27:59.236 W/system_server(  610): ApkAssets: Deleting an ApkAssets object '<empty> and /data/app/~~2lK9jcDK3yWLFp943EZxqQ==/com.google.android.gms-us3Y_ikr7H5W-4gGc6z7iQ==/split_GoogleCertificates_installtime.apk' with 1 weak references
05-01 18:27:59.237 W/system_server(  610): ApkAssets: Deleting an ApkAssets object '<empty> and /data/app/~~2lK9jcDK3yWLFp943EZxqQ==/com.google.android.gms-us3Y_ikr7H5W-4gGc6z7iQ==/split_MapsDynamite_installtime.apk' with 1 weak references
05-01 18:27:59.237 W/system_server(  610): ApkAssets: Deleting an ApkAssets object '<empty> and /data/app/~~2lK9jcDK3yWLFp943EZxqQ==/com.google.android.gms-us3Y_ikr7H5W-4gGc6z7iQ==/split_MeasurementDynamite_installtime.apk' with 1 weak references
05-01 18:27:59.237 W/system_server(  610): ApkAssets: Deleting an ApkAssets object '<empty> and /data/app/~~2lK9jcDK3yWLFp943EZxqQ==/com.google.android.gms-us3Y_ikr7H5W-4gGc6z7iQ==/split_all_locale_splits.apk' with 1 weak references
05-01 18:27:59.237 W/system_server(  610): ApkAssets: Deleting an ApkAssets object '<empty> and /data/app/~~2lK9jcDK3yWLFp943EZxqQ==/com.google.android.gms-us3Y_ikr7H5W-4gGc6z7iQ==/split_config.en.apk' with 1 weak references
05-01 18:27:59.237 W/system_server(  610): ApkAssets: Deleting an ApkAssets object '<empty> and /data/app/~~2lK9jcDK3yWLFp943EZxqQ==/com.google.android.gms-us3Y_ikr7H5W-4gGc6z7iQ==/split_config.xxhdpi.apk' with 1 weak references
05-01 18:27:59.237 W/system_server(  610): ApkAssets: Deleting an ApkAssets object '<empty> and /system_ext/app/AccessibilityMenu/AccessibilityMenu.apk' with 1 weak references
05-01 18:27:59.237 W/system_server(  610): ApkAssets: Deleting an ApkAssets object '/product/overlay/AccessibilityMenu__sdk_gphone64_x86_64__auto_generated_rro_product.apk' with 1 weak references
05-01 18:27:59.237 W/system_server(  610): ApkAssets: Deleting an ApkAssets object '<empty> and /product/app/talkback/talkback.apk' with 1 weak references
05-01 18:27:59.238 W/system_server(  610): ApkAssets: Deleting an ApkAssets object '/vendor/overlay/EmulatorTalkBackOverlay/EmulatorTalkBackOverlay.apk' with 1 weak references
05-01 18:27:59.246 D/ActivityThread( 1229): Package [com.google.android.gms] reported as REPLACED, but missing application info. Assuming REMOVED.
05-01 18:27:59.246 D/ActivityThread( 1229): Package [com.google.android.gms] reported as REPLACED, but missing application info. Assuming REMOVED.
05-01 18:27:59.254 E/RoleControllerServiceImpl(  610): Default/fallback role holder package doesn't qualify for the role, package: com.google.android.devicelockcontroller, role: android.app.role.SYSTEM_FINANCED_DEVICE_CONTROLLER
05-01 18:27:59.256 V/GraphicsEnvironment( 6320): Currently set values for:
05-01 18:27:59.256 V/GraphicsEnvironment( 6320):   angle_gl_driver_selection_pkgs=[]
05-01 18:27:59.256 V/GraphicsEnvironment( 6320):   angle_gl_driver_selection_values=[]
05-01 18:27:59.256 V/GraphicsEnvironment( 6320): Global.Settings values are invalid: number of packages: 0, number of values: 0
05-01 18:27:59.257 V/GraphicsEnvironment( 6320): Neither updatable production driver nor prerelease driver is supported.
05-01 18:27:59.271 D/nativeloader( 6332): Configuring clns-9 for other apk /data/app/~~2lK9jcDK3yWLFp943EZxqQ==/com.google.android.gms-us3Y_ikr7H5W-4gGc6z7iQ==/base.apk. target_sdk_version=37, uses_libraries=, library_path=/data/app/~~2lK9jcDK3yWLFp943EZxqQ==/com.google.android.gms-us3Y_ikr7H5W-4gGc6z7iQ==/lib/x86_64:/data/app/~~2lK9jcDK3yWLFp943EZxqQ==/com.google.android.gms-us3Y_ikr7H5W-4gGc6z7iQ==/base.apk!/lib/x86_64, permitted_path=/data:/mnt/expand:/data/user/0/com.google.android.gms
05-01 18:27:59.283 V/GraphicsEnvironment( 6332): Currently set values for:
05-01 18:27:59.283 V/GraphicsEnvironment( 6332):   angle_gl_driver_selection_pkgs=[]
05-01 18:27:59.283 V/GraphicsEnvironment( 6332):   angle_gl_driver_selection_values=[]
05-01 18:27:59.283 V/GraphicsEnvironment( 6332): Global.Settings values are invalid: number of packages: 0, number of values: 0
05-01 18:27:59.283 V/GraphicsEnvironment( 6332): Neither updatable production driver nor prerelease driver is supported.
05-01 18:27:59.286 W/android.hardware.audio@7.1-impl.ranchu(  399): pcmWrite:259 pcm_writei failed with 'cannot read/write stream data: I/O error' (-1)
05-01 18:27:59.286 E/android.hardware.audio@7.1-impl.ranchu(  399): pcmWrite:260 failure: -1
05-01 18:27:59.289 W/SQLiteCompatibilityWalFlags( 6320): Cannot read global setting sqlite_compatibility_wal_flags - Application state not available
05-01 18:27:59.364 I/Safeboot( 6320): Checking safeboot...
05-01 18:27:59.365 I/GmsApplication( 6320): Staging modules and/or updating config
05-01 18:27:59.367 W/ChimeraCfgMgr( 6320): Stored Chimera config has different version (current=30, stored=25), ignoring
05-01 18:27:59.367 W/ChimeraCfgMgr( 6320): Failed to read module config: com.google.android.chimera.config.InvalidConfigException: unexpected config format
05-01 18:27:59.367 I/GmsApplication( 6320): Updating config
05-01 18:27:59.368 I/ServiceWatcher(  610): [GeocoderProxy] chose new implementation 10144/com.google.android.gms/.location.geocode.GeocodeService@2
05-01 18:27:59.368 I/ServiceWatcher(  610): [fused] chose new implementation 10144/com.google.android.gms/com.google.android.location.fused.FusedLocationService@1
05-01 18:27:59.370 I/ServiceWatcher(  610): [RealLocationTimeZoneProviderProxy] chose new implementation 10144/com.google.android.gms/.geotimezone.GeoTimeZoneService@1
05-01 18:27:59.370 I/ServiceWatcher(  610): [network] chose new implementation 10144/com.google.android.gms/com.google.android.location.network.NetworkLocationService@2
05-01 18:27:59.370 I/ServiceWatcher(  610): [GeofenceProxy] chose new implementation 10144/com.google.android.gms/com.google.android.location.internal.GoogleLocationManagerService@1
05-01 18:27:59.370 I/ServiceWatcher(  610): [HardwareActivityRecognitionProxy] chose new implementation 10144/com.google.android.gms/com.google.android.location.internal.server.HardwareArProviderService@1
05-01 18:27:59.375 D/BufferPoolAccessor2.0( 4621): bufferpool2 0x70ec78a75728 : 5(40960 size) total buffers - 1(8192 size) used buffers - 3821/3826 (recycle/alloc) - 7/3825 (fetch/transfer)
05-01 18:27:59.381 I/Finsky  ( 5351): [2] ajaw - Received: android.intent.action.PACKAGE_REMOVED, [5RgnIEJQaOQbqneqo2SF47BEgT9fG5svDK6hS_daqhI]
05-01 18:27:59.382 I/Finsky:background( 5396): [2] ajal - Received: android.intent.action.PACKAGE_REMOVED, [5RgnIEJQaOQbqneqo2SF47BEgT9fG5svDK6hS_daqhI]
05-01 18:27:59.390 W/android.hardware.audio@7.1-impl.ranchu(  399): pcmWrite:259 pcm_writei failed with 'cannot read/write stream data: I/O error' (-1)
05-01 18:27:59.390 E/android.hardware.audio@7.1-impl.ranchu(  399): pcmWrite:260 failure: -1
05-01 18:27:59.394 D/ActivityThread( 1543): Package [com.google.android.gms] reported as REPLACED, but missing application info. Assuming REMOVED.
05-01 18:27:59.397 W/ChimeraCfgMgr( 6320): Stored Chimera config has different version (current=30, stored=25), ignoring
05-01 18:27:59.397 W/ChimeraCfgMgr( 6320): Failed to read module config: com.google.android.chimera.config.InvalidConfigException: unexpected config format
05-01 18:27:59.398 D/ActivityManager(  610): sync unfroze 1543 com.google.android.apps.wellbeing for 7
05-01 18:27:59.399 I/MediaProvider( 1636): Invalidating LocalCallingIdentity cache for package com.google.android.gms. Reason: package android.intent.action.PACKAGE_REMOVED
05-01 18:27:59.400 D/ActivityThread( 1543): Package [com.google.android.gms] reported as REPLACED, but missing application info. Assuming REMOVED.
05-01 18:27:59.401 I/GmsModuleFndr( 6320): Beginning GMS chimera module scan
05-01 18:27:59.401 D/ControlsListingControllerImpl( 1028): ServiceConfig reloaded, count: 0
05-01 18:27:59.403 W/MediaProvider( 1636): WorkProfileOwnerApps cache is empty
05-01 18:27:59.404 D/PickerSyncLockManager( 1636): Trying to acquire lock com.android.providers.media.photopicker.sync.CloseableReentrantLock@f7d3245[Unlocked]. Lock Name = CLOUD_PROVIDER_LOCK. Threads that may be waiting to acquire this lock = []
05-01 18:27:59.404 D/CloseableReentrantLock( 1636): Successfully acquired lock com.android.providers.media.photopicker.sync.CloseableReentrantLock@f7d3245[Locked by thread main]. Lock Name = CLOUD_PROVIDER_LOCK. Threads that may be waiting to acquire this lock = []
05-01 18:27:59.404 D/CloseableReentrantLock( 1636): Successfully released lock com.android.providers.media.photopicker.sync.CloseableReentrantLock@f7d3245[Unlocked]. Lock Name = CLOUD_PROVIDER_LOCK. Threads that may be waiting to acquire this lock = []
05-01 18:27:59.404 W/ChimeraCfgMgr( 6320): Stored Chimera config has different version (current=30, stored=25), ignoring
05-01 18:27:59.405 W/ChimeraCfgMgr( 6320): Failed to read module config: com.google.android.chimera.config.InvalidConfigException: unexpected config format
05-01 18:27:59.405 I/FileApkMgr( 6320): Extracting modules...
05-01 18:27:59.406 D/ControlsListingControllerImpl( 1028): ServiceConfig reloaded, count: 0
05-01 18:27:59.407 I/Finsky:background( 5396): [126] Wrote row to frosting DB: 307
05-01 18:27:59.408 D/ControlsListingControllerImpl( 1028): ServiceConfig reloaded, count: 0
05-01 18:27:59.413 I/GsaVoiceInteractionSrv( 1610): (REDACTED) O received %s
05-01 18:27:59.418 I/Finsky:background( 5396): [2] ajal - Received: android.intent.action.PACKAGE_ADDED, [5RgnIEJQaOQbqneqo2SF47BEgT9fG5svDK6hS_daqhI]
05-01 18:27:59.418 I/FileApkMgr( 6320): Skip staging and digest computation for AdsDynamite.apk as there's already an installed split.
05-01 18:27:59.419 I/FileApkMgr( 6320): Skip staging and digest computation for CronetDynamite.apk as there's already an installed split.
05-01 18:27:59.419 I/FileApkMgr( 6320): Skip staging and digest computation for DynamiteLoader.apk as there's already an installed split.
05-01 18:27:59.419 I/FileApkMgr( 6320): Skip staging and digest computation for DynamiteModulesA.apk as there's already an installed split.
05-01 18:27:59.419 I/FileApkMgr( 6320): Skip staging and digest computation for DynamiteModulesC.apk as there's already an installed split.
05-01 18:27:59.419 I/FileApkMgr( 6320): Skip staging and digest computation for GoogleCertificates.apk as there's already an installed split.
05-01 18:27:59.419 I/FileApkMgr( 6320): Skip staging and digest computation for MapsDynamite.apk as there's already an installed split.
05-01 18:27:59.419 I/FileApkMgr( 6320): Skip staging and digest computation for MeasurementDynamite.apk as there's already an installed split.
05-01 18:27:59.421 I/Finsky:background( 5396): [126] Wrote row to frosting DB: 308
05-01 18:27:59.424 I/FileApkMgr( 6320): Extracting modules completed
05-01 18:27:59.425 I/Finsky:background( 5396): [55] IQ:PSL: onPackageRemoved com.google.android.gms, replacing=true existingStatus=[Package:com.google.android.gms, isid:9teXycLARtezJ49DBRZo1w] state:INSTALLING
05-01 18:27:59.429 I/Finsky  ( 5351): [2] ajaw - Received: android.intent.action.PACKAGE_ADDED, [5RgnIEJQaOQbqneqo2SF47BEgT9fG5svDK6hS_daqhI]
05-01 18:27:59.430 I/Finsky:background( 5396): [55] IQ:PRCC: should not cancel queued up install for com.google.android.gms because this is a regular app update
05-01 18:27:59.431 I/Finsky  ( 5351): [185] SCH: Received scheduling request: Id: 12-1, Constraints: [{ L: 15000, D: 86400000, C: CHARGING_NONE, I: IDLE_NONE, N: NET_ANY, B: BATTERY_ANY }]
05-01 18:27:59.431 I/Finsky  ( 5351): [66] AIM: AppInfoManager-Perf > OnDeviceAppInfo > cacheHitCount=0, cacheMissCount=1. Missed  in cache (limit 10) : [com.google.android.gms]
05-01 18:27:59.433 I/Finsky  ( 5351): [57] AIM: Got app ownership map. App counts: . Unique apps: 0
05-01 18:27:59.433 E/Finsky  ( 5351): [57] [Counters] attempted to use a non-positive increment for: 4752
05-01 18:27:59.434 E/Finsky  ( 5351): [83] [Counters] attempted to use a non-positive increment for: 4753
05-01 18:27:59.435 I/Finsky:background( 5396): [126] Wrote row to frosting DB: 309
05-01 18:27:59.443 I/GmsModuleFndr( 6320): Blocking deprecated modules after container update: [com.google.android.gms.netrec]
05-01 18:27:59.443 I/Finsky:background( 5396): [2] ajal - Received: android.intent.action.PACKAGE_ADDED, [5RgnIEJQaOQbqneqo2SF47BEgT9fG5svDK6hS_daqhI]
05-01 18:27:59.445 W/ChimeraCfgMgr( 6320): Stored Chimera config has different version (current=30, stored=25), ignoring
05-01 18:27:59.445 W/ChimeraCfgMgr( 6320): Failed to read module config: com.google.android.chimera.config.InvalidConfigException: unexpected config format
05-01 18:27:59.445 W/ModuleManager( 6320): Unable to get current module's fulfilled APIs in ModuleManager created with non-module Context
05-01 18:27:59.445 W/ModuleManager( 6320): Unable to get current module's fulfilled APIs in ModuleManager created with non-module Context
05-01 18:27:59.445 W/ModuleManager( 6320): Unable to get current module's fulfilled APIs in ModuleManager created with non-module Context
05-01 18:27:59.445 W/ModuleManager( 6320): Unable to get current module's fulfilled APIs in ModuleManager created with non-module Context
05-01 18:27:59.445 W/ChimeraCfgMgr( 6320): Stored Chimera config has different version (current=30, stored=25), ignoring
05-01 18:27:59.445 W/ChimeraCfgMgr( 6320): Failed to read module config: com.google.android.chimera.config.InvalidConfigException: unexpected config format
05-01 18:27:59.445 W/ModuleManager( 6320): Unable to get current module's fulfilled APIs in ModuleManager created with non-module Context
05-01 18:27:59.445 W/ModuleManager( 6320): Unable to get current module's fulfilled APIs in ModuleManager created with non-module Context
05-01 18:27:59.445 W/ModuleManager( 6320): Unable to get current module's fulfilled APIs in ModuleManager created with non-module Context
05-01 18:27:59.445 W/ModuleManager( 6320): Unable to get current module's fulfilled APIs in ModuleManager created with non-module Context
05-01 18:27:59.445 W/ChimeraCfgMgr( 6320): Stored Chimera config has different version (current=30, stored=25), ignoring
05-01 18:27:59.445 I/GmsDebugLogger( 6320): [10] unexpected config format
05-01 18:27:59.446 I/Finsky  ( 5351): [2] DTU: Received onPackageAdded, replacing: true
05-01 18:27:59.449 I/Finsky:background( 5396): [126] Wrote row to frosting DB: 310
05-01 18:27:59.452 I/Finsky  ( 5351): [2] Set autoupdate of com.google.android.gms to 1 (install/update)
05-01 18:27:59.454 I/Finsky:background( 5396): [2] ajal - Deduping intent android.intent.action.PACKAGE_ADDED
05-01 18:27:59.455 W/ChimeraCfgMgr( 6320): Failed to read module config: com.google.android.chimera.config.InvalidConfigException: unexpected config format
05-01 18:27:59.455 W/ModuleManager( 6320): Unable to get current module's fulfilled APIs in ModuleManager created with non-module Context
05-01 18:27:59.455 W/ModuleManager( 6320): Unable to get current module's fulfilled APIs in ModuleManager created with non-module Context
05-01 18:27:59.455 W/ModuleManager( 6320): Unable to get current module's fulfilled APIs in ModuleManager created with non-module Context
05-01 18:27:59.455 W/ModuleManager( 6320): Unable to get current module's fulfilled APIs in ModuleManager created with non-module Context
05-01 18:27:59.455 W/ChimeraCfgMgr( 6320): Stored Chimera config has different version (current=30, stored=25), ignoring
05-01 18:27:59.455 W/ChimeraCfgMgr( 6320): Failed to read module config: com.google.android.chimera.config.InvalidConfigException: unexpected config format
05-01 18:27:59.455 W/ModuleManager( 6320): Unable to get current module's fulfilled APIs in ModuleManager created with non-module Context
05-01 18:27:59.455 W/ModuleManager( 6320): Unable to get current module's fulfilled APIs in ModuleManager created with non-module Context
05-01 18:27:59.455 W/ModuleManager( 6320): Unable to get current module's fulfilled APIs in ModuleManager created with non-module Context
05-01 18:27:59.455 W/ModuleManager( 6320): Unable to get current module's fulfilled APIs in ModuleManager created with non-module Context
05-01 18:27:59.455 W/ChimeraCfgMgr( 6320): Stored Chimera config has different version (current=30, stored=25), ignoring
05-01 18:27:59.455 W/ChimeraCfgMgr( 6320): Failed to read module config: com.google.android.chimera.config.InvalidConfigException: unexpected config format
05-01 18:27:59.455 W/ModuleManager( 6320): Unable to get current module's fulfilled APIs in ModuleManager created with non-module Context
05-01 18:27:59.455 W/ModuleManager( 6320): Unable to get current module's fulfilled APIs in ModuleManager created with non-module Context
05-01 18:27:59.455 W/ModuleManager( 6320): Unable to get current module's fulfilled APIs in ModuleManager created with non-module Context
05-01 18:27:59.455 W/ModuleManager( 6320): Unable to get current module's fulfilled APIs in ModuleManager created with non-module Context
05-01 18:27:59.455 W/ChimeraCfgMgr( 6320): Stored Chimera config has different version (current=30, stored=25), ignoring
05-01 18:27:59.455 W/ChimeraCfgMgr( 6320): Failed to read module config: com.google.android.chimera.config.InvalidConfigException: unexpected config format
05-01 18:27:59.455 W/ModuleManager( 6320): Unable to get current module's fulfilled APIs in ModuleManager created with non-module Context
05-01 18:27:59.455 W/ModuleManager( 6320): Unable to get current module's fulfilled APIs in ModuleManager created with non-module Context
05-01 18:27:59.455 W/ModuleManager( 6320): Unable to get current module's fulfilled APIs in ModuleManager created with non-module Context
05-01 18:27:59.455 W/ModuleManager( 6320): Unable to get current module's fulfilled APIs in ModuleManager created with non-module Context
05-01 18:27:59.458 W/android.vending( 5351): Missing inline cache for java.lang.Object nqw.apply(java.lang.Object)
05-01 18:27:59.458 W/android.vending( 5351): Missing inline cache for java.lang.Object nqw.apply(java.lang.Object)
05-01 18:27:59.458 I/Finsky:background( 5396): [126] Wrote row to frosting DB: 311
05-01 18:27:59.459 W/android.vending( 5351): Missing inline cache for java.lang.Object nqw.apply(java.lang.Object)
05-01 18:27:59.459 W/android.vending( 5351): Missing inline cache for java.lang.Object nqw.apply(java.lang.Object)
05-01 18:27:59.459 W/android.vending( 5351): Missing inline cache for java.lang.Object nqw.apply(java.lang.Object)
05-01 18:27:59.459 W/android.vending( 5351): Missing inline cache for java.lang.Object nqw.apply(java.lang.Object)
05-01 18:27:59.459 W/android.vending( 5351): Missing inline cache for java.lang.Object nqw.apply(java.lang.Object)
05-01 18:27:59.460 I/Finsky:background( 5396): [2] ajal - Received: android.intent.action.PACKAGE_ADDED, [5RgnIEJQaOQbqneqo2SF47BEgT9fG5svDK6hS_daqhI]
05-01 18:27:59.462 I/Finsky  ( 5351): [185] SCH: Received scheduling request: Id: 12-1, Constraints: [{ L: 15000, D: 86400000, C: CHARGING_NONE, I: IDLE_NONE, N: NET_ANY, B: BATTERY_ANY }]
05-01 18:27:59.462 I/GsaVoiceInteractionSrv( 1610): (REDACTED) O received %s
05-01 18:27:59.470 D/nativeloader( 6320): Load /data/app/~~2lK9jcDK3yWLFp943EZxqQ==/com.google.android.gms-us3Y_ikr7H5W-4gGc6z7iQ==/base.apk!/lib/x86_64/libgmscore.so using ns clns-9 from class loader (caller=/data/app/~~2lK9jcDK3yWLFp943EZxqQ==/com.google.android.gms-us3Y_ikr7H5W-4gGc6z7iQ==/base.apk): ok
05-01 18:27:59.472 I/Finsky:background( 5396): [126] Wrote row to frosting DB: 312
05-01 18:27:59.472 I/ModuleSetResolution( 6320): Computing pending module set with APKs: [[MapsCoreDynamite.integ:241610202100800], [MlkitBarcodeUi.optional:242335100800], [PlayCloudSearch.optional:242335100000], [TfliteDynamiteDynamite.integ:252130102100800], [VisionBarcode.optional:242335100800], [AdsFdrDynamite.integ:260480602100000], [Cronetdynamite:261631260800], [Dynamiteloader:261631260000], [Dynamitemodulesa:261631260000], [Dynamitemodulesc:261631260000], [Googlecertificates:261631260000], [Mapsdynamite:261631260000], [Measurementdynamite:261631260000]]
05-01 18:27:59.475 I/Finsky  ( 5351): [83] AIM: AppInfoManager-Perf > ItemModel > CacheSize=0, cacheHitCount=0, cacheMissCount=1, total appsWithNoServerDataCount=0. Missed  in cache (limit 10) : [com.google.android.gms]
05-01 18:27:59.478 I/Finsky  ( 5351): [83] AIM: AppInfoManager-Perf > ItemModel > ItemStore Called 1 apps cacheOptions = USE_CACHE
05-01 18:27:59.478 I/Finsky  ( 5351): [83] AIM: ItemModel fetch - unauth(1), auth()
05-01 18:27:59.483 I/GsaVoiceInteractionSrv( 1610): (REDACTED) O received %s
05-01 18:27:59.485 I/Finsky:background( 5396): [2] ajal - Deduping intent android.intent.action.PACKAGE_ADDED
05-01 18:27:59.486 I/Finsky:background( 5396): [61] RECEIVER_PACKAGE_MONITOR_BACKGROUND#logWorkEndAndFinishGoAsync: SUCCESS
05-01 18:27:59.495 D/ActivityManager(  610): sync unfroze 5485 com.google.android.googlequicksearchbox:search for 6
05-01 18:27:59.498 E/Finsky  ( 5351): [83] [Counters] attempted to use a non-positive increment for: 4751
05-01 18:27:59.498 I/Finsky:background( 5396): [126] Wrote row to frosting DB: 313
05-01 18:27:59.501 W/android.hardware.audio@7.1-impl.ranchu(  399): pcmWrite:259 pcm_writei failed with 'cannot read/write stream data: I/O error' (-1)
05-01 18:27:59.501 E/android.hardware.audio@7.1-impl.ranchu(  399): pcmWrite:260 failure: -1
05-01 18:27:59.502 D/ActivityThread( 5485): Package [com.google.android.gms] reported as REPLACED, but missing application info. Assuming REMOVED.
05-01 18:27:59.502 D/ActivityThread( 5485): Package [com.google.android.gms] reported as REPLACED, but missing application info. Assuming REMOVED.
05-01 18:27:59.504 I/Finsky  ( 5351): [2] ajaw - Received: android.intent.action.PACKAGE_ADDED, [5RgnIEJQaOQbqneqo2SF47BEgT9fG5svDK6hS_daqhI]
05-01 18:27:59.504 I/Finsky  ( 5351): [67] AIM: AppInfoManager-Perf > OnDeviceAppInfo > cacheHitCount=0, cacheMissCount=1. Missed  in cache (limit 10) : [com.google.android.gms]
05-01 18:27:59.505 I/Finsky  ( 5351): [57] AIM: Got app ownership map. App counts: . Unique apps: 0
05-01 18:27:59.505 E/Finsky  ( 5351): [57] [Counters] attempted to use a non-positive increment for: 4752
05-01 18:27:59.509 E/Finsky  ( 5351): [83] [Counters] attempted to use a non-positive increment for: 4753
05-01 18:27:59.510 I/ModuleSetResolution( 6320): Pending container module APKs: [[TfliteDynamiteDynamite.integ:252130102100800]]
05-01 18:27:59.510 I/ModuleSetResolution( 6320): Pending non-container module APKs: []
05-01 18:27:59.510 I/Finsky:background( 5396): [126] Wrote row to frosting DB: 314
05-01 18:27:59.513 I/Finsky  ( 5351): [2] ajaw - Deduping intent android.intent.action.PACKAGE_ADDED
05-01 18:27:59.513 I/Finsky  ( 5351): [2] ajaw - Received: android.intent.action.PACKAGE_ADDED, [5RgnIEJQaOQbqneqo2SF47BEgT9fG5svDK6hS_daqhI]
05-01 18:27:59.515 W/ChimeraCfgMgr( 6320): Stored Chimera config has different version (current=30, stored=25), ignoring
05-01 18:27:59.516 W/ChimeraCfgMgr( 6320): Failed to read module config: com.google.android.chimera.config.InvalidConfigException: unexpected config format
05-01 18:27:59.516 W/IntentOperation( 6320): Failed to get Chimera config:com.google.android.chimera.config.InvalidConfigException: unexpected config format
05-01 18:27:59.531 I/Finsky  ( 5351): [2] ajaw - Deduping intent android.intent.action.PACKAGE_ADDED
05-01 18:27:59.534 I/.apps.wellbeing( 1543): Background concurrent mark compact GC freed 968KB AllocSpace bytes, 0(0B) LOS objects, 49% free, 5115KB/10231KB, paused 128us,1.723ms total 132.798ms
05-01 18:27:59.535 I/Finsky  ( 5351): [46] RECEIVER_PACKAGE_MONITOR#logWorkEndAndFinishGoAsync: SUCCESS
05-01 18:27:59.547 I/Finsky:background( 5396): [53] IV2::TD: Submit done. com.google.android.gms[iid:0] [isid:9teXycLARtezJ49DBRZo1w] [tid: 1000000000]
05-01 18:27:59.557 W/.gms.persistent( 6320): Missing inline cache for bcxb bcxc.b(android.content.Context, java.util.Map, bcxl)
05-01 18:27:59.563 V/AconfigFlags( 6320): Read Aconfig default flag value android.adaptiveauth.enable_adaptive_auth = true
05-01 18:27:59.564 V/AconfigFlags( 6320): Read Aconfig default flag value android.adaptiveauth.report_biometric_auth_attempts = true
05-01 18:27:59.564 V/AconfigFlags( 6320): Read Aconfig default flag value android.app.admin.flags.allow_querying_profile_type = true
05-01 18:27:59.564 V/AconfigFlags( 6320): Read Aconfig default flag value android.app.admin.flags.allow_screen_brightness_control_on_cope = true
05-01 18:27:59.564 V/AconfigFlags( 6320): Read Aconfig default flag value android.app.admin.flags.always_persist_do = true
05-01 18:27:59.564 V/AconfigFlags( 6320): Read Aconfig default flag value android.app.admin.flags.assist_content_user_restriction_enabled = true
05-01 18:27:59.565 V/AconfigFlags( 6320): Read Aconfig default flag value android.app.admin.flags.backup_connected_apps_settings = false
05-01 18:27:59.565 V/AconfigFlags( 6320): Read Aconfig default flag value android.app.admin.flags.backup_service_security_log_event_enabled = true
05-01 18:27:59.565 V/AconfigFlags( 6320): Read Aconfig default flag value android.app.admin.flags.coexistence_migration_for_non_emm_management_enabled = true
05-01 18:27:59.565 V/AconfigFlags( 6320): Read Aconfig default flag value android.app.admin.flags.copy_account_with_retry_enabled = true
05-01 18:27:59.565 V/AconfigFlags( 6320): Read Aconfig default flag value android.app.admin.flags.cross_user_suspension_enabled_ro = false
05-01 18:27:59.565 V/AconfigFlags( 6320): Read Aconfig default flag value android.app.admin.flags.dedicated_device_control_api_enabled = true
05-01 18:27:59.565 V/AconfigFlags( 6320): Read Aconfig default flag value android.app.admin.flags.dedicated_device_control_enabled = true
05-01 18:27:59.565 V/AconfigFlags( 6320): Read Aconfig default flag value android.app.admin.flags.default_sms_personal_app_suspension_fix_enabled = true
05-01 18:27:59.565 V/AconfigFlags( 6320): Read Aconfig default flag value android.app.admin.flags.delete_private_space_under_restriction = true
05-01 18:27:59.565 V/AconfigFlags( 6320): Read Aconfig default flag value android.app.admin.flags.device_policy_size_tracking_enabled = true
05-01 18:27:59.565 V/AconfigFlags( 6320): Read Aconfig default flag value android.app.admin.flags.device_policy_size_tracking_internal_bug_fix_enabled = true
05-01 18:27:59.565 V/AconfigFlags( 6320): Read Aconfig default flag value android.app.admin.flags.device_policy_size_tracking_internal_enabled = false
05-01 18:27:59.565 V/AconfigFlags( 6320): Read Aconfig default flag value android.app.admin.flags.device_theft_api_enabled = false
05-01 18:27:59.565 V/AconfigFlags( 6320): Read Aconfig default flag value android.app.admin.flags.device_theft_impl_enabled = false
05-01 18:27:59.565 V/AconfigFlags( 6320): Read Aconfig default flag value android.app.admin.flags.disallow_user_control_bg_usage_fix = true
05-01 18:27:59.565 V/AconfigFlags( 6320): Read Aconfig default flag value android.app.admin.flags.disallow_user_control_stopped_state_fix = true
05-01 18:27:59.565 V/AconfigFlags( 6320): Read Aconfig default flag value android.app.admin.flags.dmrh_set_app_restrictions = true
05-01 18:27:59.565 V/AconfigFlags( 6320): Read Aconfig default flag value android.app.admin.flags.dumpsys_policy_engine_migration_enabled = true
05-01 18:27:59.565 V/AconfigFlags( 6320): Read Aconfig default flag value android.app.admin.flags.esim_management_enabled = true
05-01 18:27:59.565 V/AconfigFlags( 6320): Read Aconfig default flag value android.app.admin.flags.esim_management_ux_enabled = false
05-01 18:27:59.565 V/AconfigFlags( 6320): Read Aconfig default flag value android.app.admin.flags.headless_device_owner_delegate_security_logging_bug_fix = true
05-01 18:27:59.565 V/AconfigFlags( 6320): Read Aconfig default flag value android.app.admin.flags.headless_device_owner_provisioning_fix_enabled = true
05-01 18:27:59.565 V/AconfigFlags( 6320): Read Aconfig default flag value android.app.admin.flags.headless_device_owner_single_user_enabled = true
05-01 18:27:59.565 V/AconfigFlags( 6320): Read Aconfig default flag value android.app.admin.flags.headless_single_min_target_sdk = false
05-01 18:27:59.565 V/AconfigFlags( 6320): Read Aconfig default flag value android.app.admin.flags.headless_single_user_bad_device_admin_state_fix = true
05-01 18:27:59.565 V/AconfigFlags( 6320): Read Aconfig default flag value android.app.admin.flags.headless_single_user_compatibility_fix = true
05-01 18:27:59.565 V/AconfigFlags( 6320): Read Aconfig default flag value android.app.admin.flags.headless_single_user_fixes = true
05-01 18:27:59.565 V/AconfigFlags( 6320): Read Aconfig default flag value android.app.admin.flags.hsum_unlock_notification_fix = true
05-01 18:27:59.565 V/AconfigFlags( 6320): Read Aconfig default flag value android.app.admin.flags.is_mte_policy_enforced = true
05-01 18:27:59.565 V/AconfigFlags( 6320): Read Aconfig default flag value android.app.admin.flags.is_recursive_required_app_merging_enabled = false
05-01 18:27:59.565 V/AconfigFlags( 6320): Read Aconfig default flag value android.app.admin.flags.onboarding_bugreport_storage_bug_fix = true
05-01 18:27:59.565 V/AconfigFlags( 6320): Read Aconfig default flag value android.app.admin.flags.onboarding_bugreport_v2_enabled = true
05-01 18:27:59.565 V/AconfigFlags( 6320): Read Aconfig default flag value android.app.admin.flags.onboarding_consentless_bugreports = true
05-01 18:27:59.565 V/AconfigFlags( 6320): Read Aconfig default flag value android.app.admin.flags.permission_migration_for_zero_trust_api_enabled = true
05-01 18:27:59.565 V/AconfigFlags( 6320): Read Aconfig default flag value android.app.admin.flags.permission_migration_for_zero_trust_impl_enabled = true
05-01 18:27:59.565 V/AconfigFlags( 6320): Read Aconfig default flag value android.app.admin.flags.policy_engine_migration_v2_enabled = true
05-01 18:27:59.565 V/AconfigFlags( 6320): Read Aconfig default flag value android.app.admin.flags.power_exemption_bg_usage_fix = true
05-01 18:27:59.565 V/AconfigFlags( 6320): Read Aconfig default flag value android.app.admin.flags.quiet_mode_credential_bug_fix = true
05-01 18:27:59.565 V/AconfigFlags( 6320): Read Aconfig default flag value android.app.admin.flags.security_log_v2_enabled = true
05-01 18:27:59.565 V/AconfigFlags( 6320): Read Aconfig default flag value android.app.admin.flags.unmanaged_mode_migration = false
05-01 18:27:59.565 V/AconfigFlags( 6320): Read Aconfig default flag value android.app.api_rich_ongoing = false
05-01 18:27:59.565 V/AconfigFlags( 6320): Read Aconfig default flag value android.app.api_tvextender = true
05-01 18:27:59.565 V/AconfigFlags( 6320): Read Aconfig default flag value android.app.app_restrictions_api = true
05-01 18:27:59.565 V/AconfigFlags( 6320): Read Aconfig default flag value android.app.app_start_info = true
05-01 18:27:59.565 V/AconfigFlags( 6320): Read Aconfig default flag value android.app.app_start_info_timestamps = true
05-01 18:27:59.565 V/AconfigFlags( 6320): Read Aconfig default flag value android.app.bic_client = true
05-01 18:27:59.565 V/AconfigFlags( 6320): Read Aconfig default flag value android.app.category_voicemail = true
05-01 18:27:59.565 V/AconfigFlags( 6320): Read Aconfig default flag value android.app.check_autogroup_before_post = false
05-01 18:27:59.565 V/AconfigFlags( 6320): Read Aconfig default flag value android.app.clean_up_spans_and_new_lines = false
05-01 18:27:59.565 V/AconfigFlags( 6320): Read Aconfig default flag value android.app.clear_dns_cache_on_network_rules_update = true
05-01 18:27:59.565 V/AconfigFlags( 6320): Read Aconfig default flag value android.app.compact_heads_up_notification = false
05-01 18:27:59.565 V/AconfigFlags( 6320): Read Aconfig default flag value android.app.compact_heads_up_notification_reply = false
05-01 18:27:59.565 V/AconfigFlags( 6320): Read Aconfig default flag value android.app.contextualsearch.flags.enable_service = true
05-01 18:27:59.565 V/AconfigFlags( 6320): Read Aconfig default flag value android.app.contextualsearch.flags.enable_token_refresh = false
05-01 18:27:59.565 V/AconfigFlags( 6320): Read Aconfig default flag value android.app.enable_fgs_timeout_crash_behavior = true
05-01 18:27:59.565 V/AconfigFlags( 6320): Read Aconfig default flag value android.app.enable_night_mode_binder_cache = true
05-01 18:27:59.565 V/AconfigFlags( 6320): Read Aconfig default flag value android.app.enable_pip_ui_state_callback_on_entering = true
05-01 18:27:59.565 V/AconfigFlags( 6320): Read Aconfig default flag value android.app.evenly_divided_call_style_action_layout = true
05-01 18:27:59.565 V/AconfigFlags( 6320): Read Aconfig default flag value android.app.gate_fgs_timeout_anr_behavior = false
05-01 18:27:59.566 V/AconfigFlags( 6320): Read Aconfig default flag value android.app.get_binding_uid_importance = true
05-01 18:27:59.566 V/AconfigFlags( 6320): Read Aconfig default flag value android.app.introduce_new_service_ontimeout_callback = true
05-01 18:27:59.566 V/AconfigFlags( 6320): Read Aconfig default flag value android.app.job.backup_jobs_exemption = false
05-01 18:27:59.566 V/AconfigFlags( 6320): Read Aconfig default flag value android.app.job.enforce_minimum_time_windows = false
05-01 18:27:59.566 V/AconfigFlags( 6320): Read Aconfig default flag value android.app.job.job_debug_info_apis = true
05-01 18:27:59.567 V/AconfigFlags( 6320): Read Aconfig default flag value android.app.keyguard_private_notifications = true
05-01 18:27:59.567 V/AconfigFlags( 6320): Read Aconfig default flag value android.app.lifetime_extension_refactor = false
05-01 18:27:59.567 V/AconfigFlags( 6320): Read Aconfig default flag value android.app.modes_api = true
05-01 18:27:59.567 V/AconfigFlags( 6320): Read Aconfig default flag value android.app.modes_ui = false
05-01 18:27:59.567 V/AconfigFlags( 6320): Read Aconfig default flag value android.app.notification_channel_vibration_effect_api = true
05-01 18:27:59.567 V/AconfigFlags( 6320): Read Aconfig default flag value android.app.notification_expansion_optional = false
05-01 18:27:59.567 V/AconfigFlags( 6320): Read Aconfig default flag value android.app.notifications_use_app_icon = false
05-01 18:27:59.567 V/AconfigFlags( 6320): Read Aconfig default flag value android.app.notifications_use_app_icon_in_row = false
05-01 18:27:59.567 V/AconfigFlags( 6320): Read Aconfig default flag value android.app.notifications_use_monochrome_app_icon = false
05-01 18:27:59.567 V/AconfigFlags( 6320): Read Aconfig default flag value android.app.ondeviceintelligence.flags.enable_on_device_intelligence = true
05-01 18:27:59.567 V/AconfigFlags( 6320): Read Aconfig default flag value android.app.pinner_service_client_api = true
05-01 18:27:59.567 V/AconfigFlags( 6320): Read Aconfig default flag value android.app.redact_sensitive_content_notifications_on_lockscreen = false
05-01 18:27:59.567 V/AconfigFlags( 6320): Read Aconfig default flag value android.app.remove_remote_views = false
05-01 18:27:59.567 V/AconfigFlags( 6320): Read Aconfig default flag value android.app.restrict_audio_attributes_alarm = false
05-01 18:27:59.567 V/AconfigFlags( 6320): Read Aconfig default flag value android.app.restrict_audio_attributes_call = false
05-01 18:27:59.567 V/AconfigFlags( 6320): Read Aconfig default flag value android.app.restrict_audio_attributes_media = false
05-01 18:27:59.567 V/AconfigFlags( 6320): Read Aconfig default flag value android.app.secure_allowlist_token = false
05-01 18:27:59.567 V/AconfigFlags( 6320): Read Aconfig default flag value android.app.skip_bg_mem_trim_on_fg_app = false
05-01 18:27:59.567 V/AconfigFlags( 6320): Read Aconfig default flag value android.app.smartspace.flags.access_smartspace = true
05-01 18:27:59.567 V/AconfigFlags( 6320): Read Aconfig default flag value android.app.smartspace.flags.remote_views = true
05-01 18:27:59.567 V/AconfigFlags( 6320): Read Aconfig default flag value android.app.sort_section_by_time = false
05-01 18:27:59.567 V/AconfigFlags( 6320): Read Aconfig default flag value android.app.system_terms_of_address_enabled = true
05-01 18:27:59.567 V/AconfigFlags( 6320): Read Aconfig default flag value android.app.uid_importance_listener_for_uids = false
05-01 18:27:59.567 V/AconfigFlags( 6320): Read Aconfig default flag value android.app.update_ranking_time = false
05-01 18:27:59.567 V/AconfigFlags( 6320): Read Aconfig default flag value android.app.usage.disable_idle_check = false
05-01 18:27:59.567 V/AconfigFlags( 6320): Read Aconfig default flag value android.app.usage.filter_based_event_query_api = true
05-01 18:27:59.567 V/AconfigFlags( 6320): Read Aconfig default flag value android.app.usage.get_app_bytes_by_data_type_api = true
05-01 18:27:59.567 V/AconfigFlags( 6320): Read Aconfig default flag value android.app.usage.report_usage_stats_permission = true
05-01 18:27:59.567 V/AconfigFlags( 6320): Read Aconfig default flag value android.app.usage.use_dedicated_handler_thread = true
05-01 18:27:59.567 V/AconfigFlags( 6320): Read Aconfig default flag value android.app.usage.use_parceled_list = true
05-01 18:27:59.567 V/AconfigFlags( 6320): Read Aconfig default flag value android.app.usage.user_interaction_type_api = true
05-01 18:27:59.567 V/AconfigFlags( 6320): Read Aconfig default flag value android.app.visit_person_uri = false
05-01 18:27:59.567 V/AconfigFlags( 6320): Read Aconfig default flag value android.app.wearable.enable_data_request_observer_api = true
05-01 18:27:59.567 V/AconfigFlags( 6320): Read Aconfig default flag value android.app.wearable.enable_hotword_wearable_sensing_api = true
05-01 18:27:59.567 V/AconfigFlags( 6320): Read Aconfig default flag value android.app.wearable.enable_provide_wearable_connection_api = true
05-01 18:27:59.567 V/AconfigFlags( 6320): Read Aconfig default flag value android.app.wearable.enable_restart_wss_process = true
05-01 18:27:59.567 V/AconfigFlags( 6320): Read Aconfig default flag value android.app.wearable.enable_unsupported_operation_status_code = true
05-01 18:27:59.567 V/AconfigFlags( 6320): Read Aconfig default flag value android.appwidget.flags.draw_data_parcel = true
05-01 18:27:59.567 V/AconfigFlags( 6320): Read Aconfig default flag value android.appwidget.flags.generated_previews = true
05-01 18:27:59.567 V/AconfigFlags( 6320): Read Aconfig default flag value android.appwidget.flags.remote_adapter_conversion = false
05-01 18:27:59.567 V/AconfigFlags( 6320): Read Aconfig default flag value android.appwidget.flags.remove_app_widget_service_io_from_critical_path = true
05-01 18:27:59.567 V/AconfigFlags( 6320): Read Aconfig default flag value android.appwidget.flags.support_resume_restore_after_reboot = false
05-01 18:27:59.567 V/AconfigFlags( 6320): Read Aconfig default flag value android.appwidget.flags.throttle_widget_updates = false
05-01 18:27:59.567 V/AconfigFlags( 6320): Read Aconfig default flag value android.car.feature.android_vic_vehicle_properties = true
