05-01 18:39:51.668 I/KeyboardHeightUtil( 6550): KeyboardHeightUtil.calculateMaxKeyboardBodyHeight():45 leave 281 height for app when ime window height:2268, header height:116 and isFullscreenMode:false, so the max keyboard body height is:1871
05-01 18:39:51.673 I/NormalModeController( 6550): NormalModeController.getKeyboardBodyViewHolderPaddingBottom():104 currentPrimeKeyboardType:SOFT systemPaddingBottom:-1
05-01 18:39:51.679 V/WindowManagerShell( 1028): Track 0 became idle
05-01 18:39:51.681 V/WindowManagerShell( 1028): All active transition animations finished
05-01 18:39:51.681 V/WindowManagerShell( 1028):  animated by com.android.wm.shell.transition.DefaultTransitionHandler@3622fc3
05-01 18:39:51.683 V/WindowManagerShell( 1028): Track 0 became idle
05-01 18:39:51.683 V/WindowManagerShell( 1028): All active transition animations finished
05-01 18:39:51.712 I/WindowManager(  610): finishDrawing of orientation change: Window{175bdd4 u0 Taskbar} 192ms
05-01 18:39:51.715 E/BpTransactionCompletedListener(  460): Failed to transact (-32)
05-01 18:39:51.716 I/TopTaskTracker( 1315): onTaskRemoved: taskId=10
05-01 18:39:51.717 I/TopTaskTracker( 1315): onTaskRemoved: taskId=10
05-01 18:39:51.728 I/SP      ( 6550): Registering handwriting_recognition.86, url: https://dl.google.com/handwriting/models/handwriting_release.superpack_manifest.20231127.json, constraints: m:*:*:*, flags: fg, requested: 86, current: 86
05-01 18:39:51.741 I/HandwritingOnlineSuperpacks( 6550): HandwritingOnlineSuperpacks$2.apply():184 syncPackMapping()
05-01 18:39:51.747 D/BoundBrokerSvc( 6332): onBind: Intent { act=com.google.android.gms.feedback.internal.IFeedbackService dat=chimera-action:/... cmp=com.google.android.gms/.chimera.GmsBoundBrokerService }
05-01 18:39:51.747 D/BoundBrokerSvc( 6332): Loading bound service for intent: Intent { act=com.google.android.gms.feedback.internal.IFeedbackService dat=chimera-action:/... cmp=com.google.android.gms/.chimera.GmsBoundBrokerService }
05-01 18:39:51.754 I/Icing   ( 6332): IndexChimeraService.getServiceInterface callingPackage=com.google.android.gms componentName=AppsCorpus serviceId=36
05-01 18:39:51.755 I/WindowManager(  610): finishDrawing of orientation change: Window{c192051 u0 ScreenDecorOverlay} 234ms
05-01 18:39:51.776 I/AiAiTextClassifier( 1608): [VisualCortexAdapter]: provideRegistration: Registered Prominent Screen Entities for updates.
05-01 18:39:51.779 I/WindowManager(  610): finishDrawing of orientation change: Window{d43b0dc u0 StatusBar} 259ms
05-01 18:39:51.789 I/MDDTaskScheduler( 6550): MDDTaskScheduler$Worker.startWorkInner():122 work mdd_download_work started
05-01 18:39:51.789 I/DownloadManager( 6550): DownloadManager.startDownload():484 start download of __KLP_delight__en-840
05-01 18:39:51.797 W/UserManagerService(  610): Requested status bar icon for non-badged user 0
05-01 18:39:51.803 I/DelightKLPDownloader( 6550): DelightKLPDownloader$2.onSuccess():207 klp en_840 downloaded with version 2024070900
05-01 18:39:51.803 D/ConnectivityService(  610): requestNetwork for uid/pid:10156/6550 activeRequest: null callbackRequest: 261 [NetworkRequest [ REQUEST id=262, [ Capabilities: INTERNET&NOT_RESTRICTED&TRUSTED&NOT_VCN_MANAGED&NOT_BANDWIDTH_CONSTRAINED Uid: 10156 RequestorUid: 10156 RequestorPkg: com.google.android.inputmethod.latin UnderlyingNetworks: Null] ]] callback flags: 0 order: 2147483647 isUidTracked: false
05-01 18:39:51.805 D/ConnectivityService(  610): NetReassign [262 : null → 100] [c 1] [a 0] [i 0]
05-01 18:39:51.806 I/SP      ( 6550): Sync for emoticon_content_description succeeded in 235 ms: no changes
05-01 18:39:51.806 D/OemPaidWifiNetworkFactory(  610): got request NetworkRequest [ REQUEST id=262, [ Capabilities: INTERNET&NOT_RESTRICTED&TRUSTED&NOT_VCN_MANAGED&NOT_BANDWIDTH_CONSTRAINED Uid: 10156 RequestorUid: 10156 RequestorPkg: com.google.android.inputmethod.latin UnderlyingNetworks: Null] ]
05-01 18:39:51.806 D/MultiInternetWifiNetworkFactory(  610): got request NetworkRequest [ REQUEST id=262, [ Capabilities: INTERNET&NOT_RESTRICTED&TRUSTED&NOT_VCN_MANAGED&NOT_BANDWIDTH_CONSTRAINED Uid: 10156 RequestorUid: 10156 RequestorPkg: com.google.android.inputmethod.latin UnderlyingNetworks: Null] ]
05-01 18:39:51.806 D/WifiNetworkFactory(  610): got request NetworkRequest [ REQUEST id=262, [ Capabilities: INTERNET&NOT_RESTRICTED&TRUSTED&NOT_VCN_MANAGED&NOT_BANDWIDTH_CONSTRAINED Uid: 10156 RequestorUid: 10156 RequestorPkg: com.google.android.inputmethod.latin UnderlyingNetworks: Null] ]
05-01 18:39:51.806 D/UntrustedWifiNetworkFactory(  610): got request NetworkRequest [ REQUEST id=262, [ Capabilities: INTERNET&NOT_RESTRICTED&TRUSTED&NOT_VCN_MANAGED&NOT_BANDWIDTH_CONSTRAINED Uid: 10156 RequestorUid: 10156 RequestorPkg: com.google.android.inputmethod.latin UnderlyingNetworks: Null] ]
05-01 18:39:51.806 I/SP      ( 6550): GC for 'emoticon_content_description' (10) with ttl of 0 ms took 0 ms (0/0/0)
05-01 18:39:51.806 I/HandwritingSlicingStrategy( 6550): HandwritingSlicingStrategy.getSlices():44 getSlices(): handwriting_recognition.86 useForeground=true
05-01 18:39:51.806 I/HandwritingSlicingStrategy( 6550): HandwritingSlicingStrategy.getSlices():103 getSlices(): result {slices=[{handwriting_recognition:pack_mapping_v1_lstm_20231127, m:*:*:*, fg}, {handwriting_recognition:transformer_latin_tflite_20231010_zip, m:*:*:*, fg}, {handwriting_recognition:qrnn_en_us_reco_20231010_fst_20230613_recospec_zip, m:*:*:*, fg}, {handwriting_recognition:transformer_latin_conf_tflite_20231010_zip, m:*:*:*, fg}, {handwriting_recognition:transformer_latin_seg_tflite_20231010_zip, m:*:*:*, fg}, {handwriting_recognition:en_us_20230613_compact_fst_zip, m:*:*:*, fg}, {handwriting_recognition:scribe_latin_20231123_tflite_zip, m:*:*:*, fg}, {handwriting_recognition:scribe_latin_20231123_recospec_zip, m:*:*:*, fg}], last batch=true, sync metadata=false}
05-01 18:39:51.807 I/SP      ( 6550): Syncing handwriting_recognition (86) with slices: [{pack_mapping_v1_lstm_20231127, m:*:*:*, fg}, {transformer_latin_tflite_20231010_zip, m:*:*:*, fg}, {qrnn_en_us_reco_20231010_fst_20230613_recospec_zip, m:*:*:*, fg}, {transformer_latin_conf_tflite_20231010_zip, m:*:*:*, fg}, {transformer_latin_seg_tflite_20231010_zip, m:*:*:*, fg}, {en_us_20230613_compact_fst_zip, m:*:*:*, fg}, {scribe_latin_20231123_tflite_zip, m:*:*:*, fg}, {scribe_latin_20231123_recospec_zip, m:*:*:*, fg}], metadata: false
05-01 18:39:51.812 I/WM-WorkerWrapper( 6550): Worker result SUCCESS for Work [ id=da6be161-b116-462a-8b12-48f07e56dfd4, tags={ com.google.android.libraries.inputmethod.mdd.MDDTaskScheduler$Worker } ]
05-01 18:39:51.818 I/Finsky  ( 6463): [53] WM::SCH: Logging work initialize for 26-1414141414
05-01 18:39:51.829 I/Icing   ( 6332): Usage reports ok 1, Failed Usage reports 0, indexed 0, rejected 0
05-01 18:39:51.836 D/DefaultDeviceEntrySection( 1028): isUdfpsSupported=false
05-01 18:39:51.837 I/Finsky  ( 6463): [66] SCH: Scheduling phonesky job Id: 26-1414141414, CT: 1777660790545, Constraints: [{ L: 43200000, D: 44100000, C: CHARGING_NONE, I: IDLE_NONE, N: NET_NONE, B: BATTERY_ANY }]
05-01 18:39:51.841 W/putmethod.latin( 6550): Suspending all threads took: 5.393ms
05-01 18:39:51.842 I/Finsky  ( 6463): [63] SCH: Scheduling 1 system job(s)
05-01 18:39:51.843 W/JobInfo ( 6463): Job 'com.android.vending/com.google.android.finsky.scheduler.process.mainimpl.PhoneskyJobServiceMain#9268' has a deadline with no functional constraints. The deadline won't improve job execution latency. Consider removing the deadline.
05-01 18:39:51.843 I/Finsky  ( 6463): [63] SCH: Scheduling system job Id: 9268, L: 43198702, D: 44098702, C: false, I: false, N: 0
05-01 18:39:51.843 W/JobInfo (  610): Job 'com.android.vending/com.google.android.finsky.scheduler.process.mainimpl.PhoneskyJobServiceMain#9268' has a deadline with no functional constraints. The deadline won't improve job execution latency. Consider removing the deadline.
05-01 18:39:51.852 I/Icing   ( 6332): IndexChimeraService.getServiceInterface callingPackage=com.google.android.gms componentName=null serviceId=30
05-01 18:39:51.862 I/WindowManager(  610): finishDrawing of orientation change: Window{c0680af u0 ScreenDecorOverlayBottom} 341ms
05-01 18:39:51.877 I/AiAiTextClassifier( 1608): [VisualCortexAdapter]: provideRegistration: Registered Prominent Screen Entities for updates.
05-01 18:39:51.880 I/putmethod.latin( 6550): Background concurrent mark compact GC freed 10MB AllocSpace bytes, 13(360KB) LOS objects, 49% free, 9660KB/18MB, paused 7.111ms,4.120ms total 148.513ms
05-01 18:39:51.884 I/AiAiTextClassifier( 1608): [VisualCortexAdapter]: provideRegistration: Registered Prominent Screen Entities for updates.
05-01 18:39:51.885 W/SP      ( 6550): File ref is being finalized but wasn't closed, file: transformer_latin_tflite_20231010_zip[27]
05-01 18:39:51.885 W/SP      ( 6550): File ref is being finalized but wasn't closed, file: scribe_latin_20231123_tflite_zip[27]
05-01 18:39:51.885 W/SP      ( 6550): File ref is being finalized but wasn't closed, file: qrnn_en_us_reco_20231010_fst_20230613_recospec_zip[27]
05-01 18:39:51.885 W/SP      ( 6550): File ref is being finalized but wasn't closed, file: transformer_latin_conf_tflite_20231010_zip[27]
05-01 18:39:51.885 W/SP      ( 6550): File ref is being finalized but wasn't closed, file: pack_mapping_v1_lstm_20231127[18]
05-01 18:39:51.885 W/SP      ( 6550): File ref is being finalized but wasn't closed, file: transformer_latin_seg_tflite_20231010_zip[27]
05-01 18:39:51.885 W/SP      ( 6550): File ref is being finalized but wasn't closed, file: scribe_latin_20231123_recospec_zip[27]
05-01 18:39:51.885 W/SP      ( 6550): File ref is being finalized but wasn't closed, file: en_us_20230613_compact_fst_zip[27]
05-01 18:39:51.885 W/SP      ( 6550): File ref is being finalized but wasn't closed, file: transformer_latin_tflite_20231010_zip[27]
05-01 18:39:51.885 W/SP      ( 6550): File ref is being finalized but wasn't closed, file: scribe_latin_20231123_tflite_zip[27]
05-01 18:39:51.885 W/SP      ( 6550): File ref is being finalized but wasn't closed, file: qrnn_en_us_reco_20231010_fst_20230613_recospec_zip[27]
05-01 18:39:51.885 W/SP      ( 6550): File ref is being finalized but wasn't closed, file: transformer_latin_conf_tflite_20231010_zip[27]
05-01 18:39:51.885 W/SP      ( 6550): File ref is being finalized but wasn't closed, file: pack_mapping_v1_lstm_20231127[18]
05-01 18:39:51.885 W/SP      ( 6550): File ref is being finalized but wasn't closed, file: transformer_latin_seg_tflite_20231010_zip[27]
05-01 18:39:51.885 W/SP      ( 6550): File ref is being finalized but wasn't closed, file: scribe_latin_20231123_recospec_zip[27]
05-01 18:39:51.885 W/SP      ( 6550): File ref is being finalized but wasn't closed, file: en_us_20230613_compact_fst_zip[27]
05-01 18:39:51.885 W/SP      ( 6550): File ref is being finalized but wasn't closed, file: transformer_latin_tflite_20231010_zip[27]
05-01 18:39:51.885 W/SP      ( 6550): File ref is being finalized but wasn't closed, file: scribe_latin_20231123_tflite_zip[27]
05-01 18:39:51.885 W/SP      ( 6550): File ref is being finalized but wasn't closed, file: qrnn_en_us_reco_20231010_fst_20230613_recospec_zip[27]
05-01 18:39:51.885 W/SP      ( 6550): File ref is being finalized but wasn't closed, file: transformer_latin_conf_tflite_20231010_zip[27]
05-01 18:39:51.885 W/SP      ( 6550): File ref is being finalized but wasn't closed, file: pack_mapping_v1_lstm_20231127[18]
05-01 18:39:51.885 W/SP      ( 6550): File ref is being finalized but wasn't closed, file: transformer_latin_seg_tflite_20231010_zip[27]
05-01 18:39:51.885 W/SP      ( 6550): File ref is being finalized but wasn't closed, file: scribe_latin_20231123_recospec_zip[27]
05-01 18:39:51.885 W/SP      ( 6550): File ref is being finalized but wasn't closed, file: en_us_20230613_compact_fst_zip[27]
05-01 18:39:51.885 W/SP      ( 6550): File ref is being finalized but wasn't closed, file: scribe_latin_20231123_recospec_zip[27]
05-01 18:39:51.885 W/SP      ( 6550): File ref is being finalized but wasn't closed, file: scribe_latin_20231123_tflite_zip[27]
05-01 18:39:51.885 W/SP      ( 6550): File ref is being finalized but wasn't closed, file: qrnn_en_us_reco_20231010_fst_20230613_recospec_zip[27]
05-01 18:39:51.885 W/SP      ( 6550): File ref is being finalized but wasn't closed, file: transformer_latin_conf_tflite_20231010_zip[27]
05-01 18:39:51.885 W/SP      ( 6550): File ref is being finalized but wasn't closed, file: transformer_latin_seg_tflite_20231010_zip[27]
05-01 18:39:51.885 W/SP      ( 6550): File ref is being finalized but wasn't closed, file: transformer_latin_tflite_20231010_zip[27]
05-01 18:39:51.885 W/SP      ( 6550): File ref is being finalized but wasn't closed, file: en_us_20230613_compact_fst_zip[27]
05-01 18:39:51.887 W/SP      ( 6550): File ref is being finalized but wasn't closed, file: transformer_latin_tflite_20231010_zip[27]
05-01 18:39:51.887 W/SP      ( 6550): File ref is being finalized but wasn't closed, file: scribe_latin_20231123_tflite_zip[27]
05-01 18:39:51.887 W/SP      ( 6550): File ref is being finalized but wasn't closed, file: qrnn_en_us_reco_20231010_fst_20230613_recospec_zip[27]
05-01 18:39:51.887 W/SP      ( 6550): File ref is being finalized but wasn't closed, file: transformer_latin_conf_tflite_20231010_zip[27]
05-01 18:39:51.887 W/SP      ( 6550): File ref is being finalized but wasn't closed, file: pack_mapping_v1_lstm_20231127[18]
05-01 18:39:51.887 W/SP      ( 6550): File ref is being finalized but wasn't closed, file: transformer_latin_seg_tflite_20231010_zip[27]
05-01 18:39:51.887 W/SP      ( 6550): File ref is being finalized but wasn't closed, file: scribe_latin_20231123_recospec_zip[27]
05-01 18:39:51.887 W/SP      ( 6550): File ref is being finalized but wasn't closed, file: en_us_20230613_compact_fst_zip[27]
05-01 18:39:51.887 W/SP      ( 6550): File ref is being finalized but wasn't closed, file: transformer_latin_tflite_20231010_zip[27]
05-01 18:39:51.887 W/SP      ( 6550): File ref is being finalized but wasn't closed, file: scribe_latin_20231123_tflite_zip[27]
05-01 18:39:51.887 W/SP      ( 6550): File ref is being finalized but wasn't closed, file: qrnn_en_us_reco_20231010_fst_20230613_recospec_zip[27]
05-01 18:39:51.887 W/SP      ( 6550): File ref is being finalized but wasn't closed, file: transformer_latin_conf_tflite_20231010_zip[27]
05-01 18:39:51.887 W/SP      ( 6550): File ref is being finalized but wasn't closed, file: pack_mapping_v1_lstm_20231127[18]
05-01 18:39:51.887 W/SP      ( 6550): File ref is being finalized but wasn't closed, file: transformer_latin_seg_tflite_20231010_zip[27]
05-01 18:39:51.887 W/SP      ( 6550): File ref is being finalized but wasn't closed, file: scribe_latin_20231123_recospec_zip[27]
05-01 18:39:51.887 W/SP      ( 6550): File ref is being finalized but wasn't closed, file: en_us_20230613_compact_fst_zip[27]
05-01 18:39:51.887 W/SP      ( 6550): File ref is being finalized but wasn't closed, file: scribe_latin_20231123_recospec_zip[27]
05-01 18:39:51.887 W/SP      ( 6550): File ref is being finalized but wasn't closed, file: scribe_latin_20231123_tflite_zip[27]
05-01 18:39:51.887 W/SP      ( 6550): File ref is being finalized but wasn't closed, file: qrnn_en_us_reco_20231010_fst_20230613_recospec_zip[27]
05-01 18:39:51.887 W/SP      ( 6550): File ref is being finalized but wasn't closed, file: transformer_latin_conf_tflite_20231010_zip[27]
05-01 18:39:51.887 W/SP      ( 6550): File ref is being finalized but wasn't closed, file: transformer_latin_seg_tflite_20231010_zip[27]
05-01 18:39:51.887 W/SP      ( 6550): File ref is being finalized but wasn't closed, file: transformer_latin_tflite_20231010_zip[27]
05-01 18:39:51.887 W/SP      ( 6550): File ref is being finalized but wasn't closed, file: en_us_20230613_compact_fst_zip[27]
05-01 18:39:51.887 W/SP      ( 6550): File ref is being finalized but wasn't closed, file: transformer_latin_tflite_20231010_zip[27]
05-01 18:39:51.887 W/SP      ( 6550): File ref is being finalized but wasn't closed, file: scribe_latin_20231123_tflite_zip[27]
05-01 18:39:51.887 W/SP      ( 6550): File ref is being finalized but wasn't closed, file: qrnn_en_us_reco_20231010_fst_20230613_recospec_zip[27]
05-01 18:39:51.887 W/SP      ( 6550): File ref is being finalized but wasn't closed, file: transformer_latin_conf_tflite_20231010_zip[27]
05-01 18:39:51.887 W/SP      ( 6550): File ref is being finalized but wasn't closed, file: pack_mapping_v1_lstm_20231127[18]
05-01 18:39:51.887 W/SP      ( 6550): File ref is being finalized but wasn't closed, file: transformer_latin_seg_tflite_20231010_zip[27]
05-01 18:39:51.887 W/SP      ( 6550): File ref is being finalized but wasn't closed, file: scribe_latin_20231123_recospec_zip[27]
05-01 18:39:51.887 W/SP      ( 6550): File ref is being finalized but wasn't closed, file: en_us_20230613_compact_fst_zip[27]
05-01 18:39:51.887 W/SP      ( 6550): File ref is being finalized but wasn't closed, file: transformer_latin_tflite_20231010_zip[27]
05-01 18:39:51.887 W/SP      ( 6550): File ref is being finalized but wasn't closed, file: scribe_latin_20231123_tflite_zip[27]
05-01 18:39:51.887 W/SP      ( 6550): File ref is being finalized but wasn't closed, file: qrnn_en_us_reco_20231010_fst_20230613_recospec_zip[27]
05-01 18:39:51.887 W/SP      ( 6550): File ref is being finalized but wasn't closed, file: transformer_latin_conf_tflite_20231010_zip[27]
05-01 18:39:51.887 W/SP      ( 6550): File ref is being finalized but wasn't closed, file: pack_mapping_v1_lstm_20231127[18]
05-01 18:39:51.887 W/SP      ( 6550): File ref is being finalized but wasn't closed, file: transformer_latin_seg_tflite_20231010_zip[27]
05-01 18:39:51.887 W/SP      ( 6550): File ref is being finalized but wasn't closed, file: scribe_latin_20231123_recospec_zip[27]
05-01 18:39:51.887 W/SP      ( 6550): File ref is being finalized but wasn't closed, file: en_us_20230613_compact_fst_zip[27]
05-01 18:39:51.887 W/SP      ( 6550): File ref is being finalized but wasn't closed, file: scribe_latin_20231123_recospec_zip[27]
05-01 18:39:51.887 W/SP      ( 6550): File ref is being finalized but wasn't closed, file: scribe_latin_20231123_tflite_zip[27]
05-01 18:39:51.887 W/SP      ( 6550): File ref is being finalized but wasn't closed, file: qrnn_en_us_reco_20231010_fst_20230613_recospec_zip[27]
05-01 18:39:51.887 W/SP      ( 6550): File ref is being finalized but wasn't closed, file: transformer_latin_conf_tflite_20231010_zip[27]
05-01 18:39:51.887 W/SP      ( 6550): File ref is being finalized but wasn't closed, file: transformer_latin_seg_tflite_20231010_zip[27]
05-01 18:39:51.887 W/SP      ( 6550): File ref is being finalized but wasn't closed, file: transformer_latin_tflite_20231010_zip[27]
05-01 18:39:51.887 W/SP      ( 6550): File ref is being finalized but wasn't closed, file: en_us_20230613_compact_fst_zip[27]
05-01 18:39:51.887 W/SP      ( 6550): File ref is being finalized but wasn't closed, file: transformer_latin_tflite_20231010_zip[27]
05-01 18:39:51.887 W/SP      ( 6550): File ref is being finalized but wasn't closed, file: scribe_latin_20231123_tflite_zip[27]
05-01 18:39:51.887 W/SP      ( 6550): File ref is being finalized but wasn't closed, file: qrnn_en_us_reco_20231010_fst_20230613_recospec_zip[27]
05-01 18:39:51.887 W/SP      ( 6550): File ref is being finalized but wasn't closed, file: transformer_latin_conf_tflite_20231010_zip[27]
05-01 18:39:51.887 W/SP      ( 6550): File ref is being finalized but wasn't closed, file: pack_mapping_v1_lstm_20231127[18]
05-01 18:39:51.887 W/SP      ( 6550): File ref is being finalized but wasn't closed, file: transformer_latin_seg_tflite_20231010_zip[27]
05-01 18:39:51.887 W/SP      ( 6550): File ref is being finalized but wasn't closed, file: scribe_latin_20231123_recospec_zip[27]
05-01 18:39:51.887 W/SP      ( 6550): File ref is being finalized but wasn't closed, file: en_us_20230613_compact_fst_zip[27]
05-01 18:39:51.887 W/SP      ( 6550): File ref is being finalized but wasn't closed, file: transformer_latin_tflite_20231010_zip[27]
05-01 18:39:51.887 W/SP      ( 6550): File ref is being finalized but wasn't closed, file: scribe_latin_20231123_tflite_zip[27]
05-01 18:39:51.887 W/SP      ( 6550): File ref is being finalized but wasn't closed, file: qrnn_en_us_reco_20231010_fst_20230613_recospec_zip[27]
05-01 18:39:51.887 W/SP      ( 6550): File ref is being finalized but wasn't closed, file: transformer_latin_conf_tflite_20231010_zip[27]
05-01 18:39:51.888 W/SP      ( 6550): File ref is being finalized but wasn't closed, file: pack_mapping_v1_lstm_20231127[18]
05-01 18:39:51.888 W/SP      ( 6550): File ref is being finalized but wasn't closed, file: transformer_latin_seg_tflite_20231010_zip[27]
05-01 18:39:51.888 W/SP      ( 6550): File ref is being finalized but wasn't closed, file: scribe_latin_20231123_recospec_zip[27]
05-01 18:39:51.888 W/SP      ( 6550): File ref is being finalized but wasn't closed, file: en_us_20230613_compact_fst_zip[27]
05-01 18:39:51.888 W/SP      ( 6550): File ref is being finalized but wasn't closed, file: scribe_latin_20231123_recospec_zip[27]
05-01 18:39:51.888 W/SP      ( 6550): File ref is being finalized but wasn't closed, file: scribe_latin_20231123_tflite_zip[27]
05-01 18:39:51.888 W/SP      ( 6550): File ref is being finalized but wasn't closed, file: qrnn_en_us_reco_20231010_fst_20230613_recospec_zip[27]
05-01 18:39:51.888 W/SP      ( 6550): File ref is being finalized but wasn't closed, file: transformer_latin_conf_tflite_20231010_zip[27]
05-01 18:39:51.888 W/SP      ( 6550): File ref is being finalized but wasn't closed, file: transformer_latin_seg_tflite_20231010_zip[27]
05-01 18:39:51.888 W/SP      ( 6550): File ref is being finalized but wasn't closed, file: transformer_latin_tflite_20231010_zip[27]
05-01 18:39:51.888 W/SP      ( 6550): File ref is being finalized but wasn't closed, file: en_us_20230613_compact_fst_zip[27]
05-01 18:39:51.890 I/AiAiTextClassifier( 1608): [VisualCortexAdapter]: provideRegistration: Registered Prominent Screen Entities for updates.
05-01 18:39:51.893 I/AiAiTextClassifier( 1608): [VisualCortexAdapter]: provideRegistration: Registered Prominent Screen Entities for updates.
05-01 18:39:51.893 I/AiAiTextClassifier( 1608): [VisualCortexAdapter]: provideRegistration: Registered Prominent Screen Entities for updates.
05-01 18:39:51.895 I/AiAiTextClassifier( 1608): [VisualCortexAdapter]: provideRegistration: Registered Prominent Screen Entities for updates.
05-01 18:39:51.903 I/AiAiTextClassifier( 1608): [VisualCortexAdapter]: provideRegistration: Registered Prominent Screen Entities for updates.
05-01 18:39:51.905 I/AiAiTextClassifier( 1608): [VisualCortexAdapter]: provideRegistration: Registered Prominent Screen Entities for updates.
05-01 18:39:51.922 I/Icing   ( 6332): Usage reports ok 0, Failed Usage reports 0, indexed 0, rejected 0
05-01 18:39:51.923 I/Icing   ( 6332): Indexing com.google.android.gms-apps from com.google.android.gms
05-01 18:39:51.935 I/Icing   ( 6332): Indexing done com.google.android.gms-apps
05-01 18:39:51.936 I/Icing   ( 6332): Indexing com.google.android.gms-apps from com.google.android.gms
05-01 18:39:51.937 I/Icing   ( 6332): Indexing done com.google.android.gms-apps
05-01 18:39:52.054 I/SP      ( 6550): Sync for handwriting_recognition succeeded in 249 ms: no changes
05-01 18:39:52.055 I/SP      ( 6550): GC for 'handwriting_recognition' (10) with ttl of 0 ms took 0 ms (0/0/0)
05-01 18:39:52.055 I/HandwritingOnlineSuperpacks( 6550): HandwritingOnlineSuperpacks.lambda$syncInternal$1():204 syncInternal(): syncing packs
05-01 18:39:52.055 I/HandwritingOnlineSuperpacks( 6550): HandwritingOnlineSuperpacks$3.onSyncSuccess():252 syncInternal(): complete {old=[en_us_20230613_compact_fst_zip, pack_mapping_v1_lstm_20231127, qrnn_en_us_reco_20231010_fst_20230613_recospec_zip, scribe_latin_20231123_recospec_zip, scribe_latin_20231123_tflite_zip, transformer_latin_conf_tflite_20231010_zip, transformer_latin_seg_tflite_20231010_zip, transformer_latin_tflite_20231010_zip], new=[en_us_20230613_compact_fst_zip, pack_mapping_v1_lstm_20231127, qrnn_en_us_reco_20231010_fst_20230613_recospec_zip, scribe_latin_20231123_recospec_zip, scribe_latin_20231123_tflite_zip, transformer_latin_conf_tflite_20231010_zip, transformer_latin_seg_tflite_20231010_zip, transformer_latin_tflite_20231010_zip], metadata=false, last batch=true}
05-01 18:39:52.056 E/HandwritingSuperpacksUtil( 6550): HandwritingSuperpacksUtil.getPackMappingPackName():40 No pack mapping pack found in []
05-01 18:39:52.056 I/HandwritingSuperpacks( 6550): HandwritingSuperpacks.lambda$reloadCache$0():237 updatePackMappingsCache(): pack mapping pack unavailable [OFFLINE]
05-01 18:39:52.257 I/Finsky  ( 6463): [56] WM::SCH: Logging work initialize for 12-1
05-01 18:39:52.268 I/Finsky  ( 6463): [63] SCH: Scheduling phonesky job Id: 12-1, CT: 1777660791337, Constraints: [{ L: 15000, D: 86400000, C: CHARGING_NONE, I: IDLE_NONE, N: NET_ANY, B: BATTERY_ANY }]
05-01 18:39:52.276 I/Finsky  ( 6463): [68] SCH: Scheduling 1 system job(s)
05-01 18:39:52.276 I/Finsky  ( 6463): [68] SCH: Scheduling system job Id: 9266, L: 14061, D: 72659983, C: false, I: false, N: 1
05-01 18:39:52.281 I/Finsky  ( 6463): [57] [ContentSync] finished, scheduled=true
05-01 18:39:52.359 I/Finsky  ( 6463): [55] WM::SCH: Logging work initialize for 12-1
05-01 18:39:52.368 I/Finsky  ( 6463): [66] SCH: Scheduling phonesky job Id: 12-1, CT: 1777660791352, Constraints: [{ L: 15000, D: 86400000, C: CHARGING_NONE, I: IDLE_NONE, N: NET_ANY, B: BATTERY_ANY }]
05-01 18:39:52.373 I/Finsky  ( 6463): [68] SCH: Scheduling 0 system job(s)
05-01 18:39:52.373 I/Finsky  ( 6463): [68] [ContentSync] finished, scheduled=true
05-01 18:39:52.545 W/.apps.wellbeing( 6798): ApkAssets: Deleting an ApkAssets object '<empty> and /product/app/YouTube/YouTube.apk' with 1 weak references
05-01 18:39:52.545 W/.apps.wellbeing( 6798): ApkAssets: Deleting an ApkAssets object '<empty> and /product/overlay/DisplayCutoutEmulationCorner/DisplayCutoutEmulationCornerOverlay.apk' with 1 weak references
05-01 18:39:52.545 W/.apps.wellbeing( 6798): ApkAssets: Deleting an ApkAssets object '<empty> and /apex/com.android.extservices/priv-app/GoogleExtServices@350820300/GoogleExtServices.apk' with 1 weak references
05-01 18:39:52.545 W/.apps.wellbeing( 6798): ApkAssets: Deleting an ApkAssets object '<empty> and /product/overlay/DisplayCutoutEmulationDouble/DisplayCutoutEmulationDoubleOverlay.apk' with 1 weak references
05-01 18:39:52.545 W/.apps.wellbeing( 6798): ApkAssets: Deleting an ApkAssets object '<empty> and /system/priv-app/TelephonyProvider/TelephonyProvider.apk' with 1 weak references
05-01 18:39:52.546 W/.apps.wellbeing( 6798): ApkAssets: Deleting an ApkAssets object '/product/overlay/TelephonyProvider__sdk_gphone64_x86_64__auto_generated_rro_product.apk' with 1 weak references
05-01 18:39:52.546 W/.apps.wellbeing( 6798): ApkAssets: Deleting an ApkAssets object '<empty> and /system/priv-app/DynamicSystemInstallationService/DynamicSystemInstallationService.apk' with 1 weak references
05-01 18:39:52.546 W/.apps.wellbeing( 6798): ApkAssets: Deleting an ApkAssets object '<empty> and /product/priv-app/Velvet/Velvet.apk' with 1 weak references
05-01 18:39:52.547 W/.apps.wellbeing( 6798): ApkAssets: Deleting an ApkAssets object '<empty> and /system/priv-app/CalendarProvider/CalendarProvider.apk' with 1 weak references
05-01 18:39:52.547 W/.apps.wellbeing( 6798): ApkAssets: Deleting an ApkAssets object '<empty> and /product/priv-app/GoogleOneTimeInitializer/GoogleOneTimeInitializer.apk' with 1 weak references
05-01 18:39:52.547 W/.apps.wellbeing( 6798): ApkAssets: Deleting an ApkAssets object '<empty> and /system/app/GoogleExtShared/GoogleExtShared.apk' with 1 weak references
05-01 18:39:52.547 W/.apps.wellbeing( 6798): ApkAssets: Deleting an ApkAssets object '<empty> and /system/priv-app/ExternalStorageProvider/ExternalStorageProvider.apk' with 1 weak references
05-01 18:39:52.547 W/.apps.wellbeing( 6798): ApkAssets: Deleting an ApkAssets object '<empty> and /system/app/HTMLViewer/HTMLViewer.apk' with 1 weak references
05-01 18:39:52.547 W/.apps.wellbeing( 6798): ApkAssets: Deleting an ApkAssets object '<empty> and /system/app/CompanionDeviceManager/CompanionDeviceManager.apk' with 1 weak references
05-01 18:39:52.547 W/.apps.wellbeing( 6798): ApkAssets: Deleting an ApkAssets object '<empty> and /system/priv-app/DownloadProvider/DownloadProvider.apk' with 1 weak references
05-01 18:39:52.547 W/.apps.wellbeing( 6798): ApkAssets: Deleting an ApkAssets object '<empty> and /product/priv-app/PrebuiltBugle/PrebuiltBugle.apk' with 1 weak references
05-01 18:39:52.548 W/.apps.wellbeing( 6798): ApkAssets: Deleting an ApkAssets object '<empty> and /product/app/SoundPickerPrebuilt/SoundPickerPrebuilt.apk' with 1 weak references
05-01 18:39:52.548 W/.apps.wellbeing( 6798): ApkAssets: Deleting an ApkAssets object '<empty> and /apex/com.android.mediaprovider/priv-app/MediaProviderGoogle@350820300/MediaProviderGoogle.apk' with 1 weak references
05-01 18:39:52.548 W/.apps.wellbeing( 6798): ApkAssets: Deleting an ApkAssets object '<empty> and /product/priv-app/SafetyHubPrebuilt/SafetyHubPrebuilt.apk' with 1 weak references
05-01 18:39:52.549 W/.apps.wellbeing( 6798): ApkAssets: Deleting an ApkAssets object '<empty> and /system/priv-app/DownloadProviderUi/DownloadProviderUi.apk' with 1 weak references
05-01 18:39:52.549 W/.apps.wellbeing( 6798): ApkAssets: Deleting an ApkAssets object '<empty> and /apex/com.android.wifi/app/OsuLoginGoogle@350820300/OsuLoginGoogle.apk' with 1 weak references
05-01 18:39:52.549 W/.apps.wellbeing( 6798): ApkAssets: Deleting an ApkAssets object '<empty> and /data/app/~~R0OYk-oGsa2vRnIJgDmWBg==/com.android.vending-CbrWil3OvV72hqPG57D6Cg==/base.apk' with 1 weak references
05-01 18:39:52.550 W/.apps.wellbeing( 6798): ApkAssets: Deleting an ApkAssets object '<empty> and /data/app/~~R0OYk-oGsa2vRnIJgDmWBg==/com.android.vending-CbrWil3OvV72hqPG57D6Cg==/split_config.en.apk' with 1 weak references
05-01 18:39:52.550 W/.apps.wellbeing( 6798): ApkAssets: Deleting an ApkAssets object '<empty> and /data/app/~~R0OYk-oGsa2vRnIJgDmWBg==/com.android.vending-CbrWil3OvV72hqPG57D6Cg==/split_config.x86_64.apk' with 1 weak references
05-01 18:39:52.550 W/.apps.wellbeing( 6798): ApkAssets: Deleting an ApkAssets object '<empty> and /data/app/~~R0OYk-oGsa2vRnIJgDmWBg==/com.android.vending-CbrWil3OvV72hqPG57D6Cg==/split_phonesky_data_loader.apk' with 1 weak references
05-01 18:39:52.551 W/.apps.wellbeing( 6798): ApkAssets: Deleting an ApkAssets object '<empty> and /data/app/~~R0OYk-oGsa2vRnIJgDmWBg==/com.android.vending-CbrWil3OvV72hqPG57D6Cg==/split_phonesky_data_loader.config.x86_64.apk' with 1 weak references
05-01 18:39:52.551 W/.apps.wellbeing( 6798): ApkAssets: Deleting an ApkAssets object '<empty> and /data/app/~~R0OYk-oGsa2vRnIJgDmWBg==/com.android.vending-CbrWil3OvV72hqPG57D6Cg==/split_phonesky_webrtc_native_lib.apk' with 1 weak references
05-01 18:39:52.551 W/.apps.wellbeing( 6798): ApkAssets: Deleting an ApkAssets object '<empty> and /data/app/~~R0OYk-oGsa2vRnIJgDmWBg==/com.android.vending-CbrWil3OvV72hqPG57D6Cg==/split_phonesky_webrtc_native_lib.config.x86_64.apk' with 1 weak references
05-01 18:39:52.551 W/.apps.wellbeing( 6798): ApkAssets: Deleting an ApkAssets object '<empty> and /system/app/PacProcessor/PacProcessor.apk' with 1 weak references
05-01 18:39:52.551 W/.apps.wellbeing( 6798): ApkAssets: Deleting an ApkAssets object '<empty> and /system/app/SimAppDialog/SimAppDialog.apk' with 1 weak references
05-01 18:39:52.551 W/.apps.wellbeing( 6798): ApkAssets: Deleting an ApkAssets object '/product/overlay/SimAppDialog__sdk_gphone64_x86_64__auto_generated_rro_product.apk' with 1 weak references
05-01 18:39:52.551 W/.apps.wellbeing( 6798): ApkAssets: Deleting an ApkAssets object '<empty> and /apex/com.android.adservices/priv-app/AdServicesApkGoogle@350820260/AdServicesApkGoogle.apk' with 1 weak references
05-01 18:39:52.552 W/.apps.wellbeing( 6798): ApkAssets: Deleting an ApkAssets object '<empty> and /product/overlay/DisplayCutoutEmulationHole/DisplayCutoutEmulationHoleOverlay.apk' with 1 weak references
05-01 18:39:52.552 W/.apps.wellbeing( 6798): ApkAssets: Deleting an ApkAssets object '<empty> and /product/overlay/DisplayCutoutEmulationTall/DisplayCutoutEmulationTallOverlay.apk' with 1 weak references
05-01 18:39:52.552 W/.apps.wellbeing( 6798): ApkAssets: Deleting an ApkAssets object '<empty> and /system/app/CertInstaller/CertInstaller.apk' with 1 weak references
05-01 18:39:52.552 W/.apps.wellbeing( 6798): ApkAssets: Deleting an ApkAssets object '<empty> and /product/app/talkback/talkback.apk' with 1 weak references
05-01 18:39:52.553 W/.apps.wellbeing( 6798): ApkAssets: Deleting an ApkAssets object '/vendor/overlay/EmulatorTalkBackOverlay/EmulatorTalkBackOverlay.apk' with 1 weak references
05-01 18:39:52.553 W/.apps.wellbeing( 6798): ApkAssets: Deleting an ApkAssets object '<empty> and /product/overlay/NavigationBarMode3Button/NavigationBarMode3ButtonOverlay.apk' with 1 weak references
05-01 18:39:52.553 W/.apps.wellbeing( 6798): ApkAssets: Deleting an ApkAssets object '<empty> and /product/app/Camera2/Camera2.apk' with 1 weak references
05-01 18:39:52.553 W/.apps.wellbeing( 6798): ApkAssets: Deleting an ApkAssets object '<empty> and /system/app/EasterEgg/EasterEgg.apk' with 1 weak references
05-01 18:39:52.554 W/.apps.wellbeing( 6798): ApkAssets: Deleting an ApkAssets object '<empty> and /system/priv-app/MtpService/MtpService.apk' with 1 weak references
05-01 18:39:52.554 W/.apps.wellbeing( 6798): ApkAssets: Deleting an ApkAssets object '<empty> and /apex/com.android.nfcservices/priv-app/NfcNciApexGoogle@AE3A.240806.036/NfcNciApexGoogle.apk' with 1 weak references
05-01 18:39:52.554 W/.apps.wellbeing( 6798): ApkAssets: Deleting an ApkAssets object '<empty> and /system/app/Stk/Stk.apk' with 1 weak references
05-01 18:39:52.554 W/.apps.wellbeing( 6798): ApkAssets: Deleting an ApkAssets object '<empty> and /product/app/PrebuiltDeskClockGoogle/PrebuiltDeskClockGoogle.apk' with 1 weak references
05-01 18:39:52.555 W/.apps.wellbeing( 6798): ApkAssets: Deleting an ApkAssets object '<empty> and /product/overlay/NavigationBarMode2Button/NavigationBarMode2ButtonOverlay.apk' with 1 weak references
05-01 18:39:52.555 W/.apps.wellbeing( 6798): ApkAssets: Deleting an ApkAssets object '<empty> and /product/priv-app/DevicePersonalizationPrebuiltPixel2021-aiai_20240329.00_RC16/DevicePersonalizationPrebuiltPixel2021-aiai_20240329.00_RC16.apk' with 1 weak references
05-01 18:39:52.556 W/.apps.wellbeing( 6798): ApkAssets: Deleting an ApkAssets object '<empty> and /product/app/PrebuiltGmail/PrebuiltGmail.apk' with 1 weak references
05-01 18:39:52.557 W/.apps.wellbeing( 6798): ApkAssets: Deleting an ApkAssets object '<empty> and /apex/com.android.permission/priv-app/GooglePermissionController@350820360/GooglePermissionController.apk' with 1 weak references
05-01 18:39:52.558 W/.apps.wellbeing( 6798): ApkAssets: Deleting an ApkAssets object '/product/overlay/GooglePermissionControllerOverlay.apk' with 1 weak references
05-01 18:39:52.559 W/.apps.wellbeing( 6798): ApkAssets: Deleting an ApkAssets object '<empty> and /apex/com.android.btservices/app/BluetoothGoogle@342010060/BluetoothGoogle.apk' with 1 weak references
05-01 18:39:52.559 W/.apps.wellbeing( 6798): ApkAssets: Deleting an ApkAssets object '<empty> and /system/priv-app/SettingsProvider/SettingsProvider.apk' with 1 weak references
05-01 18:39:52.560 W/.apps.wellbeing( 6798): ApkAssets: Deleting an ApkAssets object '/product/overlay/LargeScreenSettingsProviderOverlay.apk' with 1 weak references
05-01 18:39:52.560 W/.apps.wellbeing( 6798): ApkAssets: Deleting an ApkAssets object '/product/overlay/SettingsProvider__sdk_gphone64_x86_64__auto_generated_rro_product.apk' with 1 weak references
05-01 18:39:52.561 W/.apps.wellbeing( 6798): ApkAssets: Deleting an ApkAssets object '<empty> and /system/app/PrintSpooler/PrintSpooler.apk' with 1 weak references
05-01 18:39:52.563 W/.apps.wellbeing( 6798): ApkAssets: Deleting an ApkAssets object '<empty> and /system/app/BasicDreams/BasicDreams.apk' with 1 weak references
05-01 18:39:52.563 W/.apps.wellbeing( 6798): ApkAssets: Deleting an ApkAssets object '<empty> and /product/priv-app/DeviceIntelligenceNetworkPrebuilt-astrea_20240329.00_RC02/DeviceIntelligenceNetworkPrebuilt-astrea_20240329.00_RC02.apk' with 1 weak references
05-01 18:39:52.563 W/.apps.wellbeing( 6798): ApkAssets: Deleting an ApkAssets object '<empty> and /system/priv-app/InputDevices/InputDevices.apk' with 1 weak references
05-01 18:39:52.563 W/.apps.wellbeing( 6798): ApkAssets: Deleting an ApkAssets object '<empty> and /apex/com.android.devicelock/priv-app/DeviceLockControllerGoogle@AE3A.240806.036/DeviceLockControllerGoogle.apk' with 1 weak references
05-01 18:39:52.564 W/.apps.wellbeing( 6798): ApkAssets: Deleting an ApkAssets object '<empty> and /product/priv-app/GoogleDialer/GoogleDialer.apk' with 1 weak references
05-01 18:39:52.565 W/.apps.wellbeing( 6798): ApkAssets: Deleting an ApkAssets object '<empty> and /system/priv-app/BuiltInPrintService/BuiltInPrintService.apk' with 1 weak references
05-01 18:39:52.565 W/.apps.wellbeing( 6798): ApkAssets: Deleting an ApkAssets object '/product/overlay/BuiltInPrintService__sdk_gphone64_x86_64__auto_generated_rro_product.apk' with 1 weak references
05-01 18:39:52.566 W/.apps.wellbeing( 6798): ApkAssets: Deleting an ApkAssets object '<empty> and /system/app/CaptivePortalLoginGoogle/CaptivePortalLoginGoogle.apk' with 1 weak references
05-01 18:39:52.567 W/.apps.wellbeing( 6798): ApkAssets: Deleting an ApkAssets object '<empty> and /system/priv-app/MusicFX/MusicFX.apk' with 1 weak references
05-01 18:39:52.567 W/.apps.wellbeing( 6798): ApkAssets: Deleting an ApkAssets object '<empty> and /product/app/Drive/Drive.apk' with 1 weak references
05-01 18:39:52.568 W/.apps.wellbeing( 6798): ApkAssets: Deleting an ApkAssets object '<empty> and /product/app/Maps/Maps.apk' with 1 weak references
05-01 18:39:52.569 W/.apps.wellbeing( 6798): ApkAssets: Deleting an ApkAssets object '<empty> and /data/app/~~wbXiStG0PrlBi5gQSWRcGg==/com.streamfr.app-VbGrkU2NZI30eDPmUAeVrA==/base.apk' with 1 weak references
05-01 18:39:52.569 W/.apps.wellbeing( 6798): ApkAssets: Deleting an ApkAssets object '<empty> and /product/app/ModuleMetadataGoogle/ModuleMetadataGoogle.apk' with 1 weak references
05-01 18:39:52.569 W/.apps.wellbeing( 6798): ApkAssets: Deleting an ApkAssets object '<empty> and /product/overlay/DisplayCutoutEmulationEmu01/DisplayCutoutEmulationEmu01Overlay.apk' with 1 weak references
05-01 18:39:52.569 W/.apps.wellbeing( 6798): ApkAssets: Deleting an ApkAssets object '<empty> and /system_ext/priv-app/AvatarPickerGoogle/AvatarPickerGoogle.apk' with 1 weak references
05-01 18:39:52.569 W/.apps.wellbeing( 6798): ApkAssets: Deleting an ApkAssets object '<empty> and /product/app/MarkupGoogle_v2/MarkupGoogle_v2.apk' with 1 weak references
05-01 18:39:52.570 W/.apps.wellbeing( 6798): ApkAssets: Deleting an ApkAssets object '<empty> and /system/priv-app/NetworkStackGoogle/NetworkStackGoogle.apk' with 1 weak references
05-01 18:39:52.570 W/.apps.wellbeing( 6798): ApkAssets: Deleting an ApkAssets object '<empty> and /apex/com.android.rkpd/priv-app/rkpdapp.google@350820300/rkpdapp.google.apk' with 1 weak references
05-01 18:39:52.570 W/.apps.wellbeing( 6798): ApkAssets: Deleting an ApkAssets object '<empty> and /product/app/GoogleContacts/GoogleContacts.apk' with 1 weak references
05-01 18:39:52.571 W/.apps.wellbeing( 6798): ApkAssets: Deleting an ApkAssets object '<empty> and /system/priv-app/Telecom/Telecom.apk' with 1 weak references
05-01 18:39:52.571 W/.apps.wellbeing( 6798): ApkAssets: Deleting an ApkAssets object '/product/overlay/Telecom__sdk_gphone64_x86_64__auto_generated_rro_product.apk' with 1 weak references
05-01 18:39:52.572 W/.apps.wellbeing( 6798): ApkAssets: Deleting an ApkAssets object '<empty> and /system/app/KeyChain/KeyChain.apk' with 1 weak references
05-01 18:39:52.572 W/.apps.wellbeing( 6798): ApkAssets: Deleting an ApkAssets object '<empty> and /data/app/~~RL619_ZK62iAfp3IbAgbEg==/com.android.chrome-XHUGyQHtCDj93EKl6SWinw==/Chrome.apk' with 1 weak references
05-01 18:39:52.573 W/.apps.wellbeing( 6798): ApkAssets: Deleting an ApkAssets object '<empty> and /data/app/~~hlnKnyWIQyGE0zUprPeU-Q==/com.google.android.trichromelibrary_636771938-KWdCz9nF69O9S49jKTTy8g==/TrichromeLibrary.apk' with 1 weak references
05-01 18:39:52.573 W/.apps.wellbeing( 6798): ApkAssets: Deleting an ApkAssets object '<empty> and /system/priv-app/GooglePackageInstaller/GooglePackageInstaller.apk' with 1 weak references
05-01 18:39:52.573 W/.apps.wellbeing( 6798): ApkAssets: Deleting an ApkAssets object '<empty> and /product/app/PixelThemesStub/PixelThemesStub.apk' with 1 weak references
05-01 18:39:52.573 W/.apps.wellbeing( 6798): ApkAssets: Deleting an ApkAssets object '<empty> and /data/app/~~2lK9jcDK3yWLFp943EZxqQ==/com.google.android.gms-us3Y_ikr7H5W-4gGc6z7iQ==/split_AdsDynamite_installtime.apk' with 1 weak references
05-01 18:39:52.574 W/.apps.wellbeing( 6798): ApkAssets: Deleting an ApkAssets object '<empty> and /data/app/~~2lK9jcDK3yWLFp943EZxqQ==/com.google.android.gms-us3Y_ikr7H5W-4gGc6z7iQ==/split_CronetDynamite_installtime.apk' with 1 weak references
05-01 18:39:52.575 W/.apps.wellbeing( 6798): ApkAssets: Deleting an ApkAssets object '<empty> and /data/app/~~2lK9jcDK3yWLFp943EZxqQ==/com.google.android.gms-us3Y_ikr7H5W-4gGc6z7iQ==/split_DynamiteLoader_installtime.apk' with 1 weak references
05-01 18:39:52.575 W/.apps.wellbeing( 6798): ApkAssets: Deleting an ApkAssets object '<empty> and /data/app/~~2lK9jcDK3yWLFp943EZxqQ==/com.google.android.gms-us3Y_ikr7H5W-4gGc6z7iQ==/split_DynamiteModulesA_installtime.apk' with 1 weak references
05-01 18:39:52.575 W/.apps.wellbeing( 6798): ApkAssets: Deleting an ApkAssets object '<empty> and /data/app/~~2lK9jcDK3yWLFp943EZxqQ==/com.google.android.gms-us3Y_ikr7H5W-4gGc6z7iQ==/split_DynamiteModulesC_installtime.apk' with 1 weak references
05-01 18:39:52.575 W/.apps.wellbeing( 6798): ApkAssets: Deleting an ApkAssets object '<empty> and /data/app/~~2lK9jcDK3yWLFp943EZxqQ==/com.google.android.gms-us3Y_ikr7H5W-4gGc6z7iQ==/split_GoogleCertificates_installtime.apk' with 1 weak references
05-01 18:39:52.575 W/.apps.wellbeing( 6798): ApkAssets: Deleting an ApkAssets object '<empty> and /data/app/~~2lK9jcDK3yWLFp943EZxqQ==/com.google.android.gms-us3Y_ikr7H5W-4gGc6z7iQ==/split_MapsDynamite_installtime.apk' with 1 weak references
05-01 18:39:52.576 W/.apps.wellbeing( 6798): ApkAssets: Deleting an ApkAssets object '<empty> and /data/app/~~2lK9jcDK3yWLFp943EZxqQ==/com.google.android.gms-us3Y_ikr7H5W-4gGc6z7iQ==/split_MeasurementDynamite_installtime.apk' with 1 weak references
05-01 18:39:52.577 W/.apps.wellbeing( 6798): ApkAssets: Deleting an ApkAssets object '<empty> and /data/app/~~2lK9jcDK3yWLFp943EZxqQ==/com.google.android.gms-us3Y_ikr7H5W-4gGc6z7iQ==/split_all_locale_splits.apk' with 1 weak references
05-01 18:39:52.577 W/.apps.wellbeing( 6798): ApkAssets: Deleting an ApkAssets object '<empty> and /system_ext/priv-app/GoogleServicesFramework/GoogleServicesFramework.apk' with 1 weak references
05-01 18:39:52.578 W/.apps.wellbeing( 6798): ApkAssets: Deleting an ApkAssets object '<empty> and /system/priv-app/TagGoogle/TagGoogle.apk' with 1 weak references
05-01 18:39:52.579 W/.apps.wellbeing( 6798): ApkAssets: Deleting an ApkAssets object '<empty> and /product/app/GoogleTTS/GoogleTTS.apk' with 1 weak references
05-01 18:39:52.580 W/.apps.wellbeing( 6798): ApkAssets: Deleting an ApkAssets object '<empty> and /system/priv-app/CallLogBackup/CallLogBackup.apk' with 1 weak references
05-01 18:39:52.580 W/.apps.wellbeing( 6798): ApkAssets: Deleting an ApkAssets object '<empty> and /product/priv-app/PartnerSetupPrebuilt/PartnerSetupPrebuilt.apk' with 1 weak references
05-01 18:39:52.580 W/.apps.wellbeing( 6798): ApkAssets: Deleting an ApkAssets object '<empty> and /system/app/CameraExtensionsProxy/CameraExtensionsProxy.apk' with 1 weak references
05-01 18:39:52.580 W/.apps.wellbeing( 6798): ApkAssets: Deleting an ApkAssets object '<empty> and /product/app/NexusWallpapersStubPrebuilt2018/NexusWallpapersStubPrebuilt2018.apk' with 1 weak references
05-01 18:39:52.582 W/.apps.wellbeing( 6798): ApkAssets: Deleting an ApkAssets object '<empty> and /system_ext/priv-app/NexusLauncherRelease/NexusLauncherRelease.apk' with 1 weak references
05-01 18:39:52.583 W/.apps.wellbeing( 6798): ApkAssets: Deleting an ApkAssets object '<empty> and /system/app/CarrierDefaultApp/CarrierDefaultApp.apk' with 1 weak references
05-01 18:39:52.583 W/.apps.wellbeing( 6798): ApkAssets: Deleting an ApkAssets object '<empty> and /system/priv-app/CredentialManager/CredentialManager.apk' with 1 weak references
05-01 18:39:52.583 W/.apps.wellbeing( 6798): ApkAssets: Deleting an ApkAssets object '<empty> and /product/overlay/FontNotoSerifSource/FontNotoSerifSourceOverlay.apk' with 1 weak references
05-01 18:39:52.583 W/.apps.wellbeing( 6798): ApkAssets: Deleting an ApkAssets object '<empty> and /system/priv-app/DeviceAsWebcam/DeviceAsWebcam.apk' with 1 weak references
05-01 18:39:52.583 W/.apps.wellbeing( 6798): ApkAssets: Deleting an ApkAssets object '<empty> and /system/priv-app/ProxyHandler/ProxyHandler.apk' with 1 weak references
05-01 18:39:52.584 W/.apps.wellbeing( 6798): ApkAssets: Deleting an ApkAssets object '<empty> and /apex/com.android.permission/priv-app/GoogleSafetyCenterResources@350820360/GoogleSafetyCenterResources.apk' with 1 weak references
05-01 18:39:52.584 W/.apps.wellbeing( 6798): ApkAssets: Deleting an ApkAssets object '<empty> and /product/overlay/DisplayCutoutEmulationWaterfall/DisplayCutoutEmulationWaterfallOverlay.apk' with 1 weak references
05-01 18:39:52.585 W/.apps.wellbeing( 6798): ApkAssets: Deleting an ApkAssets object '<empty> and /system/priv-app/IntentResolver/IntentResolver.apk' with 1 weak references
05-01 18:39:52.586 W/.apps.wellbeing( 6798): ApkAssets: Deleting an ApkAssets object '<empty> and /product/overlay/TransparentNavigationBar/TransparentNavigationBarOverlay.apk' with 1 weak references
05-01 18:39:52.587 W/.apps.wellbeing( 6798): ApkAssets: Deleting an ApkAssets object '<empty> and /system/priv-app/E2eeContactKeysProvider/E2eeContactKeysProvider.apk' with 1 weak references
05-01 18:39:52.587 W/.apps.wellbeing( 6798): ApkAssets: Deleting an ApkAssets object '<empty> and /apex/com.android.tethering/priv-app/ServiceConnectivityResourcesGoogle@350820300/ServiceConnectivityResourcesGoogle.apk' with 1 weak references
05-01 18:39:52.587 W/.apps.wellbeing( 6798): ApkAssets: Deleting an ApkAssets object '/vendor/overlay/goldfish_overlay_connectivity_google.apk' with 1 weak references
05-01 18:39:52.617 D/CompatChangeReporter(  610): Compat change id reported: 266524688; UID 10145; state: ENABLED
05-01 18:39:52.618 D/ConnectivityService(  610): requestNetwork for uid/pid:10145/6477 activeRequest: null callbackRequest: 263 [NetworkRequest [ REQUEST id=263, [ Transports: CELLULAR Capabilities: INTERNET&NOT_RESTRICTED&TRUSTED&NOT_VPN&NOT_VCN_MANAGED&NOT_BANDWIDTH_CONSTRAINED Forbidden: LOCAL_NETWORK Uid: 10145 RequestorUid: 10145 RequestorPkg: com.google.android.googlequicksearchbox UnderlyingNetworks: Null] ]] callback flags: 0 order: 2147483647 isUidTracked: false
05-01 18:39:52.625 D/ConnectivityService(  610): NetReassign [263 : null → 101] [c 0] [a 7] [i 0]
05-01 18:39:52.625 D/ConnectivityService(  610): reportNetworkConnectivity(100, false) by 10145
05-01 18:39:52.626 D/NetworkMonitor/100( 1131): Forcing reevaluation for UID 10145. Dns signal count: 0
05-01 18:39:52.627 D/TrafficStats( 1131): tagSocket(93) with statsTag=0xffffff81, statsUid=-1
05-01 18:39:52.628 D/TrafficStats( 1131): tagSocket(107) with statsTag=0xffffff81, statsUid=-1
05-01 18:39:52.630 D/TrafficStats( 1131): tagSocket(93) with statsTag=0xffffff81, statsUid=-1
05-01 18:39:52.631 D/TrafficStats( 1131): tagSocket(107) with statsTag=0xffffff81, statsUid=-1
05-01 18:39:52.640 D/TrafficStats( 1131): tagSocket(106) with statsTag=0xffffffff, statsUid=-1
05-01 18:39:52.642 D/TrafficStats( 1131): tagSocket(106) with statsTag=0xffffffff, statsUid=-1
05-01 18:39:52.644 D/NetworkMonitor/100( 1131): PROBE_DNS connectivitycheck.gstatic.com 16ms OK 142.251.42.99,2404:6800:4006:805::2003
05-01 18:39:52.649 D/TrafficStats( 1131): tagSocket(106) with statsTag=0xffffff81, statsUid=-1
05-01 18:39:52.810 D/TrafficStats( 1131): tagSocket(93) with statsTag=0xffffffff, statsUid=-1
05-01 18:39:52.813 D/TrafficStats( 1131): tagSocket(93) with statsTag=0xffffffff, statsUid=-1
05-01 18:39:52.814 D/TrafficStats( 1131): tagSocket(93) with statsTag=0xffffffff, statsUid=-1
05-01 18:39:52.816 D/TrafficStats( 1131): tagSocket(93) with statsTag=0xffffffff, statsUid=-1
05-01 18:39:52.817 D/TrafficStats( 1131): tagSocket(93) with statsTag=0xffffffff, statsUid=-1
05-01 18:39:52.819 D/TrafficStats( 1131): tagSocket(93) with statsTag=0xffffffff, statsUid=-1
05-01 18:39:52.821 D/TrafficStats( 1131): tagSocket(93) with statsTag=0xffffffff, statsUid=-1
05-01 18:39:52.822 D/TrafficStats( 1131): tagSocket(93) with statsTag=0xffffffff, statsUid=-1
05-01 18:39:52.824 D/TrafficStats( 1131): tagSocket(93) with statsTag=0xffffffff, statsUid=-1
05-01 18:39:52.824 D/TrafficStats( 1131): tagSocket(93) with statsTag=0xffffffff, statsUid=-1
05-01 18:39:52.825 D/TrafficStats( 1131): tagSocket(93) with statsTag=0xffffffff, statsUid=-1
05-01 18:39:52.826 D/TrafficStats( 1131): tagSocket(93) with statsTag=0xffffffff, statsUid=-1
05-01 18:39:52.827 D/TrafficStats( 1131): tagSocket(93) with statsTag=0xffffffff, statsUid=-1
05-01 18:39:52.828 D/TrafficStats( 1131): tagSocket(93) with statsTag=0xffffffff, statsUid=-1
