05-01 18:27:59.587 V/AconfigFlags( 6320): Read Aconfig default flag value com.example.android.aconfig.demo.flags.append_static_content = false
05-01 18:27:59.587 V/AconfigFlags( 6320): Read Aconfig default flag value com.example.android.aconfig.demo.flags.awesome_flag_1 = false
05-01 18:27:59.587 V/AconfigFlags( 6320): Read Aconfig default flag value com.example.android.aconfig.demo.flags.awesome_flag_2 = false
05-01 18:27:59.587 V/AconfigFlags( 6320): Read Aconfig default flag value com.example.android.aconfig.demo.flags.fifth_flag = false
05-01 18:27:59.587 V/AconfigFlags( 6320): Read Aconfig default flag value com.example.android.aconfig.demo.flags.read_only_flag = false
05-01 18:27:59.587 V/AconfigFlags( 6320): Read Aconfig default flag value com.example.android.aconfig.demo.flags.support_bugfix_templates_demo_flag = false
05-01 18:27:59.587 V/AconfigFlags( 6320): Read Aconfig default flag value com.example.android.aconfig.demo.flags.support_bugfix_templates_demo_flag_fixed_read_only = false
05-01 18:27:59.587 V/AconfigFlags( 6320): Read Aconfig default flag value com.example.android.aconfig.demo.flags.support_wear_bugfix_templates_demo_flag = false
05-01 18:27:59.587 V/AconfigFlags( 6320): Read Aconfig default flag value com.example.android.aconfig.demo.flags.support_wear_bugfix_templates_demo_flag_fixed_read_only = false
05-01 18:27:59.587 V/AconfigFlags( 6320): Read Aconfig default flag value com.example.android.aconfig.demo.flags.test_mendel_gantry_disintegration = false
05-01 18:27:59.587 V/AconfigFlags( 6320): Read Aconfig default flag value com.example.android.aconfig.demo.flags.test_mendel_gantry_disintegration_again = false
05-01 18:27:59.587 V/AconfigFlags( 6320): Read Aconfig default flag value com.example.android.aconfig.demo.flags.third_flag = false
05-01 18:27:59.587 V/AconfigFlags( 6320): Read Aconfig default flag value com.example.android.aconfig.demo.flags.yet_another_mendel_gantry_disintegration_bugfix_flag = false
05-01 18:27:59.587 V/AconfigFlags( 6320): Read Aconfig default flag value com.example.android.aconfig.demo.flags.yet_another_mendel_gantry_disintegration_flag = false
05-01 18:27:59.587 V/AconfigFlags( 6320): Read Aconfig default flag value com.example.android.aconfig.demo.flags.yet_another_test_bugfix_flag = false
05-01 18:27:59.587 V/AconfigFlags( 6320): Read Aconfig default flag value com.example.android.aconfig.demo.flags.yet_another_test_flag = false
05-01 18:27:59.599 I/Finsky:background( 5396): [58] IV2: task success. tid:1000000000 statusCode:0
05-01 18:27:59.599 I/Finsky:background( 5396): [60] IV2::TM: cleaning up tid: 1000000000
05-01 18:27:59.599 I/Finsky:background( 5396): [60] IV2:TM: cleaning up task. com.google.android.gms[iid:0] [isid:9teXycLARtezJ49DBRZo1w] [tid: 1000000000]
05-01 18:27:59.600 V/AconfigFlags( 6320): Read Aconfig default flag value com.android.launcher3.enable_add_app_widget_via_config_activity_v2 = true
05-01 18:27:59.600 V/AconfigFlags( 6320): Read Aconfig default flag value com.android.launcher3.enable_additional_home_animations = true
05-01 18:27:59.600 V/AconfigFlags( 6320): Read Aconfig default flag value com.android.launcher3.enable_categorized_widget_suggestions = true
05-01 18:27:59.600 V/AconfigFlags( 6320): Read Aconfig default flag value com.android.launcher3.enable_cursor_hover_states = true
05-01 18:27:59.600 V/AconfigFlags( 6320): Read Aconfig default flag value com.android.launcher3.enable_expanding_pause_work_button = false
05-01 18:27:59.600 V/AconfigFlags( 6320): Read Aconfig default flag value com.android.launcher3.enable_fallback_overview_in_window = false
05-01 18:27:59.600 V/AconfigFlags( 6320): Read Aconfig default flag value com.android.launcher3.enable_first_screen_broadcast_archiving_extras = false
05-01 18:27:59.600 V/AconfigFlags( 6320): Read Aconfig default flag value com.android.launcher3.enable_focus_outline = true
05-01 18:27:59.600 V/AconfigFlags( 6320): Read Aconfig default flag value com.android.launcher3.enable_generated_previews = true
05-01 18:27:59.600 V/AconfigFlags( 6320): Read Aconfig default flag value com.android.launcher3.enable_grid_migration_fix = true
05-01 18:27:59.600 V/AconfigFlags( 6320): Read Aconfig default flag value com.android.launcher3.enable_grid_only_overview = false
05-01 18:27:59.600 V/AconfigFlags( 6320): Read Aconfig default flag value com.android.launcher3.enable_handle_delayed_gesture_callbacks = true
05-01 18:27:59.600 V/AconfigFlags( 6320): Read Aconfig default flag value com.android.launcher3.enable_home_transition_listener = true
05-01 18:27:59.600 V/AconfigFlags( 6320): Read Aconfig default flag value com.android.launcher3.enable_launcher_br_metrics_fixed = true
05-01 18:27:59.600 V/AconfigFlags( 6320): Read Aconfig default flag value com.android.launcher3.enable_narrow_grid_restore = true
05-01 18:27:59.600 V/AconfigFlags( 6320): Read Aconfig default flag value com.android.launcher3.enable_overview_icon_menu = false
05-01 18:27:59.600 V/AconfigFlags( 6320): Read Aconfig default flag value com.android.launcher3.enable_predictive_back_gesture = true
05-01 18:27:59.600 V/AconfigFlags( 6320): Read Aconfig default flag value com.android.launcher3.enable_private_space = true
05-01 18:27:59.600 V/AconfigFlags( 6320): Read Aconfig default flag value com.android.launcher3.enable_private_space_install_shortcut = true
05-01 18:27:59.600 V/AconfigFlags( 6320): Read Aconfig default flag value com.android.launcher3.enable_reboot_unlock_animation = false
05-01 18:27:59.600 V/AconfigFlags( 6320): Read Aconfig default flag value com.android.launcher3.enable_recents_in_taskbar = false
05-01 18:27:59.600 V/AconfigFlags( 6320): Read Aconfig default flag value com.android.launcher3.enable_refactor_task_thumbnail = false
05-01 18:27:59.600 V/AconfigFlags( 6320): Read Aconfig default flag value com.android.launcher3.enable_responsive_workspace = true
05-01 18:27:59.600 V/AconfigFlags( 6320): Read Aconfig default flag value com.android.launcher3.enable_scaling_reveal_home_animation = false
05-01 18:27:59.600 V/AconfigFlags( 6320): Read Aconfig default flag value com.android.launcher3.enable_shortcut_dont_suggest_app = true
05-01 18:27:59.600 V/AconfigFlags( 6320): Read Aconfig default flag value com.android.launcher3.enable_smartspace_as_a_widget = false
05-01 18:27:59.600 V/AconfigFlags( 6320): Read Aconfig default flag value com.android.launcher3.enable_smartspace_removal_toggle = false
05-01 18:27:59.600 V/AconfigFlags( 6320): Read Aconfig default flag value com.android.launcher3.enable_support_for_archiving = true
05-01 18:27:59.600 V/AconfigFlags( 6320): Read Aconfig default flag value com.android.launcher3.enable_tablet_two_pane_picker_v2 = false
05-01 18:27:59.600 V/AconfigFlags( 6320): Read Aconfig default flag value com.android.launcher3.enable_taskbar_customization = false
05-01 18:27:59.600 V/AconfigFlags( 6320): Read Aconfig default flag value com.android.launcher3.enable_taskbar_no_recreate = false
05-01 18:27:59.600 V/AconfigFlags( 6320): Read Aconfig default flag value com.android.launcher3.enable_taskbar_pinning = true
05-01 18:27:59.600 V/AconfigFlags( 6320): Read Aconfig default flag value com.android.launcher3.enable_two_pane_launcher_settings = false
05-01 18:27:59.600 V/AconfigFlags( 6320): Read Aconfig default flag value com.android.launcher3.enable_twoline_allapps = false
05-01 18:27:59.600 V/AconfigFlags( 6320): Read Aconfig default flag value com.android.launcher3.enable_twoline_toggle = true
05-01 18:27:59.600 V/AconfigFlags( 6320): Read Aconfig default flag value com.android.launcher3.enable_unfold_state_animation = false
05-01 18:27:59.600 V/AconfigFlags( 6320): Read Aconfig default flag value com.android.launcher3.enable_unfolded_two_pane_picker = true
05-01 18:27:59.600 V/AconfigFlags( 6320): Read Aconfig default flag value com.android.launcher3.enable_widget_tap_to_add = true
05-01 18:27:59.600 V/AconfigFlags( 6320): Read Aconfig default flag value com.android.launcher3.enable_workspace_inflation = false
05-01 18:27:59.600 V/AconfigFlags( 6320): Read Aconfig default flag value com.android.launcher3.enabled_folders_in_all_apps = false
05-01 18:27:59.600 V/AconfigFlags( 6320): Read Aconfig default flag value com.android.launcher3.floating_search_bar = false
05-01 18:27:59.600 V/AconfigFlags( 6320): Read Aconfig default flag value com.android.launcher3.force_monochrome_app_icons = false
05-01 18:27:59.600 V/AconfigFlags( 6320): Read Aconfig default flag value com.android.launcher3.private_space_add_floating_mask_view = false
05-01 18:27:59.600 V/AconfigFlags( 6320): Read Aconfig default flag value com.android.launcher3.private_space_animation = true
05-01 18:27:59.600 V/AconfigFlags( 6320): Read Aconfig default flag value com.android.launcher3.private_space_app_installer_button = true
05-01 18:27:59.600 V/AconfigFlags( 6320): Read Aconfig default flag value com.android.launcher3.private_space_restrict_accessibility_drag = true
05-01 18:27:59.600 I/Finsky:background( 5396): [60] RM: remove resources for request 
05-01 18:27:59.600 V/AconfigFlags( 6320): Read Aconfig default flag value com.android.launcher3.private_space_restrict_item_drag = true
05-01 18:27:59.600 V/AconfigFlags( 6320): Read Aconfig default flag value com.android.launcher3.private_space_sys_apps_separation = true
05-01 18:27:59.600 V/AconfigFlags( 6320): Read Aconfig default flag value com.android.launcher3.use_activity_overlay = true
05-01 18:27:59.600 V/AconfigFlags( 6320): Read Aconfig default flag value com.android.settings.accessibility.add_brightness_settings_in_suw = false
05-01 18:27:59.600 V/AconfigFlags( 6320): Read Aconfig default flag value com.android.settings.accessibility.edit_shortcuts_in_full_screen = true
05-01 18:27:59.600 V/AconfigFlags( 6320): Read Aconfig default flag value com.android.settings.accessibility.enable_color_contrast_control = true
05-01 18:27:59.600 V/AconfigFlags( 6320): Read Aconfig default flag value com.android.settings.accessibility.enable_hearing_aid_preset_control = true
05-01 18:27:59.600 I/Finsky:background( 5396): [60] RM: remove resources for request 
05-01 18:27:59.600 V/AconfigFlags( 6320): Read Aconfig default flag value com.android.settings.accessibility.enable_hearing_aid_volume_offset_control = false
05-01 18:27:59.600 V/AconfigFlags( 6320): Read Aconfig default flag value com.android.settings.accessibility.hide_magnification_always_on_toggle_when_window_mode_only = false
05-01 18:27:59.600 I/Finsky:background( 5396): [60] RM: remove resources for request 
05-01 18:27:59.600 V/AconfigFlags( 6320): Read Aconfig default flag value com.android.settings.accessibility.remove_qs_tooltip_in_suw = false
05-01 18:27:59.600 V/AconfigFlags( 6320): Read Aconfig default flag value com.android.settings.development.a2dp_offload_codec_extensibility_settings = false
05-01 18:27:59.600 I/Finsky:background( 5396): [60] RM: remove resources for request 
05-01 18:27:59.600 I/Finsky:background( 5396): [60] RM: remove resources for request 
05-01 18:27:59.600 I/Finsky:background( 5396): [60] RM: remove resources for request 
05-01 18:27:59.600 I/Finsky:background( 5396): [60] RM: remove resources for request 
05-01 18:27:59.600 I/Finsky:background( 5396): [60] RM: remove resources for request 
05-01 18:27:59.600 I/Finsky:background( 5396): [60] RM: remove resources for request 
05-01 18:27:59.600 I/Finsky:background( 5396): [60] RM: remove resources for request 
05-01 18:27:59.600 I/Finsky:background( 5396): [60] RM: remove resources for request 
05-01 18:27:59.600 V/AconfigFlags( 6320): Read Aconfig default flag value com.android.settings.development.deprecate_list_activity = false
05-01 18:27:59.600 I/Finsky:background( 5396): [60] RM: remove resources for request 
05-01 18:27:59.600 V/AconfigFlags( 6320): Read Aconfig default flag value com.android.settings.factory_reset.enable_factory_reset_wizard = true
05-01 18:27:59.600 V/AconfigFlags( 6320): Read Aconfig default flag value com.android.settings.flags.accessibility_customize_text_reading_preview = false
05-01 18:27:59.600 I/Finsky:background( 5396): [60] RM: remove resources for request 
05-01 18:27:59.600 V/AconfigFlags( 6320): Read Aconfig default flag value com.android.settings.flags.accessibility_show_app_info_button = true
05-01 18:27:59.600 I/Finsky:background( 5396): [60] RM: remove resources for request 
05-01 18:27:59.600 V/AconfigFlags( 6320): Read Aconfig default flag value com.android.settings.flags.app_archiving = false
05-01 18:27:59.600 I/Finsky:background( 5396): [60] RM: remove resources for request 
05-01 18:27:59.600 V/AconfigFlags( 6320): Read Aconfig default flag value com.android.settings.flags.biometric_settings_provider = true
05-01 18:27:59.600 V/AconfigFlags( 6320): Read Aconfig default flag value com.android.settings.flags.datetime_feedback = false
05-01 18:27:59.600 I/Finsky:background( 5396): [60] RM: remove resources for request 
05-01 18:27:59.600 V/AconfigFlags( 6320): Read Aconfig default flag value com.android.settings.flags.dedupe_dnd_settings_channels = true
05-01 18:27:59.600 V/AconfigFlags( 6320): Read Aconfig default flag value com.android.settings.flags.development_game_default_frame_rate = true
05-01 18:27:59.600 I/Finsky:background( 5396): [60] RM: remove resources for request 
05-01 18:27:59.600 V/AconfigFlags( 6320): Read Aconfig default flag value com.android.settings.flags.development_hdr_sdr_ratio = true
05-01 18:27:59.600 I/Finsky:background( 5396): [60] RM: remove resources for request 
05-01 18:27:59.600 V/AconfigFlags( 6320): Read Aconfig default flag value com.android.settings.flags.dynamic_injection_category = false
05-01 18:27:59.600 I/Finsky:background( 5396): [60] RM: remove resources for request 
05-01 18:27:59.600 V/AconfigFlags( 6320): Read Aconfig default flag value com.android.settings.flags.enable_auth_challenge_for_usb_preferences = true
05-01 18:27:59.600 I/Finsky:background( 5396): [60] RM: remove resources for request 
05-01 18:27:59.600 V/AconfigFlags( 6320): Read Aconfig default flag value com.android.settings.flags.enable_bluetooth_profile_toggle_visibility_checker = true
05-01 18:27:59.600 V/AconfigFlags( 6320): Read Aconfig default flag value com.android.settings.flags.enable_bonded_bluetooth_device_searchable = false
05-01 18:27:59.600 I/Finsky:background( 5396): [60] RM: remove resources for request 
05-01 18:27:59.600 V/AconfigFlags( 6320): Read Aconfig default flag value com.android.settings.flags.enable_device_diagnostics_in_settings = false
05-01 18:27:59.600 I/Finsky:background( 5396): [60] RM: remove resources for request 
05-01 18:27:59.600 V/AconfigFlags( 6320): Read Aconfig default flag value com.android.settings.flags.enable_offload_bluetooth_operations_to_background_thread = false
05-01 18:27:59.600 V/AconfigFlags( 6320): Read Aconfig default flag value com.android.settings.flags.enable_perform_backup_tasks_in_settings = false
05-01 18:27:59.600 V/AconfigFlags( 6320): Read Aconfig default flag value com.android.settings.flags.enable_sound_backup = true
05-01 18:27:59.600 V/AconfigFlags( 6320): Read Aconfig default flag value com.android.settings.flags.enable_subsequent_pair_settings_integration = true
05-01 18:27:59.600 V/AconfigFlags( 6320): Read Aconfig default flag value com.android.settings.flags.enable_voice_activation_apps_in_settings = false
05-01 18:27:59.600 V/AconfigFlags( 6320): Read Aconfig default flag value com.android.settings.flags.fingerprint_v2_enrollment = false
05-01 18:27:59.600 V/AconfigFlags( 6320): Read Aconfig default flag value com.android.settings.flags.hide_le_audio_toggle_for_le_audio_only_device = false
05-01 18:27:59.600 V/AconfigFlags( 6320): Read Aconfig default flag value com.android.settings.flags.homepage_revamp = false
05-01 18:27:59.600 V/AconfigFlags( 6320): Read Aconfig default flag value com.android.settings.flags.internet_preference_controller_v2 = false
05-01 18:27:59.600 V/AconfigFlags( 6320): Read Aconfig default flag value com.android.settings.flags.is_dual_sim_onboarding_enabled = true
05-01 18:27:59.600 V/AconfigFlags( 6320): Read Aconfig default flag value com.android.settings.flags.locale_notification_enabled = true
05-01 18:27:59.600 V/AconfigFlags( 6320): Read Aconfig default flag value com.android.settings.flags.mainline_module_explicit_intent = true
05-01 18:27:59.600 V/AconfigFlags( 6320): Read Aconfig default flag value com.android.settings.flags.new_apn_page_enabled = true
05-01 18:27:59.600 V/AconfigFlags( 6320): Read Aconfig default flag value com.android.settings.flags.new_hearing_device_pairing_page = false
05-01 18:27:59.600 V/AconfigFlags( 6320): Read Aconfig default flag value com.android.settings.flags.protect_lock_after_timeout_with_auth = true
05-01 18:27:59.600 V/AconfigFlags( 6320): Read Aconfig default flag value com.android.settings.flags.protect_screen_timeout_with_auth = true
05-01 18:27:59.600 V/AconfigFlags( 6320): Read Aconfig default flag value com.android.settings.flags.refactor_print_settings = false
05-01 18:27:59.600 V/AconfigFlags( 6320): Read Aconfig default flag value com.android.settings.flags.remove_key_hide_enable_2g = true
05-01 18:27:59.600 V/AconfigFlags( 6320): Read Aconfig default flag value com.android.settings.flags.separate_accessibility_vibration_settings_fragments = false
05-01 18:27:59.600 V/AconfigFlags( 6320): Read Aconfig default flag value com.android.settings.flags.sfps_enroll_refinement = true
05-01 18:27:59.600 V/AconfigFlags( 6320): Read Aconfig default flag value com.android.settings.flags.show_factory_reset_cancel_button = true
05-01 18:27:59.600 V/AconfigFlags( 6320): Read Aconfig default flag value com.android.settings.flags.slices_retirement = false
05-01 18:27:59.600 V/AconfigFlags( 6320): Read Aconfig default flag value com.android.settings.flags.terms_of_address_enabled = true
05-01 18:27:59.600 V/AconfigFlags( 6320): Read Aconfig default flag value com.android.settings.flags.thread_settings_enabled = false
05-01 18:27:59.600 V/AconfigFlags( 6320): Read Aconfig default flag value com.android.settings.flags.udfps_enroll_calibration = true
05-01 18:27:59.600 V/AconfigFlags( 6320): Read Aconfig default flag value com.android.settings.media_drm.force_l3_enabled = true
05-01 18:27:59.600 V/AconfigFlags( 6320): Read Aconfig default flag value com.android.wallpaper.clock_reactive_variants = false
05-01 18:27:59.600 V/AconfigFlags( 6320): Read Aconfig default flag value com.android.wallpaper.magic_portrait_flag = false
05-01 18:27:59.600 V/AconfigFlags( 6320): Read Aconfig default flag value com.android.wallpaper.new_picker_ui_flag = false
05-01 18:27:59.600 V/AconfigFlags( 6320): Read Aconfig default flag value com.android.wallpaper.refactor_wallpaper_category_flag = false
05-01 18:27:59.600 V/AconfigFlags( 6320): Read Aconfig default flag value com.android.wallpaper.wallpaper_restorer_flag = false
05-01 18:27:59.600 V/AconfigFlags( 6320): Read Aconfig default flag value com.google.android.apps.nexuslauncher.allow_omni_keyguard = false
05-01 18:27:59.600 V/AconfigFlags( 6320): Read Aconfig default flag value com.google.android.apps.nexuslauncher.allow_omni_splitscreen = true
05-01 18:27:59.600 V/AconfigFlags( 6320): Read Aconfig default flag value com.google.android.apps.nexuslauncher.enable_contact_birthday_animation = false
05-01 18:27:59.600 V/AconfigFlags( 6320): Read Aconfig default flag value com.google.android.apps.nexuslauncher.enable_dynamic_ranking_m3 = true
05-01 18:27:59.600 V/AconfigFlags( 6320): Read Aconfig default flag value com.google.android.apps.nexuslauncher.enable_google_drive_search = false
05-01 18:27:59.600 V/AconfigFlags( 6320): Read Aconfig default flag value com.google.android.apps.nexuslauncher.enable_inject_private_space_tile = true
05-01 18:27:59.600 V/AconfigFlags( 6320): Read Aconfig default flag value com.google.android.apps.nexuslauncher.enable_inject_widget_tile = true
05-01 18:27:59.600 V/AconfigFlags( 6320): Read Aconfig default flag value com.google.android.apps.nexuslauncher.enable_rich_suggest_layouts_v2 = false
05-01 18:27:59.600 V/AconfigFlags( 6320): Read Aconfig default flag value com.google.android.apps.nexuslauncher.enable_search_row_hover_state = false
05-01 18:27:59.600 V/AconfigFlags( 6320): Read Aconfig default flag value com.google.android.apps.nexuslauncher.invoke_omni_long_press_meta = true
05-01 18:27:59.600 V/AconfigFlags( 6320): Read Aconfig default flag value com.google.android.apps.nexuslauncher.invoke_omni_long_press_stashed_taskbar = true
05-01 18:27:59.600 V/AconfigFlags( 6320): Read Aconfig default flag value com.google.android.apps.nexuslauncher.keyboard_stuck_on_home_bugfix = false
05-01 18:27:59.600 V/AconfigFlags( 6320): Read Aconfig default flag value com.google.android.apps.nexuslauncher.zero_state_web_data_loader = false
05-01 18:27:59.600 V/AconfigFlags( 6320): Read Aconfig default flag value com.google.android.haptics.flags.enable_docker_detection = false
05-01 18:27:59.600 V/AconfigFlags( 6320): Read Aconfig default flag value com.google.android.haptics.flags.enable_light_detection = true
05-01 18:27:59.600 V/AconfigFlags( 6320): Read Aconfig default flag value com.google.android.haptics.flags.enable_volume_detection = true
05-01 18:27:59.600 V/AconfigFlags( 6320): Read Aconfig default flag value com.google.android.haptics.flags.enable_wallaby_detection = false
05-01 18:27:59.600 V/AconfigFlags( 6320): Read Aconfig default flag value com.google.android.haptics.flags.vendor_vibration_control = true
05-01 18:27:59.600 V/AconfigFlags( 6320): Read Aconfig default flag value com.google.android.settings.flags.easy_mode_enabled = true
05-01 18:27:59.600 V/AconfigFlags( 6320): Read Aconfig default flag value com.google.android.settings.flags.enable_dcservice_options_injection = false
05-01 18:27:59.600 V/AconfigFlags( 6320): Read Aconfig default flag value com.google.android.settings.flags.enable_device_diagnostics_in_settings = false
05-01 18:27:59.600 V/AconfigFlags( 6320): Read Aconfig default flag value com.google.android.settings.flags.enable_glanceable_hub_setting = false
05-01 18:27:59.600 V/AconfigFlags( 6320): Read Aconfig default flag value com.google.android.settings.flags.enable_hide_head_tracking = true
05-01 18:27:59.600 V/AconfigFlags( 6320): Read Aconfig default flag value com.google.android.settings.flags.face_enroll_lock_screen_bypass_toggle = true
05-01 18:27:59.600 V/AconfigFlags( 6320): Read Aconfig default flag value com.google.android.settings.flags.override_homepage_injection = false
05-01 18:27:59.600 V/AconfigFlags( 6320): Read Aconfig default flag value com.google.android.settings.flags.safe_boot_policy_enabled = true
05-01 18:27:59.600 V/AconfigFlags( 6320): Read Aconfig default flag value com.google.android.settings.flags.sfps_enroll_rest_to_unlock = false
05-01 18:27:59.600 V/AconfigFlags( 6320): Read Aconfig default flag value com.google.android.systemui.catwalk_keyguard_blueprint = false
05-01 18:27:59.600 V/AconfigFlags( 6320): Read Aconfig default flag value com.google.android.systemui.volume_plus_for_pixel = true
05-01 18:27:59.605 E/Finsky:background( 5396): [56] RM: no data for ID, not removing
05-01 18:27:59.606 E/Finsky:background( 5396): [56] RM: no data for ID, not removing
05-01 18:27:59.606 E/Finsky:background( 5396): [56] RM: no data for ID, not removing
05-01 18:27:59.606 E/Finsky:background( 5396): [56] RM: no data for ID, not removing
05-01 18:27:59.606 E/Finsky:background( 5396): [56] RM: no data for ID, not removing
05-01 18:27:59.606 E/Finsky:background( 5396): [56] RM: no data for ID, not removing
05-01 18:27:59.606 E/Finsky:background( 5396): [56] RM: no data for ID, not removing
05-01 18:27:59.606 E/Finsky:background( 5396): [56] RM: no data for ID, not removing
05-01 18:27:59.606 E/Finsky:background( 5396): [56] RM: no data for ID, not removing
05-01 18:27:59.606 E/Finsky:background( 5396): [56] RM: no data for ID, not removing
05-01 18:27:59.606 E/Finsky:background( 5396): [56] RM: no data for ID, not removing
05-01 18:27:59.606 E/Finsky:background( 5396): [56] RM: no data for ID, not removing
05-01 18:27:59.606 E/Finsky:background( 5396): [56] RM: no data for ID, not removing
05-01 18:27:59.606 E/Finsky:background( 5396): [56] RM: no data for ID, not removing
05-01 18:27:59.606 E/Finsky:background( 5396): [56] RM: no data for ID, not removing
05-01 18:27:59.606 E/Finsky:background( 5396): [56] RM: no data for ID, not removing
05-01 18:27:59.606 E/Finsky:background( 5396): [56] RM: no data for ID, not removing
05-01 18:27:59.606 E/Finsky:background( 5396): [56] RM: no data for ID, not removing
05-01 18:27:59.606 E/Finsky:background( 5396): [56] RM: no data for ID, not removing
05-01 18:27:59.606 E/Finsky:background( 5396): [56] RM: no data for ID, not removing
05-01 18:27:59.606 E/Finsky:background( 5396): [56] RM: no data for ID, not removing
05-01 18:27:59.606 E/Finsky:background( 5396): [56] RM: no data for ID, not removing
05-01 18:27:59.606 W/android.hardware.audio@7.1-impl.ranchu(  399): pcmWrite:259 pcm_writei failed with 'cannot read/write stream data: I/O error' (-1)
05-01 18:27:59.606 E/android.hardware.audio@7.1-impl.ranchu(  399): pcmWrite:260 failure: -1
05-01 18:27:59.607 V/SafetySourceDataValidat(  610): Package: com.android.vending has expected signature
05-01 18:27:59.607 V/SafetySourceDataValidat(  610): Package: com.android.vending has expected signature
05-01 18:27:59.607 D/ShortcutService(  610): Getting shortcuts for launcher= com.google.android.apps.nexuslauncheruser=0 pkg=com.google.android.gms
05-01 18:27:59.608 D/ShortcutService(  610): Getting shortcuts for launcher= com.android.systemuiuser=0 pkg=com.google.android.gms
05-01 18:27:59.608 D/ShortcutService(  610): Getting shortcuts for launcher= com.google.android.asuser=0 pkg=com.google.android.gms
05-01 18:27:59.617 I/Finsky  ( 5351): [66] AIM: AppInfoManager-Perf > ItemModel > CacheSize=0, cacheHitCount=0, cacheMissCount=1, total appsWithNoServerDataCount=0. Missed  in cache (limit 10) : [com.google.android.gms]
05-01 18:27:59.619 I/Finsky  ( 5351): [66] AIM: AppInfoManager-Perf > ItemModel > ItemStore Called 1 apps cacheOptions = USE_CACHE
05-01 18:27:59.623 I/Finsky  ( 5351): [66] AIM: ItemModel fetch - unauth(1), auth()
05-01 18:27:59.626 E/Finsky  ( 5351): [66] [Counters] attempted to use a non-positive increment for: 4751
05-01 18:27:59.634 V/AconfigFlags( 6320): Read Aconfig default flag value android.adaptiveauth.enable_adaptive_auth = true
05-01 18:27:59.635 V/AconfigFlags( 6320): Read Aconfig default flag value android.adaptiveauth.report_biometric_auth_attempts = true
05-01 18:27:59.635 V/AconfigFlags( 6320): Read Aconfig default flag value android.app.admin.flags.allow_querying_profile_type = true
05-01 18:27:59.637 V/AconfigFlags( 6320): Read Aconfig default flag value android.app.admin.flags.allow_screen_brightness_control_on_cope = true
05-01 18:27:59.638 V/AconfigFlags( 6320): Read Aconfig default flag value android.app.admin.flags.always_persist_do = true
05-01 18:27:59.638 V/AconfigFlags( 6320): Read Aconfig default flag value android.app.admin.flags.assist_content_user_restriction_enabled = true
05-01 18:27:59.638 V/AconfigFlags( 6320): Read Aconfig default flag value android.app.admin.flags.backup_connected_apps_settings = false
05-01 18:27:59.638 V/AconfigFlags( 6320): Read Aconfig default flag value android.app.admin.flags.backup_service_security_log_event_enabled = true
05-01 18:27:59.638 V/AconfigFlags( 6320): Read Aconfig default flag value android.app.admin.flags.coexistence_migration_for_non_emm_management_enabled = true
05-01 18:27:59.638 V/AconfigFlags( 6320): Read Aconfig default flag value android.app.admin.flags.copy_account_with_retry_enabled = true
05-01 18:27:59.639 V/AconfigFlags( 6320): Read Aconfig default flag value android.app.admin.flags.cross_user_suspension_enabled_ro = false
05-01 18:27:59.639 V/AconfigFlags( 6320): Read Aconfig default flag value android.app.admin.flags.dedicated_device_control_api_enabled = true
05-01 18:27:59.639 V/AconfigFlags( 6320): Read Aconfig default flag value android.app.admin.flags.dedicated_device_control_enabled = true
05-01 18:27:59.639 V/AconfigFlags( 6320): Read Aconfig default flag value android.app.admin.flags.default_sms_personal_app_suspension_fix_enabled = true
05-01 18:27:59.639 V/AconfigFlags( 6320): Read Aconfig default flag value android.app.admin.flags.delete_private_space_under_restriction = true
05-01 18:27:59.639 V/AconfigFlags( 6320): Read Aconfig default flag value android.app.admin.flags.device_policy_size_tracking_enabled = true
05-01 18:27:59.639 V/AconfigFlags( 6320): Read Aconfig default flag value android.app.admin.flags.device_policy_size_tracking_internal_bug_fix_enabled = true
05-01 18:27:59.639 V/AconfigFlags( 6320): Read Aconfig default flag value android.app.admin.flags.device_policy_size_tracking_internal_enabled = false
05-01 18:27:59.639 V/AconfigFlags( 6320): Read Aconfig default flag value android.app.admin.flags.device_theft_api_enabled = false
05-01 18:27:59.639 V/AconfigFlags( 6320): Read Aconfig default flag value android.app.admin.flags.device_theft_impl_enabled = false
05-01 18:27:59.639 V/AconfigFlags( 6320): Read Aconfig default flag value android.app.admin.flags.disallow_user_control_bg_usage_fix = true
05-01 18:27:59.639 V/AconfigFlags( 6320): Read Aconfig default flag value android.app.admin.flags.disallow_user_control_stopped_state_fix = true
05-01 18:27:59.639 V/AconfigFlags( 6320): Read Aconfig default flag value android.app.admin.flags.dmrh_set_app_restrictions = true
05-01 18:27:59.639 V/AconfigFlags( 6320): Read Aconfig default flag value android.app.admin.flags.dumpsys_policy_engine_migration_enabled = true
05-01 18:27:59.639 V/AconfigFlags( 6320): Read Aconfig default flag value android.app.admin.flags.esim_management_enabled = true
05-01 18:27:59.639 V/AconfigFlags( 6320): Read Aconfig default flag value android.app.admin.flags.esim_management_ux_enabled = false
05-01 18:27:59.639 V/AconfigFlags( 6320): Read Aconfig default flag value android.app.admin.flags.headless_device_owner_delegate_security_logging_bug_fix = true
05-01 18:27:59.639 V/AconfigFlags( 6320): Read Aconfig default flag value android.app.admin.flags.headless_device_owner_provisioning_fix_enabled = true
05-01 18:27:59.639 V/AconfigFlags( 6320): Read Aconfig default flag value android.app.admin.flags.headless_device_owner_single_user_enabled = true
05-01 18:27:59.639 V/AconfigFlags( 6320): Read Aconfig default flag value android.app.admin.flags.headless_single_min_target_sdk = false
05-01 18:27:59.639 V/AconfigFlags( 6320): Read Aconfig default flag value android.app.admin.flags.headless_single_user_bad_device_admin_state_fix = true
05-01 18:27:59.639 V/AconfigFlags( 6320): Read Aconfig default flag value android.app.admin.flags.headless_single_user_compatibility_fix = true
05-01 18:27:59.639 V/AconfigFlags( 6320): Read Aconfig default flag value android.app.admin.flags.headless_single_user_fixes = true
05-01 18:27:59.639 V/AconfigFlags( 6320): Read Aconfig default flag value android.app.admin.flags.hsum_unlock_notification_fix = true
05-01 18:27:59.639 V/AconfigFlags( 6320): Read Aconfig default flag value android.app.admin.flags.is_mte_policy_enforced = true
05-01 18:27:59.639 V/AconfigFlags( 6320): Read Aconfig default flag value android.app.admin.flags.is_recursive_required_app_merging_enabled = false
05-01 18:27:59.639 V/AconfigFlags( 6320): Read Aconfig default flag value android.app.admin.flags.onboarding_bugreport_storage_bug_fix = true
05-01 18:27:59.639 V/AconfigFlags( 6320): Read Aconfig default flag value android.app.admin.flags.onboarding_bugreport_v2_enabled = true
05-01 18:27:59.639 V/AconfigFlags( 6320): Read Aconfig default flag value android.app.admin.flags.onboarding_consentless_bugreports = true
05-01 18:27:59.639 V/AconfigFlags( 6320): Read Aconfig default flag value android.app.admin.flags.permission_migration_for_zero_trust_api_enabled = true
05-01 18:27:59.639 V/AconfigFlags( 6320): Read Aconfig default flag value android.app.admin.flags.permission_migration_for_zero_trust_impl_enabled = true
05-01 18:27:59.639 V/AconfigFlags( 6320): Read Aconfig default flag value android.app.admin.flags.policy_engine_migration_v2_enabled = true
05-01 18:27:59.639 V/AconfigFlags( 6320): Read Aconfig default flag value android.app.admin.flags.power_exemption_bg_usage_fix = true
05-01 18:27:59.639 V/AconfigFlags( 6320): Read Aconfig default flag value android.app.admin.flags.quiet_mode_credential_bug_fix = true
05-01 18:27:59.639 V/AconfigFlags( 6320): Read Aconfig default flag value android.app.admin.flags.security_log_v2_enabled = true
05-01 18:27:59.647 V/AconfigFlags( 6320): Read Aconfig default flag value android.app.admin.flags.unmanaged_mode_migration = false
05-01 18:27:59.647 V/AconfigFlags( 6320): Read Aconfig default flag value android.app.api_rich_ongoing = false
05-01 18:27:59.648 V/AconfigFlags( 6320): Read Aconfig default flag value android.app.api_tvextender = true
05-01 18:27:59.648 V/AconfigFlags( 6320): Read Aconfig default flag value android.app.app_restrictions_api = true
05-01 18:27:59.648 V/AconfigFlags( 6320): Read Aconfig default flag value android.app.app_start_info = true
05-01 18:27:59.648 V/AconfigFlags( 6320): Read Aconfig default flag value android.app.app_start_info_timestamps = true
05-01 18:27:59.648 V/AconfigFlags( 6320): Read Aconfig default flag value android.app.bic_client = true
05-01 18:27:59.648 V/AconfigFlags( 6320): Read Aconfig default flag value android.app.category_voicemail = true
05-01 18:27:59.648 V/AconfigFlags( 6320): Read Aconfig default flag value android.app.check_autogroup_before_post = false
05-01 18:27:59.648 V/AconfigFlags( 6320): Read Aconfig default flag value android.app.clean_up_spans_and_new_lines = false
05-01 18:27:59.648 V/AconfigFlags( 6320): Read Aconfig default flag value android.app.clear_dns_cache_on_network_rules_update = true
05-01 18:27:59.648 V/AconfigFlags( 6320): Read Aconfig default flag value android.app.compact_heads_up_notification = false
05-01 18:27:59.648 V/AconfigFlags( 6320): Read Aconfig default flag value android.app.compact_heads_up_notification_reply = false
05-01 18:27:59.648 V/AconfigFlags( 6320): Read Aconfig default flag value android.app.contextualsearch.flags.enable_service = true
05-01 18:27:59.648 V/AconfigFlags( 6320): Read Aconfig default flag value android.app.contextualsearch.flags.enable_token_refresh = false
05-01 18:27:59.648 V/AconfigFlags( 6320): Read Aconfig default flag value android.app.enable_fgs_timeout_crash_behavior = true
05-01 18:27:59.648 V/AconfigFlags( 6320): Read Aconfig default flag value android.app.enable_night_mode_binder_cache = true
05-01 18:27:59.648 V/AconfigFlags( 6320): Read Aconfig default flag value android.app.enable_pip_ui_state_callback_on_entering = true
05-01 18:27:59.648 V/AconfigFlags( 6320): Read Aconfig default flag value android.app.evenly_divided_call_style_action_layout = true
05-01 18:27:59.648 V/AconfigFlags( 6320): Read Aconfig default flag value android.app.gate_fgs_timeout_anr_behavior = false
05-01 18:27:59.648 V/AconfigFlags( 6320): Read Aconfig default flag value android.app.get_binding_uid_importance = true
05-01 18:27:59.648 V/AconfigFlags( 6320): Read Aconfig default flag value android.app.introduce_new_service_ontimeout_callback = true
05-01 18:27:59.648 V/AconfigFlags( 6320): Read Aconfig default flag value android.app.job.backup_jobs_exemption = false
05-01 18:27:59.648 V/AconfigFlags( 6320): Read Aconfig default flag value android.app.job.enforce_minimum_time_windows = false
05-01 18:27:59.648 V/AconfigFlags( 6320): Read Aconfig default flag value android.app.job.job_debug_info_apis = true
05-01 18:27:59.648 V/AconfigFlags( 6320): Read Aconfig default flag value android.app.keyguard_private_notifications = true
05-01 18:27:59.648 V/AconfigFlags( 6320): Read Aconfig default flag value android.app.lifetime_extension_refactor = false
05-01 18:27:59.648 V/AconfigFlags( 6320): Read Aconfig default flag value android.app.modes_api = true
05-01 18:27:59.648 V/AconfigFlags( 6320): Read Aconfig default flag value android.app.modes_ui = false
05-01 18:27:59.648 V/AconfigFlags( 6320): Read Aconfig default flag value android.app.notification_channel_vibration_effect_api = true
05-01 18:27:59.648 V/AconfigFlags( 6320): Read Aconfig default flag value android.app.notification_expansion_optional = false
05-01 18:27:59.648 V/AconfigFlags( 6320): Read Aconfig default flag value android.app.notifications_use_app_icon = false
05-01 18:27:59.648 V/AconfigFlags( 6320): Read Aconfig default flag value android.app.notifications_use_app_icon_in_row = false
05-01 18:27:59.648 V/AconfigFlags( 6320): Read Aconfig default flag value android.app.notifications_use_monochrome_app_icon = false
05-01 18:27:59.648 V/AconfigFlags( 6320): Read Aconfig default flag value android.app.ondeviceintelligence.flags.enable_on_device_intelligence = true
05-01 18:27:59.648 V/AconfigFlags( 6320): Read Aconfig default flag value android.app.pinner_service_client_api = true
05-01 18:27:59.648 V/AconfigFlags( 6320): Read Aconfig default flag value android.app.redact_sensitive_content_notifications_on_lockscreen = false
05-01 18:27:59.648 V/AconfigFlags( 6320): Read Aconfig default flag value android.app.remove_remote_views = false
05-01 18:27:59.648 V/AconfigFlags( 6320): Read Aconfig default flag value android.app.restrict_audio_attributes_alarm = false
05-01 18:27:59.648 V/AconfigFlags( 6320): Read Aconfig default flag value android.app.restrict_audio_attributes_call = false
05-01 18:27:59.648 V/AconfigFlags( 6320): Read Aconfig default flag value android.app.restrict_audio_attributes_media = false
05-01 18:27:59.648 V/AconfigFlags( 6320): Read Aconfig default flag value android.app.secure_allowlist_token = false
05-01 18:27:59.648 V/AconfigFlags( 6320): Read Aconfig default flag value android.app.skip_bg_mem_trim_on_fg_app = false
05-01 18:27:59.648 V/AconfigFlags( 6320): Read Aconfig default flag value android.app.smartspace.flags.access_smartspace = true
05-01 18:27:59.648 V/AconfigFlags( 6320): Read Aconfig default flag value android.app.smartspace.flags.remote_views = true
05-01 18:27:59.648 V/AconfigFlags( 6320): Read Aconfig default flag value android.app.sort_section_by_time = false
05-01 18:27:59.648 V/AconfigFlags( 6320): Read Aconfig default flag value android.app.system_terms_of_address_enabled = true
05-01 18:27:59.648 V/AconfigFlags( 6320): Read Aconfig default flag value android.app.uid_importance_listener_for_uids = false
05-01 18:27:59.648 V/AconfigFlags( 6320): Read Aconfig default flag value android.app.update_ranking_time = false
05-01 18:27:59.648 V/AconfigFlags( 6320): Read Aconfig default flag value android.app.usage.disable_idle_check = false
05-01 18:27:59.648 V/AconfigFlags( 6320): Read Aconfig default flag value android.app.usage.filter_based_event_query_api = true
05-01 18:27:59.648 V/AconfigFlags( 6320): Read Aconfig default flag value android.app.usage.get_app_bytes_by_data_type_api = true
05-01 18:27:59.648 V/AconfigFlags( 6320): Read Aconfig default flag value android.app.usage.report_usage_stats_permission = true
05-01 18:27:59.648 V/AconfigFlags( 6320): Read Aconfig default flag value android.app.usage.use_dedicated_handler_thread = true
05-01 18:27:59.648 V/AconfigFlags( 6320): Read Aconfig default flag value android.app.usage.use_parceled_list = true
05-01 18:27:59.648 V/AconfigFlags( 6320): Read Aconfig default flag value android.app.usage.user_interaction_type_api = true
05-01 18:27:59.648 V/AconfigFlags( 6320): Read Aconfig default flag value android.app.visit_person_uri = false
05-01 18:27:59.648 V/AconfigFlags( 6320): Read Aconfig default flag value android.app.wearable.enable_data_request_observer_api = true
05-01 18:27:59.648 V/AconfigFlags( 6320): Read Aconfig default flag value android.app.wearable.enable_hotword_wearable_sensing_api = true
05-01 18:27:59.648 V/AconfigFlags( 6320): Read Aconfig default flag value android.app.wearable.enable_provide_wearable_connection_api = true
05-01 18:27:59.648 V/AconfigFlags( 6320): Read Aconfig default flag value android.app.wearable.enable_restart_wss_process = true
05-01 18:27:59.648 V/AconfigFlags( 6320): Read Aconfig default flag value android.app.wearable.enable_unsupported_operation_status_code = true
05-01 18:27:59.648 V/AconfigFlags( 6320): Read Aconfig default flag value android.appwidget.flags.draw_data_parcel = true
05-01 18:27:59.648 V/AconfigFlags( 6320): Read Aconfig default flag value android.appwidget.flags.generated_previews = true
05-01 18:27:59.648 V/AconfigFlags( 6320): Read Aconfig default flag value android.appwidget.flags.remote_adapter_conversion = false
05-01 18:27:59.648 V/AconfigFlags( 6320): Read Aconfig default flag value android.appwidget.flags.remove_app_widget_service_io_from_critical_path = true
05-01 18:27:59.648 V/AconfigFlags( 6320): Read Aconfig default flag value android.appwidget.flags.support_resume_restore_after_reboot = false
05-01 18:27:59.648 V/AconfigFlags( 6320): Read Aconfig default flag value android.appwidget.flags.throttle_widget_updates = false
05-01 18:27:59.648 V/AconfigFlags( 6320): Read Aconfig default flag value android.chre.flags.abort_if_no_context_hub_found = false
05-01 18:27:59.648 V/AconfigFlags( 6320): Read Aconfig default flag value android.chre.flags.bug_fix_reduce_lock_holding_period = true
05-01 18:27:59.648 V/AconfigFlags( 6320): Read Aconfig default flag value android.chre.flags.context_hub_callback_uuid_enabled = true
05-01 18:27:59.648 V/AconfigFlags( 6320): Read Aconfig default flag value android.chre.flags.flag_log_nanoapp_load_metrics = true
05-01 18:27:59.648 V/AconfigFlags( 6320): Read Aconfig default flag value android.chre.flags.metrics_reporter_in_the_daemon = true
05-01 18:27:59.648 V/AconfigFlags( 6320): Read Aconfig default flag value android.chre.flags.reconnect_host_endpoints_after_hal_restart = false
05-01 18:27:59.648 V/AconfigFlags( 6320): Read Aconfig default flag value android.chre.flags.reduce_lock_holding_period = false
05-01 18:27:59.648 V/AconfigFlags( 6320): Read Aconfig default flag value android.chre.flags.reliable_message = true
05-01 18:27:59.648 V/AconfigFlags( 6320): Read Aconfig default flag value android.chre.flags.reliable_message_duplicate_detection_service = false
05-01 18:27:59.648 V/AconfigFlags( 6320): Read Aconfig default flag value android.chre.flags.reliable_message_implementation = true
05-01 18:27:59.648 V/AconfigFlags( 6320): Read Aconfig default flag value android.chre.flags.reliable_message_retry_support_service = false
05-01 18:27:59.648 V/AconfigFlags( 6320): Read Aconfig default flag value android.chre.flags.reliable_message_test_mode_behavior = false
05-01 18:27:59.648 V/AconfigFlags( 6320): Read Aconfig default flag value android.chre.flags.remove_ap_wakeup_metric_report_limit = true
05-01 18:27:59.648 V/AconfigFlags( 6320): Read Aconfig default flag value android.chre.flags.wait_for_preloaded_nanoapp_start = false
05-01 18:27:59.648 V/AconfigFlags( 6320): Read Aconfig default flag value android.companion.association_tag = false
05-01 18:27:59.648 V/AconfigFlags( 6320): Read Aconfig default flag value android.companion.companion_transport_apis = false
05-01 18:27:59.648 V/AconfigFlags( 6320): Read Aconfig default flag value android.companion.device_presence = false
05-01 18:27:59.648 V/AconfigFlags( 6320): Read Aconfig default flag value android.companion.new_association_builder = true
05-01 18:27:59.648 V/AconfigFlags( 6320): Read Aconfig default flag value android.companion.ongoing_perm_sync = false
05-01 18:27:59.648 V/AconfigFlags( 6320): Read Aconfig default flag value android.companion.perm_sync_user_consent = true
05-01 18:27:59.648 V/AconfigFlags( 6320): Read Aconfig default flag value android.companion.unpair_associated_device = false
05-01 18:27:59.648 V/AconfigFlags( 6320): Read Aconfig default flag value android.companion.virtual.flags.consistent_display_flags = true
05-01 18:27:59.648 V/AconfigFlags( 6320): Read Aconfig default flag value android.companion.virtual.flags.cross_device_clipboard = true
05-01 18:27:59.648 V/AconfigFlags( 6320): Read Aconfig default flag value android.companion.virtual.flags.dynamic_policy = true
05-01 18:27:59.648 V/AconfigFlags( 6320): Read Aconfig default flag value android.companion.virtual.flags.enable_native_vdm = true
05-01 18:27:59.648 V/AconfigFlags( 6320): Read Aconfig default flag value android.companion.virtual.flags.express_metrics = true
05-01 18:27:59.648 V/AconfigFlags( 6320): Read Aconfig default flag value android.companion.virtual.flags.impulse_velocity_strategy_for_touch_navigation = true
05-01 18:27:59.648 V/AconfigFlags( 6320): Read Aconfig default flag value android.companion.virtual.flags.interactive_screen_mirror = true
05-01 18:27:59.648 V/AconfigFlags( 6320): Read Aconfig default flag value android.companion.virtual.flags.intercept_intents_before_applying_policy = true
05-01 18:27:59.648 V/AconfigFlags( 6320): Read Aconfig default flag value android.companion.virtual.flags.persistent_device_id_api = true
05-01 18:27:59.648 V/AconfigFlags( 6320): Read Aconfig default flag value android.companion.virtual.flags.stream_camera = false
05-01 18:27:59.648 V/AconfigFlags( 6320): Read Aconfig default flag value android.companion.virtual.flags.stream_permissions = true
05-01 18:27:59.648 V/AconfigFlags( 6320): Read Aconfig default flag value android.companion.virtual.flags.vdm_custom_home = true
05-01 18:27:59.648 V/AconfigFlags( 6320): Read Aconfig default flag value android.companion.virtual.flags.vdm_custom_ime = true
05-01 18:27:59.648 V/AconfigFlags( 6320): Read Aconfig default flag value android.companion.virtual.flags.vdm_public_apis = true
05-01 18:27:59.648 V/AconfigFlags( 6320): Read Aconfig default flag value android.companion.virtual.flags.virtual_camera = true
05-01 18:27:59.648 V/AconfigFlags( 6320): Read Aconfig default flag value android.companion.virtual.flags.virtual_stylus = true
05-01 18:27:59.648 V/AconfigFlags( 6320): Read Aconfig default flag value android.companion.virtualdevice.flags.camera_device_awareness = true
05-01 18:27:59.648 V/AconfigFlags( 6320): Read Aconfig default flag value android.companion.virtualdevice.flags.device_aware_drm = true
05-01 18:27:59.648 V/AconfigFlags( 6320): Read Aconfig default flag value android.companion.virtualdevice.flags.device_aware_record_audio_permission = true
05-01 18:27:59.648 V/AconfigFlags( 6320): Read Aconfig default flag value android.companion.virtualdevice.flags.intent_interception_action_matching_fix = true
05-01 18:27:59.648 V/AconfigFlags( 6320): Read Aconfig default flag value android.companion.virtualdevice.flags.metrics_collection = true
05-01 18:27:59.648 V/AconfigFlags( 6320): Read Aconfig default flag value android.companion.virtualdevice.flags.virtual_camera_service_discovery = true
05-01 18:27:59.648 V/AconfigFlags( 6320): Read Aconfig default flag value android.companion.virtualdevice.flags.virtual_display_multi_window_mode_support = true
05-01 18:27:59.648 V/AconfigFlags( 6320): Read Aconfig default flag value android.content.flags.enable_bind_package_isolated_process = true
05-01 18:27:59.648 V/AconfigFlags( 6320): Read Aconfig default flag value android.content.pm.allow_sdk_sandbox_query_intent_activities = true
05-01 18:27:59.648 V/AconfigFlags( 6320): Read Aconfig default flag value android.content.pm.archiving = true
05-01 18:27:59.648 V/AconfigFlags( 6320): Read Aconfig default flag value android.content.pm.asl_in_apk_app_metadata_source = true
05-01 18:27:59.648 V/AconfigFlags( 6320): Read Aconfig default flag value android.content.pm.component_state_changed_metrics = true
05-01 18:27:59.648 V/AconfigFlags( 6320): Read Aconfig default flag value android.content.pm.disallow_sdk_libs_to_be_apps = false
05-01 18:27:59.648 V/AconfigFlags( 6320): Read Aconfig default flag value android.content.pm.emergency_install_permission = true
05-01 18:27:59.648 V/AconfigFlags( 6320): Read Aconfig default flag value android.content.pm.encode_app_intent = true
05-01 18:27:59.648 V/AconfigFlags( 6320): Read Aconfig default flag value android.content.pm.fix_duplicated_flags = true
05-01 18:27:59.648 V/AconfigFlags( 6320): Read Aconfig default flag value android.content.pm.fix_system_apps_first_install_time = true
05-01 18:27:59.648 V/AconfigFlags( 6320): Read Aconfig default flag value android.content.pm.force_multi_arch_native_libs_match = true
05-01 18:27:59.648 V/AconfigFlags( 6320): Read Aconfig default flag value android.content.pm.get_package_info = true
05-01 18:27:59.648 V/AconfigFlags( 6320): Read Aconfig default flag value android.content.pm.get_package_info_with_fd = false
05-01 18:27:59.648 V/AconfigFlags( 6320): Read Aconfig default flag value android.content.pm.get_package_storage_stats = true
05-01 18:27:59.648 V/AconfigFlags( 6320): Read Aconfig default flag value android.content.pm.get_resolved_apk_path = true
05-01 18:27:59.648 V/AconfigFlags( 6320): Read Aconfig default flag value android.content.pm.improve_home_app_behavior = true
05-01 18:27:59.648 V/AconfigFlags( 6320): Read Aconfig default flag value android.content.pm.improve_install_dont_kill = true
05-01 18:27:59.648 V/AconfigFlags( 6320): Read Aconfig default flag value android.content.pm.improve_install_freeze = false
05-01 18:27:59.648 V/AconfigFlags( 6320): Read Aconfig default flag value android.content.pm.introduce_media_processing_type = true
05-01 18:27:59.648 V/AconfigFlags( 6320): Read Aconfig default flag value android.content.pm.lightweight_invisible_label_detection = true
05-01 18:27:59.648 V/AconfigFlags( 6320): Read Aconfig default flag value android.content.pm.min_target_sdk_24 = true
05-01 18:27:59.648 V/AconfigFlags( 6320): Read Aconfig default flag value android.content.pm.nullable_data_dir = true
